Archive member included to satisfy reference by file (symbol)

c:/siliconlabs/simplicitystudio/v5/developer/toolchains/gnu_arm/10.3_2021.10/bin/../lib/gcc/arm-none-eabi/10.3.1/thumb/v8-m.main+fp/hard\libgcc.a(_arm_muldf3.o)
                              ./Letimer.o (__aeabi_dmul)
c:/siliconlabs/simplicitystudio/v5/developer/toolchains/gnu_arm/10.3_2021.10/bin/../lib/gcc/arm-none-eabi/10.3.1/thumb/v8-m.main+fp/hard\libgcc.a(_arm_addsubdf3.o)
                              ./Letimer.o (__aeabi_dsub)
c:/siliconlabs/simplicitystudio/v5/developer/toolchains/gnu_arm/10.3_2021.10/bin/../lib/gcc/arm-none-eabi/10.3.1/thumb/v8-m.main+fp/hard\libgcc.a(_arm_muldivdf3.o)
                              ./adc.o (__aeabi_ddiv)
c:/siliconlabs/simplicitystudio/v5/developer/toolchains/gnu_arm/10.3_2021.10/bin/../lib/gcc/arm-none-eabi/10.3.1/thumb/v8-m.main+fp/hard\libgcc.a(_arm_cmpdf2.o)
                              ./uart.o (__aeabi_dcmplt)
c:/siliconlabs/simplicitystudio/v5/developer/toolchains/gnu_arm/10.3_2021.10/bin/../lib/gcc/arm-none-eabi/10.3.1/thumb/v8-m.main+fp/hard\libgcc.a(_arm_fixdfsi.o)
                              ./uart.o (__aeabi_d2iz)
c:/siliconlabs/simplicitystudio/v5/developer/toolchains/gnu_arm/10.3_2021.10/bin/../lib/gcc/arm-none-eabi/10.3.1/thumb/v8-m.main+fp/hard\libgcc.a(_aeabi_uldivmod.o)
                              ./gecko_sdk_4.3.0/platform/emdrv/ustimer/src/ustimer.o (__aeabi_uldivmod)
c:/siliconlabs/simplicitystudio/v5/developer/toolchains/gnu_arm/10.3_2021.10/bin/../lib/gcc/arm-none-eabi/10.3.1/thumb/v8-m.main+fp/hard\libgcc.a(_udivmoddi4.o)
                              c:/siliconlabs/simplicitystudio/v5/developer/toolchains/gnu_arm/10.3_2021.10/bin/../lib/gcc/arm-none-eabi/10.3.1/thumb/v8-m.main+fp/hard\libgcc.a(_aeabi_uldivmod.o) (__udivmoddi4)
c:/siliconlabs/simplicitystudio/v5/developer/toolchains/gnu_arm/10.3_2021.10/bin/../lib/gcc/arm-none-eabi/10.3.1/thumb/v8-m.main+fp/hard\libgcc.a(_dvmd_tls.o)
                              c:/siliconlabs/simplicitystudio/v5/developer/toolchains/gnu_arm/10.3_2021.10/bin/../lib/gcc/arm-none-eabi/10.3.1/thumb/v8-m.main+fp/hard\libgcc.a(_aeabi_uldivmod.o) (__aeabi_ldiv0)
c:/siliconlabs/simplicitystudio/v5/developer/toolchains/gnu_arm/10.3_2021.10/bin/../lib/gcc/arm-none-eabi/10.3.1/../../../../arm-none-eabi/lib/thumb/v8-m.main+fp/hard\libc_nano.a(lib_a-atoi.o)
                              ./uart.o (atoi)
c:/siliconlabs/simplicitystudio/v5/developer/toolchains/gnu_arm/10.3_2021.10/bin/../lib/gcc/arm-none-eabi/10.3.1/../../../../arm-none-eabi/lib/thumb/v8-m.main+fp/hard\libc_nano.a(lib_a-exit.o)
                              c:/siliconlabs/simplicitystudio/v5/developer/toolchains/gnu_arm/10.3_2021.10/bin/../lib/gcc/arm-none-eabi/10.3.1/../../../../arm-none-eabi/lib/thumb/v8-m.main+fp/hard/crt0.o (exit)
c:/siliconlabs/simplicitystudio/v5/developer/toolchains/gnu_arm/10.3_2021.10/bin/../lib/gcc/arm-none-eabi/10.3.1/../../../../arm-none-eabi/lib/thumb/v8-m.main+fp/hard\libc_nano.a(lib_a-impure.o)
                              c:/siliconlabs/simplicitystudio/v5/developer/toolchains/gnu_arm/10.3_2021.10/bin/../lib/gcc/arm-none-eabi/10.3.1/../../../../arm-none-eabi/lib/thumb/v8-m.main+fp/hard\libc_nano.a(lib_a-exit.o) (_global_impure_ptr)
c:/siliconlabs/simplicitystudio/v5/developer/toolchains/gnu_arm/10.3_2021.10/bin/../lib/gcc/arm-none-eabi/10.3.1/../../../../arm-none-eabi/lib/thumb/v8-m.main+fp/hard\libc_nano.a(lib_a-init.o)
                              c:/siliconlabs/simplicitystudio/v5/developer/toolchains/gnu_arm/10.3_2021.10/bin/../lib/gcc/arm-none-eabi/10.3.1/../../../../arm-none-eabi/lib/thumb/v8-m.main+fp/hard/crt0.o (__libc_init_array)
c:/siliconlabs/simplicitystudio/v5/developer/toolchains/gnu_arm/10.3_2021.10/bin/../lib/gcc/arm-none-eabi/10.3.1/../../../../arm-none-eabi/lib/thumb/v8-m.main+fp/hard\libc_nano.a(lib_a-memset.o)
                              c:/siliconlabs/simplicitystudio/v5/developer/toolchains/gnu_arm/10.3_2021.10/bin/../lib/gcc/arm-none-eabi/10.3.1/../../../../arm-none-eabi/lib/thumb/v8-m.main+fp/hard/crt0.o (memset)
c:/siliconlabs/simplicitystudio/v5/developer/toolchains/gnu_arm/10.3_2021.10/bin/../lib/gcc/arm-none-eabi/10.3.1/../../../../arm-none-eabi/lib/thumb/v8-m.main+fp/hard\libc_nano.a(lib_a-strcat.o)
                              ./uart.o (strcat)
c:/siliconlabs/simplicitystudio/v5/developer/toolchains/gnu_arm/10.3_2021.10/bin/../lib/gcc/arm-none-eabi/10.3.1/../../../../arm-none-eabi/lib/thumb/v8-m.main+fp/hard\libc_nano.a(lib_a-strcpy.o)
                              ./uart.o (strcpy)
c:/siliconlabs/simplicitystudio/v5/developer/toolchains/gnu_arm/10.3_2021.10/bin/../lib/gcc/arm-none-eabi/10.3.1/../../../../arm-none-eabi/lib/thumb/v8-m.main+fp/hard\libc_nano.a(lib_a-strtol.o)
                              c:/siliconlabs/simplicitystudio/v5/developer/toolchains/gnu_arm/10.3_2021.10/bin/../lib/gcc/arm-none-eabi/10.3.1/../../../../arm-none-eabi/lib/thumb/v8-m.main+fp/hard\libc_nano.a(lib_a-atoi.o) (_strtol_r)
[...]
Memory Configuration

Name             Origin             Length             Attributes
FLASH            0x08000000         0x0017e000         xr
RAM              0x20000000         0x00040000         xrw
*default*        0x00000000         0xffffffff

Linker script and memory map

LOAD c:/siliconlabs/simplicitystudio/v5/developer/toolchains/gnu_arm/10.3_2021.10/bin/../lib/gcc/arm-none-eabi/10.3.1/thumb/v8-m.main+fp/hard/crti.o
LOAD c:/siliconlabs/simplicitystudio/v5/developer/toolchains/gnu_arm/10.3_2021.10/bin/../lib/gcc/arm-none-eabi/10.3.1/thumb/v8-m.main+fp/hard/crtbegin.o
LOAD c:/siliconlabs/simplicitystudio/v5/developer/toolchains/gnu_arm/10.3_2021.10/bin/../lib/gcc/arm-none-eabi/10.3.1/../../../../arm-none-eabi/lib/thumb/v8-m.main+fp/hard/crt0.o
START GROUP
LOAD ./DHT22.o
LOAD ./Letimer.o
LOAD ./adc.o
LOAD ./app.o
LOAD ./iadcScan.o
LOAD ./main.o
LOAD ./uart.o
LOAD ./autogen/sl_board_default_init.o
LOAD ./autogen/sl_device_init_clocks.o
LOAD ./autogen/sl_event_handler.o
LOAD ./gecko_sdk_4.3.0/hardware/board/src/sl_board_control_gpio.o
LOAD ./gecko_sdk_4.3.0/hardware/board/src/sl_board_init.o
LOAD ./gecko_sdk_4.3.0/hardware/driver/configuration_over_swo/src/sl_cos.o
LOAD ./gecko_sdk_4.3.0/hardware/driver/mx25_flash_shutdown/src/sl_mx25_flash_shutdown_usart/sl_mx25_flash_shutdown.o
LOAD ./gecko_sdk_4.3.0/platform/Device/SiliconLabs/EFR32MG24/Source/startup_efr32mg24.o
LOAD ./gecko_sdk_4.3.0/platform/Device/SiliconLabs/EFR32MG24/Source/system_efr32mg24.o
LOAD ./gecko_sdk_4.3.0/platform/common/src/sl_assert.o
LOAD ./gecko_sdk_4.3.0/platform/common/toolchain/src/sl_memory.o
LOAD ./gecko_sdk_4.3.0/platform/driver/debug/src/sl_debug_swo.o
LOAD ./gecko_sdk_4.3.0/platform/emdrv/ustimer/src/ustimer.o
LOAD ./gecko_sdk_4.3.0/platform/emlib/src/em_cmu.o
LOAD ./gecko_sdk_4.3.0/platform/emlib/src/em_core.o
LOAD ./gecko_sdk_4.3.0/platform/emlib/src/em_emu.o
LOAD ./gecko_sdk_4.3.0/platform/emlib/src/em_gpio.o
LOAD ./gecko_sdk_4.3.0/platform/emlib/src/em_iadc.o
LOAD ./gecko_sdk_4.3.0/platform/emlib/src/em_letimer.o
LOAD ./gecko_sdk_4.3.0/platform/emlib/src/em_msc.o
LOAD ./gecko_sdk_4.3.0/platform/emlib/src/em_system.o
LOAD ./gecko_sdk_4.3.0/platform/emlib/src/em_timer.o
LOAD ./gecko_sdk_4.3.0/platform/emlib/src/em_usart.o
LOAD ./gecko_sdk_4.3.0/platform/service/device_init/src/sl_device_init_dcdc_s2.o
LOAD ./gecko_sdk_4.3.0/platform/service/device_init/src/sl_device_init_emu_s2.o
LOAD ./gecko_sdk_4.3.0/platform/service/device_init/src/sl_device_init_hfxo_s2.o
LOAD ./gecko_sdk_4.3.0/platform/service/device_init/src/sl_device_init_lfxo_s2.o
LOAD ./gecko_sdk_4.3.0/platform/service/device_init/src/sl_device_init_nvic.o
LOAD ./gecko_sdk_4.3.0/platform/service/system/src/sl_system_init.o
LOAD ./gecko_sdk_4.3.0/platform/service/system/src/sl_system_process_action.o
LOAD ./gecko_sdk_4.3.0/platform/service/udelay/src/sl_udelay.o
LOAD ./gecko_sdk_4.3.0/platform/service/udelay/src/sl_udelay_armv6m_gcc.o
LOAD c:/siliconlabs/simplicitystudio/v5/developer/toolchains/gnu_arm/10.3_2021.10/bin/../lib/gcc/arm-none-eabi/10.3.1/thumb/v8-m.main+fp/hard\libgcc.a
LOAD c:/siliconlabs/simplicitystudio/v5/developer/toolchains/gnu_arm/10.3_2021.10/bin/../lib/gcc/arm-none-eabi/10.3.1/../../../../arm-none-eabi/lib/thumb/v8-m.main+fp/hard\libc_nano.a
LOAD c:/siliconlabs/simplicitystudio/v5/developer/toolchains/gnu_arm/10.3_2021.10/bin/../lib/gcc/arm-none-eabi/10.3.1/../../../../arm-none-eabi/lib/thumb/v8-m.main+fp/hard\libm.a
LOAD c:/siliconlabs/simplicitystudio/v5/developer/toolchains/gnu_arm/10.3_2021.10/bin/../lib/gcc/arm-none-eabi/10.3.1/../../../../arm-none-eabi/lib/thumb/v8-m.main+fp/hard\libnosys.a
END GROUP
START GROUP
LOAD c:/siliconlabs/simplicitystudio/v5/developer/toolchains/gnu_arm/10.3_2021.10/bin/../lib/gcc/arm-none-eabi/10.3.1/thumb/v8-m.main+fp/hard\libgcc.a
LOAD c:/siliconlabs/simplicitystudio/v5/developer/toolchains/gnu_arm/10.3_2021.10/bin/../lib/gcc/arm-none-eabi/10.3.1/../../../../arm-none-eabi/lib/thumb/v8-m.main+fp/hard\libc_nano.a
LOAD c:/siliconlabs/simplicitystudio/v5/developer/toolchains/gnu_arm/10.3_2021.10/bin/../lib/gcc/arm-none-eabi/10.3.1/../../../../arm-none-eabi/lib/thumb/v8-m.main+fp/hard\libnosys.a
END GROUP
START GROUP
LOAD c:/siliconlabs/simplicitystudio/v5/developer/toolchains/gnu_arm/10.3_2021.10/bin/../lib/gcc/arm-none-eabi/10.3.1/thumb/v8-m.main+fp/hard\libgcc.a
LOAD c:/siliconlabs/simplicitystudio/v5/developer/toolchains/gnu_arm/10.3_2021.10/bin/../lib/gcc/arm-none-eabi/10.3.1/../../../../arm-none-eabi/lib/thumb/v8-m.main+fp/hard\libg_nano.a
LOAD c:/siliconlabs/simplicitystudio/v5/developer/toolchains/gnu_arm/10.3_2021.10/bin/../lib/gcc/arm-none-eabi/10.3.1/../../../../arm-none-eabi/lib/thumb/v8-m.main+fp/hard\libc_nano.a
END GROUP
START GROUP
LOAD c:/siliconlabs/simplicitystudio/v5/developer/toolchains/gnu_arm/10.3_2021.10/bin/../lib/gcc/arm-none-eabi/10.3.1/thumb/v8-m.main+fp/hard\libgcc.a
LOAD c:/siliconlabs/simplicitystudio/v5/developer/toolchains/gnu_arm/10.3_2021.10/bin/../lib/gcc/arm-none-eabi/10.3.1/../../../../arm-none-eabi/lib/thumb/v8-m.main+fp/hard\libc_nano.a
END GROUP
LOAD c:/siliconlabs/simplicitystudio/v5/developer/toolchains/gnu_arm/10.3_2021.10/bin/../lib/gcc/arm-none-eabi/10.3.1/thumb/v8-m.main+fp/hard/crtend.o
LOAD c:/siliconlabs/simplicitystudio/v5/developer/toolchains/gnu_arm/10.3_2021.10/bin/../lib/gcc/arm-none-eabi/10.3.1/thumb/v8-m.main+fp/hard/crtn.o

.text           0x08000000     0x7538
                0x08000000                linker_vectors_begin = .
 *(.vectors)
 .vectors       0x08000000      0x170 ./gecko_sdk_4.3.0/platform/Device/SiliconLabs/EFR32MG24/Source/startup_efr32mg24.o
                0x08000000                __Vectors
                0x08000170                linker_vectors_end = .
                0x08000170                __Vectors_End = .
                0x08000170                __Vectors_Size = (__Vectors_End - __Vectors)
                0x08000170                linker_code_begin = .
 *(SORT_BY_ALIGNMENT(.text*))
 .text          0x08000170        0x8 ./gecko_sdk_4.3.0/platform/service/udelay/src/sl_udelay_armv6m_gcc.o
                0x08000170                sli_delay_loop
 .text.getMoisture
                0x08000178       0xb8 ./adc.o
                0x08000178                getMoisture
 .text          0x08000230       0x40 c:/siliconlabs/simplicitystudio/v5/developer/toolchains/gnu_arm/10.3_2021.10/bin/../lib/gcc/arm-none-eabi/10.3.1/thumb/v8-m.main+fp/hard/crtbegin.o
 .text          0x08000270       0x7c c:/siliconlabs/simplicitystudio/v5/developer/toolchains/gnu_arm/10.3_2021.10/bin/../lib/gcc/arm-none-eabi/10.3.1/../../../../arm-none-eabi/lib/thumb/v8-m.main+fp/hard/crt0.o
                0x08000270                _stack_init
                0x08000278                _start
                0x08000278                _mainCRTStartup
 .text.GPIO_PinInGet
                0x080002ec       0x88 ./DHT22.o
 .text.DHT_GetData
                0x08000374       0xd0 ./DHT22.o
                0x08000374                DHT_GetData
 .text.__NVIC_EnableIRQ
                0x08000444       0x34 ./Letimer.o
 .text.batteryLevel
                0x08000478       0x48 ./Letimer.o
                0x08000478                batteryLevel
 .text.LETIMER0_IRQHandler
                0x080004c0      0x15c ./Letimer.o
                0x080004c0                LETIMER0_IRQHandler
 .text.iadcInit
                0x0800061c       0xec ./adc.o
                0x0800061c                iadcInit
 .text.iadcStartsingle
                0x08000708       0x38 ./adc.o
                0x08000708                iadcStartsingle
 .text.uartInit
                0x08000740       0xa0 ./uart.o
                0x08000740                uartInit
 .text.transmitData
                0x080007e0       0x4c ./uart.o
                0x080007e0                transmitData
 .text.data     0x0800082c       0x8c ./uart.o
                0x0800082c                data
 .text.doubleToCharArray
                0x080008b8      0x24c ./uart.o
                0x080008b8                doubleToCharArray
 .text.sl_device_init_clocks
                0x08000b04       0xd4 ./autogen/sl_device_init_clocks.o
                0x08000b04                sl_device_init_clocks
 .text.GPIO_PinOutClear
                0x08000bd8       0x84 ./gecko_sdk_4.3.0/hardware/driver/mx25_flash_shutdown/src/sl_mx25_flash_shutdown_usart/sl_mx25_flash_shutdown.o
 .text.GPIO_PinOutSet
                0x08000c5c       0x84 ./gecko_sdk_4.3.0/hardware/driver/mx25_flash_shutdown/src/sl_mx25_flash_shutdown_usart/sl_mx25_flash_shutdown.o
 .text.sl_mx25_flash_shutdown
                0x08000ce0      0x134 ./gecko_sdk_4.3.0/hardware/driver/mx25_flash_shutdown/src/sl_mx25_flash_shutdown_usart/sl_mx25_flash_shutdown.o
                0x08000ce0                sl_mx25_flash_shutdown
 .text.Reset_Handler
                0x08000e14       0x98 ./gecko_sdk_4.3.0/platform/Device/SiliconLabs/EFR32MG24/Source/startup_efr32mg24.o
                0x08000e14                Reset_Handler
 .text.__NVIC_EnableIRQ
                0x08000eac       0x34 ./gecko_sdk_4.3.0/platform/Device/SiliconLabs/EFR32MG24/Source/system_efr32mg24.o
 .text.__NVIC_ClearPendingIRQ
                0x08000ee0       0x38 ./gecko_sdk_4.3.0/platform/Device/SiliconLabs/EFR32MG24/Source/system_efr32mg24.o
 .text.SystemInit
                0x08000f18       0x90 ./gecko_sdk_4.3.0/platform/Device/SiliconLabs/EFR32MG24/Source/system_efr32mg24.o
                0x08000f18                SystemInit
 .text.SystemHFRCODPLLClockGet
                0x08000fa8        0xc ./gecko_sdk_4.3.0/platform/Device/SiliconLabs/EFR32MG24/Source/system_efr32mg24.o
                0x08000fa8                SystemHFRCODPLLClockGet
 .text.SystemSYSCLKGet
                0x08000fb4       0x50 ./gecko_sdk_4.3.0/platform/Device/SiliconLabs/EFR32MG24/Source/system_efr32mg24.o
                0x08000fb4                SystemSYSCLKGet
 .text.SystemHCLKGet
                0x08001004       0x3c ./gecko_sdk_4.3.0/platform/Device/SiliconLabs/EFR32MG24/Source/system_efr32mg24.o
                0x08001004                SystemHCLKGet
 .text.SystemMaxCoreClockGet
                0x08001040        0xc ./gecko_sdk_4.3.0/platform/Device/SiliconLabs/EFR32MG24/Source/system_efr32mg24.o
                0x08001040                SystemMaxCoreClockGet
 .text.SystemHFXOClockGet
                0x0800104c        0xc ./gecko_sdk_4.3.0/platform/Device/SiliconLabs/EFR32MG24/Source/system_efr32mg24.o
                0x0800104c                SystemHFXOClockGet
 .text.SystemHFXOClockSet
                0x08001058       0x2c ./gecko_sdk_4.3.0/platform/Device/SiliconLabs/EFR32MG24/Source/system_efr32mg24.o
                0x08001058                SystemHFXOClockSet
 .text.SystemFSRCOClockGet
                0x08001084        0xc ./gecko_sdk_4.3.0/platform/Device/SiliconLabs/EFR32MG24/Source/system_efr32mg24.o
                0x08001084                SystemFSRCOClockGet
 .text.SystemHFRCOEM23ClockGet
                0x08001090       0xe0 ./gecko_sdk_4.3.0/platform/Device/SiliconLabs/EFR32MG24/Source/system_efr32mg24.o
                0x08001090                SystemHFRCOEM23ClockGet
 .text.SystemLFXOClockGet
                0x08001170        0xc ./gecko_sdk_4.3.0/platform/Device/SiliconLabs/EFR32MG24/Source/system_efr32mg24.o
                0x08001170                SystemLFXOClockGet
 .text.BUS_RegBitWrite
                0x0800117c       0x48 ./gecko_sdk_4.3.0/platform/driver/debug/src/sl_debug_swo.o
 .text.GPIO_DbgSWOEnable
                0x080011c4       0x30 ./gecko_sdk_4.3.0/platform/driver/debug/src/sl_debug_swo.o
 .text.sl_debug_swo_init
                0x080011f4      0x178 ./gecko_sdk_4.3.0/platform/driver/debug/src/sl_debug_swo.o
                0x080011f4                sl_debug_swo_init
 .text.__NVIC_EnableIRQ
                0x0800136c       0x34 ./gecko_sdk_4.3.0/platform/emdrv/ustimer/src/ustimer.o
 .text.__NVIC_DisableIRQ
                0x080013a0       0x44 ./gecko_sdk_4.3.0/platform/emdrv/ustimer/src/ustimer.o
 .text.__NVIC_ClearPendingIRQ
                0x080013e4       0x38 ./gecko_sdk_4.3.0/platform/emdrv/ustimer/src/ustimer.o
 .text.TIMER_Valid
                0x0800141c       0x54 ./gecko_sdk_4.3.0/platform/emdrv/ustimer/src/ustimer.o
 .text.TIMER_MaxCount
                0x08001470       0xf0 ./gecko_sdk_4.3.0/platform/emdrv/ustimer/src/ustimer.o
 .text.TIMER_Enable
                0x08001560       0x44 ./gecko_sdk_4.3.0/platform/emdrv/ustimer/src/ustimer.o
 .text.TIMER_TopSet
                0x080015a4       0x48 ./gecko_sdk_4.3.0/platform/emdrv/ustimer/src/ustimer.o
 .text.USTIMER_Init
                0x080015ec      0x130 ./gecko_sdk_4.3.0/platform/emdrv/ustimer/src/ustimer.o
                0x080015ec                USTIMER_Init
 .text.USTIMER_DeInit
                0x0800171c       0x38 ./gecko_sdk_4.3.0/platform/emdrv/ustimer/src/ustimer.o
                0x0800171c                USTIMER_DeInit
 .text.USTIMER_DelayIntSafe
                0x08001754       0x9c ./gecko_sdk_4.3.0/platform/emdrv/ustimer/src/ustimer.o
                0x08001754                USTIMER_DelayIntSafe
 .text.TIMER0_IRQHandler
                0x080017f0       0x34 ./gecko_sdk_4.3.0/platform/emdrv/ustimer/src/ustimer.o
                0x080017f0                TIMER0_IRQHandler
 .text.DelayTicksPolled
                0x08001824       0x50 ./gecko_sdk_4.3.0/platform/emdrv/ustimer/src/ustimer.o
 .text.BUS_RegBitWrite
                0x08001874       0x48 ./gecko_sdk_4.3.0/platform/emlib/src/em_cmu.o
 .text.EMU_VScaleWait
                0x080018bc       0x1c ./gecko_sdk_4.3.0/platform/emlib/src/em_cmu.o
 .text.EMU_VScaleGet
                0x080018d8       0x1c ./gecko_sdk_4.3.0/platform/emlib/src/em_cmu.o
 .text.MSC_LockGetLocked
                0x080018f4       0x1c ./gecko_sdk_4.3.0/platform/emlib/src/em_cmu.o
 .text.MSC_LockSetLocked
                0x08001910       0x10 ./gecko_sdk_4.3.0/platform/emlib/src/em_cmu.o
 .text.MSC_LockSetUnlocked
                0x08001920       0x10 ./gecko_sdk_4.3.0/platform/emlib/src/em_cmu.o
 .text.MSC_ReadCTRLGet
                0x08001930        0xc ./gecko_sdk_4.3.0/platform/emlib/src/em_cmu.o
 .text.MSC_ReadCTRLSet
                0x0800193c       0x14 ./gecko_sdk_4.3.0/platform/emlib/src/em_cmu.o
 .text.CMU_ClockDivGet
                0x08001950       0xec ./gecko_sdk_4.3.0/platform/emlib/src/em_cmu.o
                0x08001950                CMU_ClockDivGet
 .text.CMU_ClockDivSet
                0x08001a3c      0x1b0 ./gecko_sdk_4.3.0/platform/emlib/src/em_cmu.o
                0x08001a3c                CMU_ClockDivSet
 .text.CMU_ClockEnable
                0x08001bec       0x74 ./gecko_sdk_4.3.0/platform/emlib/src/em_cmu.o
                0x08001bec                CMU_ClockEnable
 .text.CMU_ClockFreqGet
                0x08001c60      0x6a8 ./gecko_sdk_4.3.0/platform/emlib/src/em_cmu.o
                0x08001c60                CMU_ClockFreqGet
 .text.CMU_ClockSelectGet
                0x08002308      0x3e4 ./gecko_sdk_4.3.0/platform/emlib/src/em_cmu.o
                0x08002308                CMU_ClockSelectGet
 .text.sli_em_cmu_HFXOSetForceEnable
                0x080026ec       0x28 ./gecko_sdk_4.3.0/platform/emlib/src/em_cmu.o
                0x080026ec                sli_em_cmu_HFXOSetForceEnable
 .text.CMU_HFXOInit
                0x08002714      0x310 ./gecko_sdk_4.3.0/platform/emlib/src/em_cmu.o
                0x08002714                CMU_HFXOInit
 .text.CMU_HFXOCTuneDeltaGet
                0x08002a24       0x10 ./gecko_sdk_4.3.0/platform/emlib/src/em_cmu.o
                0x08002a24                CMU_HFXOCTuneDeltaGet
 .text.CMU_LFXOInit
                0x08002a34      0x120 ./gecko_sdk_4.3.0/platform/emlib/src/em_cmu.o
                0x08002a34                CMU_LFXOInit
 .text.CMU_LFXOPrecisionSet
                0x08002b54       0x1c ./gecko_sdk_4.3.0/platform/emlib/src/em_cmu.o
                0x08002b54                CMU_LFXOPrecisionSet
 .text.CMU_HFXOPrecisionSet
                0x08002b70       0x1c ./gecko_sdk_4.3.0/platform/emlib/src/em_cmu.o
                0x08002b70                CMU_HFXOPrecisionSet
 .text.eusart0ClkGet
                0x08002b8c       0xac ./gecko_sdk_4.3.0/platform/emlib/src/em_cmu.o
 .text.em01GrpcClkGet
                0x08002c38       0xbc ./gecko_sdk_4.3.0/platform/emlib/src/em_cmu.o
 .text.vdac0ClkGet
                0x08002cf4       0xa8 ./gecko_sdk_4.3.0/platform/emlib/src/em_cmu.o
 .text.vdac1ClkGet
                0x08002d9c       0xa8 ./gecko_sdk_4.3.0/platform/emlib/src/em_cmu.o
 .text.pcnt0ClkGet
                0x08002e44       0x74 ./gecko_sdk_4.3.0/platform/emlib/src/em_cmu.o
 .text.rhclkPrescMax
                0x08002eb8       0x18 ./gecko_sdk_4.3.0/platform/emlib/src/em_cmu.o
 .text.rhclkPrescOptimize
                0x08002ed0       0x2c ./gecko_sdk_4.3.0/platform/emlib/src/em_cmu.o
 .text.traceClkGet
                0x08002efc       0x84 ./gecko_sdk_4.3.0/platform/emlib/src/em_cmu.o
 .text.dpllRefClkGet
                0x08002f80       0x94 ./gecko_sdk_4.3.0/platform/emlib/src/em_cmu.o
 .text.em01GrpaClkGet
                0x08003014       0xc4 ./gecko_sdk_4.3.0/platform/emlib/src/em_cmu.o
 .text.em23GrpaClkGet
                0x080030d8       0x94 ./gecko_sdk_4.3.0/platform/emlib/src/em_cmu.o
 .text.em4GrpaClkGet
                0x0800316c       0x94 ./gecko_sdk_4.3.0/platform/emlib/src/em_cmu.o
 .text.getWaitStatesByFrequencyAndVScale
                0x08003200       0x54 ./gecko_sdk_4.3.0/platform/emlib/src/em_cmu.o
 .text.flashWaitStateControl
                0x08003254       0x70 ./gecko_sdk_4.3.0/platform/emlib/src/em_cmu.o
 .text.iadcClkGet
                0x080032c4       0x8c ./gecko_sdk_4.3.0/platform/emlib/src/em_cmu.o
 .text.pclkDivOptimize
                0x08003350       0x34 ./gecko_sdk_4.3.0/platform/emlib/src/em_cmu.o
 .text.sysrtcClkGet
                0x08003384       0x94 ./gecko_sdk_4.3.0/platform/emlib/src/em_cmu.o
 .text.wdog0ClkGet
                0x08003418       0xa8 ./gecko_sdk_4.3.0/platform/emlib/src/em_cmu.o
 .text.wdog1ClkGet
                0x080034c0       0xa8 ./gecko_sdk_4.3.0/platform/emlib/src/em_cmu.o
 .text.sysTickClkGet
                0x08003568       0x58 ./gecko_sdk_4.3.0/platform/emlib/src/em_cmu.o
 .text.EMU_DCDCLock
                0x080035c0       0x14 ./gecko_sdk_4.3.0/platform/emlib/src/em_emu.o
 .text.EMU_DCDCUnlock
                0x080035d4       0x10 ./gecko_sdk_4.3.0/platform/emlib/src/em_emu.o
 .text.EMU_DCDCSync
                0x080035e4       0x20 ./gecko_sdk_4.3.0/platform/emlib/src/em_emu.o
 .text.EMU_VScaleWait
                0x08003604       0x1c ./gecko_sdk_4.3.0/platform/emlib/src/em_emu.o
 .text.EMU_VScaleGet
                0x08003620       0x1c ./gecko_sdk_4.3.0/platform/emlib/src/em_emu.o
 .text.EMU_EnterEM2
                0x0800363c       0x48 ./gecko_sdk_4.3.0/platform/emlib/src/em_emu.o
                0x0800363c                EMU_EnterEM2
 .text.EMU_EM4Init
                0x08003684       0x24 ./gecko_sdk_4.3.0/platform/emlib/src/em_emu.o
                0x08003684                EMU_EM4Init
 .text.EMU_VScaleEM01ByClock
                0x080036a8       0x5c ./gecko_sdk_4.3.0/platform/emlib/src/em_emu.o
                0x080036a8                EMU_VScaleEM01ByClock
 .text.EMU_VScaleEM01
                0x08003704       0xdc ./gecko_sdk_4.3.0/platform/emlib/src/em_emu.o
                0x08003704                EMU_VScaleEM01
 .text.EMU_DCDCModeSet
                0x080037e0      0x128 ./gecko_sdk_4.3.0/platform/emlib/src/em_emu.o
                0x080037e0                EMU_DCDCModeSet
 .text.EMU_DCDCInit
                0x08003908       0xa8 ./gecko_sdk_4.3.0/platform/emlib/src/em_emu.o
                0x08003908                EMU_DCDCInit
 .text.EMU_DCDCSetPFMXModePeakCurrent
                0x080039b0       0xb4 ./gecko_sdk_4.3.0/platform/emlib/src/em_emu.o
                0x080039b0                EMU_DCDCSetPFMXModePeakCurrent
 .text.GPIO_PinOutClear
                0x08003a64       0x84 ./gecko_sdk_4.3.0/platform/emlib/src/em_gpio.o
 .text.GPIO_PinOutSet
                0x08003ae8       0x84 ./gecko_sdk_4.3.0/platform/emlib/src/em_gpio.o
 .text.GPIO_PinModeSet
                0x08003b6c      0x124 ./gecko_sdk_4.3.0/platform/emlib/src/em_gpio.o
                0x08003b6c                GPIO_PinModeSet
 .text.IADC_disable
                0x08003c90       0x38 ./gecko_sdk_4.3.0/platform/emlib/src/em_iadc.o
 .text.IADC_init
                0x08003cc8      0x9bc ./gecko_sdk_4.3.0/platform/emlib/src/em_iadc.o
                0x08003cc8                IADC_init
 .text.IADC_initSingle
                0x08004684       0xc4 ./gecko_sdk_4.3.0/platform/emlib/src/em_iadc.o
                0x08004684                IADC_initSingle
 .text.IADC_updateSingleInput
                0x08004748       0x8c ./gecko_sdk_4.3.0/platform/emlib/src/em_iadc.o
                0x08004748                IADC_updateSingleInput
 .text.IADC_reset
                0x080047d4      0x16c ./gecko_sdk_4.3.0/platform/emlib/src/em_iadc.o
                0x080047d4                IADC_reset
 .text.IADC_calcTimebase
                0x08004940       0xa0 ./gecko_sdk_4.3.0/platform/emlib/src/em_iadc.o
                0x08004940                IADC_calcTimebase
 .text.IADC_calcSrcClkPrescale
                0x080049e0       0x8c ./gecko_sdk_4.3.0/platform/emlib/src/em_iadc.o
                0x080049e0                IADC_calcSrcClkPrescale
 .text.IADC_calcAdcClkPrescale
                0x08004a6c       0xc4 ./gecko_sdk_4.3.0/platform/emlib/src/em_iadc.o
                0x08004a6c                IADC_calcAdcClkPrescale
 .text.IADC_getReferenceVoltage
                0x08004b30       0x7c ./gecko_sdk_4.3.0/platform/emlib/src/em_iadc.o
                0x08004b30                IADC_getReferenceVoltage
 .text.LETIMER_Enable
                0x08004bac       0x48 ./gecko_sdk_4.3.0/platform/emlib/src/em_letimer.o
                0x08004bac                LETIMER_Enable
 .text.LETIMER_Init
                0x08004bf4      0x118 ./gecko_sdk_4.3.0/platform/emlib/src/em_letimer.o
                0x08004bf4                LETIMER_Init
 .text.SYSCFG_readChipRev
                0x08004d0c        0xc ./gecko_sdk_4.3.0/platform/emlib/src/em_system.o
 .text.SYSTEM_ChipRevisionGet
                0x08004d18       0x50 ./gecko_sdk_4.3.0/platform/emlib/src/em_system.o
                0x08004d18                SYSTEM_ChipRevisionGet
 .text.TIMER_Valid
                0x08004d68       0x54 ./gecko_sdk_4.3.0/platform/emlib/src/em_timer.o
 .text.timerPrsConfig
                0x08004dbc       0xc0 ./gecko_sdk_4.3.0/platform/emlib/src/em_timer.o
 .text.TIMER_Init
                0x08004e7c      0x130 ./gecko_sdk_4.3.0/platform/emlib/src/em_timer.o
                0x08004e7c                TIMER_Init
 .text.TIMER_InitCC
                0x08004fac      0x148 ./gecko_sdk_4.3.0/platform/emlib/src/em_timer.o
                0x08004fac                TIMER_InitCC
 .text.prsRxInput
                0x080050f4       0x38 ./gecko_sdk_4.3.0/platform/emlib/src/em_usart.o
 .text.USART_BaudrateAsyncSet
                0x0800512c      0x14c ./gecko_sdk_4.3.0/platform/emlib/src/em_usart.o
                0x0800512c                USART_BaudrateAsyncSet
 .text.USART_BaudrateSyncSet
                0x08005278       0x68 ./gecko_sdk_4.3.0/platform/emlib/src/em_usart.o
                0x08005278                USART_BaudrateSyncSet
 .text.USART_InitAsync
                0x080052e0      0x134 ./gecko_sdk_4.3.0/platform/emlib/src/em_usart.o
                0x080052e0                USART_InitAsync
 .text.USART_InitSync
                0x08005414      0x108 ./gecko_sdk_4.3.0/platform/emlib/src/em_usart.o
                0x08005414                USART_InitSync
 .text.USART_Reset
                0x0800551c       0xa0 ./gecko_sdk_4.3.0/platform/emlib/src/em_usart.o
                0x0800551c                USART_Reset
 .text.sl_device_init_dcdc
                0x080055bc       0x34 ./gecko_sdk_4.3.0/platform/service/device_init/src/sl_device_init_dcdc_s2.o
                0x080055bc                sl_device_init_dcdc
 .text.sl_device_init_emu
                0x080055f0       0x34 ./gecko_sdk_4.3.0/platform/service/device_init/src/sl_device_init_emu_s2.o
                0x080055f0                sl_device_init_emu
 .text.sl_device_init_hfxo
                0x08005624       0xcc ./gecko_sdk_4.3.0/platform/service/device_init/src/sl_device_init_hfxo_s2.o
                0x08005624                sl_device_init_hfxo
 .text.sl_device_init_lfxo
                0x080056f0       0x3c ./gecko_sdk_4.3.0/platform/service/device_init/src/sl_device_init_lfxo_s2.o
                0x080056f0                sl_device_init_lfxo
 .text.__NVIC_SetPriority
                0x0800572c       0x50 ./gecko_sdk_4.3.0/platform/service/device_init/src/sl_device_init_nvic.o
 .text.sl_udelay_wait
                0x0800577c       0x80 ./gecko_sdk_4.3.0/platform/service/udelay/src/sl_udelay.o
                0x0800577c                sl_udelay_wait
 .text          0x080057fc      0x378 c:/siliconlabs/simplicitystudio/v5/developer/toolchains/gnu_arm/10.3_2021.10/bin/../lib/gcc/arm-none-eabi/10.3.1/thumb/v8-m.main+fp/hard\libgcc.a(_arm_addsubdf3.o)
                0x080057fc                __aeabi_drsub
                0x08005804                __aeabi_dsub
                0x08005804                __subdf3
                0x08005808                __aeabi_dadd
                0x08005808                __adddf3
                0x08005a80                __floatunsidf
                0x08005a80                __aeabi_ui2d
                0x08005aa0                __floatsidf
                0x08005aa0                __aeabi_i2d
                0x08005ac4                __aeabi_f2d
                0x08005ac4                __extendsfdf2
                0x08005b08                __floatundidf
                0x08005b08                __aeabi_ul2d
                0x08005b18                __floatdidf
                0x08005b18                __aeabi_l2d
 .text          0x08005b74      0x424 c:/siliconlabs/simplicitystudio/v5/developer/toolchains/gnu_arm/10.3_2021.10/bin/../lib/gcc/arm-none-eabi/10.3.1/thumb/v8-m.main+fp/hard\libgcc.a(_arm_muldivdf3.o)
                0x08005b74                __aeabi_dmul
                0x08005b74                __muldf3
                0x08005dc8                __divdf3
                0x08005dc8                __aeabi_ddiv
 .text          0x08005f98      0x110 c:/siliconlabs/simplicitystudio/v5/developer/toolchains/gnu_arm/10.3_2021.10/bin/../lib/gcc/arm-none-eabi/10.3.1/thumb/v8-m.main+fp/hard\libgcc.a(_arm_cmpdf2.o)
                0x08005f98                __gtdf2
                0x08005f98                __gedf2
                0x08005fa0                __ltdf2
                0x08005fa0                __ledf2
                0x08005fa8                __nedf2
                0x08005fa8                __eqdf2
                0x08005fa8                __cmpdf2
                0x08006024                __aeabi_cdrcmple
                0x08006034                __aeabi_cdcmpeq
                0x08006034                __aeabi_cdcmple
                0x08006044                __aeabi_dcmpeq
                0x08006058                __aeabi_dcmplt
                0x0800606c                __aeabi_dcmple
                0x08006080                __aeabi_dcmpge
                0x08006094                __aeabi_dcmpgt
 .text          0x080060a8       0x50 c:/siliconlabs/simplicitystudio/v5/developer/toolchains/gnu_arm/10.3_2021.10/bin/../lib/gcc/arm-none-eabi/10.3.1/thumb/v8-m.main+fp/hard\libgcc.a(_arm_fixdfsi.o)
                0x080060a8                __aeabi_d2iz
                0x080060a8                __fixdfsi
 .text          0x080060f8       0x30 c:/siliconlabs/simplicitystudio/v5/developer/toolchains/gnu_arm/10.3_2021.10/bin/../lib/gcc/arm-none-eabi/10.3.1/thumb/v8-m.main+fp/hard\libgcc.a(_aeabi_uldivmod.o)
                0x080060f8                __aeabi_uldivmod
 .text          0x08006128      0x2ec c:/siliconlabs/simplicitystudio/v5/developer/toolchains/gnu_arm/10.3_2021.10/bin/../lib/gcc/arm-none-eabi/10.3.1/thumb/v8-m.main+fp/hard\libgcc.a(_udivmoddi4.o)
                0x08006128                __udivmoddi4
 .text          0x08006414        0x4 c:/siliconlabs/simplicitystudio/v5/developer/toolchains/gnu_arm/10.3_2021.10/bin/../lib/gcc/arm-none-eabi/10.3.1/thumb/v8-m.main+fp/hard\libgcc.a(_dvmd_tls.o)
                0x08006414                __aeabi_idiv0
                0x08006414                __aeabi_ldiv0
 .text.exit     0x08006418       0x28 c:/siliconlabs/simplicitystudio/v5/developer/toolchains/gnu_arm/10.3_2021.10/bin/../lib/gcc/arm-none-eabi/10.3.1/../../../../arm-none-eabi/lib/thumb/v8-m.main+fp/hard\libc_nano.a(lib_a-exit.o)
                0x08006418                exit
 .text.__libc_init_array
                0x08006440       0x48 c:/siliconlabs/simplicitystudio/v5/developer/toolchains/gnu_arm/10.3_2021.10/bin/../lib/gcc/arm-none-eabi/10.3.1/../../../../arm-none-eabi/lib/thumb/v8-m.main+fp/hard\libc_nano.a(lib_a-init.o)
                0x08006440                __libc_init_array
 .text._strtol_l.constprop.0
                0x08006488      0x104 c:/siliconlabs/simplicitystudio/v5/developer/toolchains/gnu_arm/10.3_2021.10/bin/../lib/gcc/arm-none-eabi/10.3.1/../../../../arm-none-eabi/lib/thumb/v8-m.main+fp/hard\libc_nano.a(lib_a-strtol.o)
 .text.strtol   0x0800658c       0x14 c:/siliconlabs/simplicitystudio/v5/developer/toolchains/gnu_arm/10.3_2021.10/bin/../lib/gcc/arm-none-eabi/10.3.1/../../../../arm-none-eabi/lib/thumb/v8-m.main+fp/hard\libc_nano.a(lib_a-strtol.o)
                0x0800658c                strtol
 .text.__errno  0x080065a0        0xc c:/siliconlabs/simplicitystudio/v5/developer/toolchains/gnu_arm/10.3_2021.10/bin/../lib/gcc/arm-none-eabi/10.3.1/../../../../arm-none-eabi/lib/thumb/v8-m.main+fp/hard\libc_nano.a(lib_a-errno.o)
                0x080065a0                __errno
 .text._exit    0x080065ac        0x4 c:/siliconlabs/simplicitystudio/v5/developer/toolchains/gnu_arm/10.3_2021.10/bin/../lib/gcc/arm-none-eabi/10.3.1/../../../../arm-none-eabi/lib/thumb/v8-m.main+fp/hard\libnosys.a(_exit.o)
                0x080065ac                _exit
 .text.BUS_RegBitRead
                0x080065b0       0x1a ./DHT22.o
 .text.DHT_Start
                0x080065ca       0x3c ./DHT22.o
                0x080065ca                DHT_Start
 .text.DHT_Check_Response
                0x08006606       0x5c ./DHT22.o
                0x08006606                DHT_Check_Response
 .text.DHT_Read
                0x08006662       0x9c ./DHT22.o
                0x08006662                DHT_Read
 .text.LETIMER_IntClear
                0x080066fe       0x18 ./Letimer.o
 .text.LETIMER_IntEnable
                0x08006716       0x18 ./Letimer.o
 .text.LETIMER_IntGet
                0x0800672e        0xe ./Letimer.o
 .text.letimer0Init
                0x0800673c       0x6c ./Letimer.o
                0x0800673c                letimer0Init
 .text.letimer0Enable
                0x080067a8       0x2a ./Letimer.o
                0x080067a8                letimer0Enable
 .text.IADC_command
                0x080067d2       0x12 ./adc.o
 .text.app_init
                0x080067e4       0x16 ./app.o
                0x080067e4                app_init
 .text.app_process_action
                0x080067fa        0x4 ./app.o
                0x080067fa                app_process_action
 .text.main     0x080067fe       0x16 ./main.o
                0x080067fe                main
 .text.insertStringAtBeginning
                0x08006814       0x22 ./uart.o
                0x08006814                insertStringAtBeginning
 .text.concatenateArrays
                0x08006836       0x34 ./uart.o
                0x08006836                concatenateArrays
 .text.sl_board_default_init
                0x0800686a        0xa ./autogen/sl_board_default_init.o
                0x0800686a                sl_board_default_init
 .text.CHIP_Init
                0x08006874        0x4 ./autogen/sl_event_handler.o
 .text.sl_platform_init
                0x08006878       0x2a ./autogen/sl_event_handler.o
                0x08006878                sl_platform_init
 .text.sl_driver_init
                0x080068a2        0xe ./autogen/sl_event_handler.o
                0x080068a2                sl_driver_init
 .text.sl_service_init
                0x080068b0        0xa ./autogen/sl_event_handler.o
                0x080068b0                sl_service_init
 .text.sl_stack_init
                0x080068ba        0x4 ./autogen/sl_event_handler.o
                0x080068ba                sl_stack_init
 .text.sl_internal_app_init
                0x080068be        0x4 ./autogen/sl_event_handler.o
                0x080068be                sl_internal_app_init
 .text.sl_board_configure_vcom
                0x080068c2        0xc ./gecko_sdk_4.3.0/hardware/board/src/sl_board_control_gpio.o
                0x080068c2                sl_board_configure_vcom
 .text.sl_board_enable_vcom
                0x080068ce       0x14 ./gecko_sdk_4.3.0/hardware/board/src/sl_board_control_gpio.o
                0x080068ce                sl_board_enable_vcom
 .text.sl_board_disable_vcom
                0x080068e2       0x14 ./gecko_sdk_4.3.0/hardware/board/src/sl_board_control_gpio.o
                0x080068e2                sl_board_disable_vcom
 .text.sl_board_init
                0x080068f6       0x16 ./gecko_sdk_4.3.0/hardware/board/src/sl_board_init.o
                0x080068f6                sl_board_init
 .text.sl_board_preinit
                0x0800690c        0xe ./gecko_sdk_4.3.0/hardware/board/src/sl_board_init.o
                0x0800690c                sl_board_preinit
 .text.sl_cos_send_config
                0x0800691a       0x12 ./gecko_sdk_4.3.0/hardware/driver/configuration_over_swo/src/sl_cos.o
                0x0800691a                sl_cos_send_config
 .text.cs_low   0x0800692c        0xe ./gecko_sdk_4.3.0/hardware/driver/mx25_flash_shutdown/src/sl_mx25_flash_shutdown_usart/sl_mx25_flash_shutdown.o
 .text.cs_high  0x0800693a        0xe ./gecko_sdk_4.3.0/hardware/driver/mx25_flash_shutdown/src/sl_mx25_flash_shutdown_usart/sl_mx25_flash_shutdown.o
 .text.Default_Handler
                0x08006948        0x2 ./gecko_sdk_4.3.0/platform/Device/SiliconLabs/EFR32MG24/Source/startup_efr32mg24.o
                0x08006948                ULFRCO_IRQHandler
                0x08006948                AHB2AHB1_IRQHandler
                0x08006948                SW2_IRQHandler
                0x08006948                TIMER2_IRQHandler
                0x08006948                DebugMon_Handler
                0x08006948                USART0_TX_IRQHandler
                0x08006948                IADC_IRQHandler
                0x08006948                EUSART0_TX_IRQHandler
                0x08006948                I2C0_IRQHandler
                0x08006948                LFXO_IRQHandler
                0x08006948                HardFault_Handler
                0x08006948                SMU_SECURE_IRQHandler
                0x08006948                SysTick_Handler
                0x08006948                SYSRTC_SEQ_IRQHandler
                0x08006948                EMUEFP_IRQHandler
                0x08006948                PendSV_Handler
                0x08006948                NMI_Handler
                0x08006948                SYNTH_IRQHandler
                0x08006948                HOSTMAILBOX_IRQHandler
                0x08006948                HFXO0_IRQHandler
                0x08006948                I2C1_IRQHandler
                0x08006948                WDOG0_IRQHandler
                0x08006948                TIMER3_IRQHandler
                0x08006948                SYSCFG_IRQHandler
                0x08006948                RFECA1_IRQHandler
                0x08006948                EMUDG_IRQHandler
                0x08006948                MSC_IRQHandler
                0x08006948                DPLL0_IRQHandler
                0x08006948                UsageFault_Handler
                0x08006948                WDOG1_IRQHandler
                0x08006948                M33CTI1_IRQHandler
                0x08006948                TIMER4_IRQHandler
                0x08006948                GPIO_EVEN_IRQHandler
                0x08006948                VDAC0_IRQHandler
                0x08006948                LDMA_IRQHandler
                0x08006948                SEMBTX_IRQHandler
                0x08006948                SW0_IRQHandler
                0x08006948                MVP_IRQHandler
                0x08006948                EUSART1_RX_IRQHandler
                0x08006948                TIMER1_IRQHandler
                0x08006948                HFRCO0_IRQHandler
                0x08006948                SecureFault_Handler
                0x08006948                BUFC_IRQHandler
                0x08006948                DCDC_IRQHandler
                0x08006948                MODEM_IRQHandler
                0x08006948                Default_Handler
                0x08006948                RAC_SEQ_IRQHandler
                0x08006948                FRC_PRI_IRQHandler
                0x08006948                SW3_IRQHandler
                0x08006948                EMU_IRQHandler
                0x08006948                KERNEL0_IRQHandler
                0x08006948                FRC_IRQHandler
                0x08006948                PCNT0_IRQHandler
                0x08006948                KERNEL1_IRQHandler
                0x08006948                AGC_IRQHandler
                0x08006948                EUSART1_TX_IRQHandler
                0x08006948                KEYSCAN_IRQHandler
                0x08006948                HFRCOEM23_IRQHandler
                0x08006948                sl_app_properties
                0x08006948                BURTC_IRQHandler
                0x08006948                SEMBRX_IRQHandler
                0x08006948                RFECA0_IRQHandler
                0x08006948                LFRCO_IRQHandler
                0x08006948                VDAC1_IRQHandler
                0x08006948                ACMP0_IRQHandler
                0x08006948                USART0_RX_IRQHandler
                0x08006948                MemManage_Handler
                0x08006948                AHB2AHB0_IRQHandler
                0x08006948                SVC_Handler
                0x08006948                SMU_S_PRIVILEGED_IRQHandler
                0x08006948                SW1_IRQHandler
                0x08006948                CMU_IRQHandler
                0x08006948                EUSART0_RX_IRQHandler
                0x08006948                RAC_RSM_IRQHandler
                0x08006948                SETAMPERHOST_IRQHandler
                0x08006948                GPIO_ODD_IRQHandler
                0x08006948                AES_IRQHandler
                0x08006948                M33CTI0_IRQHandler
                0x08006948                ICACHE0_IRQHandler
                0x08006948                SMU_NS_PRIVILEGED_IRQHandler
                0x08006948                FPUEXH_IRQHandler
                0x08006948                PROTIMER_IRQHandler
                0x08006948                ACMP1_IRQHandler
                0x08006948                BusFault_Handler
                0x08006948                MPAHBRAM_IRQHandler
                0x08006948                SYSRTC_APP_IRQHandler
 .text.SystemCLKIN0Get
                0x0800694a        0x6 ./gecko_sdk_4.3.0/platform/Device/SiliconLabs/EFR32MG24/Source/system_efr32mg24.o
                0x0800694a                SystemCLKIN0Get
 .text.SystemLFRCOClockGet
                0x08006950        0x8 ./gecko_sdk_4.3.0/platform/Device/SiliconLabs/EFR32MG24/Source/system_efr32mg24.o
                0x08006950                SystemLFRCOClockGet
 .text.SystemULFRCOClockGet
                0x08006958        0x8 ./gecko_sdk_4.3.0/platform/Device/SiliconLabs/EFR32MG24/Source/system_efr32mg24.o
                0x08006958                SystemULFRCOClockGet
 .text.assertEFM
                0x08006960        0x8 ./gecko_sdk_4.3.0/platform/common/src/sl_assert.o
                0x08006960                assertEFM
 .text.sl_debug_swo_enable_itm
                0x08006968       0x26 ./gecko_sdk_4.3.0/platform/driver/debug/src/sl_debug_swo.o
                0x08006968                sl_debug_swo_enable_itm
 .text.sl_debug_swo_disable_itm
                0x0800698e       0x28 ./gecko_sdk_4.3.0/platform/driver/debug/src/sl_debug_swo.o
                0x0800698e                sl_debug_swo_disable_itm
 .text.TIMER_CounterGet
                0x080069b6        0xe ./gecko_sdk_4.3.0/platform/emdrv/ustimer/src/ustimer.o
 .text.TIMER_IntClear
                0x080069c4       0x18 ./gecko_sdk_4.3.0/platform/emdrv/ustimer/src/ustimer.o
 .text.TIMER_IntDisable
                0x080069dc       0x1a ./gecko_sdk_4.3.0/platform/emdrv/ustimer/src/ustimer.o
 .text.TIMER_IntGet
                0x080069f6        0xe ./gecko_sdk_4.3.0/platform/emdrv/ustimer/src/ustimer.o
 .text.SystemCoreClockGet
                0x08006a04        0xc ./gecko_sdk_4.3.0/platform/emlib/src/em_cmu.o
 .text.BUS_RegBitRead
                0x08006a10       0x1a ./gecko_sdk_4.3.0/platform/emlib/src/em_cmu.o
 .text.BUS_RegMaskedWrite
                0x08006a2a       0x34 ./gecko_sdk_4.3.0/platform/emlib/src/em_cmu.o
 .text.sli_em_cmu_SYSCLKInitPreClockSelect
                0x08006a5e       0x1a ./gecko_sdk_4.3.0/platform/emlib/src/em_cmu.o
                0x08006a5e                sli_em_cmu_SYSCLKInitPreClockSelect
 .text.sli_em_cmu_SYSCLKInitPostClockSelect
                0x08006a78       0x2e ./gecko_sdk_4.3.0/platform/emlib/src/em_cmu.o
                0x08006a78                sli_em_cmu_SYSCLKInitPostClockSelect
 .text.CMU_UpdateWaitStates
                0x08006aa6       0x28 ./gecko_sdk_4.3.0/platform/emlib/src/em_cmu.o
                0x08006aa6                CMU_UpdateWaitStates
 .text.pclkDivMax
                0x08006ace       0x10 ./gecko_sdk_4.3.0/platform/emlib/src/em_cmu.o
 .text.waitStateMax
                0x08006ade       0x14 ./gecko_sdk_4.3.0/platform/emlib/src/em_cmu.o
 .text.CORE_EnterCritical
                0x08006af2       0x18 ./gecko_sdk_4.3.0/platform/emlib/src/em_core.o
                0x08006af2                CORE_EnterCritical
 .text.CORE_ExitCritical
                0x08006b0a       0x14 ./gecko_sdk_4.3.0/platform/emlib/src/em_core.o
                0x08006b0a                CORE_ExitCritical
 .text.SystemCoreClockUpdate
                0x08006b1e        0xa ./gecko_sdk_4.3.0/platform/emlib/src/em_emu.o
 .text.BUS_RegBitRead
                0x08006b28       0x1a ./gecko_sdk_4.3.0/platform/emlib/src/em_emu.o
 .text.vScaleEM01Cmd
                0x08006b42       0x1c ./gecko_sdk_4.3.0/platform/emlib/src/em_emu.o
 .text.EMU_EM23PresleepHook
                0x08006b5e        0x4 ./gecko_sdk_4.3.0/platform/emlib/src/em_emu.o
                0x08006b5e                EMU_EM23PresleepHook
 .text.EMU_EFPEM23PresleepHook
                0x08006b62        0x4 ./gecko_sdk_4.3.0/platform/emlib/src/em_emu.o
                0x08006b62                EMU_EFPEM23PresleepHook
 .text.EMU_EM23PostsleepHook
                0x08006b66        0x4 ./gecko_sdk_4.3.0/platform/emlib/src/em_emu.o
                0x08006b66                EMU_EM23PostsleepHook
 .text.EMU_EFPEM23PostsleepHook
                0x08006b6a        0x4 ./gecko_sdk_4.3.0/platform/emlib/src/em_emu.o
                0x08006b6a                EMU_EFPEM23PostsleepHook
 .text.EMU_EFPEM01VScale
                0x08006b6e        0xe ./gecko_sdk_4.3.0/platform/emlib/src/em_emu.o
                0x08006b6e                EMU_EFPEM01VScale
 .text.EMU_DCDCUpdatedHook
                0x08006b7c        0x4 ./gecko_sdk_4.3.0/platform/emlib/src/em_emu.o
                0x08006b7c                EMU_DCDCUpdatedHook
 .text.BUS_RegMaskedWrite
                0x08006b80       0x34 ./gecko_sdk_4.3.0/platform/emlib/src/em_gpio.o
 .text.GPIO_DbgLocationSet
                0x08006bb4        0xa ./gecko_sdk_4.3.0/platform/emlib/src/em_gpio.o
                0x08006bb4                GPIO_DbgLocationSet
 .text.IADC_pullSingleFifoData
                0x08006bbe        0xe ./gecko_sdk_4.3.0/platform/emlib/src/em_iadc.o
 .text.IADC_readSingleData
                0x08006bcc        0xe ./gecko_sdk_4.3.0/platform/emlib/src/em_iadc.o
 .text.IADC_pullScanFifoData
                0x08006bda       0x10 ./gecko_sdk_4.3.0/platform/emlib/src/em_iadc.o
 .text.IADC_readScanData
                0x08006bea       0x10 ./gecko_sdk_4.3.0/platform/emlib/src/em_iadc.o
 .text.IADC_clearInt
                0x08006bfa       0x18 ./gecko_sdk_4.3.0/platform/emlib/src/em_iadc.o
 .text.IADC_disableInt
                0x08006c12       0x18 ./gecko_sdk_4.3.0/platform/emlib/src/em_iadc.o
 .text.IADC_command
                0x08006c2a       0x12 ./gecko_sdk_4.3.0/platform/emlib/src/em_iadc.o
 .text.IADC_enable
                0x08006c3c       0x16 ./gecko_sdk_4.3.0/platform/emlib/src/em_iadc.o
 .text.IADC_ConvertRawDataToResult
                0x08006c52       0x72 ./gecko_sdk_4.3.0/platform/emlib/src/em_iadc.o
 .text.IADC_readSingleResult
                0x08006cc4       0x2a ./gecko_sdk_4.3.0/platform/emlib/src/em_iadc.o
                0x08006cc4                IADC_readSingleResult
 .text.regSync  0x08006cee       0x1c ./gecko_sdk_4.3.0/platform/emlib/src/em_letimer.o
 .text.LETIMER_TopSet
                0x08006d0a       0x38 ./gecko_sdk_4.3.0/platform/emlib/src/em_letimer.o
                0x08006d0a                LETIMER_TopSet
 .text.TIMER_SyncWait
                0x08006d42       0x24 ./gecko_sdk_4.3.0/platform/emlib/src/em_timer.o
                0x08006d42                TIMER_SyncWait
 .text.USART_SpiTransfer
                0x08006d66       0x3a ./gecko_sdk_4.3.0/platform/emlib/src/em_usart.o
                0x08006d66                USART_SpiTransfer
 .text.USART_Tx
                0x08006da0       0x26 ./gecko_sdk_4.3.0/platform/emlib/src/em_usart.o
                0x08006da0                USART_Tx
 .text.sl_device_init_nvic
                0x08006dc6       0x38 ./gecko_sdk_4.3.0/platform/service/device_init/src/sl_device_init_nvic.o
                0x08006dc6                sl_device_init_nvic
 .text.sl_system_init
                0x08006dfe       0x1a ./gecko_sdk_4.3.0/platform/service/system/src/sl_system_init.o
                0x08006dfe                sl_system_init
 .text.SystemCoreClockGet
                0x08006e18        0xc ./gecko_sdk_4.3.0/platform/service/udelay/src/sl_udelay.o
 .text.atoi     0x08006e24        0x8 c:/siliconlabs/simplicitystudio/v5/developer/toolchains/gnu_arm/10.3_2021.10/bin/../lib/gcc/arm-none-eabi/10.3.1/../../../../arm-none-eabi/lib/thumb/v8-m.main+fp/hard\libc_nano.a(lib_a-atoi.o)
                0x08006e24                atoi
 .text.memset   0x08006e2c       0x10 c:/siliconlabs/simplicitystudio/v5/developer/toolchains/gnu_arm/10.3_2021.10/bin/../lib/gcc/arm-none-eabi/10.3.1/../../../../arm-none-eabi/lib/thumb/v8-m.main+fp/hard\libc_nano.a(lib_a-memset.o)
                0x08006e2c                memset
 .text.strcat   0x08006e3c       0x1e c:/siliconlabs/simplicitystudio/v5/developer/toolchains/gnu_arm/10.3_2021.10/bin/../lib/gcc/arm-none-eabi/10.3.1/../../../../arm-none-eabi/lib/thumb/v8-m.main+fp/hard\libc_nano.a(lib_a-strcat.o)
                0x08006e3c                strcat
 .text.strcpy   0x08006e5a       0x10 c:/siliconlabs/simplicitystudio/v5/developer/toolchains/gnu_arm/10.3_2021.10/bin/../lib/gcc/arm-none-eabi/10.3.1/../../../../arm-none-eabi/lib/thumb/v8-m.main+fp/hard\libc_nano.a(lib_a-strcpy.o)
                0x08006e5a                strcpy
                0x08006e6a                linker_code_end = .
 *(.init)
 *fill*         0x08006e6a        0x2 
 .init          0x08006e6c        0x4 c:/siliconlabs/simplicitystudio/v5/developer/toolchains/gnu_arm/10.3_2021.10/bin/../lib/gcc/arm-none-eabi/10.3.1/thumb/v8-m.main+fp/hard/crti.o
                0x08006e6c                _init
 .init          0x08006e70        0x8 c:/siliconlabs/simplicitystudio/v5/developer/toolchains/gnu_arm/10.3_2021.10/bin/../lib/gcc/arm-none-eabi/10.3.1/thumb/v8-m.main+fp/hard/crtn.o
 *(.fini)
 .fini          0x08006e78        0x4 c:/siliconlabs/simplicitystudio/v5/developer/toolchains/gnu_arm/10.3_2021.10/bin/../lib/gcc/arm-none-eabi/10.3.1/thumb/v8-m.main+fp/hard/crti.o
                0x08006e78                _fini
 .fini          0x08006e7c        0x8 c:/siliconlabs/simplicitystudio/v5/developer/toolchains/gnu_arm/10.3_2021.10/bin/../lib/gcc/arm-none-eabi/10.3.1/thumb/v8-m.main+fp/hard/crtn.o
 *crtbegin.o(.ctors)
 *crtbegin?.o(.ctors)
 *(EXCLUDE_FILE(*crtend.o *crtend?.o) .ctors)
 *(SORT_BY_NAME(.ctors.*))
 *(.ctors)
 *crtbegin.o(.dtors)
 *crtbegin?.o(.dtors)
 *(EXCLUDE_FILE(*crtend.o *crtend?.o) .dtors)
 *(SORT_BY_NAME(.dtors.*))
 *(.dtors)
 *(.rodata*)
 .rodata        0x08006e84       0x4c ./DHT22.o
 .rodata        0x08006ed0        0x9 ./Letimer.o
 *fill*         0x08006ed9        0x3 
 .rodata        0x08006edc       0x28 ./adc.o
 .rodata        0x08006f04       0x1f ./uart.o
 *fill*         0x08006f23        0x1 
 .rodata        0x08006f24       0x68 ./gecko_sdk_4.3.0/hardware/driver/mx25_flash_shutdown/src/sl_mx25_flash_shutdown_usart/sl_mx25_flash_shutdown.o
 .rodata        0x08006f8c       0x4b ./gecko_sdk_4.3.0/platform/driver/debug/src/sl_debug_swo.o
 *fill*         0x08006fd7        0x1 
 .rodata        0x08006fd8       0x4d ./gecko_sdk_4.3.0/platform/emdrv/ustimer/src/ustimer.o
 *fill*         0x08007025        0x3 
 .rodata        0x08007028       0x97 ./gecko_sdk_4.3.0/platform/emlib/src/em_cmu.o
 *fill*         0x080070bf        0x1 
 .rodata        0x080070c0       0x4b ./gecko_sdk_4.3.0/platform/emlib/src/em_emu.o
 *fill*         0x0800710b        0x1 
 .rodata        0x0800710c       0xe4 ./gecko_sdk_4.3.0/platform/emlib/src/em_gpio.o
 .rodata        0x080071f0       0x64 ./gecko_sdk_4.3.0/platform/emlib/src/em_iadc.o
 .rodata        0x08007254       0x4f ./gecko_sdk_4.3.0/platform/emlib/src/em_letimer.o
 *fill*         0x080072a3        0x1 
 .rodata        0x080072a4       0x9d ./gecko_sdk_4.3.0/platform/emlib/src/em_timer.o
 *fill*         0x08007341        0x3 
 .rodata        0x08007344       0x4d ./gecko_sdk_4.3.0/platform/emlib/src/em_usart.o
 *fill*         0x08007391        0x3 
 .rodata        0x08007394        0x7 ./gecko_sdk_4.3.0/platform/service/device_init/src/sl_device_init_dcdc_s2.o
 *fill*         0x0800739b        0x1 
 .rodata        0x0800739c       0x28 ./gecko_sdk_4.3.0/platform/service/device_init/src/sl_device_init_hfxo_s2.o
 .rodata        0x080073c4       0x14 ./gecko_sdk_4.3.0/platform/service/device_init/src/sl_device_init_lfxo_s2.o
 .rodata        0x080073d8       0x57 ./gecko_sdk_4.3.0/platform/service/udelay/src/sl_udelay.o
 *fill*         0x0800742f        0x1 
 .rodata._global_impure_ptr
                0x08007430        0x4 c:/siliconlabs/simplicitystudio/v5/developer/toolchains/gnu_arm/10.3_2021.10/bin/../lib/gcc/arm-none-eabi/10.3.1/../../../../arm-none-eabi/lib/thumb/v8-m.main+fp/hard\libc_nano.a(lib_a-impure.o)
                0x08007430                _global_impure_ptr
 .rodata._ctype_
                0x08007434      0x101 c:/siliconlabs/simplicitystudio/v5/developer/toolchains/gnu_arm/10.3_2021.10/bin/../lib/gcc/arm-none-eabi/10.3.1/../../../../arm-none-eabi/lib/thumb/v8-m.main+fp/hard\libc_nano.a(lib_a-ctype_.o)
                0x08007434                _ctype_
 *(.eh_frame*)
 *fill*         0x08007535        0x3 
 .eh_frame      0x08007538        0x0 c:/siliconlabs/simplicitystudio/v5/developer/toolchains/gnu_arm/10.3_2021.10/bin/../lib/gcc/arm-none-eabi/10.3.1/thumb/v8-m.main+fp/hard/crtbegin.o

.glue_7         0x08007538        0x0
 .glue_7        0x08007538        0x0 linker stubs

.glue_7t        0x08007538        0x0
 .glue_7t       0x08007538        0x0 linker stubs

.vfp11_veneer   0x08007538        0x0
 .vfp11_veneer  0x08007538        0x0 linker stubs

.v4_bx          0x08007538        0x0
 .v4_bx         0x08007538        0x0 linker stubs

.iplt           0x08007538        0x0
 .iplt          0x08007538        0x0 c:/siliconlabs/simplicitystudio/v5/developer/toolchains/gnu_arm/10.3_2021.10/bin/../lib/gcc/arm-none-eabi/10.3.1/thumb/v8-m.main+fp/hard/crtbegin.o

.ARM.extab
 *(.ARM.extab* .gnu.linkonce.armextab.*)
                0x08007538                __exidx_start = .

.ARM.exidx      0x08007538        0x8
 *(.ARM.exidx* .gnu.linkonce.armexidx.*)
 .ARM.exidx     0x08007538        0x8 c:/siliconlabs/simplicitystudio/v5/developer/toolchains/gnu_arm/10.3_2021.10/bin/../lib/gcc/arm-none-eabi/10.3.1/../../../../arm-none-eabi/lib/thumb/v8-m.main+fp/hard/crt0.o
                                 0x10 (size before relaxing)
 .ARM.exidx     0x08007540        0x0 c:/siliconlabs/simplicitystudio/v5/developer/toolchains/gnu_arm/10.3_2021.10/bin/../lib/gcc/arm-none-eabi/10.3.1/thumb/v8-m.main+fp/hard\libgcc.a(_udivmoddi4.o)
                                  0x8 (size before relaxing)
                0x08007540                __exidx_end = .

.rel.dyn        0x08007540        0x0
 .rel.iplt      0x08007540        0x0 c:/siliconlabs/simplicitystudio/v5/developer/toolchains/gnu_arm/10.3_2021.10/bin/../lib/gcc/arm-none-eabi/10.3.1/thumb/v8-m.main+fp/hard/crtbegin.o

.copy.table     0x08007540        0xc
                0x08007540                . = ALIGN (0x4)
                0x08007540                __copy_table_start__ = .
                0x08007540        0x4 LONG 0x800754c __etext
                0x08007544        0x4 LONG 0x20001000 __data_start__
                0x08007548        0x4 LONG 0x23 ((__data_end__ - __data_start__) / 0x4)
                0x0800754c                __copy_table_end__ = .

.zero.table     0x0800754c        0x0
                0x0800754c                . = ALIGN (0x4)
                0x0800754c                __zero_table_start__ = .
                0x0800754c                __zero_table_end__ = .
                0x0800754c                __etext = .
                0x20000000                . = ORIGIN (RAM)

.stack          0x20000000     0x1000
                0x20000000                __StackLimit = .
 *(.stack*)
 .stack         0x20000000     0x1000 ./gecko_sdk_4.3.0/platform/common/toolchain/src/sl_memory.o
                0x20001000                . = ALIGN (0x4)
                0x20001000                __StackTop = .
                0x20001000                PROVIDE (__stack = __StackTop)

.noinit
 *(.noinit*)

.data           0x20001000       0x8c load address 0x0800754c
                0x20001000                . = ALIGN (0x4)
                0x20001000                __data_start__ = .
 *(vtable)
 *(SORT_BY_ALIGNMENT(.data*))
 .data.battery  0x20001000        0x8 ./Letimer.o
                0x20001000                battery
 .data.SystemHFXOClock
                0x20001008        0x4 ./gecko_sdk_4.3.0/platform/Device/SiliconLabs/EFR32MG24/Source/system_efr32mg24.o
 .data.SystemLFXOClock
                0x2000100c        0x4 ./gecko_sdk_4.3.0/platform/Device/SiliconLabs/EFR32MG24/Source/system_efr32mg24.o
 .data.SystemHFRCODPLLClock
                0x20001010        0x4 ./gecko_sdk_4.3.0/platform/Device/SiliconLabs/EFR32MG24/Source/system_efr32mg24.o
 .data.SystemCoreClock
                0x20001014        0x4 ./gecko_sdk_4.3.0/platform/Device/SiliconLabs/EFR32MG24/Source/system_efr32mg24.o
                0x20001014                SystemCoreClock
 .data._impure_ptr
                0x20001018        0x4 c:/siliconlabs/simplicitystudio/v5/developer/toolchains/gnu_arm/10.3_2021.10/bin/../lib/gcc/arm-none-eabi/10.3.1/../../../../arm-none-eabi/lib/thumb/v8-m.main+fp/hard\libc_nano.a(lib_a-impure.o)
                0x20001018                _impure_ptr
 .data.impure_data
                0x2000101c       0x60 c:/siliconlabs/simplicitystudio/v5/developer/toolchains/gnu_arm/10.3_2021.10/bin/../lib/gcc/arm-none-eabi/10.3.1/../../../../arm-none-eabi/lib/thumb/v8-m.main+fp/hard\libc_nano.a(lib_a-impure.o)
 .data.lfxo_precision
                0x2000107c        0x2 ./gecko_sdk_4.3.0/platform/emlib/src/em_cmu.o
 .data.hfxo_precision
                0x2000107e        0x2 ./gecko_sdk_4.3.0/platform/emlib/src/em_cmu.o
 .data.ctuneDelta
                0x20001080        0x1 ./gecko_sdk_4.3.0/platform/emlib/src/em_cmu.o
                0x20001084                . = ALIGN (0x4)
 *fill*         0x20001081        0x3 
                [!provide]                PROVIDE (__ram_func_section_start = .)
 *(.ram)
                [!provide]                PROVIDE (__ram_func_section_end = .)
                0x20001084                . = ALIGN (0x4)
                0x20001084                PROVIDE (__preinit_array_start = .)
 *(.preinit_array)
                0x20001084                PROVIDE (__preinit_array_end = .)
                0x20001084                . = ALIGN (0x4)
                0x20001084                PROVIDE (__init_array_start = .)
 *(SORT_BY_NAME(.init_array.*))
 *(.init_array)
 .init_array    0x20001084        0x4 c:/siliconlabs/simplicitystudio/v5/developer/toolchains/gnu_arm/10.3_2021.10/bin/../lib/gcc/arm-none-eabi/10.3.1/thumb/v8-m.main+fp/hard/crtbegin.o
                0x20001088                PROVIDE (__init_array_end = .)
                0x20001088                . = ALIGN (0x4)
                [!provide]                PROVIDE (__fini_array_start = .)
 *(SORT_BY_NAME(.fini_array.*))
 *(.fini_array)
 .fini_array    0x20001088        0x4 c:/siliconlabs/simplicitystudio/v5/developer/toolchains/gnu_arm/10.3_2021.10/bin/../lib/gcc/arm-none-eabi/10.3.1/thumb/v8-m.main+fp/hard/crtbegin.o
                [!provide]                PROVIDE (__fini_array_end = .)
                0x2000108c                . = ALIGN (0x4)
                0x2000108c                __data_end__ = .

.igot.plt       0x2000108c        0x0 load address 0x080075d8
 .igot.plt      0x2000108c        0x0 c:/siliconlabs/simplicitystudio/v5/developer/toolchains/gnu_arm/10.3_2021.10/bin/../lib/gcc/arm-none-eabi/10.3.1/thumb/v8-m.main+fp/hard/crtbegin.o

.bss            0x2000108c       0x44 load address 0x080075d8
                0x2000108c                . = ALIGN (0x4)
                0x2000108c                __bss_start__ = .
 *(SORT_BY_ALIGNMENT(.bss*))
 *fill*         0x2000108c        0x4 
 .bss.Moisture  0x20001090        0x8 ./adc.o
                0x20001090                Moisture
 .bss.voltage   0x20001098        0x8 ./adc.o
                0x20001098                voltage
 .bss           0x200010a0       0x1c c:/siliconlabs/simplicitystudio/v5/developer/toolchains/gnu_arm/10.3_2021.10/bin/../lib/gcc/arm-none-eabi/10.3.1/thumb/v8-m.main+fp/hard/crtbegin.o
 .bss.freq      0x200010bc        0x4 ./gecko_sdk_4.3.0/platform/emdrv/ustimer/src/ustimer.o
 .bss.minTicks  0x200010c0        0x4 ./gecko_sdk_4.3.0/platform/emdrv/ustimer/src/ustimer.o
 .bss.vScaleEM01Config
                0x200010c4        0x1 ./gecko_sdk_4.3.0/platform/emlib/src/em_emu.o
 *fill*         0x200010c5        0x1 
 .bss.SUM       0x200010c6        0x2 ./DHT22.o
                0x200010c6                SUM
 .bss.Rh_byte1  0x200010c8        0x1 ./DHT22.o
                0x200010c8                Rh_byte1
 .bss.Rh_byte2  0x200010c9        0x1 ./DHT22.o
                0x200010c9                Rh_byte2
 .bss.Temp_byte1
                0x200010ca        0x1 ./DHT22.o
                0x200010ca                Temp_byte1
 .bss.Temp_byte2
                0x200010cb        0x1 ./DHT22.o
                0x200010cb                Temp_byte2
 .bss.Presence  0x200010cc        0x1 ./DHT22.o
                0x200010cc                Presence
 .bss.count     0x200010cd        0x1 ./Letimer.o
                0x200010cd                count
 .bss.timeElapsed
                0x200010ce        0x1 ./gecko_sdk_4.3.0/platform/emdrv/ustimer/src/ustimer.o
 *(COMMON)
                0x200010d0                . = ALIGN (0x4)
 *fill*         0x200010cf        0x1 
                0x200010d0                __bss_end__ = .

.heap           0x200010d0      0x800
                0x200010d0                __HeapBase = .
                0x200010d0                __end__ = .
                0x200010d0                end = __end__
                0x200010d0                _end = __end__
 *(.heap*)
 .heap          0x200010d0      0x800 ./gecko_sdk_4.3.0/platform/common/toolchain/src/sl_memory.o
                0x20040000                __HeapLimit = (ORIGIN (RAM) + LENGTH (RAM))
                0x0003ef30                __heap_size = (__HeapLimit - __HeapBase)
                0x20040000                __ram_end__ = 0x20040000
                0x0817e000                __main_flash_end__ = 0x817e000

.internal_storage
                0x0800754c        0x0
 *(.internal_storage*)

.nvm            0x0800754c        0x0
 *(.simee*)
                0x0817e000                linker_nvm_end = __main_flash_end__
                0x0817e000                linker_nvm_begin = (linker_nvm_end - SIZEOF (.nvm))
                0x00000000                linker_nvm_size = SIZEOF (.nvm)
                0x0817e000                linker_storage_end = linker_nvm_begin
                0x0817e000                __nvm3Base = linker_nvm_begin
                0x0817e000                linker_storage_begin = (linker_storage_end - SIZEOF (.internal_storage))
                0x00000000                linker_storage_size = SIZEOF (.internal_storage)
                0x00000001                ASSERT ((linker_storage_begin >= (__etext + SIZEOF (.data))), FLASH memory overflowed !)
                0x0817e000                app_flash_end = 0x817e000
                0x00000001                ASSERT (((linker_nvm_begin + SIZEOF (.nvm)) <= app_flash_end), NVM3 is excessing the flash size !)
OUTPUT(IoT_Challenge.axf elf32-littlearm)
LOAD linker stubs

.ARM.attributes
                0x00000000       0x36
 .ARM.attributes
                0x00000000       0x22 c:/siliconlabs/simplicitystudio/v5/developer/toolchains/gnu_arm/10.3_2021.10/bin/../lib/gcc/arm-none-eabi/10.3.1/thumb/v8-m.main+fp/hard/crti.o
 .ARM.attributes
                0x00000022       0x38 c:/siliconlabs/simplicitystudio/v5/developer/toolchains/gnu_arm/10.3_2021.10/bin/../lib/gcc/arm-none-eabi/10.3.1/thumb/v8-m.main+fp/hard/crtbegin.o
 .ARM.attributes
                0x0000005a       0x20 c:/siliconlabs/simplicitystudio/v5/developer/toolchains/gnu_arm/10.3_2021.10/bin/../lib/gcc/arm-none-eabi/10.3.1/../../../../arm-none-eabi/lib/thumb/v8-m.main+fp/hard/crt0.o
 .ARM.attributes
                0x0000007a       0x3a ./DHT22.o
 .ARM.attributes
                0x000000b4       0x3a ./Letimer.o
 .ARM.attributes
                0x000000ee       0x3a ./adc.o
 .ARM.attributes
                0x00000128       0x3a ./app.o
 .ARM.attributes
                0x00000162       0x3a ./main.o
 .ARM.attributes
                0x0000019c       0x3a ./uart.o
 .ARM.attributes
                0x000001d6       0x3a ./autogen/sl_board_default_init.o
 .ARM.attributes
                0x00000210       0x3a ./autogen/sl_device_init_clocks.o
 .ARM.attributes
                0x0000024a       0x3a ./autogen/sl_event_handler.o
 .ARM.attributes
                0x00000284       0x3a ./gecko_sdk_4.3.0/hardware/board/src/sl_board_control_gpio.o
 .ARM.attributes
                0x000002be       0x3a ./gecko_sdk_4.3.0/hardware/board/src/sl_board_init.o
 .ARM.attributes
                0x000002f8       0x3a ./gecko_sdk_4.3.0/hardware/driver/configuration_over_swo/src/sl_cos.o
 .ARM.attributes
                0x00000332       0x3a ./gecko_sdk_4.3.0/hardware/driver/mx25_flash_shutdown/src/sl_mx25_flash_shutdown_usart/sl_mx25_flash_shutdown.o
 .ARM.attributes
                0x0000036c       0x3a ./gecko_sdk_4.3.0/platform/Device/SiliconLabs/EFR32MG24/Source/startup_efr32mg24.o
 .ARM.attributes
                0x000003a6       0x3a ./gecko_sdk_4.3.0/platform/Device/SiliconLabs/EFR32MG24/Source/system_efr32mg24.o
 .ARM.attributes
                0x000003e0       0x3a ./gecko_sdk_4.3.0/platform/common/src/sl_assert.o
 .ARM.attributes
                0x0000041a       0x3a ./gecko_sdk_4.3.0/platform/common/toolchain/src/sl_memory.o
 .ARM.attributes
                0x00000454       0x3a ./gecko_sdk_4.3.0/platform/driver/debug/src/sl_debug_swo.o
 .ARM.attributes
                0x0000048e       0x3a ./gecko_sdk_4.3.0/platform/emdrv/ustimer/src/ustimer.o
 .ARM.attributes
                0x000004c8       0x3a ./gecko_sdk_4.3.0/platform/emlib/src/em_cmu.o
 .ARM.attributes
                0x00000502       0x3a ./gecko_sdk_4.3.0/platform/emlib/src/em_core.o
 .ARM.attributes
                0x0000053c       0x3a ./gecko_sdk_4.3.0/platform/emlib/src/em_emu.o
 .ARM.attributes
                0x00000576       0x3a ./gecko_sdk_4.3.0/platform/emlib/src/em_gpio.o
 .ARM.attributes
                0x000005b0       0x3a ./gecko_sdk_4.3.0/platform/emlib/src/em_iadc.o
 .ARM.attributes
                0x000005ea       0x3a ./gecko_sdk_4.3.0/platform/emlib/src/em_letimer.o
 .ARM.attributes
                0x00000624       0x3a ./gecko_sdk_4.3.0/platform/emlib/src/em_system.o
 .ARM.attributes
                0x0000065e       0x3a ./gecko_sdk_4.3.0/platform/emlib/src/em_timer.o
 .ARM.attributes
                0x00000698       0x3a ./gecko_sdk_4.3.0/platform/emlib/src/em_usart.o
 .ARM.attributes
                0x000006d2       0x3a ./gecko_sdk_4.3.0/platform/service/device_init/src/sl_device_init_dcdc_s2.o
 .ARM.attributes
                0x0000070c       0x3a ./gecko_sdk_4.3.0/platform/service/device_init/src/sl_device_init_emu_s2.o
 .ARM.attributes
                0x00000746       0x3a ./gecko_sdk_4.3.0/platform/service/device_init/src/sl_device_init_hfxo_s2.o
 .ARM.attributes
                0x00000780       0x3a ./gecko_sdk_4.3.0/platform/service/device_init/src/sl_device_init_lfxo_s2.o
 .ARM.attributes
                0x000007ba       0x3a ./gecko_sdk_4.3.0/platform/service/device_init/src/sl_device_init_nvic.o
 .ARM.attributes
                0x000007f4       0x3a ./gecko_sdk_4.3.0/platform/service/system/src/sl_system_init.o
 .ARM.attributes
                0x0000082e       0x3a ./gecko_sdk_4.3.0/platform/service/udelay/src/sl_udelay.o
 .ARM.attributes
                0x00000868       0x26 ./gecko_sdk_4.3.0/platform/service/udelay/src/sl_udelay_armv6m_gcc.o
 .ARM.attributes
                0x0000088e       0x22 c:/siliconlabs/simplicitystudio/v5/developer/toolchains/gnu_arm/10.3_2021.10/bin/../lib/gcc/arm-none-eabi/10.3.1/thumb/v8-m.main+fp/hard\libgcc.a(_arm_addsubdf3.o)
 .ARM.attributes
                0x000008b0       0x22 c:/siliconlabs/simplicitystudio/v5/developer/toolchains/gnu_arm/10.3_2021.10/bin/../lib/gcc/arm-none-eabi/10.3.1/thumb/v8-m.main+fp/hard\libgcc.a(_arm_muldivdf3.o)
 .ARM.attributes
                0x000008d2       0x22 c:/siliconlabs/simplicitystudio/v5/developer/toolchains/gnu_arm/10.3_2021.10/bin/../lib/gcc/arm-none-eabi/10.3.1/thumb/v8-m.main+fp/hard\libgcc.a(_arm_cmpdf2.o)
 .ARM.attributes
                0x000008f4       0x22 c:/siliconlabs/simplicitystudio/v5/developer/toolchains/gnu_arm/10.3_2021.10/bin/../lib/gcc/arm-none-eabi/10.3.1/thumb/v8-m.main+fp/hard\libgcc.a(_arm_fixdfsi.o)
 .ARM.attributes
                0x00000916       0x22 c:/siliconlabs/simplicitystudio/v5/developer/toolchains/gnu_arm/10.3_2021.10/bin/../lib/gcc/arm-none-eabi/10.3.1/thumb/v8-m.main+fp/hard\libgcc.a(_aeabi_uldivmod.o)
 .ARM.attributes
                0x00000938       0x38 c:/siliconlabs/simplicitystudio/v5/developer/toolchains/gnu_arm/10.3_2021.10/bin/../lib/gcc/arm-none-eabi/10.3.1/thumb/v8-m.main+fp/hard\libgcc.a(_udivmoddi4.o)
 .ARM.attributes
                0x00000970       0x22 c:/siliconlabs/simplicitystudio/v5/developer/toolchains/gnu_arm/10.3_2021.10/bin/../lib/gcc/arm-none-eabi/10.3.1/thumb/v8-m.main+fp/hard\libgcc.a(_dvmd_tls.o)
 .ARM.attributes
                0x00000992       0x38 c:/siliconlabs/simplicitystudio/v5/developer/toolchains/gnu_arm/10.3_2021.10/bin/../lib/gcc/arm-none-eabi/10.3.1/../../../../arm-none-eabi/lib/thumb/v8-m.main+fp/hard\libc_nano.a(lib_a-atoi.o)
 .ARM.attributes
                0x000009ca       0x38 c:/siliconlabs/simplicitystudio/v5/developer/toolchains/gnu_arm/10.3_2021.10/bin/../lib/gcc/arm-none-eabi/10.3.1/../../../../arm-none-eabi/lib/thumb/v8-m.main+fp/hard\libc_nano.a(lib_a-exit.o)
 .ARM.attributes
                0x00000a02       0x38 c:/siliconlabs/simplicitystudio/v5/developer/toolchains/gnu_arm/10.3_2021.10/bin/../lib/gcc/arm-none-eabi/10.3.1/../../../../arm-none-eabi/lib/thumb/v8-m.main+fp/hard\libc_nano.a(lib_a-impure.o)
 .ARM.attributes
                0x00000a3a       0x38 c:/siliconlabs/simplicitystudio/v5/developer/toolchains/gnu_arm/10.3_2021.10/bin/../lib/gcc/arm-none-eabi/10.3.1/../../../../arm-none-eabi/lib/thumb/v8-m.main+fp/hard\libc_nano.a(lib_a-init.o)
 .ARM.attributes
                0x00000a72       0x38 c:/siliconlabs/simplicitystudio/v5/developer/toolchains/gnu_arm/10.3_2021.10/bin/../lib/gcc/arm-none-eabi/10.3.1/../../../../arm-none-eabi/lib/thumb/v8-m.main+fp/hard\libc_nano.a(lib_a-memset.o)
 .ARM.attributes
                0x00000aaa       0x38 c:/siliconlabs/simplicitystudio/v5/developer/toolchains/gnu_arm/10.3_2021.10/bin/../lib/gcc/arm-none-eabi/10.3.1/../../../../arm-none-eabi/lib/thumb/v8-m.main+fp/hard\libc_nano.a(lib_a-strcat.o)
 .ARM.attributes
                0x00000ae2       0x38 c:/siliconlabs/simplicitystudio/v5/developer/toolchains/gnu_arm/10.3_2021.10/bin/../lib/gcc/arm-none-eabi/10.3.1/../../../../arm-none-eabi/lib/thumb/v8-m.main+fp/hard\libc_nano.a(lib_a-strcpy.o)
 .ARM.attributes
                0x00000b1a       0x38 c:/siliconlabs/simplicitystudio/v5/developer/toolchains/gnu_arm/10.3_2021.10/bin/../lib/gcc/arm-none-eabi/10.3.1/../../../../arm-none-eabi/lib/thumb/v8-m.main+fp/hard\libc_nano.a(lib_a-strtol.o)
 .ARM.attributes
                0x00000b52       0x38 c:/siliconlabs/simplicitystudio/v5/developer/toolchains/gnu_arm/10.3_2021.10/bin/../lib/gcc/arm-none-eabi/10.3.1/../../../../arm-none-eabi/lib/thumb/v8-m.main+fp/hard\libc_nano.a(lib_a-ctype_.o)
 .ARM.attributes
                0x00000b8a       0x38 c:/siliconlabs/simplicitystudio/v5/developer/toolchains/gnu_arm/10.3_2021.10/bin/../lib/gcc/arm-none-eabi/10.3.1/../../../../arm-none-eabi/lib/thumb/v8-m.main+fp/hard\libc_nano.a(lib_a-errno.o)
 .ARM.attributes
                0x00000bc2       0x38 c:/siliconlabs/simplicitystudio/v5/developer/toolchains/gnu_arm/10.3_2021.10/bin/../lib/gcc/arm-none-eabi/10.3.1/../../../../arm-none-eabi/lib/thumb/v8-m.main+fp/hard\libnosys.a(_exit.o)
 .ARM.attributes
                0x00000bfa       0x22 c:/siliconlabs/simplicitystudio/v5/developer/toolchains/gnu_arm/10.3_2021.10/bin/../lib/gcc/arm-none-eabi/10.3.1/thumb/v8-m.main+fp/hard/crtn.o

.comment        0x00000000       0x49
 .comment       0x00000000       0x49 ./DHT22.o
                                 0x4a (size before relaxing)
 .comment       0x00000049       0x4a ./Letimer.o
 .comment       0x00000049       0x4a ./adc.o
 .comment       0x00000049       0x4a ./app.o
 .comment       0x00000049       0x4a ./main.o
 .comment       0x00000049       0x4a ./uart.o
 .comment       0x00000049       0x4a ./autogen/sl_board_default_init.o
 .comment       0x00000049       0x4a ./autogen/sl_device_init_clocks.o
 .comment       0x00000049       0x4a ./autogen/sl_event_handler.o
 .comment       0x00000049       0x4a ./gecko_sdk_4.3.0/hardware/board/src/sl_board_control_gpio.o
 .comment       0x00000049       0x4a ./gecko_sdk_4.3.0/hardware/board/src/sl_board_init.o
 .comment       0x00000049       0x4a ./gecko_sdk_4.3.0/hardware/driver/configuration_over_swo/src/sl_cos.o
 .comment       0x00000049       0x4a ./gecko_sdk_4.3.0/hardware/driver/mx25_flash_shutdown/src/sl_mx25_flash_shutdown_usart/sl_mx25_flash_shutdown.o
 .comment       0x00000049       0x4a ./gecko_sdk_4.3.0/platform/Device/SiliconLabs/EFR32MG24/Source/startup_efr32mg24.o
 .comment       0x00000049       0x4a ./gecko_sdk_4.3.0/platform/Device/SiliconLabs/EFR32MG24/Source/system_efr32mg24.o
 .comment       0x00000049       0x4a ./gecko_sdk_4.3.0/platform/common/src/sl_assert.o
 .comment       0x00000049       0x4a ./gecko_sdk_4.3.0/platform/common/toolchain/src/sl_memory.o
 .comment       0x00000049       0x4a ./gecko_sdk_4.3.0/platform/driver/debug/src/sl_debug_swo.o
 .comment       0x00000049       0x4a ./gecko_sdk_4.3.0/platform/emdrv/ustimer/src/ustimer.o
 .comment       0x00000049       0x4a ./gecko_sdk_4.3.0/platform/emlib/src/em_cmu.o
 .comment       0x00000049       0x4a ./gecko_sdk_4.3.0/platform/emlib/src/em_core.o
 .comment       0x00000049       0x4a ./gecko_sdk_4.3.0/platform/emlib/src/em_emu.o
 .comment       0x00000049       0x4a ./gecko_sdk_4.3.0/platform/emlib/src/em_gpio.o
 .comment       0x00000049       0x4a ./gecko_sdk_4.3.0/platform/emlib/src/em_iadc.o
 .comment       0x00000049       0x4a ./gecko_sdk_4.3.0/platform/emlib/src/em_letimer.o
 .comment       0x00000049       0x4a ./gecko_sdk_4.3.0/platform/emlib/src/em_system.o
 .comment       0x00000049       0x4a ./gecko_sdk_4.3.0/platform/emlib/src/em_timer.o
 .comment       0x00000049       0x4a ./gecko_sdk_4.3.0/platform/emlib/src/em_usart.o
 .comment       0x00000049       0x4a ./gecko_sdk_4.3.0/platform/service/device_init/src/sl_device_init_dcdc_s2.o
 .comment       0x00000049       0x4a ./gecko_sdk_4.3.0/platform/service/device_init/src/sl_device_init_emu_s2.o
 .comment       0x00000049       0x4a ./gecko_sdk_4.3.0/platform/service/device_init/src/sl_device_init_hfxo_s2.o
 .comment       0x00000049       0x4a ./gecko_sdk_4.3.0/platform/service/device_init/src/sl_device_init_lfxo_s2.o
 .comment       0x00000049       0x4a ./gecko_sdk_4.3.0/platform/service/device_init/src/sl_device_init_nvic.o
 .comment       0x00000049       0x4a ./gecko_sdk_4.3.0/platform/service/system/src/sl_system_init.o
 .comment       0x00000049       0x4a ./gecko_sdk_4.3.0/platform/service/udelay/src/sl_udelay.o

.debug_info     0x00000000    0x30aac
 .debug_info    0x00000000     0x1894 ./DHT22.o
 .debug_info    0x00001894     0x16a7 ./Letimer.o
 .debug_info    0x00002f3b     0x2ad9 ./adc.o
 .debug_info    0x00005a14       0xb9 ./app.o
 .debug_info    0x00005acd       0xa7 ./main.o
 .debug_info    0x00005b74     0x24c3 ./uart.o
 .debug_info    0x00008037       0x87 ./autogen/sl_board_default_init.o
 .debug_info    0x000080be     0x13d8 ./autogen/sl_device_init_clocks.o
 .debug_info    0x00009496      0x14e ./autogen/sl_event_handler.o
 .debug_info    0x000095e4      0x3d2 ./gecko_sdk_4.3.0/hardware/board/src/sl_board_control_gpio.o
 .debug_info    0x000099b6      0x25e ./gecko_sdk_4.3.0/hardware/board/src/sl_board_init.o
 .debug_info    0x00009c14      0x2f7 ./gecko_sdk_4.3.0/hardware/driver/configuration_over_swo/src/sl_cos.o
 .debug_info    0x00009f0b     0x21ef ./gecko_sdk_4.3.0/hardware/driver/mx25_flash_shutdown/src/sl_mx25_flash_shutdown_usart/sl_mx25_flash_shutdown.o
 .debug_info    0x0000c0fa      0x2e8 ./gecko_sdk_4.3.0/platform/Device/SiliconLabs/EFR32MG24/Source/startup_efr32mg24.o
 .debug_info    0x0000c3e2     0x23a8 ./gecko_sdk_4.3.0/platform/Device/SiliconLabs/EFR32MG24/Source/system_efr32mg24.o
 .debug_info    0x0000e78a       0x7d ./gecko_sdk_4.3.0/platform/common/src/sl_assert.o
 .debug_info    0x0000e807      0x1f4 ./gecko_sdk_4.3.0/platform/common/toolchain/src/sl_memory.o
 .debug_info    0x0000e9fb     0x31b9 ./gecko_sdk_4.3.0/platform/driver/debug/src/sl_debug_swo.o
 .debug_info    0x00011bb4     0x1a0b ./gecko_sdk_4.3.0/platform/emdrv/ustimer/src/ustimer.o
 .debug_info    0x000135bf     0x8bef ./gecko_sdk_4.3.0/platform/emlib/src/em_cmu.o
 .debug_info    0x0001c1ae     0x10b9 ./gecko_sdk_4.3.0/platform/emlib/src/em_core.o
 .debug_info    0x0001d267     0x3592 ./gecko_sdk_4.3.0/platform/emlib/src/em_emu.o
 .debug_info    0x000207f9     0x236b ./gecko_sdk_4.3.0/platform/emlib/src/em_gpio.o
 .debug_info    0x00022b64     0x2399 ./gecko_sdk_4.3.0/platform/emlib/src/em_iadc.o
 .debug_info    0x00024efd      0xa0a ./gecko_sdk_4.3.0/platform/emlib/src/em_letimer.o
 .debug_info    0x00025907     0x1e19 ./gecko_sdk_4.3.0/platform/emlib/src/em_system.o
 .debug_info    0x00027720     0x2bc7 ./gecko_sdk_4.3.0/platform/emlib/src/em_timer.o
 .debug_info    0x0002a2e7     0x45c7 ./gecko_sdk_4.3.0/platform/emlib/src/em_usart.o
 .debug_info    0x0002e8ae      0x312 ./gecko_sdk_4.3.0/platform/service/device_init/src/sl_device_init_dcdc_s2.o
 .debug_info    0x0002ebc0      0xb13 ./gecko_sdk_4.3.0/platform/service/device_init/src/sl_device_init_emu_s2.o
 .debug_info    0x0002f6d3      0x80b ./gecko_sdk_4.3.0/platform/service/device_init/src/sl_device_init_hfxo_s2.o
 .debug_info    0x0002fede      0x22b ./gecko_sdk_4.3.0/platform/service/device_init/src/sl_device_init_lfxo_s2.o
 .debug_info    0x00030109      0x834 ./gecko_sdk_4.3.0/platform/service/device_init/src/sl_device_init_nvic.o
 .debug_info    0x0003093d       0x41 ./gecko_sdk_4.3.0/platform/service/system/src/sl_system_init.o
 .debug_info    0x0003097e      0x108 ./gecko_sdk_4.3.0/platform/service/udelay/src/sl_udelay.o
 .debug_info    0x00030a86       0x26 ./gecko_sdk_4.3.0/platform/service/udelay/src/sl_udelay_armv6m_gcc.o

.debug_abbrev   0x00000000     0x35a9
 .debug_abbrev  0x00000000      0x203 ./DHT22.o
 .debug_abbrev  0x00000203      0x206 ./Letimer.o
 .debug_abbrev  0x00000409      0x1f7 ./adc.o
 .debug_abbrev  0x00000600       0x60 ./app.o
 .debug_abbrev  0x00000660       0x48 ./main.o
 .debug_abbrev  0x000006a8      0x1ab ./uart.o
 .debug_abbrev  0x00000853       0x46 ./autogen/sl_board_default_init.o
 .debug_abbrev  0x00000899       0xc0 ./autogen/sl_device_init_clocks.o
 .debug_abbrev  0x00000959       0x78 ./autogen/sl_event_handler.o
 .debug_abbrev  0x000009d1      0x119 ./gecko_sdk_4.3.0/hardware/board/src/sl_board_control_gpio.o
 .debug_abbrev  0x00000aea       0x6d ./gecko_sdk_4.3.0/hardware/board/src/sl_board_init.o
 .debug_abbrev  0x00000b57      0x13d ./gecko_sdk_4.3.0/hardware/driver/configuration_over_swo/src/sl_cos.o
 .debug_abbrev  0x00000c94      0x1a6 ./gecko_sdk_4.3.0/hardware/driver/mx25_flash_shutdown/src/sl_mx25_flash_shutdown_usart/sl_mx25_flash_shutdown.o
 .debug_abbrev  0x00000e3a      0x1a4 ./gecko_sdk_4.3.0/platform/Device/SiliconLabs/EFR32MG24/Source/startup_efr32mg24.o
 .debug_abbrev  0x00000fde      0x2aa ./gecko_sdk_4.3.0/platform/Device/SiliconLabs/EFR32MG24/Source/system_efr32mg24.o
 .debug_abbrev  0x00001288       0x69 ./gecko_sdk_4.3.0/platform/common/src/sl_assert.o
 .debug_abbrev  0x000012f1      0x107 ./gecko_sdk_4.3.0/platform/common/toolchain/src/sl_memory.o
 .debug_abbrev  0x000013f8      0x20f ./gecko_sdk_4.3.0/platform/driver/debug/src/sl_debug_swo.o
 .debug_abbrev  0x00001607      0x2df ./gecko_sdk_4.3.0/platform/emdrv/ustimer/src/ustimer.o
 .debug_abbrev  0x000018e6      0x3d0 ./gecko_sdk_4.3.0/platform/emlib/src/em_cmu.o
 .debug_abbrev  0x00001cb6      0x29d ./gecko_sdk_4.3.0/platform/emlib/src/em_core.o
 .debug_abbrev  0x00001f53      0x356 ./gecko_sdk_4.3.0/platform/emlib/src/em_emu.o
 .debug_abbrev  0x000022a9      0x220 ./gecko_sdk_4.3.0/platform/emlib/src/em_gpio.o
 .debug_abbrev  0x000024c9      0x2aa ./gecko_sdk_4.3.0/platform/emlib/src/em_iadc.o
 .debug_abbrev  0x00002773      0x1c6 ./gecko_sdk_4.3.0/platform/emlib/src/em_letimer.o
 .debug_abbrev  0x00002939      0x22f ./gecko_sdk_4.3.0/platform/emlib/src/em_system.o
 .debug_abbrev  0x00002b68      0x290 ./gecko_sdk_4.3.0/platform/emlib/src/em_timer.o
 .debug_abbrev  0x00002df8      0x235 ./gecko_sdk_4.3.0/platform/emlib/src/em_usart.o
 .debug_abbrev  0x0000302d       0xb3 ./gecko_sdk_4.3.0/platform/service/device_init/src/sl_device_init_dcdc_s2.o
 .debug_abbrev  0x000030e0      0x10d ./gecko_sdk_4.3.0/platform/service/device_init/src/sl_device_init_emu_s2.o
 .debug_abbrev  0x000031ed      0x104 ./gecko_sdk_4.3.0/platform/service/device_init/src/sl_device_init_hfxo_s2.o
 .debug_abbrev  0x000032f1       0xb5 ./gecko_sdk_4.3.0/platform/service/device_init/src/sl_device_init_lfxo_s2.o
 .debug_abbrev  0x000033a6      0x12c ./gecko_sdk_4.3.0/platform/service/device_init/src/sl_device_init_nvic.o
 .debug_abbrev  0x000034d2       0x30 ./gecko_sdk_4.3.0/platform/service/system/src/sl_system_init.o
 .debug_abbrev  0x00003502       0x93 ./gecko_sdk_4.3.0/platform/service/udelay/src/sl_udelay.o
 .debug_abbrev  0x00003595       0x14 ./gecko_sdk_4.3.0/platform/service/udelay/src/sl_udelay_armv6m_gcc.o

.debug_loc      0x00000000     0x3cf8
 .debug_loc     0x00000000      0x12c ./DHT22.o
 .debug_loc     0x0000012c      0x1c9 ./Letimer.o
 .debug_loc     0x000002f5       0xd5 ./adc.o
 .debug_loc     0x000003ca       0x20 ./app.o
 .debug_loc     0x000003ea       0x20 ./main.o
 .debug_loc     0x0000040a      0x151 ./uart.o
 .debug_loc     0x0000055b       0x20 ./autogen/sl_board_default_init.o
 .debug_loc     0x0000057b       0x20 ./autogen/sl_device_init_clocks.o
 .debug_loc     0x0000059b       0x60 ./autogen/sl_event_handler.o
 .debug_loc     0x000005fb      0x1f0 ./gecko_sdk_4.3.0/hardware/board/src/sl_board_control_gpio.o
 .debug_loc     0x000007eb       0x40 ./gecko_sdk_4.3.0/hardware/board/src/sl_board_init.o
 .debug_loc     0x0000082b       0xf4 ./gecko_sdk_4.3.0/hardware/driver/configuration_over_swo/src/sl_cos.o
 .debug_loc     0x0000091f       0xe8 ./gecko_sdk_4.3.0/hardware/driver/mx25_flash_shutdown/src/sl_mx25_flash_shutdown_usart/sl_mx25_flash_shutdown.o
 .debug_loc     0x00000a07       0x2c ./gecko_sdk_4.3.0/platform/Device/SiliconLabs/EFR32MG24/Source/startup_efr32mg24.o
 .debug_loc     0x00000a33      0x1a4 ./gecko_sdk_4.3.0/platform/Device/SiliconLabs/EFR32MG24/Source/system_efr32mg24.o
 .debug_loc     0x00000bd7       0x20 ./gecko_sdk_4.3.0/platform/common/src/sl_assert.o
 .debug_loc     0x00000bf7       0x84 ./gecko_sdk_4.3.0/platform/common/toolchain/src/sl_memory.o
 .debug_loc     0x00000c7b      0x184 ./gecko_sdk_4.3.0/platform/driver/debug/src/sl_debug_swo.o
 .debug_loc     0x00000dff      0x3dd ./gecko_sdk_4.3.0/platform/emdrv/ustimer/src/ustimer.o
 .debug_loc     0x000011dc      0xcf5 ./gecko_sdk_4.3.0/platform/emlib/src/em_cmu.o
 .debug_loc     0x00001ed1      0x490 ./gecko_sdk_4.3.0/platform/emlib/src/em_core.o
 .debug_loc     0x00002361      0x5d4 ./gecko_sdk_4.3.0/platform/emlib/src/em_emu.o
 .debug_loc     0x00002935      0x27c ./gecko_sdk_4.3.0/platform/emlib/src/em_gpio.o
 .debug_loc     0x00002bb1      0x501 ./gecko_sdk_4.3.0/platform/emlib/src/em_iadc.o
 .debug_loc     0x000030b2      0x2c0 ./gecko_sdk_4.3.0/platform/emlib/src/em_letimer.o
 .debug_loc     0x00003372      0x138 ./gecko_sdk_4.3.0/platform/emlib/src/em_system.o
 .debug_loc     0x000034aa      0x244 ./gecko_sdk_4.3.0/platform/emlib/src/em_timer.o
 .debug_loc     0x000036ee      0x44d ./gecko_sdk_4.3.0/platform/emlib/src/em_usart.o
 .debug_loc     0x00003b3b       0x38 ./gecko_sdk_4.3.0/platform/service/device_init/src/sl_device_init_dcdc_s2.o
 .debug_loc     0x00003b73       0x38 ./gecko_sdk_4.3.0/platform/service/device_init/src/sl_device_init_emu_s2.o
 .debug_loc     0x00003bab       0x39 ./gecko_sdk_4.3.0/platform/service/device_init/src/sl_device_init_hfxo_s2.o
 .debug_loc     0x00003be4       0x38 ./gecko_sdk_4.3.0/platform/service/device_init/src/sl_device_init_lfxo_s2.o
 .debug_loc     0x00003c1c       0x64 ./gecko_sdk_4.3.0/platform/service/device_init/src/sl_device_init_nvic.o
 .debug_loc     0x00003c80       0x20 ./gecko_sdk_4.3.0/platform/service/system/src/sl_system_init.o
 .debug_loc     0x00003ca0       0x58 ./gecko_sdk_4.3.0/platform/service/udelay/src/sl_udelay.o

.debug_aranges  0x00000000      0xf00
 .debug_aranges
                0x00000000       0x48 ./DHT22.o
 .debug_aranges
                0x00000048       0x60 ./Letimer.o
 .debug_aranges
                0x000000a8       0x38 ./adc.o
 .debug_aranges
                0x000000e0       0x28 ./app.o
 .debug_aranges
                0x00000108       0x20 ./main.o
 .debug_aranges
                0x00000128       0x48 ./uart.o
 .debug_aranges
                0x00000170       0x20 ./autogen/sl_board_default_init.o
 .debug_aranges
                0x00000190       0x20 ./autogen/sl_device_init_clocks.o
 .debug_aranges
                0x000001b0       0x68 ./autogen/sl_event_handler.o
 .debug_aranges
                0x00000218       0x70 ./gecko_sdk_4.3.0/hardware/board/src/sl_board_control_gpio.o
 .debug_aranges
                0x00000288       0x28 ./gecko_sdk_4.3.0/hardware/board/src/sl_board_init.o
 .debug_aranges
                0x000002b0       0x40 ./gecko_sdk_4.3.0/hardware/driver/configuration_over_swo/src/sl_cos.o
 .debug_aranges
                0x000002f0       0x40 ./gecko_sdk_4.3.0/hardware/driver/mx25_flash_shutdown/src/sl_mx25_flash_shutdown_usart/sl_mx25_flash_shutdown.o
 .debug_aranges
                0x00000330       0x28 ./gecko_sdk_4.3.0/platform/Device/SiliconLabs/EFR32MG24/Source/startup_efr32mg24.o
 .debug_aranges
                0x00000358       0xa0 ./gecko_sdk_4.3.0/platform/Device/SiliconLabs/EFR32MG24/Source/system_efr32mg24.o
 .debug_aranges
                0x000003f8       0x20 ./gecko_sdk_4.3.0/platform/common/src/sl_assert.o
 .debug_aranges
                0x00000418       0x30 ./gecko_sdk_4.3.0/platform/common/toolchain/src/sl_memory.o
 .debug_aranges
                0x00000448       0x58 ./gecko_sdk_4.3.0/platform/driver/debug/src/sl_debug_swo.o
 .debug_aranges
                0x000004a0       0xc0 ./gecko_sdk_4.3.0/platform/emdrv/ustimer/src/ustimer.o
 .debug_aranges
                0x00000560      0x288 ./gecko_sdk_4.3.0/platform/emlib/src/em_cmu.o
 .debug_aranges
                0x000007e8       0xe8 ./gecko_sdk_4.3.0/platform/emlib/src/em_core.o
 .debug_aranges
                0x000008d0      0x190 ./gecko_sdk_4.3.0/platform/emlib/src/em_emu.o
 .debug_aranges
                0x00000a60       0x78 ./gecko_sdk_4.3.0/platform/emlib/src/em_gpio.o
 .debug_aranges
                0x00000ad8       0xe0 ./gecko_sdk_4.3.0/platform/emlib/src/em_iadc.o
 .debug_aranges
                0x00000bb8       0x80 ./gecko_sdk_4.3.0/platform/emlib/src/em_letimer.o
 .debug_aranges
                0x00000c38       0x80 ./gecko_sdk_4.3.0/platform/emlib/src/em_system.o
 .debug_aranges
                0x00000cb8       0x70 ./gecko_sdk_4.3.0/platform/emlib/src/em_timer.o
 .debug_aranges
                0x00000d28       0xc8 ./gecko_sdk_4.3.0/platform/emlib/src/em_usart.o
 .debug_aranges
                0x00000df0       0x20 ./gecko_sdk_4.3.0/platform/service/device_init/src/sl_device_init_dcdc_s2.o
 .debug_aranges
                0x00000e10       0x20 ./gecko_sdk_4.3.0/platform/service/device_init/src/sl_device_init_emu_s2.o
 .debug_aranges
                0x00000e30       0x20 ./gecko_sdk_4.3.0/platform/service/device_init/src/sl_device_init_hfxo_s2.o
 .debug_aranges
                0x00000e50       0x20 ./gecko_sdk_4.3.0/platform/service/device_init/src/sl_device_init_lfxo_s2.o
 .debug_aranges
                0x00000e70       0x28 ./gecko_sdk_4.3.0/platform/service/device_init/src/sl_device_init_nvic.o
 .debug_aranges
                0x00000e98       0x20 ./gecko_sdk_4.3.0/platform/service/system/src/sl_system_init.o
 .debug_aranges
                0x00000eb8       0x28 ./gecko_sdk_4.3.0/platform/service/udelay/src/sl_udelay.o
 .debug_aranges
                0x00000ee0       0x20 ./gecko_sdk_4.3.0/platform/service/udelay/src/sl_udelay_armv6m_gcc.o

.debug_ranges   0x00000000      0xcc8
 .debug_ranges  0x00000000       0x38 ./DHT22.o
 .debug_ranges  0x00000038       0x50 ./Letimer.o
 .debug_ranges  0x00000088       0x28 ./adc.o
 .debug_ranges  0x000000b0       0x18 ./app.o
 .debug_ranges  0x000000c8       0x10 ./main.o
 .debug_ranges  0x000000d8       0x50 ./uart.o
 .debug_ranges  0x00000128       0x10 ./autogen/sl_board_default_init.o
 .debug_ranges  0x00000138       0x10 ./autogen/sl_device_init_clocks.o
 .debug_ranges  0x00000148       0x58 ./autogen/sl_event_handler.o
 .debug_ranges  0x000001a0       0x60 ./gecko_sdk_4.3.0/hardware/board/src/sl_board_control_gpio.o
 .debug_ranges  0x00000200       0x18 ./gecko_sdk_4.3.0/hardware/board/src/sl_board_init.o
 .debug_ranges  0x00000218       0x30 ./gecko_sdk_4.3.0/hardware/driver/configuration_over_swo/src/sl_cos.o
 .debug_ranges  0x00000248       0x30 ./gecko_sdk_4.3.0/hardware/driver/mx25_flash_shutdown/src/sl_mx25_flash_shutdown_usart/sl_mx25_flash_shutdown.o
 .debug_ranges  0x00000278       0x18 ./gecko_sdk_4.3.0/platform/Device/SiliconLabs/EFR32MG24/Source/startup_efr32mg24.o
 .debug_ranges  0x00000290       0x90 ./gecko_sdk_4.3.0/platform/Device/SiliconLabs/EFR32MG24/Source/system_efr32mg24.o
 .debug_ranges  0x00000320       0x10 ./gecko_sdk_4.3.0/platform/common/src/sl_assert.o
 .debug_ranges  0x00000330       0x20 ./gecko_sdk_4.3.0/platform/common/toolchain/src/sl_memory.o
 .debug_ranges  0x00000350       0x48 ./gecko_sdk_4.3.0/platform/driver/debug/src/sl_debug_swo.o
 .debug_ranges  0x00000398       0xb0 ./gecko_sdk_4.3.0/platform/emdrv/ustimer/src/ustimer.o
 .debug_ranges  0x00000448      0x278 ./gecko_sdk_4.3.0/platform/emlib/src/em_cmu.o
 .debug_ranges  0x000006c0       0xd8 ./gecko_sdk_4.3.0/platform/emlib/src/em_core.o
 .debug_ranges  0x00000798      0x180 ./gecko_sdk_4.3.0/platform/emlib/src/em_emu.o
 .debug_ranges  0x00000918       0x68 ./gecko_sdk_4.3.0/platform/emlib/src/em_gpio.o
 .debug_ranges  0x00000980       0xd0 ./gecko_sdk_4.3.0/platform/emlib/src/em_iadc.o
 .debug_ranges  0x00000a50       0x70 ./gecko_sdk_4.3.0/platform/emlib/src/em_letimer.o
 .debug_ranges  0x00000ac0       0x70 ./gecko_sdk_4.3.0/platform/emlib/src/em_system.o
 .debug_ranges  0x00000b30       0x60 ./gecko_sdk_4.3.0/platform/emlib/src/em_timer.o
 .debug_ranges  0x00000b90       0xb8 ./gecko_sdk_4.3.0/platform/emlib/src/em_usart.o
 .debug_ranges  0x00000c48       0x10 ./gecko_sdk_4.3.0/platform/service/device_init/src/sl_device_init_dcdc_s2.o
 .debug_ranges  0x00000c58       0x10 ./gecko_sdk_4.3.0/platform/service/device_init/src/sl_device_init_emu_s2.o
 .debug_ranges  0x00000c68       0x10 ./gecko_sdk_4.3.0/platform/service/device_init/src/sl_device_init_hfxo_s2.o
 .debug_ranges  0x00000c78       0x10 ./gecko_sdk_4.3.0/platform/service/device_init/src/sl_device_init_lfxo_s2.o
 .debug_ranges  0x00000c88       0x18 ./gecko_sdk_4.3.0/platform/service/device_init/src/sl_device_init_nvic.o
 .debug_ranges  0x00000ca0       0x10 ./gecko_sdk_4.3.0/platform/service/system/src/sl_system_init.o
 .debug_ranges  0x00000cb0       0x18 ./gecko_sdk_4.3.0/platform/service/udelay/src/sl_udelay.o

.debug_line     0x00000000     0xb2c7
 .debug_line    0x00000000      0x3b1 ./DHT22.o
 .debug_line    0x000003b1      0x410 ./Letimer.o
 .debug_line    0x000007c1      0x2db ./adc.o
 .debug_line    0x00000a9c       0x55 ./app.o
 .debug_line    0x00000af1       0x50 ./main.o
 .debug_line    0x00000b41      0x44c ./uart.o
 .debug_line    0x00000f8d       0x5a ./autogen/sl_board_default_init.o
 .debug_line    0x00000fe7      0x235 ./autogen/sl_device_init_clocks.o
 .debug_line    0x0000121c      0x16f ./autogen/sl_event_handler.o
 .debug_line    0x0000138b      0x3e9 ./gecko_sdk_4.3.0/hardware/board/src/sl_board_control_gpio.o
 .debug_line    0x00001774       0xf3 ./gecko_sdk_4.3.0/hardware/board/src/sl_board_init.o
 .debug_line    0x00001867      0x3ca ./gecko_sdk_4.3.0/hardware/driver/configuration_over_swo/src/sl_cos.o
 .debug_line    0x00001c31      0x3f7 ./gecko_sdk_4.3.0/hardware/driver/mx25_flash_shutdown/src/sl_mx25_flash_shutdown_usart/sl_mx25_flash_shutdown.o
 .debug_line    0x00002028      0x2d7 ./gecko_sdk_4.3.0/platform/Device/SiliconLabs/EFR32MG24/Source/startup_efr32mg24.o
 .debug_line    0x000022ff      0x580 ./gecko_sdk_4.3.0/platform/Device/SiliconLabs/EFR32MG24/Source/system_efr32mg24.o
 .debug_line    0x0000287f       0x88 ./gecko_sdk_4.3.0/platform/common/src/sl_assert.o
 .debug_line    0x00002907      0x2b7 ./gecko_sdk_4.3.0/platform/common/toolchain/src/sl_memory.o
 .debug_line    0x00002bbe      0x585 ./gecko_sdk_4.3.0/platform/driver/debug/src/sl_debug_swo.o
 .debug_line    0x00003143      0x7a8 ./gecko_sdk_4.3.0/platform/emdrv/ustimer/src/ustimer.o
 .debug_line    0x000038eb     0x2382 ./gecko_sdk_4.3.0/platform/emlib/src/em_cmu.o
 .debug_line    0x00005c6d      0x8d4 ./gecko_sdk_4.3.0/platform/emlib/src/em_core.o
 .debug_line    0x00006541      0xb8d ./gecko_sdk_4.3.0/platform/emlib/src/em_emu.o
 .debug_line    0x000070ce      0x654 ./gecko_sdk_4.3.0/platform/emlib/src/em_gpio.o
 .debug_line    0x00007722      0xf44 ./gecko_sdk_4.3.0/platform/emlib/src/em_iadc.o
 .debug_line    0x00008666      0x52c ./gecko_sdk_4.3.0/platform/emlib/src/em_letimer.o
 .debug_line    0x00008b92      0x477 ./gecko_sdk_4.3.0/platform/emlib/src/em_system.o
 .debug_line    0x00009009      0x8da ./gecko_sdk_4.3.0/platform/emlib/src/em_timer.o
 .debug_line    0x000098e3      0x947 ./gecko_sdk_4.3.0/platform/emlib/src/em_usart.o
 .debug_line    0x0000a22a      0x23c ./gecko_sdk_4.3.0/platform/service/device_init/src/sl_device_init_dcdc_s2.o
 .debug_line    0x0000a466      0x2b7 ./gecko_sdk_4.3.0/platform/service/device_init/src/sl_device_init_emu_s2.o
 .debug_line    0x0000a71d      0x2ff ./gecko_sdk_4.3.0/platform/service/device_init/src/sl_device_init_hfxo_s2.o
 .debug_line    0x0000aa1c      0x241 ./gecko_sdk_4.3.0/platform/service/device_init/src/sl_device_init_lfxo_s2.o
 .debug_line    0x0000ac5d      0x30e ./gecko_sdk_4.3.0/platform/service/device_init/src/sl_device_init_nvic.o
 .debug_line    0x0000af6b       0x97 ./gecko_sdk_4.3.0/platform/service/system/src/sl_system_init.o
 .debug_line    0x0000b002      0x231 ./gecko_sdk_4.3.0/platform/service/udelay/src/sl_udelay.o
 .debug_line    0x0000b233       0x94 ./gecko_sdk_4.3.0/platform/service/udelay/src/sl_udelay_armv6m_gcc.o

.debug_str      0x00000000     0xcf7d
 .debug_str     0x00000000     0x1106 ./DHT22.o
                               0x128a (size before relaxing)
 .debug_str     0x00001106      0xfb6 ./Letimer.o
                               0x13be (size before relaxing)
 .debug_str     0x000020bc     0x17dc ./adc.o
                               0x2cfc (size before relaxing)
 .debug_str     0x00003898        0x9 ./app.o
                                0x219 (size before relaxing)
 .debug_str     0x000038a1        0xf ./main.o
                                0x203 (size before relaxing)
 .debug_str     0x000038b0      0x421 ./uart.o
                               0x1e51 (size before relaxing)
 .debug_str     0x00003cd1       0x39 ./autogen/sl_board_default_init.o
                                0x215 (size before relaxing)