Archive member included to satisfy reference by file (symbol)

c:/siliconlabs/simplicitystudio/v5/developer/toolchains/gnu_arm/10.3_2021.10/bin/../lib/gcc/arm-none-eabi/10.3.1/thumb/v8-m.main+fp/hard\libgcc.a(_arm_muldf3.o)
                              ./adc.o (__aeabi_dmul)
c:/siliconlabs/simplicitystudio/v5/developer/toolchains/gnu_arm/10.3_2021.10/bin/../lib/gcc/arm-none-eabi/10.3.1/thumb/v8-m.main+fp/hard\libgcc.a(_arm_addsubdf3.o)
                              ./Letimer.o (__aeabi_dsub)
c:/siliconlabs/simplicitystudio/v5/developer/toolchains/gnu_arm/10.3_2021.10/bin/../lib/gcc/arm-none-eabi/10.3.1/thumb/v8-m.main+fp/hard\libgcc.a(_arm_muldivdf3.o)
                              ./adc.o (__aeabi_ddiv)
c:/siliconlabs/simplicitystudio/v5/developer/toolchains/gnu_arm/10.3_2021.10/bin/../lib/gcc/arm-none-eabi/10.3.1/thumb/v8-m.main+fp/hard\libgcc.a(_arm_cmpdf2.o)
                              ./uart.o (__aeabi_dcmplt)
c:/siliconlabs/simplicitystudio/v5/developer/toolchains/gnu_arm/10.3_2021.10/bin/../lib/gcc/arm-none-eabi/10.3.1/thumb/v8-m.main+fp/hard\libgcc.a(_arm_fixdfsi.o)
                              ./uart.o (__aeabi_d2iz)
c:/siliconlabs/simplicitystudio/v5/developer/toolchains/gnu_arm/10.3_2021.10/bin/../lib/gcc/arm-none-eabi/10.3.1/thumb/v8-m.main+fp/hard\libgcc.a(_aeabi_uldivmod.o)
                              ./gecko_sdk_4.3.0/platform/emdrv/ustimer/src/ustimer.o (__aeabi_uldivmod)
c:/siliconlabs/simplicitystudio/v5/developer/toolchains/gnu_arm/10.3_2021.10/bin/../lib/gcc/arm-none-eabi/10.3.1/thumb/v8-m.main+fp/hard\libgcc.a(_udivmoddi4.o)
                              c:/siliconlabs/simplicitystudio/v5/developer/toolchains/gnu_arm/10.3_2021.10/bin/../lib/gcc/arm-none-eabi/10.3.1/thumb/v8-m.main+fp/hard\libgcc.a(_aeabi_uldivmod.o) (__udivmoddi4)
c:/siliconlabs/simplicitystudio/v5/developer/toolchains/gnu_arm/10.3_2021.10/bin/../lib/gcc/arm-none-eabi/10.3.1/thumb/v8-m.main+fp/hard\libgcc.a(_dvmd_tls.o)
                              c:/siliconlabs/simplicitystudio/v5/developer/toolchains/gnu_arm/10.3_2021.10/bin/../lib/gcc/arm-none-eabi/10.3.1/thumb/v8-m.main+fp/hard\libgcc.a(_aeabi_uldivmod.o) (__aeabi_ldiv0)
c:/siliconlabs/simplicitystudio/v5/developer/toolchains/gnu_arm/10.3_2021.10/bin/../lib/gcc/arm-none-eabi/10.3.1/../../../../arm-none-eabi/lib/thumb/v8-m.main+fp/hard\libc_nano.a(lib_a-atoi.o)
                              ./uart.o (atoi)
c:/siliconlabs/simplicitystudio/v5/developer/toolchains/gnu_arm/10.3_2021.10/bin/../lib/gcc/arm-none-eabi/10.3.1/../../../../arm-none-eabi/lib/thumb/v8-m.main+fp/hard\libc_nano.a(lib_a-exit.o)
                              c:/siliconlabs/simplicitystudio/v5/developer/toolchains/gnu_arm/10.3_2021.10/bin/../lib/gcc/arm-none-eabi/10.3.1/../../../../arm-none-eabi/lib/thumb/v8-m.main+fp/hard/crt0.o (exit)
c:/siliconlabs/simplicitystudio/v5/developer/toolchains/gnu_arm/10.3_2021.10/bin/../lib/gcc/arm-none-eabi/10.3.1/../../../../arm-none-eabi/lib/thumb/v8-m.main+fp/hard\libc_nano.a(lib_a-impure.o)
                              c:/siliconlabs/simplicitystudio/v5/developer/toolchains/gnu_arm/10.3_2021.10/bin/../lib/gcc/arm-none-eabi/10.3.1/../../../../arm-none-eabi/lib/thumb/v8-m.main+fp/hard\libc_nano.a(lib_a-exit.o) (_global_impure_ptr)
c:/siliconlabs/simplicitystudio/v5/developer/toolchains/gnu_arm/10.3_2021.10/bin/../lib/gcc/arm-none-eabi/10.3.1/../../../../arm-none-eabi/lib/thumb/v8-m.main+fp/hard\libc_nano.a(lib_a-init.o)
                              c:/siliconlabs/simplicitystudio/v5/developer/toolchains/gnu_arm/10.3_2021.10/bin/../lib/gcc/arm-none-eabi/10.3.1/../../../../arm-none-eabi/lib/thumb/v8-m.main+fp/hard/crt0.o (__libc_init_array)
c:/siliconlabs/simplicitystudio/v5/developer/toolchains/gnu_arm/10.3_2021.10/bin/../lib/gcc/arm-none-eabi/10.3.1/../../../../arm-none-eabi/lib/thumb/v8-m.main+fp/hard\libc_nano.a(lib_a-memset.o)
                              c:/siliconlabs/simplicitystudio/v5/developer/toolchains/gnu_arm/10.3_2021.10/bin/../lib/gcc/arm-none-eabi/10.3.1/../../../../arm-none-eabi/lib/thumb/v8-m.main+fp/hard/crt0.o (memset)
c:/siliconlabs/simplicitystudio/v5/developer/toolchains/gnu_arm/10.3_2021.10/bin/../lib/gcc/arm-none-eabi/10.3.1/../../../../arm-none-eabi/lib/thumb/v8-m.main+fp/hard\libc_nano.a(lib_a-strcat.o)
                              ./uart.o (strcat)
c:/siliconlabs/simplicitystudio/v5/developer/toolchains/gnu_arm/10.3_2021.10/bin/../lib/gcc/arm-none-eabi/10.3.1/../../../../arm-none-eabi/lib/thumb/v8-m.main+fp/hard\libc_nano.a(lib_a-strcpy.o)
                              ./uart.o (strcpy)
c:/siliconlabs/simplicitystudio/v5/developer/toolchains/gnu_arm/10.3_2021.10/bin/../lib/gcc/arm-none-eabi/10.3.1/../../../../arm-none-eabi/lib/thumb/v8-m.main+fp/hard\libc_nano.a(lib_a-strtol.o)
                              c:/siliconlabs/simplicitystudio/v5/developer/toolchains/gnu_arm/10.3_2021.10/bin/../lib/gcc/arm-none-eabi/10.3.1/../../../../arm-none-eabi/lib/thumb/v8-m.main+fp/hard\libc_nano.a(lib_a-atoi.o) (_strtol_r)
[...]
Memory Configuration

Name             Origin             Length             Attributes
FLASH            0x08000000         0x0017e000         xr
RAM              0x20000000         0x00040000         xrw
*default*        0x00000000         0xffffffff

Linker script and memory map

LOAD c:/siliconlabs/simplicitystudio/v5/developer/toolchains/gnu_arm/10.3_2021.10/bin/../lib/gcc/arm-none-eabi/10.3.1/thumb/v8-m.main+fp/hard/crti.o
LOAD c:/siliconlabs/simplicitystudio/v5/developer/toolchains/gnu_arm/10.3_2021.10/bin/../lib/gcc/arm-none-eabi/10.3.1/thumb/v8-m.main+fp/hard/crtbegin.o
LOAD c:/siliconlabs/simplicitystudio/v5/developer/toolchains/gnu_arm/10.3_2021.10/bin/../lib/gcc/arm-none-eabi/10.3.1/../../../../arm-none-eabi/lib/thumb/v8-m.main+fp/hard/crt0.o
START GROUP
LOAD ./DHT22.o
LOAD ./Letimer.o
LOAD ./adc.o
LOAD ./app.o
LOAD ./flash.o
LOAD ./iadcScan.o
LOAD ./main.o
LOAD ./uart.o
LOAD ./autogen/sl_board_default_init.o
LOAD ./autogen/sl_device_init_clocks.o
LOAD ./autogen/sl_event_handler.o
LOAD ./gecko_sdk_4.3.0/hardware/board/src/sl_board_control_gpio.o
LOAD ./gecko_sdk_4.3.0/hardware/board/src/sl_board_init.o
LOAD ./gecko_sdk_4.3.0/hardware/driver/configuration_over_swo/src/sl_cos.o
LOAD ./gecko_sdk_4.3.0/hardware/driver/mx25_flash_shutdown/src/sl_mx25_flash_shutdown_usart/sl_mx25_flash_shutdown.o
LOAD ./gecko_sdk_4.3.0/platform/Device/SiliconLabs/EFR32MG24/Source/startup_efr32mg24.o
LOAD ./gecko_sdk_4.3.0/platform/Device/SiliconLabs/EFR32MG24/Source/system_efr32mg24.o
LOAD ./gecko_sdk_4.3.0/platform/common/src/sl_assert.o
LOAD ./gecko_sdk_4.3.0/platform/common/toolchain/src/sl_memory.o
LOAD ./gecko_sdk_4.3.0/platform/driver/debug/src/sl_debug_swo.o
LOAD ./gecko_sdk_4.3.0/platform/emdrv/ustimer/src/ustimer.o
LOAD ./gecko_sdk_4.3.0/platform/emlib/src/em_cmu.o
LOAD ./gecko_sdk_4.3.0/platform/emlib/src/em_core.o
LOAD ./gecko_sdk_4.3.0/platform/emlib/src/em_emu.o
LOAD ./gecko_sdk_4.3.0/platform/emlib/src/em_gpio.o
LOAD ./gecko_sdk_4.3.0/platform/emlib/src/em_iadc.o
LOAD ./gecko_sdk_4.3.0/platform/emlib/src/em_letimer.o
LOAD ./gecko_sdk_4.3.0/platform/emlib/src/em_msc.o
LOAD ./gecko_sdk_4.3.0/platform/emlib/src/em_system.o
LOAD ./gecko_sdk_4.3.0/platform/emlib/src/em_timer.o
LOAD ./gecko_sdk_4.3.0/platform/emlib/src/em_usart.o
LOAD ./gecko_sdk_4.3.0/platform/service/device_init/src/sl_device_init_dcdc_s2.o
LOAD ./gecko_sdk_4.3.0/platform/service/device_init/src/sl_device_init_emu_s2.o
LOAD ./gecko_sdk_4.3.0/platform/service/device_init/src/sl_device_init_hfxo_s2.o
LOAD ./gecko_sdk_4.3.0/platform/service/device_init/src/sl_device_init_lfxo_s2.o
LOAD ./gecko_sdk_4.3.0/platform/service/device_init/src/sl_device_init_nvic.o
LOAD ./gecko_sdk_4.3.0/platform/service/system/src/sl_system_init.o
LOAD ./gecko_sdk_4.3.0/platform/service/system/src/sl_system_process_action.o
LOAD ./gecko_sdk_4.3.0/platform/service/udelay/src/sl_udelay.o
LOAD ./gecko_sdk_4.3.0/platform/service/udelay/src/sl_udelay_armv6m_gcc.o
LOAD c:/siliconlabs/simplicitystudio/v5/developer/toolchains/gnu_arm/10.3_2021.10/bin/../lib/gcc/arm-none-eabi/10.3.1/thumb/v8-m.main+fp/hard\libgcc.a
LOAD c:/siliconlabs/simplicitystudio/v5/developer/toolchains/gnu_arm/10.3_2021.10/bin/../lib/gcc/arm-none-eabi/10.3.1/../../../../arm-none-eabi/lib/thumb/v8-m.main+fp/hard\libc_nano.a
LOAD c:/siliconlabs/simplicitystudio/v5/developer/toolchains/gnu_arm/10.3_2021.10/bin/../lib/gcc/arm-none-eabi/10.3.1/../../../../arm-none-eabi/lib/thumb/v8-m.main+fp/hard\libm.a
LOAD c:/siliconlabs/simplicitystudio/v5/developer/toolchains/gnu_arm/10.3_2021.10/bin/../lib/gcc/arm-none-eabi/10.3.1/../../../../arm-none-eabi/lib/thumb/v8-m.main+fp/hard\libnosys.a
END GROUP
START GROUP
LOAD c:/siliconlabs/simplicitystudio/v5/developer/toolchains/gnu_arm/10.3_2021.10/bin/../lib/gcc/arm-none-eabi/10.3.1/thumb/v8-m.main+fp/hard\libgcc.a
LOAD c:/siliconlabs/simplicitystudio/v5/developer/toolchains/gnu_arm/10.3_2021.10/bin/../lib/gcc/arm-none-eabi/10.3.1/../../../../arm-none-eabi/lib/thumb/v8-m.main+fp/hard\libc_nano.a
LOAD c:/siliconlabs/simplicitystudio/v5/developer/toolchains/gnu_arm/10.3_2021.10/bin/../lib/gcc/arm-none-eabi/10.3.1/../../../../arm-none-eabi/lib/thumb/v8-m.main+fp/hard\libnosys.a
END GROUP
START GROUP
LOAD c:/siliconlabs/simplicitystudio/v5/developer/toolchains/gnu_arm/10.3_2021.10/bin/../lib/gcc/arm-none-eabi/10.3.1/thumb/v8-m.main+fp/hard\libgcc.a
LOAD c:/siliconlabs/simplicitystudio/v5/developer/toolchains/gnu_arm/10.3_2021.10/bin/../lib/gcc/arm-none-eabi/10.3.1/../../../../arm-none-eabi/lib/thumb/v8-m.main+fp/hard\libg_nano.a
LOAD c:/siliconlabs/simplicitystudio/v5/developer/toolchains/gnu_arm/10.3_2021.10/bin/../lib/gcc/arm-none-eabi/10.3.1/../../../../arm-none-eabi/lib/thumb/v8-m.main+fp/hard\libc_nano.a
END GROUP
START GROUP
LOAD c:/siliconlabs/simplicitystudio/v5/developer/toolchains/gnu_arm/10.3_2021.10/bin/../lib/gcc/arm-none-eabi/10.3.1/thumb/v8-m.main+fp/hard\libgcc.a
LOAD c:/siliconlabs/simplicitystudio/v5/developer/toolchains/gnu_arm/10.3_2021.10/bin/../lib/gcc/arm-none-eabi/10.3.1/../../../../arm-none-eabi/lib/thumb/v8-m.main+fp/hard\libc_nano.a
END GROUP
LOAD c:/siliconlabs/simplicitystudio/v5/developer/toolchains/gnu_arm/10.3_2021.10/bin/../lib/gcc/arm-none-eabi/10.3.1/thumb/v8-m.main+fp/hard/crtend.o
LOAD c:/siliconlabs/simplicitystudio/v5/developer/toolchains/gnu_arm/10.3_2021.10/bin/../lib/gcc/arm-none-eabi/10.3.1/thumb/v8-m.main+fp/hard/crtn.o

.text           0x08000000     0x7520
                0x08000000                linker_vectors_begin = .
 *(.vectors)
 .vectors       0x08000000      0x170 ./gecko_sdk_4.3.0/platform/Device/SiliconLabs/EFR32MG24/Source/startup_efr32mg24.o
                0x08000000                __Vectors
                0x08000170                linker_vectors_end = .
                0x08000170                __Vectors_End = .
                0x08000170                __Vectors_Size = (__Vectors_End - __Vectors)
                0x08000170                linker_code_begin = .
 *(SORT_BY_ALIGNMENT(.text*))
 .text          0x08000170        0x8 ./gecko_sdk_4.3.0/platform/service/udelay/src/sl_udelay_armv6m_gcc.o
                0x08000170                sli_delay_loop
 .text.getMoisture
                0x08000178       0xd0 ./adc.o
                0x08000178                getMoisture
 .text          0x08000248       0x40 c:/siliconlabs/simplicitystudio/v5/developer/toolchains/gnu_arm/10.3_2021.10/bin/../lib/gcc/arm-none-eabi/10.3.1/thumb/v8-m.main+fp/hard/crtbegin.o
 .text          0x08000288       0x7c c:/siliconlabs/simplicitystudio/v5/developer/toolchains/gnu_arm/10.3_2021.10/bin/../lib/gcc/arm-none-eabi/10.3.1/../../../../arm-none-eabi/lib/thumb/v8-m.main+fp/hard/crt0.o
                0x08000288                _stack_init
                0x08000290                _start
                0x08000290                _mainCRTStartup
 .text.GPIO_PinInGet
                0x08000304       0x88 ./DHT22.o
 .text.DHT_GetData
                0x0800038c       0xd0 ./DHT22.o
                0x0800038c                DHT_GetData
 .text.__NVIC_EnableIRQ
                0x0800045c       0x34 ./Letimer.o
 .text.batteryLevel
                0x08000490       0x48 ./Letimer.o
                0x08000490                batteryLevel
 .text.LETIMER0_IRQHandler
                0x080004d8      0x160 ./Letimer.o
                0x080004d8                LETIMER0_IRQHandler
 .text.iadcInit
                0x08000638       0xec ./adc.o
                0x08000638                iadcInit
 .text.iadcStartsingle
                0x08000724       0x38 ./adc.o
                0x08000724                iadcStartsingle
 .text.uartInit
                0x0800075c       0xa0 ./uart.o
                0x0800075c                uartInit
 .text.transmitData
                0x080007fc       0x4c ./uart.o
                0x080007fc                transmitData
 .text.doubleToCharArray
                0x08000848      0x24c ./uart.o
                0x08000848                doubleToCharArray
 .text.sl_device_init_clocks
                0x08000a94       0xd4 ./autogen/sl_device_init_clocks.o
                0x08000a94                sl_device_init_clocks
 .text.GPIO_PinOutClear
                0x08000b68       0x84 ./gecko_sdk_4.3.0/hardware/driver/mx25_flash_shutdown/src/sl_mx25_flash_shutdown_usart/sl_mx25_flash_shutdown.o
 .text.GPIO_PinOutSet
                0x08000bec       0x84 ./gecko_sdk_4.3.0/hardware/driver/mx25_flash_shutdown/src/sl_mx25_flash_shutdown_usart/sl_mx25_flash_shutdown.o
 .text.sl_mx25_flash_shutdown
                0x08000c70      0x134 ./gecko_sdk_4.3.0/hardware/driver/mx25_flash_shutdown/src/sl_mx25_flash_shutdown_usart/sl_mx25_flash_shutdown.o
                0x08000c70                sl_mx25_flash_shutdown
 .text.Reset_Handler
                0x08000da4       0x98 ./gecko_sdk_4.3.0/platform/Device/SiliconLabs/EFR32MG24/Source/startup_efr32mg24.o
                0x08000da4                Reset_Handler
 .text.__NVIC_EnableIRQ
                0x08000e3c       0x34 ./gecko_sdk_4.3.0/platform/Device/SiliconLabs/EFR32MG24/Source/system_efr32mg24.o
 .text.__NVIC_ClearPendingIRQ
                0x08000e70       0x38 ./gecko_sdk_4.3.0/platform/Device/SiliconLabs/EFR32MG24/Source/system_efr32mg24.o
 .text.SystemInit
                0x08000ea8       0x90 ./gecko_sdk_4.3.0/platform/Device/SiliconLabs/EFR32MG24/Source/system_efr32mg24.o
                0x08000ea8                SystemInit
 .text.SystemHFRCODPLLClockGet
                0x08000f38        0xc ./gecko_sdk_4.3.0/platform/Device/SiliconLabs/EFR32MG24/Source/system_efr32mg24.o
                0x08000f38                SystemHFRCODPLLClockGet
 .text.SystemSYSCLKGet
                0x08000f44       0x50 ./gecko_sdk_4.3.0/platform/Device/SiliconLabs/EFR32MG24/Source/system_efr32mg24.o
                0x08000f44                SystemSYSCLKGet
 .text.SystemHCLKGet
                0x08000f94       0x3c ./gecko_sdk_4.3.0/platform/Device/SiliconLabs/EFR32MG24/Source/system_efr32mg24.o
                0x08000f94                SystemHCLKGet
 .text.SystemMaxCoreClockGet
                0x08000fd0        0xc ./gecko_sdk_4.3.0/platform/Device/SiliconLabs/EFR32MG24/Source/system_efr32mg24.o
                0x08000fd0                SystemMaxCoreClockGet
 .text.SystemHFXOClockGet
                0x08000fdc        0xc ./gecko_sdk_4.3.0/platform/Device/SiliconLabs/EFR32MG24/Source/system_efr32mg24.o
                0x08000fdc                SystemHFXOClockGet
 .text.SystemHFXOClockSet
                0x08000fe8       0x2c ./gecko_sdk_4.3.0/platform/Device/SiliconLabs/EFR32MG24/Source/system_efr32mg24.o
                0x08000fe8                SystemHFXOClockSet
 .text.SystemFSRCOClockGet
                0x08001014        0xc ./gecko_sdk_4.3.0/platform/Device/SiliconLabs/EFR32MG24/Source/system_efr32mg24.o
                0x08001014                SystemFSRCOClockGet
 .text.SystemHFRCOEM23ClockGet
                0x08001020       0xe0 ./gecko_sdk_4.3.0/platform/Device/SiliconLabs/EFR32MG24/Source/system_efr32mg24.o
                0x08001020                SystemHFRCOEM23ClockGet
 .text.SystemLFXOClockGet
                0x08001100        0xc ./gecko_sdk_4.3.0/platform/Device/SiliconLabs/EFR32MG24/Source/system_efr32mg24.o
                0x08001100                SystemLFXOClockGet
 .text.BUS_RegBitWrite
                0x0800110c       0x48 ./gecko_sdk_4.3.0/platform/driver/debug/src/sl_debug_swo.o
 .text.GPIO_DbgSWOEnable
                0x08001154       0x30 ./gecko_sdk_4.3.0/platform/driver/debug/src/sl_debug_swo.o
 .text.sl_debug_swo_init
                0x08001184      0x178 ./gecko_sdk_4.3.0/platform/driver/debug/src/sl_debug_swo.o
                0x08001184                sl_debug_swo_init
 .text.__NVIC_EnableIRQ
                0x080012fc       0x34 ./gecko_sdk_4.3.0/platform/emdrv/ustimer/src/ustimer.o
 .text.__NVIC_DisableIRQ
                0x08001330       0x44 ./gecko_sdk_4.3.0/platform/emdrv/ustimer/src/ustimer.o
 .text.__NVIC_ClearPendingIRQ
                0x08001374       0x38 ./gecko_sdk_4.3.0/platform/emdrv/ustimer/src/ustimer.o
 .text.TIMER_Valid
                0x080013ac       0x54 ./gecko_sdk_4.3.0/platform/emdrv/ustimer/src/ustimer.o
 .text.TIMER_MaxCount
                0x08001400       0xf0 ./gecko_sdk_4.3.0/platform/emdrv/ustimer/src/ustimer.o
 .text.TIMER_Enable
                0x080014f0       0x44 ./gecko_sdk_4.3.0/platform/emdrv/ustimer/src/ustimer.o
 .text.TIMER_TopSet
                0x08001534       0x48 ./gecko_sdk_4.3.0/platform/emdrv/ustimer/src/ustimer.o
 .text.USTIMER_Init
                0x0800157c      0x130 ./gecko_sdk_4.3.0/platform/emdrv/ustimer/src/ustimer.o
                0x0800157c                USTIMER_Init
 .text.USTIMER_DeInit
                0x080016ac       0x38 ./gecko_sdk_4.3.0/platform/emdrv/ustimer/src/ustimer.o
                0x080016ac                USTIMER_DeInit
 .text.USTIMER_DelayIntSafe
                0x080016e4       0x9c ./gecko_sdk_4.3.0/platform/emdrv/ustimer/src/ustimer.o
                0x080016e4                USTIMER_DelayIntSafe
 .text.TIMER0_IRQHandler
                0x08001780       0x34 ./gecko_sdk_4.3.0/platform/emdrv/ustimer/src/ustimer.o
                0x08001780                TIMER0_IRQHandler
 .text.DelayTicksPolled
                0x080017b4       0x50 ./gecko_sdk_4.3.0/platform/emdrv/ustimer/src/ustimer.o
 .text.BUS_RegBitWrite
                0x08001804       0x48 ./gecko_sdk_4.3.0/platform/emlib/src/em_cmu.o
 .text.EMU_VScaleWait
                0x0800184c       0x1c ./gecko_sdk_4.3.0/platform/emlib/src/em_cmu.o
 .text.EMU_VScaleGet
                0x08001868       0x1c ./gecko_sdk_4.3.0/platform/emlib/src/em_cmu.o
 .text.MSC_LockGetLocked
                0x08001884       0x1c ./gecko_sdk_4.3.0/platform/emlib/src/em_cmu.o
 .text.MSC_LockSetLocked
                0x080018a0       0x10 ./gecko_sdk_4.3.0/platform/emlib/src/em_cmu.o
 .text.MSC_LockSetUnlocked
                0x080018b0       0x10 ./gecko_sdk_4.3.0/platform/emlib/src/em_cmu.o
 .text.MSC_ReadCTRLGet
                0x080018c0        0xc ./gecko_sdk_4.3.0/platform/emlib/src/em_cmu.o
 .text.MSC_ReadCTRLSet
                0x080018cc       0x14 ./gecko_sdk_4.3.0/platform/emlib/src/em_cmu.o
 .text.CMU_ClockDivGet
                0x080018e0       0xec ./gecko_sdk_4.3.0/platform/emlib/src/em_cmu.o
                0x080018e0                CMU_ClockDivGet
 .text.CMU_ClockDivSet
                0x080019cc      0x1b0 ./gecko_sdk_4.3.0/platform/emlib/src/em_cmu.o
                0x080019cc                CMU_ClockDivSet
 .text.CMU_ClockEnable
                0x08001b7c       0x74 ./gecko_sdk_4.3.0/platform/emlib/src/em_cmu.o
                0x08001b7c                CMU_ClockEnable
 .text.CMU_ClockFreqGet
                0x08001bf0      0x6a8 ./gecko_sdk_4.3.0/platform/emlib/src/em_cmu.o
                0x08001bf0                CMU_ClockFreqGet
 .text.CMU_ClockSelectGet
                0x08002298      0x3e4 ./gecko_sdk_4.3.0/platform/emlib/src/em_cmu.o
                0x08002298                CMU_ClockSelectGet
 .text.sli_em_cmu_HFXOSetForceEnable
                0x0800267c       0x28 ./gecko_sdk_4.3.0/platform/emlib/src/em_cmu.o
                0x0800267c                sli_em_cmu_HFXOSetForceEnable
 .text.CMU_HFXOInit
                0x080026a4      0x310 ./gecko_sdk_4.3.0/platform/emlib/src/em_cmu.o
                0x080026a4                CMU_HFXOInit
 .text.CMU_HFXOCTuneDeltaGet
                0x080029b4       0x10 ./gecko_sdk_4.3.0/platform/emlib/src/em_cmu.o
                0x080029b4                CMU_HFXOCTuneDeltaGet
 .text.CMU_LFXOInit
                0x080029c4      0x120 ./gecko_sdk_4.3.0/platform/emlib/src/em_cmu.o
                0x080029c4                CMU_LFXOInit
 .text.CMU_LFXOPrecisionSet
                0x08002ae4       0x1c ./gecko_sdk_4.3.0/platform/emlib/src/em_cmu.o
                0x08002ae4                CMU_LFXOPrecisionSet
 .text.CMU_HFXOPrecisionSet
                0x08002b00       0x1c ./gecko_sdk_4.3.0/platform/emlib/src/em_cmu.o
                0x08002b00                CMU_HFXOPrecisionSet
 .text.eusart0ClkGet
                0x08002b1c       0xac ./gecko_sdk_4.3.0/platform/emlib/src/em_cmu.o
 .text.em01GrpcClkGet
                0x08002bc8       0xbc ./gecko_sdk_4.3.0/platform/emlib/src/em_cmu.o
 .text.vdac0ClkGet
                0x08002c84       0xa8 ./gecko_sdk_4.3.0/platform/emlib/src/em_cmu.o
 .text.vdac1ClkGet
                0x08002d2c       0xa8 ./gecko_sdk_4.3.0/platform/emlib/src/em_cmu.o
 .text.pcnt0ClkGet
                0x08002dd4       0x74 ./gecko_sdk_4.3.0/platform/emlib/src/em_cmu.o
 .text.rhclkPrescMax
                0x08002e48       0x18 ./gecko_sdk_4.3.0/platform/emlib/src/em_cmu.o
 .text.rhclkPrescOptimize
                0x08002e60       0x2c ./gecko_sdk_4.3.0/platform/emlib/src/em_cmu.o
 .text.traceClkGet
                0x08002e8c       0x84 ./gecko_sdk_4.3.0/platform/emlib/src/em_cmu.o
 .text.dpllRefClkGet
                0x08002f10       0x94 ./gecko_sdk_4.3.0/platform/emlib/src/em_cmu.o
 .text.em01GrpaClkGet
                0x08002fa4       0xc4 ./gecko_sdk_4.3.0/platform/emlib/src/em_cmu.o
 .text.em23GrpaClkGet
                0x08003068       0x94 ./gecko_sdk_4.3.0/platform/emlib/src/em_cmu.o
 .text.em4GrpaClkGet
                0x080030fc       0x94 ./gecko_sdk_4.3.0/platform/emlib/src/em_cmu.o
 .text.getWaitStatesByFrequencyAndVScale
                0x08003190       0x54 ./gecko_sdk_4.3.0/platform/emlib/src/em_cmu.o
 .text.flashWaitStateControl
                0x080031e4       0x70 ./gecko_sdk_4.3.0/platform/emlib/src/em_cmu.o
 .text.iadcClkGet
                0x08003254       0x8c ./gecko_sdk_4.3.0/platform/emlib/src/em_cmu.o
 .text.pclkDivOptimize
                0x080032e0       0x34 ./gecko_sdk_4.3.0/platform/emlib/src/em_cmu.o
 .text.sysrtcClkGet
                0x08003314       0x94 ./gecko_sdk_4.3.0/platform/emlib/src/em_cmu.o
 .text.wdog0ClkGet
                0x080033a8       0xa8 ./gecko_sdk_4.3.0/platform/emlib/src/em_cmu.o
 .text.wdog1ClkGet
                0x08003450       0xa8 ./gecko_sdk_4.3.0/platform/emlib/src/em_cmu.o
 .text.sysTickClkGet
                0x080034f8       0x58 ./gecko_sdk_4.3.0/platform/emlib/src/em_cmu.o
 .text.EMU_DCDCLock
                0x08003550       0x14 ./gecko_sdk_4.3.0/platform/emlib/src/em_emu.o
 .text.EMU_DCDCUnlock
                0x08003564       0x10 ./gecko_sdk_4.3.0/platform/emlib/src/em_emu.o
 .text.EMU_DCDCSync
                0x08003574       0x20 ./gecko_sdk_4.3.0/platform/emlib/src/em_emu.o
 .text.EMU_VScaleWait
                0x08003594       0x1c ./gecko_sdk_4.3.0/platform/emlib/src/em_emu.o
 .text.EMU_VScaleGet
                0x080035b0       0x1c ./gecko_sdk_4.3.0/platform/emlib/src/em_emu.o
 .text.EMU_EnterEM2
                0x080035cc       0x48 ./gecko_sdk_4.3.0/platform/emlib/src/em_emu.o
                0x080035cc                EMU_EnterEM2
 .text.EMU_EM4Init
                0x08003614       0x24 ./gecko_sdk_4.3.0/platform/emlib/src/em_emu.o
                0x08003614                EMU_EM4Init
 .text.EMU_VScaleEM01ByClock
                0x08003638       0x5c ./gecko_sdk_4.3.0/platform/emlib/src/em_emu.o
                0x08003638                EMU_VScaleEM01ByClock
 .text.EMU_VScaleEM01
                0x08003694       0xdc ./gecko_sdk_4.3.0/platform/emlib/src/em_emu.o
                0x08003694                EMU_VScaleEM01
 .text.EMU_DCDCModeSet
                0x08003770      0x128 ./gecko_sdk_4.3.0/platform/emlib/src/em_emu.o
                0x08003770                EMU_DCDCModeSet
 .text.EMU_DCDCInit
                0x08003898       0xa8 ./gecko_sdk_4.3.0/platform/emlib/src/em_emu.o
                0x08003898                EMU_DCDCInit
 .text.EMU_DCDCSetPFMXModePeakCurrent
                0x08003940       0xb4 ./gecko_sdk_4.3.0/platform/emlib/src/em_emu.o
                0x08003940                EMU_DCDCSetPFMXModePeakCurrent
 .text.GPIO_PinOutClear
                0x080039f4       0x84 ./gecko_sdk_4.3.0/platform/emlib/src/em_gpio.o
 .text.GPIO_PinOutSet
                0x08003a78       0x84 ./gecko_sdk_4.3.0/platform/emlib/src/em_gpio.o
 .text.GPIO_PinModeSet
                0x08003afc      0x124 ./gecko_sdk_4.3.0/platform/emlib/src/em_gpio.o
                0x08003afc                GPIO_PinModeSet
 .text.IADC_disable
                0x08003c20       0x38 ./gecko_sdk_4.3.0/platform/emlib/src/em_iadc.o
 .text.IADC_init
                0x08003c58      0x9bc ./gecko_sdk_4.3.0/platform/emlib/src/em_iadc.o
                0x08003c58                IADC_init
 .text.IADC_initSingle
                0x08004614       0xc4 ./gecko_sdk_4.3.0/platform/emlib/src/em_iadc.o
                0x08004614                IADC_initSingle
 .text.IADC_updateSingleInput
                0x080046d8       0x8c ./gecko_sdk_4.3.0/platform/emlib/src/em_iadc.o
                0x080046d8                IADC_updateSingleInput
 .text.IADC_reset
                0x08004764      0x16c ./gecko_sdk_4.3.0/platform/emlib/src/em_iadc.o
                0x08004764                IADC_reset
 .text.IADC_calcTimebase
                0x080048d0       0xa0 ./gecko_sdk_4.3.0/platform/emlib/src/em_iadc.o
                0x080048d0                IADC_calcTimebase
 .text.IADC_calcSrcClkPrescale
                0x08004970       0x8c ./gecko_sdk_4.3.0/platform/emlib/src/em_iadc.o
                0x08004970                IADC_calcSrcClkPrescale
 .text.IADC_calcAdcClkPrescale
                0x080049fc       0xc4 ./gecko_sdk_4.3.0/platform/emlib/src/em_iadc.o
                0x080049fc                IADC_calcAdcClkPrescale
 .text.IADC_getReferenceVoltage
                0x08004ac0       0x7c ./gecko_sdk_4.3.0/platform/emlib/src/em_iadc.o
                0x08004ac0                IADC_getReferenceVoltage
 .text.LETIMER_Enable
                0x08004b3c       0x48 ./gecko_sdk_4.3.0/platform/emlib/src/em_letimer.o
                0x08004b3c                LETIMER_Enable
 .text.LETIMER_Init
                0x08004b84      0x118 ./gecko_sdk_4.3.0/platform/emlib/src/em_letimer.o
                0x08004b84                LETIMER_Init
 .text.SYSCFG_readChipRev
                0x08004c9c        0xc ./gecko_sdk_4.3.0/platform/emlib/src/em_system.o
 .text.SYSTEM_ChipRevisionGet
                0x08004ca8       0x50 ./gecko_sdk_4.3.0/platform/emlib/src/em_system.o
                0x08004ca8                SYSTEM_ChipRevisionGet
 .text.TIMER_Valid
                0x08004cf8       0x54 ./gecko_sdk_4.3.0/platform/emlib/src/em_timer.o
 .text.timerPrsConfig
                0x08004d4c       0xc0 ./gecko_sdk_4.3.0/platform/emlib/src/em_timer.o
 .text.TIMER_Init
                0x08004e0c      0x130 ./gecko_sdk_4.3.0/platform/emlib/src/em_timer.o
                0x08004e0c                TIMER_Init
 .text.TIMER_InitCC
                0x08004f3c      0x148 ./gecko_sdk_4.3.0/platform/emlib/src/em_timer.o
                0x08004f3c                TIMER_InitCC
 .text.prsRxInput
                0x08005084       0x38 ./gecko_sdk_4.3.0/platform/emlib/src/em_usart.o
 .text.USART_BaudrateAsyncSet
                0x080050bc      0x14c ./gecko_sdk_4.3.0/platform/emlib/src/em_usart.o
                0x080050bc                USART_BaudrateAsyncSet
 .text.USART_BaudrateSyncSet
                0x08005208       0x68 ./gecko_sdk_4.3.0/platform/emlib/src/em_usart.o
                0x08005208                USART_BaudrateSyncSet
 .text.USART_InitAsync
                0x08005270      0x134 ./gecko_sdk_4.3.0/platform/emlib/src/em_usart.o
                0x08005270                USART_InitAsync
 .text.USART_InitSync
                0x080053a4      0x108 ./gecko_sdk_4.3.0/platform/emlib/src/em_usart.o
                0x080053a4                USART_InitSync
 .text.USART_Reset
                0x080054ac       0xa0 ./gecko_sdk_4.3.0/platform/emlib/src/em_usart.o
                0x080054ac                USART_Reset
 .text.sl_device_init_dcdc
                0x0800554c       0x34 ./gecko_sdk_4.3.0/platform/service/device_init/src/sl_device_init_dcdc_s2.o
                0x0800554c                sl_device_init_dcdc
 .text.sl_device_init_emu
                0x08005580       0x34 ./gecko_sdk_4.3.0/platform/service/device_init/src/sl_device_init_emu_s2.o
                0x08005580                sl_device_init_emu
 .text.sl_device_init_hfxo
                0x080055b4       0xcc ./gecko_sdk_4.3.0/platform/service/device_init/src/sl_device_init_hfxo_s2.o
                0x080055b4                sl_device_init_hfxo
 .text.sl_device_init_lfxo
                0x08005680       0x3c ./gecko_sdk_4.3.0/platform/service/device_init/src/sl_device_init_lfxo_s2.o
                0x08005680                sl_device_init_lfxo
 .text.__NVIC_SetPriority
                0x080056bc       0x50 ./gecko_sdk_4.3.0/platform/service/device_init/src/sl_device_init_nvic.o
 .text.sl_udelay_wait
                0x0800570c       0x80 ./gecko_sdk_4.3.0/platform/service/udelay/src/sl_udelay.o
                0x0800570c                sl_udelay_wait
 .text          0x0800578c      0x378 c:/siliconlabs/simplicitystudio/v5/developer/toolchains/gnu_arm/10.3_2021.10/bin/../lib/gcc/arm-none-eabi/10.3.1/thumb/v8-m.main+fp/hard\libgcc.a(_arm_addsubdf3.o)
                0x0800578c                __aeabi_drsub
                0x08005794                __aeabi_dsub
                0x08005794                __subdf3
                0x08005798                __aeabi_dadd
                0x08005798                __adddf3
                0x08005a10                __floatunsidf
                0x08005a10                __aeabi_ui2d
                0x08005a30                __floatsidf
                0x08005a30                __aeabi_i2d
                0x08005a54                __aeabi_f2d
                0x08005a54                __extendsfdf2
                0x08005a98                __floatundidf
                0x08005a98                __aeabi_ul2d
                0x08005aa8                __floatdidf
                0x08005aa8                __aeabi_l2d
 .text          0x08005b04      0x424 c:/siliconlabs/simplicitystudio/v5/developer/toolchains/gnu_arm/10.3_2021.10/bin/../lib/gcc/arm-none-eabi/10.3.1/thumb/v8-m.main+fp/hard\libgcc.a(_arm_muldivdf3.o)
                0x08005b04                __aeabi_dmul
                0x08005b04                __muldf3
                0x08005d58                __divdf3
                0x08005d58                __aeabi_ddiv
 .text          0x08005f28      0x110 c:/siliconlabs/simplicitystudio/v5/developer/toolchains/gnu_arm/10.3_2021.10/bin/../lib/gcc/arm-none-eabi/10.3.1/thumb/v8-m.main+fp/hard\libgcc.a(_arm_cmpdf2.o)
                0x08005f28                __gtdf2
                0x08005f28                __gedf2
                0x08005f30                __ltdf2
                0x08005f30                __ledf2
                0x08005f38                __nedf2
                0x08005f38                __eqdf2
                0x08005f38                __cmpdf2
                0x08005fb4                __aeabi_cdrcmple
                0x08005fc4                __aeabi_cdcmpeq
                0x08005fc4                __aeabi_cdcmple
                0x08005fd4                __aeabi_dcmpeq
                0x08005fe8                __aeabi_dcmplt
                0x08005ffc                __aeabi_dcmple
                0x08006010                __aeabi_dcmpge
                0x08006024                __aeabi_dcmpgt
 .text          0x08006038       0x50 c:/siliconlabs/simplicitystudio/v5/developer/toolchains/gnu_arm/10.3_2021.10/bin/../lib/gcc/arm-none-eabi/10.3.1/thumb/v8-m.main+fp/hard\libgcc.a(_arm_fixdfsi.o)
                0x08006038                __aeabi_d2iz
                0x08006038                __fixdfsi
 .text          0x08006088       0x30 c:/siliconlabs/simplicitystudio/v5/developer/toolchains/gnu_arm/10.3_2021.10/bin/../lib/gcc/arm-none-eabi/10.3.1/thumb/v8-m.main+fp/hard\libgcc.a(_aeabi_uldivmod.o)
                0x08006088                __aeabi_uldivmod
 .text          0x080060b8      0x2ec c:/siliconlabs/simplicitystudio/v5/developer/toolchains/gnu_arm/10.3_2021.10/bin/../lib/gcc/arm-none-eabi/10.3.1/thumb/v8-m.main+fp/hard\libgcc.a(_udivmoddi4.o)
                0x080060b8                __udivmoddi4
 .text          0x080063a4        0x4 c:/siliconlabs/simplicitystudio/v5/developer/toolchains/gnu_arm/10.3_2021.10/bin/../lib/gcc/arm-none-eabi/10.3.1/thumb/v8-m.main+fp/hard\libgcc.a(_dvmd_tls.o)
                0x080063a4                __aeabi_idiv0
                0x080063a4                __aeabi_ldiv0
 .text.exit     0x080063a8       0x28 c:/siliconlabs/simplicitystudio/v5/developer/toolchains/gnu_arm/10.3_2021.10/bin/../lib/gcc/arm-none-eabi/10.3.1/../../../../arm-none-eabi/lib/thumb/v8-m.main+fp/hard\libc_nano.a(lib_a-exit.o)
                0x080063a8                exit
 .text.__libc_init_array
                0x080063d0       0x48 c:/siliconlabs/simplicitystudio/v5/developer/toolchains/gnu_arm/10.3_2021.10/bin/../lib/gcc/arm-none-eabi/10.3.1/../../../../arm-none-eabi/lib/thumb/v8-m.main+fp/hard\libc_nano.a(lib_a-init.o)
                0x080063d0                __libc_init_array
 .text._strtol_l.constprop.0
                0x08006418      0x104 c:/siliconlabs/simplicitystudio/v5/developer/toolchains/gnu_arm/10.3_2021.10/bin/../lib/gcc/arm-none-eabi/10.3.1/../../../../arm-none-eabi/lib/thumb/v8-m.main+fp/hard\libc_nano.a(lib_a-strtol.o)
 .text.strtol   0x0800651c       0x14 c:/siliconlabs/simplicitystudio/v5/developer/toolchains/gnu_arm/10.3_2021.10/bin/../lib/gcc/arm-none-eabi/10.3.1/../../../../arm-none-eabi/lib/thumb/v8-m.main+fp/hard\libc_nano.a(lib_a-strtol.o)
                0x0800651c                strtol
 .text.__errno  0x08006530        0xc c:/siliconlabs/simplicitystudio/v5/developer/toolchains/gnu_arm/10.3_2021.10/bin/../lib/gcc/arm-none-eabi/10.3.1/../../../../arm-none-eabi/lib/thumb/v8-m.main+fp/hard\libc_nano.a(lib_a-errno.o)
                0x08006530                __errno
 .text._exit    0x0800653c        0x4 c:/siliconlabs/simplicitystudio/v5/developer/toolchains/gnu_arm/10.3_2021.10/bin/../lib/gcc/arm-none-eabi/10.3.1/../../../../arm-none-eabi/lib/thumb/v8-m.main+fp/hard\libnosys.a(_exit.o)
                0x0800653c                _exit
 .text.BUS_RegBitRead
                0x08006540       0x1a ./DHT22.o
 .text.DHT_Start
                0x0800655a       0x3c ./DHT22.o
                0x0800655a                DHT_Start
 .text.DHT_Check_Response
                0x08006596       0x5c ./DHT22.o
                0x08006596                DHT_Check_Response
 .text.DHT_Read
                0x080065f2       0x9c ./DHT22.o
                0x080065f2                DHT_Read
 .text.LETIMER_IntClear
                0x0800668e       0x18 ./Letimer.o
 .text.LETIMER_IntEnable
                0x080066a6       0x18 ./Letimer.o
 .text.LETIMER_IntGet
                0x080066be        0xe ./Letimer.o
 .text.letimer0Init
                0x080066cc       0x6c ./Letimer.o
                0x080066cc                letimer0Init
 .text.letimer0Enable
                0x08006738       0x2a ./Letimer.o
                0x08006738                letimer0Enable
 .text.IADC_command
                0x08006762       0x12 ./adc.o
 .text.app_init
                0x08006774       0x16 ./app.o
                0x08006774                app_init
 .text.app_process_action
                0x0800678a        0x4 ./app.o
                0x0800678a                app_process_action
 .text.main     0x0800678e       0x16 ./main.o
                0x0800678e                main
 .text.data     0x080067a4       0x76 ./uart.o
                0x080067a4                data
 .text.insertStringAtBeginning
                0x0800681a       0x22 ./uart.o
                0x0800681a                insertStringAtBeginning
 .text.concatenateArrays
                0x0800683c       0x34 ./uart.o
                0x0800683c                concatenateArrays
 .text.sl_board_default_init
                0x08006870        0xa ./autogen/sl_board_default_init.o
                0x08006870                sl_board_default_init
 .text.CHIP_Init
                0x0800687a        0x4 ./autogen/sl_event_handler.o
 .text.sl_platform_init
                0x0800687e       0x2a ./autogen/sl_event_handler.o
                0x0800687e                sl_platform_init
 .text.sl_driver_init
                0x080068a8        0xe ./autogen/sl_event_handler.o
                0x080068a8                sl_driver_init
 .text.sl_service_init
                0x080068b6        0xa ./autogen/sl_event_handler.o
                0x080068b6                sl_service_init
 .text.sl_stack_init
                0x080068c0        0x4 ./autogen/sl_event_handler.o
                0x080068c0                sl_stack_init
 .text.sl_internal_app_init
                0x080068c4        0x4 ./autogen/sl_event_handler.o
                0x080068c4                sl_internal_app_init
 .text.sl_board_configure_vcom
                0x080068c8        0x6 ./gecko_sdk_4.3.0/hardware/board/src/sl_board_control_gpio.o
                0x080068c8                sl_board_configure_vcom
 .text.sl_board_disable_vcom
                0x080068ce       0x14 ./gecko_sdk_4.3.0/hardware/board/src/sl_board_control_gpio.o
                0x080068ce                sl_board_disable_vcom
 .text.sl_board_init
                0x080068e2       0x16 ./gecko_sdk_4.3.0/hardware/board/src/sl_board_init.o
                0x080068e2                sl_board_init
 .text.sl_board_preinit
                0x080068f8        0xe ./gecko_sdk_4.3.0/hardware/board/src/sl_board_init.o
                0x080068f8                sl_board_preinit
 .text.sl_cos_send_config
                0x08006906       0x12 ./gecko_sdk_4.3.0/hardware/driver/configuration_over_swo/src/sl_cos.o
                0x08006906                sl_cos_send_config
 .text.cs_low   0x08006918        0xe ./gecko_sdk_4.3.0/hardware/driver/mx25_flash_shutdown/src/sl_mx25_flash_shutdown_usart/sl_mx25_flash_shutdown.o
 .text.cs_high  0x08006926        0xe ./gecko_sdk_4.3.0/hardware/driver/mx25_flash_shutdown/src/sl_mx25_flash_shutdown_usart/sl_mx25_flash_shutdown.o
 .text.Default_Handler
                0x08006934        0x2 ./gecko_sdk_4.3.0/platform/Device/SiliconLabs/EFR32MG24/Source/startup_efr32mg24.o
                0x08006934                ULFRCO_IRQHandler
                0x08006934                AHB2AHB1_IRQHandler
                0x08006934                SW2_IRQHandler
                0x08006934                TIMER2_IRQHandler
                0x08006934                DebugMon_Handler
                0x08006934                USART0_TX_IRQHandler
                0x08006934                IADC_IRQHandler
                0x08006934                EUSART0_TX_IRQHandler
                0x08006934                I2C0_IRQHandler
                0x08006934                LFXO_IRQHandler
                0x08006934                HardFault_Handler
                0x08006934                SMU_SECURE_IRQHandler
                0x08006934                SysTick_Handler
                0x08006934                SYSRTC_SEQ_IRQHandler
                0x08006934                EMUEFP_IRQHandler
                0x08006934                PendSV_Handler
                0x08006934                NMI_Handler
                0x08006934                SYNTH_IRQHandler
                0x08006934                HOSTMAILBOX_IRQHandler
                0x08006934                HFXO0_IRQHandler
                0x08006934                I2C1_IRQHandler
                0x08006934                WDOG0_IRQHandler
                0x08006934                TIMER3_IRQHandler
                0x08006934                SYSCFG_IRQHandler
                0x08006934                RFECA1_IRQHandler
                0x08006934                EMUDG_IRQHandler
                0x08006934                MSC_IRQHandler
                0x08006934                DPLL0_IRQHandler
                0x08006934                UsageFault_Handler
                0x08006934                WDOG1_IRQHandler
                0x08006934                M33CTI1_IRQHandler
                0x08006934                TIMER4_IRQHandler
                0x08006934                GPIO_EVEN_IRQHandler
                0x08006934                VDAC0_IRQHandler
                0x08006934                LDMA_IRQHandler
                0x08006934                SEMBTX_IRQHandler
                0x08006934                SW0_IRQHandler
                0x08006934                MVP_IRQHandler
                0x08006934                EUSART1_RX_IRQHandler
                0x08006934                TIMER1_IRQHandler
                0x08006934                HFRCO0_IRQHandler
                0x08006934                SecureFault_Handler
                0x08006934                BUFC_IRQHandler
                0x08006934                DCDC_IRQHandler
                0x08006934                MODEM_IRQHandler
                0x08006934                Default_Handler
                0x08006934                RAC_SEQ_IRQHandler
                0x08006934                FRC_PRI_IRQHandler
                0x08006934                SW3_IRQHandler
                0x08006934                EMU_IRQHandler
                0x08006934                KERNEL0_IRQHandler
                0x08006934                FRC_IRQHandler
                0x08006934                PCNT0_IRQHandler
                0x08006934                KERNEL1_IRQHandler
                0x08006934                AGC_IRQHandler
                0x08006934                EUSART1_TX_IRQHandler
                0x08006934                KEYSCAN_IRQHandler
                0x08006934                HFRCOEM23_IRQHandler
                0x08006934                sl_app_properties
                0x08006934                BURTC_IRQHandler
                0x08006934                SEMBRX_IRQHandler
                0x08006934                RFECA0_IRQHandler
                0x08006934                LFRCO_IRQHandler
                0x08006934                VDAC1_IRQHandler
                0x08006934                ACMP0_IRQHandler
                0x08006934                USART0_RX_IRQHandler
                0x08006934                MemManage_Handler
                0x08006934                AHB2AHB0_IRQHandler
                0x08006934                SVC_Handler
                0x08006934                SMU_S_PRIVILEGED_IRQHandler
                0x08006934                SW1_IRQHandler
                0x08006934                CMU_IRQHandler
                0x08006934                EUSART0_RX_IRQHandler
                0x08006934                RAC_RSM_IRQHandler
                0x08006934                SETAMPERHOST_IRQHandler
                0x08006934                GPIO_ODD_IRQHandler
                0x08006934                AES_IRQHandler
                0x08006934                M33CTI0_IRQHandler
                0x08006934                ICACHE0_IRQHandler
                0x08006934                SMU_NS_PRIVILEGED_IRQHandler
                0x08006934                FPUEXH_IRQHandler
                0x08006934                PROTIMER_IRQHandler
                0x08006934                ACMP1_IRQHandler
                0x08006934                BusFault_Handler
                0x08006934                MPAHBRAM_IRQHandler
                0x08006934                SYSRTC_APP_IRQHandler
 .text.SystemCLKIN0Get
                0x08006936        0x6 ./gecko_sdk_4.3.0/platform/Device/SiliconLabs/EFR32MG24/Source/system_efr32mg24.o
                0x08006936                SystemCLKIN0Get
 .text.SystemLFRCOClockGet
                0x0800693c        0x8 ./gecko_sdk_4.3.0/platform/Device/SiliconLabs/EFR32MG24/Source/system_efr32mg24.o
                0x0800693c                SystemLFRCOClockGet
 .text.SystemULFRCOClockGet
                0x08006944        0x8 ./gecko_sdk_4.3.0/platform/Device/SiliconLabs/EFR32MG24/Source/system_efr32mg24.o
                0x08006944                SystemULFRCOClockGet
 .text.assertEFM
                0x0800694c        0x8 ./gecko_sdk_4.3.0/platform/common/src/sl_assert.o
                0x0800694c                assertEFM
 .text.sl_debug_swo_enable_itm
                0x08006954       0x26 ./gecko_sdk_4.3.0/platform/driver/debug/src/sl_debug_swo.o
                0x08006954                sl_debug_swo_enable_itm
 .text.sl_debug_swo_disable_itm
                0x0800697a       0x28 ./gecko_sdk_4.3.0/platform/driver/debug/src/sl_debug_swo.o
                0x0800697a                sl_debug_swo_disable_itm
 .text.TIMER_CounterGet
                0x080069a2        0xe ./gecko_sdk_4.3.0/platform/emdrv/ustimer/src/ustimer.o
 .text.TIMER_IntClear
                0x080069b0       0x18 ./gecko_sdk_4.3.0/platform/emdrv/ustimer/src/ustimer.o
 .text.TIMER_IntDisable
                0x080069c8       0x1a ./gecko_sdk_4.3.0/platform/emdrv/ustimer/src/ustimer.o
 .text.TIMER_IntGet
                0x080069e2        0xe ./gecko_sdk_4.3.0/platform/emdrv/ustimer/src/ustimer.o
 .text.SystemCoreClockGet
                0x080069f0        0xc ./gecko_sdk_4.3.0/platform/emlib/src/em_cmu.o
 .text.BUS_RegBitRead
                0x080069fc       0x1a ./gecko_sdk_4.3.0/platform/emlib/src/em_cmu.o
 .text.BUS_RegMaskedWrite
                0x08006a16       0x34 ./gecko_sdk_4.3.0/platform/emlib/src/em_cmu.o
 .text.sli_em_cmu_SYSCLKInitPreClockSelect
                0x08006a4a       0x1a ./gecko_sdk_4.3.0/platform/emlib/src/em_cmu.o
                0x08006a4a                sli_em_cmu_SYSCLKInitPreClockSelect
 .text.sli_em_cmu_SYSCLKInitPostClockSelect
                0x08006a64       0x2e ./gecko_sdk_4.3.0/platform/emlib/src/em_cmu.o
                0x08006a64                sli_em_cmu_SYSCLKInitPostClockSelect
 .text.CMU_UpdateWaitStates
                0x08006a92       0x28 ./gecko_sdk_4.3.0/platform/emlib/src/em_cmu.o
                0x08006a92                CMU_UpdateWaitStates
 .text.pclkDivMax
                0x08006aba       0x10 ./gecko_sdk_4.3.0/platform/emlib/src/em_cmu.o
 .text.waitStateMax
                0x08006aca       0x14 ./gecko_sdk_4.3.0/platform/emlib/src/em_cmu.o
 .text.CORE_EnterCritical
                0x08006ade       0x18 ./gecko_sdk_4.3.0/platform/emlib/src/em_core.o
                0x08006ade                CORE_EnterCritical
 .text.CORE_ExitCritical
                0x08006af6       0x14 ./gecko_sdk_4.3.0/platform/emlib/src/em_core.o
                0x08006af6                CORE_ExitCritical
 .text.SystemCoreClockUpdate
                0x08006b0a        0xa ./gecko_sdk_4.3.0/platform/emlib/src/em_emu.o
 .text.BUS_RegBitRead
                0x08006b14       0x1a ./gecko_sdk_4.3.0/platform/emlib/src/em_emu.o
 .text.vScaleEM01Cmd
                0x08006b2e       0x1c ./gecko_sdk_4.3.0/platform/emlib/src/em_emu.o
 .text.EMU_EM23PresleepHook
                0x08006b4a        0x4 ./gecko_sdk_4.3.0/platform/emlib/src/em_emu.o
                0x08006b4a                EMU_EM23PresleepHook
 .text.EMU_EFPEM23PresleepHook
                0x08006b4e        0x4 ./gecko_sdk_4.3.0/platform/emlib/src/em_emu.o
                0x08006b4e                EMU_EFPEM23PresleepHook
 .text.EMU_EM23PostsleepHook
                0x08006b52        0x4 ./gecko_sdk_4.3.0/platform/emlib/src/em_emu.o
                0x08006b52                EMU_EM23PostsleepHook
 .text.EMU_EFPEM23PostsleepHook
                0x08006b56        0x4 ./gecko_sdk_4.3.0/platform/emlib/src/em_emu.o
                0x08006b56                EMU_EFPEM23PostsleepHook
 .text.EMU_EFPEM01VScale
                0x08006b5a        0xe ./gecko_sdk_4.3.0/platform/emlib/src/em_emu.o
                0x08006b5a                EMU_EFPEM01VScale
 .text.EMU_DCDCUpdatedHook
                0x08006b68        0x4 ./gecko_sdk_4.3.0/platform/emlib/src/em_emu.o
                0x08006b68                EMU_DCDCUpdatedHook
 .text.BUS_RegMaskedWrite
                0x08006b6c       0x34 ./gecko_sdk_4.3.0/platform/emlib/src/em_gpio.o
 .text.GPIO_DbgLocationSet
                0x08006ba0        0xa ./gecko_sdk_4.3.0/platform/emlib/src/em_gpio.o
                0x08006ba0                GPIO_DbgLocationSet
 .text.IADC_pullSingleFifoData
                0x08006baa        0xe ./gecko_sdk_4.3.0/platform/emlib/src/em_iadc.o
 .text.IADC_readSingleData
                0x08006bb8        0xe ./gecko_sdk_4.3.0/platform/emlib/src/em_iadc.o
 .text.IADC_pullScanFifoData
                0x08006bc6       0x10 ./gecko_sdk_4.3.0/platform/emlib/src/em_iadc.o
 .text.IADC_readScanData
                0x08006bd6       0x10 ./gecko_sdk_4.3.0/platform/emlib/src/em_iadc.o
 .text.IADC_clearInt
                0x08006be6       0x18 ./gecko_sdk_4.3.0/platform/emlib/src/em_iadc.o
 .text.IADC_disableInt
                0x08006bfe       0x18 ./gecko_sdk_4.3.0/platform/emlib/src/em_iadc.o
 .text.IADC_command
                0x08006c16       0x12 ./gecko_sdk_4.3.0/platform/emlib/src/em_iadc.o
 .text.IADC_enable
                0x08006c28       0x16 ./gecko_sdk_4.3.0/platform/emlib/src/em_iadc.o
 .text.IADC_ConvertRawDataToResult
                0x08006c3e       0x72 ./gecko_sdk_4.3.0/platform/emlib/src/em_iadc.o
 .text.IADC_readSingleResult
                0x08006cb0       0x2a ./gecko_sdk_4.3.0/platform/emlib/src/em_iadc.o
                0x08006cb0                IADC_readSingleResult
 .text.regSync  0x08006cda       0x1c ./gecko_sdk_4.3.0/platform/emlib/src/em_letimer.o
 .text.LETIMER_TopSet
                0x08006cf6       0x38 ./gecko_sdk_4.3.0/platform/emlib/src/em_letimer.o
                0x08006cf6                LETIMER_TopSet
 .text.TIMER_SyncWait
                0x08006d2e       0x24 ./gecko_sdk_4.3.0/platform/emlib/src/em_timer.o
                0x08006d2e                TIMER_SyncWait
 .text.USART_SpiTransfer
                0x08006d52       0x3a ./gecko_sdk_4.3.0/platform/emlib/src/em_usart.o
                0x08006d52                USART_SpiTransfer
 .text.USART_Tx
                0x08006d8c       0x26 ./gecko_sdk_4.3.0/platform/emlib/src/em_usart.o
                0x08006d8c                USART_Tx
 .text.sl_device_init_nvic
                0x08006db2       0x38 ./gecko_sdk_4.3.0/platform/service/device_init/src/sl_device_init_nvic.o
                0x08006db2                sl_device_init_nvic
 .text.sl_system_init
                0x08006dea       0x1a ./gecko_sdk_4.3.0/platform/service/system/src/sl_system_init.o
                0x08006dea                sl_system_init
 .text.SystemCoreClockGet
                0x08006e04        0xc ./gecko_sdk_4.3.0/platform/service/udelay/src/sl_udelay.o
 .text.atoi     0x08006e10        0x8 c:/siliconlabs/simplicitystudio/v5/developer/toolchains/gnu_arm/10.3_2021.10/bin/../lib/gcc/arm-none-eabi/10.3.1/../../../../arm-none-eabi/lib/thumb/v8-m.main+fp/hard\libc_nano.a(lib_a-atoi.o)
                0x08006e10                atoi
 .text.memset   0x08006e18       0x10 c:/siliconlabs/simplicitystudio/v5/developer/toolchains/gnu_arm/10.3_2021.10/bin/../lib/gcc/arm-none-eabi/10.3.1/../../../../arm-none-eabi/lib/thumb/v8-m.main+fp/hard\libc_nano.a(lib_a-memset.o)
                0x08006e18                memset
 .text.strcat   0x08006e28       0x1e c:/siliconlabs/simplicitystudio/v5/developer/toolchains/gnu_arm/10.3_2021.10/bin/../lib/gcc/arm-none-eabi/10.3.1/../../../../arm-none-eabi/lib/thumb/v8-m.main+fp/hard\libc_nano.a(lib_a-strcat.o)
                0x08006e28                strcat
 .text.strcpy   0x08006e46       0x10 c:/siliconlabs/simplicitystudio/v5/developer/toolchains/gnu_arm/10.3_2021.10/bin/../lib/gcc/arm-none-eabi/10.3.1/../../../../arm-none-eabi/lib/thumb/v8-m.main+fp/hard\libc_nano.a(lib_a-strcpy.o)
                0x08006e46                strcpy
                0x08006e56                linker_code_end = .
 *(.init)
 *fill*         0x08006e56        0x2 
 .init          0x08006e58        0x4 c:/siliconlabs/simplicitystudio/v5/developer/toolchains/gnu_arm/10.3_2021.10/bin/../lib/gcc/arm-none-eabi/10.3.1/thumb/v8-m.main+fp/hard/crti.o
                0x08006e58                _init
 .init          0x08006e5c        0x8 c:/siliconlabs/simplicitystudio/v5/developer/toolchains/gnu_arm/10.3_2021.10/bin/../lib/gcc/arm-none-eabi/10.3.1/thumb/v8-m.main+fp/hard/crtn.o
 *(.fini)
 .fini          0x08006e64        0x4 c:/siliconlabs/simplicitystudio/v5/developer/toolchains/gnu_arm/10.3_2021.10/bin/../lib/gcc/arm-none-eabi/10.3.1/thumb/v8-m.main+fp/hard/crti.o
                0x08006e64                _fini
 .fini          0x08006e68        0x8 c:/siliconlabs/simplicitystudio/v5/developer/toolchains/gnu_arm/10.3_2021.10/bin/../lib/gcc/arm-none-eabi/10.3.1/thumb/v8-m.main+fp/hard/crtn.o
 *crtbegin.o(.ctors)
 *crtbegin?.o(.ctors)
 *(EXCLUDE_FILE(*crtend.o *crtend?.o) .ctors)
 *(SORT_BY_NAME(.ctors.*))
 *(.ctors)
 *crtbegin.o(.dtors)
 *crtbegin?.o(.dtors)
 *(EXCLUDE_FILE(*crtend.o *crtend?.o) .dtors)
 *(SORT_BY_NAME(.dtors.*))
 *(.dtors)
 *(.rodata*)
 .rodata        0x08006e70       0x4c ./DHT22.o
 .rodata        0x08006ebc        0x9 ./Letimer.o
 *fill*         0x08006ec5        0x3 
 .rodata        0x08006ec8       0x28 ./adc.o
 .rodata        0x08006ef0       0x1c ./uart.o
 .rodata        0x08006f0c       0x68 ./gecko_sdk_4.3.0/hardware/driver/mx25_flash_shutdown/src/sl_mx25_flash_shutdown_usart/sl_mx25_flash_shutdown.o
 .rodata        0x08006f74       0x4b ./gecko_sdk_4.3.0/platform/driver/debug/src/sl_debug_swo.o
 *fill*         0x08006fbf        0x1 
 .rodata        0x08006fc0       0x4d ./gecko_sdk_4.3.0/platform/emdrv/ustimer/src/ustimer.o
 *fill*         0x0800700d        0x3 
 .rodata        0x08007010       0x97 ./gecko_sdk_4.3.0/platform/emlib/src/em_cmu.o
 *fill*         0x080070a7        0x1 
 .rodata        0x080070a8       0x4b ./gecko_sdk_4.3.0/platform/emlib/src/em_emu.o
 *fill*         0x080070f3        0x1 
 .rodata        0x080070f4       0xe4 ./gecko_sdk_4.3.0/platform/emlib/src/em_gpio.o
 .rodata        0x080071d8       0x64 ./gecko_sdk_4.3.0/platform/emlib/src/em_iadc.o
 .rodata        0x0800723c       0x4f ./gecko_sdk_4.3.0/platform/emlib/src/em_letimer.o
 *fill*         0x0800728b        0x1 
 .rodata        0x0800728c       0x9d ./gecko_sdk_4.3.0/platform/emlib/src/em_timer.o
 *fill*         0x08007329        0x3 
 .rodata        0x0800732c       0x4d ./gecko_sdk_4.3.0/platform/emlib/src/em_usart.o
 *fill*         0x08007379        0x3 
 .rodata        0x0800737c        0x7 ./gecko_sdk_4.3.0/platform/service/device_init/src/sl_device_init_dcdc_s2.o
 *fill*         0x08007383        0x1 
 .rodata        0x08007384       0x28 ./gecko_sdk_4.3.0/platform/service/device_init/src/sl_device_init_hfxo_s2.o
 .rodata        0x080073ac       0x14 ./gecko_sdk_4.3.0/platform/service/device_init/src/sl_device_init_lfxo_s2.o
 .rodata        0x080073c0       0x57 ./gecko_sdk_4.3.0/platform/service/udelay/src/sl_udelay.o
 *fill*         0x08007417        0x1 
 .rodata._global_impure_ptr
                0x08007418        0x4 c:/siliconlabs/simplicitystudio/v5/developer/toolchains/gnu_arm/10.3_2021.10/bin/../lib/gcc/arm-none-eabi/10.3.1/../../../../arm-none-eabi/lib/thumb/v8-m.main+fp/hard\libc_nano.a(lib_a-impure.o)
                0x08007418                _global_impure_ptr
 .rodata._ctype_
                0x0800741c      0x101 c:/siliconlabs/simplicitystudio/v5/developer/toolchains/gnu_arm/10.3_2021.10/bin/../lib/gcc/arm-none-eabi/10.3.1/../../../../arm-none-eabi/lib/thumb/v8-m.main+fp/hard\libc_nano.a(lib_a-ctype_.o)
                0x0800741c                _ctype_
 *(.eh_frame*)
 *fill*         0x0800751d        0x3 
 .eh_frame      0x08007520        0x0 c:/siliconlabs/simplicitystudio/v5/developer/toolchains/gnu_arm/10.3_2021.10/bin/../lib/gcc/arm-none-eabi/10.3.1/thumb/v8-m.main+fp/hard/crtbegin.o

.glue_7         0x08007520        0x0
 .glue_7        0x08007520        0x0 linker stubs

.glue_7t        0x08007520        0x0
 .glue_7t       0x08007520        0x0 linker stubs

.vfp11_veneer   0x08007520        0x0
 .vfp11_veneer  0x08007520        0x0 linker stubs

.v4_bx          0x08007520        0x0
 .v4_bx         0x08007520        0x0 linker stubs

.iplt           0x08007520        0x0
 .iplt          0x08007520        0x0 c:/siliconlabs/simplicitystudio/v5/developer/toolchains/gnu_arm/10.3_2021.10/bin/../lib/gcc/arm-none-eabi/10.3.1/thumb/v8-m.main+fp/hard/crtbegin.o

.ARM.extab
 *(.ARM.extab* .gnu.linkonce.armextab.*)
                0x08007520                __exidx_start = .

.ARM.exidx      0x08007520        0x8
 *(.ARM.exidx* .gnu.linkonce.armexidx.*)
 .ARM.exidx     0x08007520        0x8 c:/siliconlabs/simplicitystudio/v5/developer/toolchains/gnu_arm/10.3_2021.10/bin/../lib/gcc/arm-none-eabi/10.3.1/../../../../arm-none-eabi/lib/thumb/v8-m.main+fp/hard/crt0.o
                                 0x10 (size before relaxing)
 .ARM.exidx     0x08007528        0x0 c:/siliconlabs/simplicitystudio/v5/developer/toolchains/gnu_arm/10.3_2021.10/bin/../lib/gcc/arm-none-eabi/10.3.1/thumb/v8-m.main+fp/hard\libgcc.a(_udivmoddi4.o)
                                  0x8 (size before relaxing)
                0x08007528                __exidx_end = .

.rel.dyn        0x08007528        0x0
 .rel.iplt      0x08007528        0x0 c:/siliconlabs/simplicitystudio/v5/developer/toolchains/gnu_arm/10.3_2021.10/bin/../lib/gcc/arm-none-eabi/10.3.1/thumb/v8-m.main+fp/hard/crtbegin.o

.copy.table     0x08007528        0xc
                0x08007528                . = ALIGN (0x4)
                0x08007528                __copy_table_start__ = .
                0x08007528        0x4 LONG 0x8007534 __etext
                0x0800752c        0x4 LONG 0x20001000 __data_start__
                0x08007530        0x4 LONG 0x23 ((__data_end__ - __data_start__) / 0x4)
                0x08007534                __copy_table_end__ = .

.zero.table     0x08007534        0x0
                0x08007534                . = ALIGN (0x4)
                0x08007534                __zero_table_start__ = .
                0x08007534                __zero_table_end__ = .
                0x08007534                __etext = .
                0x20000000                . = ORIGIN (RAM)

.stack          0x20000000     0x1000
                0x20000000                __StackLimit = .
 *(.stack*)
 .stack         0x20000000     0x1000 ./gecko_sdk_4.3.0/platform/common/toolchain/src/sl_memory.o
                0x20001000                . = ALIGN (0x4)
                0x20001000                __StackTop = .
                0x20001000                PROVIDE (__stack = __StackTop)

.noinit
 *(.noinit*)

.data           0x20001000       0x8c load address 0x08007534
                0x20001000                . = ALIGN (0x4)
                0x20001000                __data_start__ = .
 *(vtable)
 *(SORT_BY_ALIGNMENT(.data*))
 .data.battery  0x20001000        0x8 ./Letimer.o
                0x20001000                battery
 .data.SystemHFXOClock
                0x20001008        0x4 ./gecko_sdk_4.3.0/platform/Device/SiliconLabs/EFR32MG24/Source/system_efr32mg24.o
 .data.SystemLFXOClock
                0x2000100c        0x4 ./gecko_sdk_4.3.0/platform/Device/SiliconLabs/EFR32MG24/Source/system_efr32mg24.o
 .data.SystemHFRCODPLLClock
                0x20001010        0x4 ./gecko_sdk_4.3.0/platform/Device/SiliconLabs/EFR32MG24/Source/system_efr32mg24.o
 .data.SystemCoreClock
                0x20001014        0x4 ./gecko_sdk_4.3.0/platform/Device/SiliconLabs/EFR32MG24/Source/system_efr32mg24.o
                0x20001014                SystemCoreClock
 .data._impure_ptr
                0x20001018        0x4 c:/siliconlabs/simplicitystudio/v5/developer/toolchains/gnu_arm/10.3_2021.10/bin/../lib/gcc/arm-none-eabi/10.3.1/../../../../arm-none-eabi/lib/thumb/v8-m.main+fp/hard\libc_nano.a(lib_a-impure.o)
                0x20001018                _impure_ptr
 .data.impure_data
                0x2000101c       0x60 c:/siliconlabs/simplicitystudio/v5/developer/toolchains/gnu_arm/10.3_2021.10/bin/../lib/gcc/arm-none-eabi/10.3.1/../../../../arm-none-eabi/lib/thumb/v8-m.main+fp/hard\libc_nano.a(lib_a-impure.o)
 .data.lfxo_precision
                0x2000107c        0x2 ./gecko_sdk_4.3.0/platform/emlib/src/em_cmu.o
 .data.hfxo_precision
                0x2000107e        0x2 ./gecko_sdk_4.3.0/platform/emlib/src/em_cmu.o
 .data.ctuneDelta
                0x20001080        0x1 ./gecko_sdk_4.3.0/platform/emlib/src/em_cmu.o
                0x20001084                . = ALIGN (0x4)
 *fill*         0x20001081        0x3 
                [!provide]                PROVIDE (__ram_func_section_start = .)
 *(.ram)
                [!provide]                PROVIDE (__ram_func_section_end = .)
                0x20001084                . = ALIGN (0x4)
                0x20001084                PROVIDE (__preinit_array_start = .)
 *(.preinit_array)
                0x20001084                PROVIDE (__preinit_array_end = .)
                0x20001084                . = ALIGN (0x4)
                0x20001084                PROVIDE (__init_array_start = .)
 *(SORT_BY_NAME(.init_array.*))
 *(.init_array)
 .init_array    0x20001084        0x4 c:/siliconlabs/simplicitystudio/v5/developer/toolchains/gnu_arm/10.3_2021.10/bin/../lib/gcc/arm-none-eabi/10.3.1/thumb/v8-m.main+fp/hard/crtbegin.o
                0x20001088                PROVIDE (__init_array_end = .)
                0x20001088                . = ALIGN (0x4)
                [!provide]                PROVIDE (__fini_array_start = .)
 *(SORT_BY_NAME(.fini_array.*))
 *(.fini_array)
 .fini_array    0x20001088        0x4 c:/siliconlabs/simplicitystudio/v5/developer/toolchains/gnu_arm/10.3_2021.10/bin/../lib/gcc/arm-none-eabi/10.3.1/thumb/v8-m.main+fp/hard/crtbegin.o
                [!provide]                PROVIDE (__fini_array_end = .)
                0x2000108c                . = ALIGN (0x4)
                0x2000108c                __data_end__ = .

.igot.plt       0x2000108c        0x0 load address 0x080075c0
 .igot.plt      0x2000108c        0x0 c:/siliconlabs/simplicitystudio/v5/developer/toolchains/gnu_arm/10.3_2021.10/bin/../lib/gcc/arm-none-eabi/10.3.1/thumb/v8-m.main+fp/hard/crtbegin.o

.bss            0x2000108c       0x44 load address 0x080075c0
                0x2000108c                . = ALIGN (0x4)
                0x2000108c                __bss_start__ = .
 *(SORT_BY_ALIGNMENT(.bss*))
 *fill*         0x2000108c        0x4 
 .bss.Moisture  0x20001090        0x8 ./adc.o
                0x20001090                Moisture
 .bss.voltage   0x20001098        0x8 ./adc.o
                0x20001098                voltage
 .bss           0x200010a0       0x1c c:/siliconlabs/simplicitystudio/v5/developer/toolchains/gnu_arm/10.3_2021.10/bin/../lib/gcc/arm-none-eabi/10.3.1/thumb/v8-m.main+fp/hard/crtbegin.o
 .bss.freq      0x200010bc        0x4 ./gecko_sdk_4.3.0/platform/emdrv/ustimer/src/ustimer.o
 .bss.minTicks  0x200010c0        0x4 ./gecko_sdk_4.3.0/platform/emdrv/ustimer/src/ustimer.o
 .bss.vScaleEM01Config
                0x200010c4        0x1 ./gecko_sdk_4.3.0/platform/emlib/src/em_emu.o
 *fill*         0x200010c5        0x1 
 .bss.SUM       0x200010c6        0x2 ./DHT22.o
                0x200010c6                SUM
 .bss.Rh_byte1  0x200010c8        0x1 ./DHT22.o
                0x200010c8                Rh_byte1
 .bss.Rh_byte2  0x200010c9        0x1 ./DHT22.o
                0x200010c9                Rh_byte2
 .bss.Temp_byte1
                0x200010ca        0x1 ./DHT22.o
                0x200010ca                Temp_byte1
 .bss.Temp_byte2
                0x200010cb        0x1 ./DHT22.o
                0x200010cb                Temp_byte2
 .bss.Presence  0x200010cc        0x1 ./DHT22.o
                0x200010cc                Presence
 .bss.count     0x200010cd        0x1 ./Letimer.o
                0x200010cd                count
 .bss.timeElapsed
                0x200010ce        0x1 ./gecko_sdk_4.3.0/platform/emdrv/ustimer/src/ustimer.o
 *(COMMON)
                0x200010d0                . = ALIGN (0x4)
 *fill*         0x200010cf        0x1 
                0x200010d0                __bss_end__ = .

.heap           0x200010d0      0x800
                0x200010d0                __HeapBase = .
                0x200010d0                __end__ = .
                0x200010d0                end = __end__
                0x200010d0                _end = __end__
 *(.heap*)
 .heap          0x200010d0      0x800 ./gecko_sdk_4.3.0/platform/common/toolchain/src/sl_memory.o
                0x20040000                __HeapLimit = (ORIGIN (RAM) + LENGTH (RAM))
                0x0003ef30                __heap_size = (__HeapLimit - __HeapBase)
                0x20040000                __ram_end__ = 0x20040000
                0x0817e000                __main_flash_end__ = 0x817e000

.internal_storage
                0x08007534        0x0
 *(.internal_storage*)

.nvm            0x08007534        0x0
 *(.simee*)
                0x0817e000                linker_nvm_end = __main_flash_end__
                0x0817e000                linker_nvm_begin = (linker_nvm_end - SIZEOF (.nvm))
                0x00000000                linker_nvm_size = SIZEOF (.nvm)
                0x0817e000                linker_storage_end = linker_nvm_begin
                0x0817e000                __nvm3Base = linker_nvm_begin
                0x0817e000                linker_storage_begin = (linker_storage_end - SIZEOF (.internal_storage))
                0x00000000                linker_storage_size = SIZEOF (.internal_storage)
                0x00000001                ASSERT ((linker_storage_begin >= (__etext + SIZEOF (.data))), FLASH memory overflowed !)
                0x0817e000                app_flash_end = 0x817e000
                0x00000001                ASSERT (((linker_nvm_begin + SIZEOF (.nvm)) <= app_flash_end), NVM3 is excessing the flash size !)
OUTPUT(IoT_Challenge.axf elf32-littlearm)
LOAD linker stubs

.ARM.attributes
                0x00000000       0x36
 .ARM.attributes
                0x00000000       0x22 c:/siliconlabs/simplicitystudio/v5/developer/toolchains/gnu_arm/10.3_2021.10/bin/../lib/gcc/arm-none-eabi/10.3.1/thumb/v8-m.main+fp/hard/crti.o
 .ARM.attributes
                0x00000022       0x38 c:/siliconlabs/simplicitystudio/v5/developer/toolchains/gnu_arm/10.3_2021.10/bin/../lib/gcc/arm-none-eabi/10.3.1/thumb/v8-m.main+fp/hard/crtbegin.o
 .ARM.attributes
                0x0000005a       0x20 c:/siliconlabs/simplicitystudio/v5/developer/toolchains/gnu_arm/10.3_2021.10/bin/../lib/gcc/arm-none-eabi/10.3.1/../../../../arm-none-eabi/lib/thumb/v8-m.main+fp/hard/crt0.o
 .ARM.attributes
                0x0000007a       0x3a ./DHT22.o
 .ARM.attributes
                0x000000b4       0x3a ./Letimer.o
 .ARM.attributes
                0x000000ee       0x3a ./adc.o
 .ARM.attributes
                0x00000128       0x3a ./app.o
 .ARM.attributes
                0x00000162       0x3a ./main.o
 .ARM.attributes
                0x0000019c       0x3a ./uart.o
 .ARM.attributes
                0x000001d6       0x3a ./autogen/sl_board_default_init.o
 .ARM.attributes
                0x00000210       0x3a ./autogen/sl_device_init_clocks.o
 .ARM.attributes
                0x0000024a       0x3a ./autogen/sl_event_handler.o
 .ARM.attributes
                0x00000284       0x3a ./gecko_sdk_4.3.0/hardware/board/src/sl_board_control_gpio.o
 .ARM.attributes
                0x000002be       0x3a ./gecko_sdk_4.3.0/hardware/board/src/sl_board_init.o
 .ARM.attributes
                0x000002f8       0x3a ./gecko_sdk_4.3.0/hardware/driver/configuration_over_swo/src/sl_cos.o
 .ARM.attributes
                0x00000332       0x3a ./gecko_sdk_4.3.0/hardware/driver/mx25_flash_shutdown/src/sl_mx25_flash_shutdown_usart/sl_mx25_flash_shutdown.o
 .ARM.attributes
                0x0000036c       0x3a ./gecko_sdk_4.3.0/platform/Device/SiliconLabs/EFR32MG24/Source/startup_efr32mg24.o
 .ARM.attributes
                0x000003a6       0x3a ./gecko_sdk_4.3.0/platform/Device/SiliconLabs/EFR32MG24/Source/system_efr32mg24.o
 .ARM.attributes
                0x000003e0       0x3a ./gecko_sdk_4.3.0/platform/common/src/sl_assert.o
 .ARM.attributes
                0x0000041a       0x3a ./gecko_sdk_4.3.0/platform/common/toolchain/src/sl_memory.o
 .ARM.attributes
                0x00000454       0x3a ./gecko_sdk_4.3.0/platform/driver/debug/src/sl_debug_swo.o
 .ARM.attributes
                0x0000048e       0x3a ./gecko_sdk_4.3.0/platform/emdrv/ustimer/src/ustimer.o
 .ARM.attributes
                0x000004c8       0x3a ./gecko_sdk_4.3.0/platform/emlib/src/em_cmu.o
 .ARM.attributes
                0x00000502       0x3a ./gecko_sdk_4.3.0/platform/emlib/src/em_core.o
 .ARM.attributes
                0x0000053c       0x3a ./gecko_sdk_4.3.0/platform/emlib/src/em_emu.o
 .ARM.attributes
                0x00000576       0x3a ./gecko_sdk_4.3.0/platform/emlib/src/em_gpio.o
 .ARM.attributes
                0x000005b0       0x3a ./gecko_sdk_4.3.0/platform/emlib/src/em_iadc.o
 .ARM.attributes
                0x000005ea       0x3a ./gecko_sdk_4.3.0/platform/emlib/src/em_letimer.o
 .ARM.attributes
                0x00000624       0x3a ./gecko_sdk_4.3.0/platform/emlib/src/em_system.o
 .ARM.attributes
                0x0000065e       0x3a ./gecko_sdk_4.3.0/platform/emlib/src/em_timer.o
 .ARM.attributes
                0x00000698       0x3a ./gecko_sdk_4.3.0/platform/emlib/src/em_usart.o
 .ARM.attributes
                0x000006d2       0x3a ./gecko_sdk_4.3.0/platform/service/device_init/src/sl_device_init_dcdc_s2.o
 .ARM.attributes
                0x0000070c       0x3a ./gecko_sdk_4.3.0/platform/service/device_init/src/sl_device_init_emu_s2.o
 .ARM.attributes
                0x00000746       0x3a ./gecko_sdk_4.3.0/platform/service/device_init/src/sl_device_init_hfxo_s2.o
 .ARM.attributes
                0x00000780       0x3a ./gecko_sdk_4.3.0/platform/service/device_init/src/sl_device_init_lfxo_s2.o
 .ARM.attributes
                0x000007ba       0x3a ./gecko_sdk_4.3.0/platform/service/device_init/src/sl_device_init_nvic.o
 .ARM.attributes
                0x000007f4       0x3a ./gecko_sdk_4.3.0/platform/service/system/src/sl_system_init.o
 .ARM.attributes
                0x0000082e       0x3a ./gecko_sdk_4.3.0/platform/service/udelay/src/sl_udelay.o
 .ARM.attributes
                0x00000868       0x26 ./gecko_sdk_4.3.0/platform/service/udelay/src/sl_udelay_armv6m_gcc.o
 .ARM.attributes
                0x0000088e       0x22 c:/siliconlabs/simplicitystudio/v5/developer/toolchains/gnu_arm/10.3_2021.10/bin/../lib/gcc/arm-none-eabi/10.3.1/thumb/v8-m.main+fp/hard\libgcc.a(_arm_addsubdf3.o)
 .ARM.attributes
                0x000008b0       0x22 c:/siliconlabs/simplicitystudio/v5/developer/toolchains/gnu_arm/10.3_2021.10/bin/../lib/gcc/arm-none-eabi/10.3.1/thumb/v8-m.main+fp/hard\libgcc.a(_arm_muldivdf3.o)
 .ARM.attributes
                0x000008d2       0x22 c:/siliconlabs/simplicitystudio/v5/developer/toolchains/gnu_arm/10.3_2021.10/bin/../lib/gcc/arm-none-eabi/10.3.1/thumb/v8-m.main+fp/hard\libgcc.a(_arm_cmpdf2.o)
 .ARM.attributes
                0x000008f4       0x22 c:/siliconlabs/simplicitystudio/v5/developer/toolchains/gnu_arm/10.3_2021.10/bin/../lib/gcc/arm-none-eabi/10.3.1/thumb/v8-m.main+fp/hard\libgcc.a(_arm_fixdfsi.o)
 .ARM.attributes
                0x00000916       0x22 c:/siliconlabs/simplicitystudio/v5/developer/toolchains/gnu_arm/10.3_2021.10/bin/../lib/gcc/arm-none-eabi/10.3.1/thumb/v8-m.main+fp/hard\libgcc.a(_aeabi_uldivmod.o)
 .ARM.attributes
                0x00000938       0x38 c:/siliconlabs/simplicitystudio/v5/developer/toolchains/gnu_arm/10.3_2021.10/bin/../lib/gcc/arm-none-eabi/10.3.1/thumb/v8-m.main+fp/hard\libgcc.a(_udivmoddi4.o)
 .ARM.attributes
                0x00000970       0x22 c:/siliconlabs/simplicitystudio/v5/developer/toolchains/gnu_arm/10.3_2021.10/bin/../lib/gcc/arm-none-eabi/10.3.1/thumb/v8-m.main+fp/hard\libgcc.a(_dvmd_tls.o)
 .ARM.attributes
                0x00000992       0x38 c:/siliconlabs/simplicitystudio/v5/developer/toolchains/gnu_arm/10.3_2021.10/bin/../lib/gcc/arm-none-eabi/10.3.1/../../../../arm-none-eabi/lib/thumb/v8-m.main+fp/hard\libc_nano.a(lib_a-atoi.o)
 .ARM.attributes
                0x000009ca       0x38 c:/siliconlabs/simplicitystudio/v5/developer/toolchains/gnu_arm/10.3_2021.10/bin/../lib/gcc/arm-none-eabi/10.3.1/../../../../arm-none-eabi/lib/thumb/v8-m.main+fp/hard\libc_nano.a(lib_a-exit.o)
 .ARM.attributes
                0x00000a02       0x38 c:/siliconlabs/simplicitystudio/v5/developer/toolchains/gnu_arm/10.3_2021.10/bin/../lib/gcc/arm-none-eabi/10.3.1/../../../../arm-none-eabi/lib/thumb/v8-m.main+fp/hard\libc_nano.a(lib_a-impure.o)
 .ARM.attributes
                0x00000a3a       0x38 c:/siliconlabs/simplicitystudio/v5/developer/toolchains/gnu_arm/10.3_2021.10/bin/../lib/gcc/arm-none-eabi/10.3.1/../../../../arm-none-eabi/lib/thumb/v8-m.main+fp/hard\libc_nano.a(lib_a-init.o)
 .ARM.attributes
                0x00000a72       0x38 c:/siliconlabs/simplicitystudio/v5/developer/toolchains/gnu_arm/10.3_2021.10/bin/../lib/gcc/arm-none-eabi/10.3.1/../../../../arm-none-eabi/lib/thumb/v8-m.main+fp/hard\libc_nano.a(lib_a-memset.o)
 .ARM.attributes
                0x00000aaa       0x38 c:/siliconlabs/simplicitystudio/v5/developer/toolchains/gnu_arm/10.3_2021.10/bin/../lib/gcc/arm-none-eabi/10.3.1/../../../../arm-none-eabi/lib/thumb/v8-m.main+fp/hard\libc_nano.a(lib_a-strcat.o)
 .ARM.attributes
                0x00000ae2       0x38 c:/siliconlabs/simplicitystudio/v5/developer/toolchains/gnu_arm/10.3_2021.10/bin/../lib/gcc/arm-none-eabi/10.3.1/../../../../arm-none-eabi/lib/thumb/v8-m.main+fp/hard\libc_nano.a(lib_a-strcpy.o)
 .ARM.attributes
                0x00000b1a       0x38 c:/siliconlabs/simplicitystudio/v5/developer/toolchains/gnu_arm/10.3_2021.10/bin/../lib/gcc/arm-none-eabi/10.3.1/../../../../arm-none-eabi/lib/thumb/v8-m.main+fp/hard\libc_nano.a(lib_a-strtol.o)
 .ARM.attributes
                0x00000b52       0x38 c:/siliconlabs/simplicitystudio/v5/developer/toolchains/gnu_arm/10.3_2021.10/bin/../lib/gcc/arm-none-eabi/10.3.1/../../../../arm-none-eabi/lib/thumb/v8-m.main+fp/hard\libc_nano.a(lib_a-ctype_.o)
 .ARM.attributes
                0x00000b8a       0x38 c:/siliconlabs/simplicitystudio/v5/developer/toolchains/gnu_arm/10.3_2021.10/bin/../lib/gcc/arm-none-eabi/10.3.1/../../../../arm-none-eabi/lib/thumb/v8-m.main+fp/hard\libc_nano.a(lib_a-errno.o)
 .ARM.attributes
                0x00000bc2       0x38 c:/siliconlabs/simplicitystudio/v5/developer/toolchains/gnu_arm/10.3_2021.10/bin/../lib/gcc/arm-none-eabi/10.3.1/../../../../arm-none-eabi/lib/thumb/v8-m.main+fp/hard\libnosys.a(_exit.o)
 .ARM.attributes
                0x00000bfa       0x22 c:/siliconlabs/simplicitystudio/v5/developer/toolchains/gnu_arm/10.3_2021.10/bin/../lib/gcc/arm-none-eabi/10.3.1/thumb/v8-m.main+fp/hard/crtn.o

.comment        0x00000000       0x49
 .comment       0x00000000       0x49 ./DHT22.o
                                 0x4a (size before relaxing)
 .comment       0x00000049       0x4a ./Letimer.o
 .comment       0x00000049       0x4a ./adc.o
 .comment       0x00000049       0x4a ./app.o
 .comment       0x00000049       0x4a ./main.o
 .comment       0x00000049       0x4a ./uart.o
 .comment       0x00000049       0x4a ./autogen/sl_board_default_init.o
 .comment       0x00000049       0x4a ./autogen/sl_device_init_clocks.o
 .comment       0x00000049       0x4a ./autogen/sl_event_handler.o
 .comment       0x00000049       0x4a ./gecko_sdk_4.3.0/hardware/board/src/sl_board_control_gpio.o
 .comment       0x00000049       0x4a ./gecko_sdk_4.3.0/hardware/board/src/sl_board_init.o
 .comment       0x00000049       0x4a ./gecko_sdk_4.3.0/hardware/driver/configuration_over_swo/src/sl_cos.o
 .comment       0x00000049       0x4a ./gecko_sdk_4.3.0/hardware/driver/mx25_flash_shutdown/src/sl_mx25_flash_shutdown_usart/sl_mx25_flash_shutdown.o
 .comment       0x00000049       0x4a ./gecko_sdk_4.3.0/platform/Device/SiliconLabs/EFR32MG24/Source/startup_efr32mg24.o
 .comment       0x00000049       0x4a ./gecko_sdk_4.3.0/platform/Device/SiliconLabs/EFR32MG24/Source/system_efr32mg24.o
 .comment       0x00000049       0x4a ./gecko_sdk_4.3.0/platform/common/src/sl_assert.o
 .comment       0x00000049       0x4a ./gecko_sdk_4.3.0/platform/common/toolchain/src/sl_memory.o
 .comment       0x00000049       0x4a ./gecko_sdk_4.3.0/platform/driver/debug/src/sl_debug_swo.o
 .comment       0x00000049       0x4a ./gecko_sdk_4.3.0/platform/emdrv/ustimer/src/ustimer.o
 .comment       0x00000049       0x4a ./gecko_sdk_4.3.0/platform/emlib/src/em_cmu.o
 .comment       0x00000049       0x4a ./gecko_sdk_4.3.0/platform/emlib/src/em_core.o
 .comment       0x00000049       0x4a ./gecko_sdk_4.3.0/platform/emlib/src/em_emu.o
 .comment       0x00000049       0x4a ./gecko_sdk_4.3.0/platform/emlib/src/em_gpio.o
 .comment       0x00000049       0x4a ./gecko_sdk_4.3.0/platform/emlib/src/em_iadc.o
 .comment       0x00000049       0x4a ./gecko_sdk_4.3.0/platform/emlib/src/em_letimer.o
 .comment       0x00000049       0x4a ./gecko_sdk_4.3.0/platform/emlib/src/em_system.o
 .comment       0x00000049       0x4a ./gecko_sdk_4.3.0/platform/emlib/src/em_timer.o
 .comment       0x00000049       0x4a ./gecko_sdk_4.3.0/platform/emlib/src/em_usart.o
 .comment       0x00000049       0x4a ./gecko_sdk_4.3.0/platform/service/device_init/src/sl_device_init_dcdc_s2.o
 .comment       0x00000049       0x4a ./gecko_sdk_4.3.0/platform/service/device_init/src/sl_device_init_emu_s2.o
 .comment       0x00000049       0x4a ./gecko_sdk_4.3.0/platform/service/device_init/src/sl_device_init_hfxo_s2.o
 .comment       0x00000049       0x4a ./gecko_sdk_4.3.0/platform/service/device_init/src/sl_device_init_lfxo_s2.o
 .comment       0x00000049       0x4a ./gecko_sdk_4.3.0/platform/service/device_init/src/sl_device_init_nvic.o
 .comment       0x00000049       0x4a ./gecko_sdk_4.3.0/platform/service/system/src/sl_system_init.o
 .comment       0x00000049       0x4a ./gecko_sdk_4.3.0/platform/service/udelay/src/sl_udelay.o

.debug_info     0x00000000    0x30a84
 .debug_info    0x00000000     0x1894 ./DHT22.o
 .debug_info    0x00001894     0x16a7 ./Letimer.o
 .debug_info    0x00002f3b     0x2ad9 ./adc.o
 .debug_info    0x00005a14       0xb9 ./app.o
 .debug_info    0x00005acd       0xa7 ./main.o
 .debug_info    0x00005b74     0x249c ./uart.o
 .debug_info    0x00008010       0x87 ./autogen/sl_board_default_init.o
 .debug_info    0x00008097     0x13d8 ./autogen/sl_device_init_clocks.o
 .debug_info    0x0000946f      0x14e ./autogen/sl_event_handler.o
 .debug_info    0x000095bd      0x3d1 ./gecko_sdk_4.3.0/hardware/board/src/sl_board_control_gpio.o
 .debug_info    0x0000998e      0x25e ./gecko_sdk_4.3.0/hardware/board/src/sl_board_init.o
 .debug_info    0x00009bec      0x2f7 ./gecko_sdk_4.3.0/hardware/driver/configuration_over_swo/src/sl_cos.o
 .debug_info    0x00009ee3     0x21ef ./gecko_sdk_4.3.0/hardware/driver/mx25_flash_shutdown/src/sl_mx25_flash_shutdown_usart/sl_mx25_flash_shutdown.o
 .debug_info    0x0000c0d2      0x2e8 ./gecko_sdk_4.3.0/platform/Device/SiliconLabs/EFR32MG24/Source/startup_efr32mg24.o
 .debug_info    0x0000c3ba     0x23a8 ./gecko_sdk_4.3.0/platform/Device/SiliconLabs/EFR32MG24/Source/system_efr32mg24.o
 .debug_info    0x0000e762       0x7d ./gecko_sdk_4.3.0/platform/common/src/sl_assert.o
 .debug_info    0x0000e7df      0x1f4 ./gecko_sdk_4.3.0/platform/common/toolchain/src/sl_memory.o
 .debug_info    0x0000e9d3     0x31b9 ./gecko_sdk_4.3.0/platform/driver/debug/src/sl_debug_swo.o
 .debug_info    0x00011b8c     0x1a0b ./gecko_sdk_4.3.0/platform/emdrv/ustimer/src/ustimer.o
 .debug_info    0x00013597     0x8bef ./gecko_sdk_4.3.0/platform/emlib/src/em_cmu.o
 .debug_info    0x0001c186     0x10b9 ./gecko_sdk_4.3.0/platform/emlib/src/em_core.o
 .debug_info    0x0001d23f     0x3592 ./gecko_sdk_4.3.0/platform/emlib/src/em_emu.o
 .debug_info    0x000207d1     0x236b ./gecko_sdk_4.3.0/platform/emlib/src/em_gpio.o
 .debug_info    0x00022b3c     0x2399 ./gecko_sdk_4.3.0/platform/emlib/src/em_iadc.o
 .debug_info    0x00024ed5      0xa0a ./gecko_sdk_4.3.0/platform/emlib/src/em_letimer.o
 .debug_info    0x000258df     0x1e19 ./gecko_sdk_4.3.0/platform/emlib/src/em_system.o
 .debug_info    0x000276f8     0x2bc7 ./gecko_sdk_4.3.0/platform/emlib/src/em_timer.o
 .debug_info    0x0002a2bf     0x45c7 ./gecko_sdk_4.3.0/platform/emlib/src/em_usart.o
 .debug_info    0x0002e886      0x312 ./gecko_sdk_4.3.0/platform/service/device_init/src/sl_device_init_dcdc_s2.o
 .debug_info    0x0002eb98      0xb13 ./gecko_sdk_4.3.0/platform/service/device_init/src/sl_device_init_emu_s2.o
 .debug_info    0x0002f6ab      0x80b ./gecko_sdk_4.3.0/platform/service/device_init/src/sl_device_init_hfxo_s2.o
 .debug_info    0x0002feb6      0x22b ./gecko_sdk_4.3.0/platform/service/device_init/src/sl_device_init_lfxo_s2.o
 .debug_info    0x000300e1      0x834 ./gecko_sdk_4.3.0/platform/service/device_init/src/sl_device_init_nvic.o
 .debug_info    0x00030915       0x41 ./gecko_sdk_4.3.0/platform/service/system/src/sl_system_init.o
 .debug_info    0x00030956      0x108 ./gecko_sdk_4.3.0/platform/service/udelay/src/sl_udelay.o
 .debug_info    0x00030a5e       0x26 ./gecko_sdk_4.3.0/platform/service/udelay/src/sl_udelay_armv6m_gcc.o

.debug_abbrev   0x00000000     0x35c5
 .debug_abbrev  0x00000000      0x203 ./DHT22.o
 .debug_abbrev  0x00000203      0x206 ./Letimer.o
 .debug_abbrev  0x00000409      0x1f7 ./adc.o
 .debug_abbrev  0x00000600       0x60 ./app.o
 .debug_abbrev  0x00000660       0x48 ./main.o
 .debug_abbrev  0x000006a8      0x1ab ./uart.o
 .debug_abbrev  0x00000853       0x46 ./autogen/sl_board_default_init.o
 .debug_abbrev  0x00000899       0xc0 ./autogen/sl_device_init_clocks.o
 .debug_abbrev  0x00000959       0x78 ./autogen/sl_event_handler.o
 .debug_abbrev  0x000009d1      0x135 ./gecko_sdk_4.3.0/hardware/board/src/sl_board_control_gpio.o
 .debug_abbrev  0x00000b06       0x6d ./gecko_sdk_4.3.0/hardware/board/src/sl_board_init.o
 .debug_abbrev  0x00000b73      0x13d ./gecko_sdk_4.3.0/hardware/driver/configuration_over_swo/src/sl_cos.o
 .debug_abbrev  0x00000cb0      0x1a6 ./gecko_sdk_4.3.0/hardware/driver/mx25_flash_shutdown/src/sl_mx25_flash_shutdown_usart/sl_mx25_flash_shutdown.o
 .debug_abbrev  0x00000e56      0x1a4 ./gecko_sdk_4.3.0/platform/Device/SiliconLabs/EFR32MG24/Source/startup_efr32mg24.o
 .debug_abbrev  0x00000ffa      0x2aa ./gecko_sdk_4.3.0/platform/Device/SiliconLabs/EFR32MG24/Source/system_efr32mg24.o
 .debug_abbrev  0x000012a4       0x69 ./gecko_sdk_4.3.0/platform/common/src/sl_assert.o
 .debug_abbrev  0x0000130d      0x107 ./gecko_sdk_4.3.0/platform/common/toolchain/src/sl_memory.o
 .debug_abbrev  0x00001414      0x20f ./gecko_sdk_4.3.0/platform/driver/debug/src/sl_debug_swo.o
 .debug_abbrev  0x00001623      0x2df ./gecko_sdk_4.3.0/platform/emdrv/ustimer/src/ustimer.o
 .debug_abbrev  0x00001902      0x3d0 ./gecko_sdk_4.3.0/platform/emlib/src/em_cmu.o
 .debug_abbrev  0x00001cd2      0x29d ./gecko_sdk_4.3.0/platform/emlib/src/em_core.o
 .debug_abbrev  0x00001f6f      0x356 ./gecko_sdk_4.3.0/platform/emlib/src/em_emu.o
 .debug_abbrev  0x000022c5      0x220 ./gecko_sdk_4.3.0/platform/emlib/src/em_gpio.o
 .debug_abbrev  0x000024e5      0x2aa ./gecko_sdk_4.3.0/platform/emlib/src/em_iadc.o
 .debug_abbrev  0x0000278f      0x1c6 ./gecko_sdk_4.3.0/platform/emlib/src/em_letimer.o
 .debug_abbrev  0x00002955      0x22f ./gecko_sdk_4.3.0/platform/emlib/src/em_system.o
 .debug_abbrev  0x00002b84      0x290 ./gecko_sdk_4.3.0/platform/emlib/src/em_timer.o
 .debug_abbrev  0x00002e14      0x235 ./gecko_sdk_4.3.0/platform/emlib/src/em_usart.o
 .debug_abbrev  0x00003049       0xb3 ./gecko_sdk_4.3.0/platform/service/device_init/src/sl_device_init_dcdc_s2.o
 .debug_abbrev  0x000030fc      0x10d ./gecko_sdk_4.3.0/platform/service/device_init/src/sl_device_init_emu_s2.o
 .debug_abbrev  0x00003209      0x104 ./gecko_sdk_4.3.0/platform/service/device_init/src/sl_device_init_hfxo_s2.o
 .debug_abbrev  0x0000330d       0xb5 ./gecko_sdk_4.3.0/platform/service/device_init/src/sl_device_init_lfxo_s2.o
 .debug_abbrev  0x000033c2      0x12c ./gecko_sdk_4.3.0/platform/service/device_init/src/sl_device_init_nvic.o
 .debug_abbrev  0x000034ee       0x30 ./gecko_sdk_4.3.0/platform/service/system/src/sl_system_init.o
 .debug_abbrev  0x0000351e       0x93 ./gecko_sdk_4.3.0/platform/service/udelay/src/sl_udelay.o
 .debug_abbrev  0x000035b1       0x14 ./gecko_sdk_4.3.0/platform/service/udelay/src/sl_udelay_armv6m_gcc.o

.debug_loc      0x00000000     0x3cd8
 .debug_loc     0x00000000      0x12c ./DHT22.o
 .debug_loc     0x0000012c      0x1c9 ./Letimer.o
 .debug_loc     0x000002f5       0xd5 ./adc.o
 .debug_loc     0x000003ca       0x20 ./app.o
 .debug_loc     0x000003ea       0x20 ./main.o
 .debug_loc     0x0000040a      0x151 ./uart.o
 .debug_loc     0x0000055b       0x20 ./autogen/sl_board_default_init.o
 .debug_loc     0x0000057b       0x20 ./autogen/sl_device_init_clocks.o
 .debug_loc     0x0000059b       0x60 ./autogen/sl_event_handler.o
 .debug_loc     0x000005fb      0x1d0 ./gecko_sdk_4.3.0/hardware/board/src/sl_board_control_gpio.o
 .debug_loc     0x000007cb       0x40 ./gecko_sdk_4.3.0/hardware/board/src/sl_board_init.o
 .debug_loc     0x0000080b       0xf4 ./gecko_sdk_4.3.0/hardware/driver/configuration_over_swo/src/sl_cos.o
 .debug_loc     0x000008ff       0xe8 ./gecko_sdk_4.3.0/hardware/driver/mx25_flash_shutdown/src/sl_mx25_flash_shutdown_usart/sl_mx25_flash_shutdown.o
 .debug_loc     0x000009e7       0x2c ./gecko_sdk_4.3.0/platform/Device/SiliconLabs/EFR32MG24/Source/startup_efr32mg24.o
 .debug_loc     0x00000a13      0x1a4 ./gecko_sdk_4.3.0/platform/Device/SiliconLabs/EFR32MG24/Source/system_efr32mg24.o
 .debug_loc     0x00000bb7       0x20 ./gecko_sdk_4.3.0/platform/common/src/sl_assert.o
 .debug_loc     0x00000bd7       0x84 ./gecko_sdk_4.3.0/platform/common/toolchain/src/sl_memory.o
 .debug_loc     0x00000c5b      0x184 ./gecko_sdk_4.3.0/platform/driver/debug/src/sl_debug_swo.o
 .debug_loc     0x00000ddf      0x3dd ./gecko_sdk_4.3.0/platform/emdrv/ustimer/src/ustimer.o
 .debug_loc     0x000011bc      0xcf5 ./gecko_sdk_4.3.0/platform/emlib/src/em_cmu.o
 .debug_loc     0x00001eb1      0x490 ./gecko_sdk_4.3.0/platform/emlib/src/em_core.o
 .debug_loc     0x00002341      0x5d4 ./gecko_sdk_4.3.0/platform/emlib/src/em_emu.o
 .debug_loc     0x00002915      0x27c ./gecko_sdk_4.3.0/platform/emlib/src/em_gpio.o
 .debug_loc     0x00002b91      0x501 ./gecko_sdk_4.3.0/platform/emlib/src/em_iadc.o
 .debug_loc     0x00003092      0x2c0 ./gecko_sdk_4.3.0/platform/emlib/src/em_letimer.o
 .debug_loc     0x00003352      0x138 ./gecko_sdk_4.3.0/platform/emlib/src/em_system.o
 .debug_loc     0x0000348a      0x244 ./gecko_sdk_4.3.0/platform/emlib/src/em_timer.o
 .debug_loc     0x000036ce      0x44d ./gecko_sdk_4.3.0/platform/emlib/src/em_usart.o
 .debug_loc     0x00003b1b       0x38 ./gecko_sdk_4.3.0/platform/service/device_init/src/sl_device_init_dcdc_s2.o
 .debug_loc     0x00003b53       0x38 ./gecko_sdk_4.3.0/platform/service/device_init/src/sl_device_init_emu_s2.o
 .debug_loc     0x00003b8b       0x39 ./gecko_sdk_4.3.0/platform/service/device_init/src/sl_device_init_hfxo_s2.o
 .debug_loc     0x00003bc4       0x38 ./gecko_sdk_4.3.0/platform/service/device_init/src/sl_device_init_lfxo_s2.o
 .debug_loc     0x00003bfc       0x64 ./gecko_sdk_4.3.0/platform/service/device_init/src/sl_device_init_nvic.o
 .debug_loc     0x00003c60       0x20 ./gecko_sdk_4.3.0/platform/service/system/src/sl_system_init.o
 .debug_loc     0x00003c80       0x58 ./gecko_sdk_4.3.0/platform/service/udelay/src/sl_udelay.o

.debug_aranges  0x00000000      0xf00
 .debug_aranges
                0x00000000       0x48 ./DHT22.o
 .debug_aranges
                0x00000048       0x60 ./Letimer.o
 .debug_aranges
                0x000000a8       0x38 ./adc.o
 .debug_aranges
                0x000000e0       0x28 ./app.o
 .debug_aranges
                0x00000108       0x20 ./main.o
 .debug_aranges
                0x00000128       0x48 ./uart.o
 .debug_aranges
                0x00000170       0x20 ./autogen/sl_board_default_init.o
 .debug_aranges
                0x00000190       0x20 ./autogen/sl_device_init_clocks.o
 .debug_aranges
                0x000001b0       0x68 ./autogen/sl_event_handler.o
 .debug_aranges
                0x00000218       0x70 ./gecko_sdk_4.3.0/hardware/board/src/sl_board_control_gpio.o
 .debug_aranges
                0x00000288       0x28 ./gecko_sdk_4.3.0/hardware/board/src/sl_board_init.o
 .debug_aranges
                0x000002b0       0x40 ./gecko_sdk_4.3.0/hardware/driver/configuration_over_swo/src/sl_cos.o
 .debug_aranges
                0x000002f0       0x40 ./gecko_sdk_4.3.0/hardware/driver/mx25_flash_shutdown/src/sl_mx25_flash_shutdown_usart/sl_mx25_flash_shutdown.o
 .debug_aranges
                0x00000330       0x28 ./gecko_sdk_4.3.0/platform/Device/SiliconLabs/EFR32MG24/Source/startup_efr32mg24.o
 .debug_aranges
                0x00000358       0xa0 ./gecko_sdk_4.3.0/platform/Device/SiliconLabs/EFR32MG24/Source/system_efr32mg24.o
 .debug_aranges
                0x000003f8       0x20 ./gecko_sdk_4.3.0/platform/common/src/sl_assert.o
 .debug_aranges
                0x00000418       0x30 ./gecko_sdk_4.3.0/platform/common/toolchain/src/sl_memory.o
 .debug_aranges
                0x00000448       0x58 ./gecko_sdk_4.3.0/platform/driver/debug/src/sl_debug_swo.o
 .debug_aranges
                0x000004a0       0xc0 ./gecko_sdk_4.3.0/platform/emdrv/ustimer/src/ustimer.o
 .debug_aranges
                0x00000560      0x288 ./gecko_sdk_4.3.0/platform/emlib/src/em_cmu.o
 .debug_aranges
                0x000007e8       0xe8 ./gecko_sdk_4.3.0/platform/emlib/src/em_core.o
 .debug_aranges
                0x000008d0      0x190 ./gecko_sdk_4.3.0/platform/emlib/src/em_emu.o
 .debug_aranges
                0x00000a60       0x78 ./gecko_sdk_4.3.0/platform/emlib/src/em_gpio.o
 .debug_aranges
                0x00000ad8       0xe0 ./gecko_sdk_4.3.0/platform/emlib/src/em_iadc.o
 .debug_aranges
                0x00000bb8       0x80 ./gecko_sdk_4.3.0/platform/emlib/src/em_letimer.o
 .debug_aranges
                0x00000c38       0x80 ./gecko_sdk_4.3.0/platform/emlib/src/em_system.o
 .debug_aranges
                0x00000cb8       0x70 ./gecko_sdk_4.3.0/platform/emlib/src/em_timer.o
 .debug_aranges
                0x00000d28       0xc8 ./gecko_sdk_4.3.0/platform/emlib/src/em_usart.o
 .debug_aranges
                0x00000df0       0x20 ./gecko_sdk_4.3.0/platform/service/device_init/src/sl_device_init_dcdc_s2.o
 .debug_aranges
                0x00000e10       0x20 ./gecko_sdk_4.3.0/platform/service/device_init/src/sl_device_init_emu_s2.o
 .debug_aranges
                0x00000e30       0x20 ./gecko_sdk_4.3.0/platform/service/device_init/src/sl_device_init_hfxo_s2.o
 .debug_aranges
                0x00000e50       0x20 ./gecko_sdk_4.3.0/platform/service/device_init/src/sl_device_init_lfxo_s2.o
 .debug_aranges
                0x00000e70       0x28 ./gecko_sdk_4.3.0/platform/service/device_init/src/sl_device_init_nvic.o
 .debug_aranges
                0x00000e98       0x20 ./gecko_sdk_4.3.0/platform/service/system/src/sl_system_init.o
 .debug_aranges
                0x00000eb8       0x28 ./gecko_sdk_4.3.0/platform/service/udelay/src/sl_udelay.o
 .debug_aranges
                0x00000ee0       0x20 ./gecko_sdk_4.3.0/platform/service/udelay/src/sl_udelay_armv6m_gcc.o

.debug_ranges   0x00000000      0xcc8
 .debug_ranges  0x00000000       0x38 ./DHT22.o
 .debug_ranges  0x00000038       0x50 ./Letimer.o
 .debug_ranges  0x00000088       0x28 ./adc.o
 .debug_ranges  0x000000b0       0x18 ./app.o
 .debug_ranges  0x000000c8       0x10 ./main.o
 .debug_ranges  0x000000d8       0x50 ./uart.o
 .debug_ranges  0x00000128       0x10 ./autogen/sl_board_default_init.o
 .debug_ranges  0x00000138       0x10 ./autogen/sl_device_init_clocks.o
 .debug_ranges  0x00000148       0x58 ./autogen/sl_event_handler.o
 .debug_ranges  0x000001a0       0x60 ./gecko_sdk_4.3.0/hardware/board/src/sl_board_control_gpio.o
 .debug_ranges  0x00000200       0x18 ./gecko_sdk_4.3.0/hardware/board/src/sl_board_init.o
 .debug_ranges  0x00000218       0x30 ./gecko_sdk_4.3.0/hardware/driver/configuration_over_swo/src/sl_cos.o
 .debug_ranges  0x00000248       0x30 ./gecko_sdk_4.3.0/hardware/driver/mx25_flash_shutdown/src/sl_mx25_flash_shutdown_usart/sl_mx25_flash_shutdown.o
 .debug_ranges  0x00000278       0x18 ./gecko_sdk_4.3.0/platform/Device/SiliconLabs/EFR32MG24/Source/startup_efr32mg24.o
 .debug_ranges  0x00000290       0x90 ./gecko_sdk_4.3.0/platform/Device/SiliconLabs/EFR32MG24/Source/system_efr32mg24.o
 .debug_ranges  0x00000320       0x10 ./gecko_sdk_4.3.0/platform/common/src/sl_assert.o
 .debug_ranges  0x00000330       0x20 ./gecko_sdk_4.3.0/platform/common/toolchain/src/sl_memory.o
 .debug_ranges  0x00000350       0x48 ./gecko_sdk_4.3.0/platform/driver/debug/src/sl_debug_swo.o
 .debug_ranges  0x00000398       0xb0 ./gecko_sdk_4.3.0/platform/emdrv/ustimer/src/ustimer.o
 .debug_ranges  0x00000448      0x278 ./gecko_sdk_4.3.0/platform/emlib/src/em_cmu.o
 .debug_ranges  0x000006c0       0xd8 ./gecko_sdk_4.3.0/platform/emlib/src/em_core.o
 .debug_ranges  0x00000798      0x180 ./gecko_sdk_4.3.0/platform/emlib/src/em_emu.o
 .debug_ranges  0x00000918       0x68 ./gecko_sdk_4.3.0/platform/emlib/src/em_gpio.o
 .debug_ranges  0x00000980       0xd0 ./gecko_sdk_4.3.0/platform/emlib/src/em_iadc.o
 .debug_ranges  0x00000a50       0x70 ./gecko_sdk_4.3.0/platform/emlib/src/em_letimer.o
 .debug_ranges  0x00000ac0       0x70 ./gecko_sdk_4.3.0/platform/emlib/src/em_system.o
 .debug_ranges  0x00000b30       0x60 ./gecko_sdk_4.3.0/platform/emlib/src/em_timer.o
 .debug_ranges  0x00000b90       0xb8 ./gecko_sdk_4.3.0/platform/emlib/src/em_usart.o
 .debug_ranges  0x00000c48       0x10 ./gecko_sdk_4.3.0/platform/service/device_init/src/sl_device_init_dcdc_s2.o
 .debug_ranges  0x00000c58       0x10 ./gecko_sdk_4.3.0/platform/service/device_init/src/sl_device_init_emu_s2.o
 .debug_ranges  0x00000c68       0x10 ./gecko_sdk_4.3.0/platform/service/device_init/src/sl_device_init_hfxo_s2.o
 .debug_ranges  0x00000c78       0x10 ./gecko_sdk_4.3.0/platform/service/device_init/src/sl_device_init_lfxo_s2.o
 .debug_ranges  0x00000c88       0x18 ./gecko_sdk_4.3.0/platform/service/device_init/src/sl_device_init_nvic.o
 .debug_ranges  0x00000ca0       0x10 ./gecko_sdk_4.3.0/platform/service/system/src/sl_system_init.o
 .debug_ranges  0x00000cb0       0x18 ./gecko_sdk_4.3.0/platform/service/udelay/src/sl_udelay.o

.debug_line     0x00000000     0xb2c0
 .debug_line    0x00000000      0x3b1 ./DHT22.o
 .debug_line    0x000003b1      0x417 ./Letimer.o
 .debug_line    0x000007c8      0x2de ./adc.o
 .debug_line    0x00000aa6       0x53 ./app.o
 .debug_line    0x00000af9       0x52 ./main.o
 .debug_line    0x00000b4b      0x43b ./uart.o
 .debug_line    0x00000f86       0x5a ./autogen/sl_board_default_init.o
 .debug_line    0x00000fe0      0x235 ./autogen/sl_device_init_clocks.o
 .debug_line    0x00001215      0x16f ./autogen/sl_event_handler.o
 .debug_line    0x00001384      0x3e9 ./gecko_sdk_4.3.0/hardware/board/src/sl_board_control_gpio.o
 .debug_line    0x0000176d       0xf3 ./gecko_sdk_4.3.0/hardware/board/src/sl_board_init.o
 .debug_line    0x00001860      0x3ca ./gecko_sdk_4.3.0/hardware/driver/configuration_over_swo/src/sl_cos.o
 .debug_line    0x00001c2a      0x3f7 ./gecko_sdk_4.3.0/hardware/driver/mx25_flash_shutdown/src/sl_mx25_flash_shutdown_usart/sl_mx25_flash_shutdown.o
 .debug_line    0x00002021      0x2d7 ./gecko_sdk_4.3.0/platform/Device/SiliconLabs/EFR32MG24/Source/startup_efr32mg24.o
 .debug_line    0x000022f8      0x580 ./gecko_sdk_4.3.0/platform/Device/SiliconLabs/EFR32MG24/Source/system_efr32mg24.o
 .debug_line    0x00002878       0x88 ./gecko_sdk_4.3.0/platform/common/src/sl_assert.o
 .debug_line    0x00002900      0x2b7 ./gecko_sdk_4.3.0/platform/common/toolchain/src/sl_memory.o
 .debug_line    0x00002bb7      0x585 ./gecko_sdk_4.3.0/platform/driver/debug/src/sl_debug_swo.o
 .debug_line    0x0000313c      0x7a8 ./gecko_sdk_4.3.0/platform/emdrv/ustimer/src/ustimer.o
 .debug_line    0x000038e4     0x2382 ./gecko_sdk_4.3.0/platform/emlib/src/em_cmu.o
 .debug_line    0x00005c66      0x8d4 ./gecko_sdk_4.3.0/platform/emlib/src/em_core.o
 .debug_line    0x0000653a      0xb8d ./gecko_sdk_4.3.0/platform/emlib/src/em_emu.o
 .debug_line    0x000070c7      0x654 ./gecko_sdk_4.3.0/platform/emlib/src/em_gpio.o
 .debug_line    0x0000771b      0xf44 ./gecko_sdk_4.3.0/platform/emlib/src/em_iadc.o
 .debug_line    0x0000865f      0x52c ./gecko_sdk_4.3.0/platform/emlib/src/em_letimer.o
 .debug_line    0x00008b8b      0x477 ./gecko_sdk_4.3.0/platform/emlib/src/em_system.o
 .debug_line    0x00009002      0x8da ./gecko_sdk_4.3.0/platform/emlib/src/em_timer.o
 .debug_line    0x000098dc      0x947 ./gecko_sdk_4.3.0/platform/emlib/src/em_usart.o
 .debug_line    0x0000a223      0x23c ./gecko_sdk_4.3.0/platform/service/device_init/src/sl_device_init_dcdc_s2.o
 .debug_line    0x0000a45f      0x2b7 ./gecko_sdk_4.3.0/platform/service/device_init/src/sl_device_init_emu_s2.o
 .debug_line    0x0000a716      0x2ff ./gecko_sdk_4.3.0/platform/service/device_init/src/sl_device_init_hfxo_s2.o
 .debug_line    0x0000aa15      0x241 ./gecko_sdk_4.3.0/platform/service/device_init/src/sl_device_init_lfxo_s2.o
 .debug_line    0x0000ac56      0x30e ./gecko_sdk_4.3.0/platform/service/device_init/src/sl_device_init_nvic.o
 .debug_line    0x0000af64       0x97 ./gecko_sdk_4.3.0/platform/service/system/src/sl_system_init.o
 .debug_line    0x0000affb      0x231 ./gecko_sdk_4.3.0/platform/service/udelay/src/sl_udelay.o
 .debug_line    0x0000b22c       0x94 ./gecko_sdk_4.3.0/platform/service/udelay/src/sl_udelay_armv6m_gcc.o

.debug_str      0x00000000     0xcf7d
 .debug_str     0x00000000     0x1106 ./DHT22.o
                               0x128a (size before relaxing)
 .debug_str     0x00001106      0xfb6 ./Letimer.o
                               0x13be (size before relaxing)
 .debug_str     0x000020bc     0x17dc ./adc.o
                               0x2cfc (size before relaxing)
 .debug_str     0x00003898        0x9 ./app.o
                                0x219 (size before relaxing)
 .debug_str     0x000038a1        0xf ./main.o
                                0x203 (size before relaxing)
 .debug_str     0x000038b0      0x41b ./uart.o
                               0x1e37 (size before relaxing)
 .debug_str     0x00003ccb       0x39 ./autogen/sl_board_default_init.o
                                0x215 (size before relaxing)
 .debug_str     0x00003d04      0x8e6 ./autogen/sl_device_init_clocks.o
                                0xdd0 (size before relaxing)
 .debug_str     0x000045ea       0xe7 ./autogen/sl_event_handler.o
                                0x2c3 (size before relaxing)