Archive member included to satisfy reference by file (symbol)

c:/siliconlabs/simplicitystudio/v5/developer/toolchains/gnu_arm/10.3_2021.10/bin/../lib/gcc/arm-none-eabi/10.3.1/thumb/v8-m.main+fp/hard\libgcc.a(_arm_muldf3.o)
                              ./adc.o (__aeabi_dmul)
c:/siliconlabs/simplicitystudio/v5/developer/toolchains/gnu_arm/10.3_2021.10/bin/../lib/gcc/arm-none-eabi/10.3.1/thumb/v8-m.main+fp/hard\libgcc.a(_arm_addsubdf3.o)
                              ./Letimer.o (__aeabi_dsub)
c:/siliconlabs/simplicitystudio/v5/developer/toolchains/gnu_arm/10.3_2021.10/bin/../lib/gcc/arm-none-eabi/10.3.1/thumb/v8-m.main+fp/hard\libgcc.a(_arm_muldivdf3.o)
                              ./adc.o (__aeabi_ddiv)
c:/siliconlabs/simplicitystudio/v5/developer/toolchains/gnu_arm/10.3_2021.10/bin/../lib/gcc/arm-none-eabi/10.3.1/thumb/v8-m.main+fp/hard\libgcc.a(_arm_cmpdf2.o)
                              ./uart.o (__aeabi_dcmplt)
c:/siliconlabs/simplicitystudio/v5/developer/toolchains/gnu_arm/10.3_2021.10/bin/../lib/gcc/arm-none-eabi/10.3.1/thumb/v8-m.main+fp/hard\libgcc.a(_arm_fixdfsi.o)
                              ./uart.o (__aeabi_d2iz)
c:/siliconlabs/simplicitystudio/v5/developer/toolchains/gnu_arm/10.3_2021.10/bin/../lib/gcc/arm-none-eabi/10.3.1/thumb/v8-m.main+fp/hard\libgcc.a(_aeabi_uldivmod.o)
                              ./gecko_sdk_4.3.0/platform/emdrv/ustimer/src/ustimer.o (__aeabi_uldivmod)
c:/siliconlabs/simplicitystudio/v5/developer/toolchains/gnu_arm/10.3_2021.10/bin/../lib/gcc/arm-none-eabi/10.3.1/thumb/v8-m.main+fp/hard\libgcc.a(_udivmoddi4.o)
                              c:/siliconlabs/simplicitystudio/v5/developer/toolchains/gnu_arm/10.3_2021.10/bin/../lib/gcc/arm-none-eabi/10.3.1/thumb/v8-m.main+fp/hard\libgcc.a(_aeabi_uldivmod.o) (__udivmoddi4)
c:/siliconlabs/simplicitystudio/v5/developer/toolchains/gnu_arm/10.3_2021.10/bin/../lib/gcc/arm-none-eabi/10.3.1/thumb/v8-m.main+fp/hard\libgcc.a(_dvmd_tls.o)
                              c:/siliconlabs/simplicitystudio/v5/developer/toolchains/gnu_arm/10.3_2021.10/bin/../lib/gcc/arm-none-eabi/10.3.1/thumb/v8-m.main+fp/hard\libgcc.a(_aeabi_uldivmod.o) (__aeabi_ldiv0)
c:/siliconlabs/simplicitystudio/v5/developer/toolchains/gnu_arm/10.3_2021.10/bin/../lib/gcc/arm-none-eabi/10.3.1/../../../../arm-none-eabi/lib/thumb/v8-m.main+fp/hard\libc_nano.a(lib_a-atoi.o)
                              ./uart.o (atoi)
c:/siliconlabs/simplicitystudio/v5/developer/toolchains/gnu_arm/10.3_2021.10/bin/../lib/gcc/arm-none-eabi/10.3.1/../../../../arm-none-eabi/lib/thumb/v8-m.main+fp/hard\libc_nano.a(lib_a-exit.o)
                              c:/siliconlabs/simplicitystudio/v5/developer/toolchains/gnu_arm/10.3_2021.10/bin/../lib/gcc/arm-none-eabi/10.3.1/../../../../arm-none-eabi/lib/thumb/v8-m.main+fp/hard/crt0.o (exit)
c:/siliconlabs/simplicitystudio/v5/developer/toolchains/gnu_arm/10.3_2021.10/bin/../lib/gcc/arm-none-eabi/10.3.1/../../../../arm-none-eabi/lib/thumb/v8-m.main+fp/hard\libc_nano.a(lib_a-impure.o)
                              c:/siliconlabs/simplicitystudio/v5/developer/toolchains/gnu_arm/10.3_2021.10/bin/../lib/gcc/arm-none-eabi/10.3.1/../../../../arm-none-eabi/lib/thumb/v8-m.main+fp/hard\libc_nano.a(lib_a-exit.o) (_global_impure_ptr)
c:/siliconlabs/simplicitystudio/v5/developer/toolchains/gnu_arm/10.3_2021.10/bin/../lib/gcc/arm-none-eabi/10.3.1/../../../../arm-none-eabi/lib/thumb/v8-m.main+fp/hard\libc_nano.a(lib_a-init.o)
                              c:/siliconlabs/simplicitystudio/v5/developer/toolchains/gnu_arm/10.3_2021.10/bin/../lib/gcc/arm-none-eabi/10.3.1/../../../../arm-none-eabi/lib/thumb/v8-m.main+fp/hard/crt0.o (__libc_init_array)
c:/siliconlabs/simplicitystudio/v5/developer/toolchains/gnu_arm/10.3_2021.10/bin/../lib/gcc/arm-none-eabi/10.3.1/../../../../arm-none-eabi/lib/thumb/v8-m.main+fp/hard\libc_nano.a(lib_a-memset.o)
                              c:/siliconlabs/simplicitystudio/v5/developer/toolchains/gnu_arm/10.3_2021.10/bin/../lib/gcc/arm-none-eabi/10.3.1/../../../../arm-none-eabi/lib/thumb/v8-m.main+fp/hard/crt0.o (memset)
c:/siliconlabs/simplicitystudio/v5/developer/toolchains/gnu_arm/10.3_2021.10/bin/../lib/gcc/arm-none-eabi/10.3.1/../../../../arm-none-eabi/lib/thumb/v8-m.main+fp/hard\libc_nano.a(lib_a-strcat.o)
                              ./uart.o (strcat)
c:/siliconlabs/simplicitystudio/v5/developer/toolchains/gnu_arm/10.3_2021.10/bin/../lib/gcc/arm-none-eabi/10.3.1/../../../../arm-none-eabi/lib/thumb/v8-m.main+fp/hard\libc_nano.a(lib_a-strcpy.o)
                              ./uart.o (strcpy)
c:/siliconlabs/simplicitystudio/v5/developer/toolchains/gnu_arm/10.3_2021.10/bin/../lib/gcc/arm-none-eabi/10.3.1/../../../../arm-none-eabi/lib/thumb/v8-m.main+fp/hard\libc_nano.a(lib_a-strtol.o)
                              c:/siliconlabs/simplicitystudio/v5/developer/toolchains/gnu_arm/10.3_2021.10/bin/../lib/gcc/arm-none-eabi/10.3.1/../../../../arm-none-eabi/lib/thumb/v8-m.main+fp/hard\libc_nano.a(lib_a-atoi.o) (_strtol_r)
[...]
Memory Configuration

Name             Origin             Length             Attributes
FLASH            0x08000000         0x0017e000         xr
RAM              0x20000000         0x00040000         xrw
*default*        0x00000000         0xffffffff

Linker script and memory map

LOAD c:/siliconlabs/simplicitystudio/v5/developer/toolchains/gnu_arm/10.3_2021.10/bin/../lib/gcc/arm-none-eabi/10.3.1/thumb/v8-m.main+fp/hard/crti.o
LOAD c:/siliconlabs/simplicitystudio/v5/developer/toolchains/gnu_arm/10.3_2021.10/bin/../lib/gcc/arm-none-eabi/10.3.1/thumb/v8-m.main+fp/hard/crtbegin.o
LOAD c:/siliconlabs/simplicitystudio/v5/developer/toolchains/gnu_arm/10.3_2021.10/bin/../lib/gcc/arm-none-eabi/10.3.1/../../../../arm-none-eabi/lib/thumb/v8-m.main+fp/hard/crt0.o
START GROUP
LOAD ./DHT22.o
LOAD ./Letimer.o
LOAD ./adc.o
LOAD ./app.o
LOAD ./iadcScan.o
LOAD ./main.o
LOAD ./uart.o
LOAD ./autogen/sl_board_default_init.o
LOAD ./autogen/sl_device_init_clocks.o
LOAD ./autogen/sl_event_handler.o
LOAD ./gecko_sdk_4.3.0/hardware/board/src/sl_board_control_gpio.o
LOAD ./gecko_sdk_4.3.0/hardware/board/src/sl_board_init.o
LOAD ./gecko_sdk_4.3.0/hardware/driver/configuration_over_swo/src/sl_cos.o
LOAD ./gecko_sdk_4.3.0/hardware/driver/mx25_flash_shutdown/src/sl_mx25_flash_shutdown_usart/sl_mx25_flash_shutdown.o
LOAD ./gecko_sdk_4.3.0/platform/Device/SiliconLabs/EFR32MG24/Source/startup_efr32mg24.o
LOAD ./gecko_sdk_4.3.0/platform/Device/SiliconLabs/EFR32MG24/Source/system_efr32mg24.o
LOAD ./gecko_sdk_4.3.0/platform/common/src/sl_assert.o
LOAD ./gecko_sdk_4.3.0/platform/common/toolchain/src/sl_memory.o
LOAD ./gecko_sdk_4.3.0/platform/driver/debug/src/sl_debug_swo.o
LOAD ./gecko_sdk_4.3.0/platform/emdrv/ustimer/src/ustimer.o
LOAD ./gecko_sdk_4.3.0/platform/emlib/src/em_cmu.o
LOAD ./gecko_sdk_4.3.0/platform/emlib/src/em_core.o
LOAD ./gecko_sdk_4.3.0/platform/emlib/src/em_emu.o
LOAD ./gecko_sdk_4.3.0/platform/emlib/src/em_gpio.o
LOAD ./gecko_sdk_4.3.0/platform/emlib/src/em_iadc.o
LOAD ./gecko_sdk_4.3.0/platform/emlib/src/em_letimer.o
LOAD ./gecko_sdk_4.3.0/platform/emlib/src/em_msc.o
LOAD ./gecko_sdk_4.3.0/platform/emlib/src/em_system.o
LOAD ./gecko_sdk_4.3.0/platform/emlib/src/em_timer.o
LOAD ./gecko_sdk_4.3.0/platform/emlib/src/em_usart.o
LOAD ./gecko_sdk_4.3.0/platform/service/device_init/src/sl_device_init_dcdc_s2.o
LOAD ./gecko_sdk_4.3.0/platform/service/device_init/src/sl_device_init_emu_s2.o
LOAD ./gecko_sdk_4.3.0/platform/service/device_init/src/sl_device_init_hfxo_s2.o
LOAD ./gecko_sdk_4.3.0/platform/service/device_init/src/sl_device_init_lfxo_s2.o
LOAD ./gecko_sdk_4.3.0/platform/service/device_init/src/sl_device_init_nvic.o
LOAD ./gecko_sdk_4.3.0/platform/service/system/src/sl_system_init.o
LOAD ./gecko_sdk_4.3.0/platform/service/system/src/sl_system_process_action.o
LOAD ./gecko_sdk_4.3.0/platform/service/udelay/src/sl_udelay.o
LOAD ./gecko_sdk_4.3.0/platform/service/udelay/src/sl_udelay_armv6m_gcc.o
LOAD c:/siliconlabs/simplicitystudio/v5/developer/toolchains/gnu_arm/10.3_2021.10/bin/../lib/gcc/arm-none-eabi/10.3.1/thumb/v8-m.main+fp/hard\libgcc.a
LOAD c:/siliconlabs/simplicitystudio/v5/developer/toolchains/gnu_arm/10.3_2021.10/bin/../lib/gcc/arm-none-eabi/10.3.1/../../../../arm-none-eabi/lib/thumb/v8-m.main+fp/hard\libc_nano.a
LOAD c:/siliconlabs/simplicitystudio/v5/developer/toolchains/gnu_arm/10.3_2021.10/bin/../lib/gcc/arm-none-eabi/10.3.1/../../../../arm-none-eabi/lib/thumb/v8-m.main+fp/hard\libm.a
LOAD c:/siliconlabs/simplicitystudio/v5/developer/toolchains/gnu_arm/10.3_2021.10/bin/../lib/gcc/arm-none-eabi/10.3.1/../../../../arm-none-eabi/lib/thumb/v8-m.main+fp/hard\libnosys.a
END GROUP
START GROUP
LOAD c:/siliconlabs/simplicitystudio/v5/developer/toolchains/gnu_arm/10.3_2021.10/bin/../lib/gcc/arm-none-eabi/10.3.1/thumb/v8-m.main+fp/hard\libgcc.a
LOAD c:/siliconlabs/simplicitystudio/v5/developer/toolchains/gnu_arm/10.3_2021.10/bin/../lib/gcc/arm-none-eabi/10.3.1/../../../../arm-none-eabi/lib/thumb/v8-m.main+fp/hard\libc_nano.a
LOAD c:/siliconlabs/simplicitystudio/v5/developer/toolchains/gnu_arm/10.3_2021.10/bin/../lib/gcc/arm-none-eabi/10.3.1/../../../../arm-none-eabi/lib/thumb/v8-m.main+fp/hard\libnosys.a
END GROUP
START GROUP
LOAD c:/siliconlabs/simplicitystudio/v5/developer/toolchains/gnu_arm/10.3_2021.10/bin/../lib/gcc/arm-none-eabi/10.3.1/thumb/v8-m.main+fp/hard\libgcc.a
LOAD c:/siliconlabs/simplicitystudio/v5/developer/toolchains/gnu_arm/10.3_2021.10/bin/../lib/gcc/arm-none-eabi/10.3.1/../../../../arm-none-eabi/lib/thumb/v8-m.main+fp/hard\libg_nano.a
LOAD c:/siliconlabs/simplicitystudio/v5/developer/toolchains/gnu_arm/10.3_2021.10/bin/../lib/gcc/arm-none-eabi/10.3.1/../../../../arm-none-eabi/lib/thumb/v8-m.main+fp/hard\libc_nano.a
END GROUP
START GROUP
LOAD c:/siliconlabs/simplicitystudio/v5/developer/toolchains/gnu_arm/10.3_2021.10/bin/../lib/gcc/arm-none-eabi/10.3.1/thumb/v8-m.main+fp/hard\libgcc.a
LOAD c:/siliconlabs/simplicitystudio/v5/developer/toolchains/gnu_arm/10.3_2021.10/bin/../lib/gcc/arm-none-eabi/10.3.1/../../../../arm-none-eabi/lib/thumb/v8-m.main+fp/hard\libc_nano.a
END GROUP
LOAD c:/siliconlabs/simplicitystudio/v5/developer/toolchains/gnu_arm/10.3_2021.10/bin/../lib/gcc/arm-none-eabi/10.3.1/thumb/v8-m.main+fp/hard/crtend.o
LOAD c:/siliconlabs/simplicitystudio/v5/developer/toolchains/gnu_arm/10.3_2021.10/bin/../lib/gcc/arm-none-eabi/10.3.1/thumb/v8-m.main+fp/hard/crtn.o

.text           0x08000000     0x7528
                0x08000000                linker_vectors_begin = .
 *(.vectors)
 .vectors       0x08000000      0x170 ./gecko_sdk_4.3.0/platform/Device/SiliconLabs/EFR32MG24/Source/startup_efr32mg24.o
                0x08000000                __Vectors
                0x08000170                linker_vectors_end = .
                0x08000170                __Vectors_End = .
                0x08000170                __Vectors_Size = (__Vectors_End - __Vectors)
                0x08000170                linker_code_begin = .
 *(SORT_BY_ALIGNMENT(.text*))
 .text          0x08000170        0x8 ./gecko_sdk_4.3.0/platform/service/udelay/src/sl_udelay_armv6m_gcc.o
                0x08000170                sli_delay_loop
 .text.getMoisture
                0x08000178       0xd0 ./adc.o
                0x08000178                getMoisture
 .text          0x08000248       0x40 c:/siliconlabs/simplicitystudio/v5/developer/toolchains/gnu_arm/10.3_2021.10/bin/../lib/gcc/arm-none-eabi/10.3.1/thumb/v8-m.main+fp/hard/crtbegin.o
 .text          0x08000288       0x7c c:/siliconlabs/simplicitystudio/v5/developer/toolchains/gnu_arm/10.3_2021.10/bin/../lib/gcc/arm-none-eabi/10.3.1/../../../../arm-none-eabi/lib/thumb/v8-m.main+fp/hard/crt0.o
                0x08000288                _stack_init
                0x08000290                _start
                0x08000290                _mainCRTStartup
 .text.GPIO_PinInGet
                0x08000304       0x88 ./DHT22.o
 .text.DHT_GetData
                0x0800038c       0xd0 ./DHT22.o
                0x0800038c                DHT_GetData
 .text.__NVIC_EnableIRQ
                0x0800045c       0x34 ./Letimer.o
 .text.batteryLevel
                0x08000490       0x48 ./Letimer.o
                0x08000490                batteryLevel
 .text.LETIMER0_IRQHandler
                0x080004d8      0x150 ./Letimer.o
                0x080004d8                LETIMER0_IRQHandler
 .text.iadcInit
                0x08000628       0xec ./adc.o
                0x08000628                iadcInit
 .text.iadcStartsingle
                0x08000714       0x38 ./adc.o
                0x08000714                iadcStartsingle
 .text.uartInit
                0x0800074c       0xa0 ./uart.o
                0x0800074c                uartInit
 .text.transmitData
                0x080007ec       0x4c ./uart.o
                0x080007ec                transmitData
 .text.data     0x08000838       0x8c ./uart.o
                0x08000838                data
 .text.doubleToCharArray
                0x080008c4      0x24c ./uart.o
                0x080008c4                doubleToCharArray
 .text.sl_device_init_clocks
                0x08000b10       0xd4 ./autogen/sl_device_init_clocks.o
                0x08000b10                sl_device_init_clocks
 .text.GPIO_PinOutClear
                0x08000be4       0x84 ./gecko_sdk_4.3.0/hardware/driver/mx25_flash_shutdown/src/sl_mx25_flash_shutdown_usart/sl_mx25_flash_shutdown.o
 .text.GPIO_PinOutSet
                0x08000c68       0x84 ./gecko_sdk_4.3.0/hardware/driver/mx25_flash_shutdown/src/sl_mx25_flash_shutdown_usart/sl_mx25_flash_shutdown.o
 .text.sl_mx25_flash_shutdown
                0x08000cec      0x134 ./gecko_sdk_4.3.0/hardware/driver/mx25_flash_shutdown/src/sl_mx25_flash_shutdown_usart/sl_mx25_flash_shutdown.o
                0x08000cec                sl_mx25_flash_shutdown
 .text.Reset_Handler
                0x08000e20       0x98 ./gecko_sdk_4.3.0/platform/Device/SiliconLabs/EFR32MG24/Source/startup_efr32mg24.o
                0x08000e20                Reset_Handler
 .text.__NVIC_EnableIRQ
                0x08000eb8       0x34 ./gecko_sdk_4.3.0/platform/Device/SiliconLabs/EFR32MG24/Source/system_efr32mg24.o
 .text.__NVIC_ClearPendingIRQ
                0x08000eec       0x38 ./gecko_sdk_4.3.0/platform/Device/SiliconLabs/EFR32MG24/Source/system_efr32mg24.o
 .text.SystemInit
                0x08000f24       0x90 ./gecko_sdk_4.3.0/platform/Device/SiliconLabs/EFR32MG24/Source/system_efr32mg24.o
                0x08000f24                SystemInit
 .text.SystemHFRCODPLLClockGet
                0x08000fb4        0xc ./gecko_sdk_4.3.0/platform/Device/SiliconLabs/EFR32MG24/Source/system_efr32mg24.o
                0x08000fb4                SystemHFRCODPLLClockGet
 .text.SystemSYSCLKGet
                0x08000fc0       0x50 ./gecko_sdk_4.3.0/platform/Device/SiliconLabs/EFR32MG24/Source/system_efr32mg24.o
                0x08000fc0                SystemSYSCLKGet
 .text.SystemHCLKGet
                0x08001010       0x3c ./gecko_sdk_4.3.0/platform/Device/SiliconLabs/EFR32MG24/Source/system_efr32mg24.o
                0x08001010                SystemHCLKGet
 .text.SystemMaxCoreClockGet
                0x0800104c        0xc ./gecko_sdk_4.3.0/platform/Device/SiliconLabs/EFR32MG24/Source/system_efr32mg24.o
                0x0800104c                SystemMaxCoreClockGet
 .text.SystemHFXOClockGet
                0x08001058        0xc ./gecko_sdk_4.3.0/platform/Device/SiliconLabs/EFR32MG24/Source/system_efr32mg24.o
                0x08001058                SystemHFXOClockGet
 .text.SystemHFXOClockSet
                0x08001064       0x2c ./gecko_sdk_4.3.0/platform/Device/SiliconLabs/EFR32MG24/Source/system_efr32mg24.o
                0x08001064                SystemHFXOClockSet
 .text.SystemFSRCOClockGet
                0x08001090        0xc ./gecko_sdk_4.3.0/platform/Device/SiliconLabs/EFR32MG24/Source/system_efr32mg24.o
                0x08001090                SystemFSRCOClockGet
 .text.SystemHFRCOEM23ClockGet
                0x0800109c       0xe0 ./gecko_sdk_4.3.0/platform/Device/SiliconLabs/EFR32MG24/Source/system_efr32mg24.o
                0x0800109c                SystemHFRCOEM23ClockGet
 .text.SystemLFXOClockGet
                0x0800117c        0xc ./gecko_sdk_4.3.0/platform/Device/SiliconLabs/EFR32MG24/Source/system_efr32mg24.o
                0x0800117c                SystemLFXOClockGet
 .text.BUS_RegBitWrite
                0x08001188       0x48 ./gecko_sdk_4.3.0/platform/driver/debug/src/sl_debug_swo.o
 .text.GPIO_DbgSWOEnable
                0x080011d0       0x30 ./gecko_sdk_4.3.0/platform/driver/debug/src/sl_debug_swo.o
 .text.sl_debug_swo_init
                0x08001200      0x178 ./gecko_sdk_4.3.0/platform/driver/debug/src/sl_debug_swo.o
                0x08001200                sl_debug_swo_init
 .text.__NVIC_EnableIRQ
                0x08001378       0x34 ./gecko_sdk_4.3.0/platform/emdrv/ustimer/src/ustimer.o
 .text.__NVIC_DisableIRQ
                0x080013ac       0x44 ./gecko_sdk_4.3.0/platform/emdrv/ustimer/src/ustimer.o
 .text.__NVIC_ClearPendingIRQ
                0x080013f0       0x38 ./gecko_sdk_4.3.0/platform/emdrv/ustimer/src/ustimer.o
 .text.TIMER_Valid
                0x08001428       0x54 ./gecko_sdk_4.3.0/platform/emdrv/ustimer/src/ustimer.o
 .text.TIMER_MaxCount
                0x0800147c       0xf0 ./gecko_sdk_4.3.0/platform/emdrv/ustimer/src/ustimer.o
 .text.TIMER_Enable
                0x0800156c       0x44 ./gecko_sdk_4.3.0/platform/emdrv/ustimer/src/ustimer.o
 .text.TIMER_TopSet
                0x080015b0       0x48 ./gecko_sdk_4.3.0/platform/emdrv/ustimer/src/ustimer.o
 .text.USTIMER_Init
                0x080015f8      0x130 ./gecko_sdk_4.3.0/platform/emdrv/ustimer/src/ustimer.o
                0x080015f8                USTIMER_Init
 .text.USTIMER_DeInit
                0x08001728       0x38 ./gecko_sdk_4.3.0/platform/emdrv/ustimer/src/ustimer.o
                0x08001728                USTIMER_DeInit
 .text.USTIMER_DelayIntSafe
                0x08001760       0x9c ./gecko_sdk_4.3.0/platform/emdrv/ustimer/src/ustimer.o
                0x08001760                USTIMER_DelayIntSafe
 .text.TIMER0_IRQHandler
                0x080017fc       0x34 ./gecko_sdk_4.3.0/platform/emdrv/ustimer/src/ustimer.o
                0x080017fc                TIMER0_IRQHandler
 .text.DelayTicksPolled
                0x08001830       0x50 ./gecko_sdk_4.3.0/platform/emdrv/ustimer/src/ustimer.o
 .text.BUS_RegBitWrite
                0x08001880       0x48 ./gecko_sdk_4.3.0/platform/emlib/src/em_cmu.o
 .text.EMU_VScaleWait
                0x080018c8       0x1c ./gecko_sdk_4.3.0/platform/emlib/src/em_cmu.o
 .text.EMU_VScaleGet
                0x080018e4       0x1c ./gecko_sdk_4.3.0/platform/emlib/src/em_cmu.o
 .text.MSC_LockGetLocked
                0x08001900       0x1c ./gecko_sdk_4.3.0/platform/emlib/src/em_cmu.o
 .text.MSC_LockSetLocked
                0x0800191c       0x10 ./gecko_sdk_4.3.0/platform/emlib/src/em_cmu.o
 .text.MSC_LockSetUnlocked
                0x0800192c       0x10 ./gecko_sdk_4.3.0/platform/emlib/src/em_cmu.o
 .text.MSC_ReadCTRLGet
                0x0800193c        0xc ./gecko_sdk_4.3.0/platform/emlib/src/em_cmu.o
 .text.MSC_ReadCTRLSet
                0x08001948       0x14 ./gecko_sdk_4.3.0/platform/emlib/src/em_cmu.o
 .text.CMU_ClockDivGet
                0x0800195c       0xec ./gecko_sdk_4.3.0/platform/emlib/src/em_cmu.o
                0x0800195c                CMU_ClockDivGet
 .text.CMU_ClockDivSet
                0x08001a48      0x1b0 ./gecko_sdk_4.3.0/platform/emlib/src/em_cmu.o
                0x08001a48                CMU_ClockDivSet
 .text.CMU_ClockEnable
                0x08001bf8       0x74 ./gecko_sdk_4.3.0/platform/emlib/src/em_cmu.o
                0x08001bf8                CMU_ClockEnable
 .text.CMU_ClockFreqGet
                0x08001c6c      0x6a8 ./gecko_sdk_4.3.0/platform/emlib/src/em_cmu.o
                0x08001c6c                CMU_ClockFreqGet
 .text.CMU_ClockSelectGet
                0x08002314      0x3e4 ./gecko_sdk_4.3.0/platform/emlib/src/em_cmu.o
                0x08002314                CMU_ClockSelectGet
 .text.sli_em_cmu_HFXOSetForceEnable
                0x080026f8       0x28 ./gecko_sdk_4.3.0/platform/emlib/src/em_cmu.o
                0x080026f8                sli_em_cmu_HFXOSetForceEnable
 .text.CMU_HFXOInit
                0x08002720      0x310 ./gecko_sdk_4.3.0/platform/emlib/src/em_cmu.o
                0x08002720                CMU_HFXOInit
 .text.CMU_HFXOCTuneDeltaGet
                0x08002a30       0x10 ./gecko_sdk_4.3.0/platform/emlib/src/em_cmu.o
                0x08002a30                CMU_HFXOCTuneDeltaGet
 .text.CMU_LFXOInit
                0x08002a40      0x120 ./gecko_sdk_4.3.0/platform/emlib/src/em_cmu.o
                0x08002a40                CMU_LFXOInit
 .text.CMU_LFXOPrecisionSet
                0x08002b60       0x1c ./gecko_sdk_4.3.0/platform/emlib/src/em_cmu.o
                0x08002b60                CMU_LFXOPrecisionSet
 .text.CMU_HFXOPrecisionSet
                0x08002b7c       0x1c ./gecko_sdk_4.3.0/platform/emlib/src/em_cmu.o
                0x08002b7c                CMU_HFXOPrecisionSet
 .text.eusart0ClkGet
                0x08002b98       0xac ./gecko_sdk_4.3.0/platform/emlib/src/em_cmu.o
 .text.em01GrpcClkGet
                0x08002c44       0xbc ./gecko_sdk_4.3.0/platform/emlib/src/em_cmu.o
 .text.vdac0ClkGet
                0x08002d00       0xa8 ./gecko_sdk_4.3.0/platform/emlib/src/em_cmu.o
 .text.vdac1ClkGet
                0x08002da8       0xa8 ./gecko_sdk_4.3.0/platform/emlib/src/em_cmu.o
 .text.pcnt0ClkGet
                0x08002e50       0x74 ./gecko_sdk_4.3.0/platform/emlib/src/em_cmu.o
 .text.rhclkPrescMax
                0x08002ec4       0x18 ./gecko_sdk_4.3.0/platform/emlib/src/em_cmu.o
 .text.rhclkPrescOptimize
                0x08002edc       0x2c ./gecko_sdk_4.3.0/platform/emlib/src/em_cmu.o
 .text.traceClkGet
                0x08002f08       0x84 ./gecko_sdk_4.3.0/platform/emlib/src/em_cmu.o
 .text.dpllRefClkGet
                0x08002f8c       0x94 ./gecko_sdk_4.3.0/platform/emlib/src/em_cmu.o
 .text.em01GrpaClkGet
                0x08003020       0xc4 ./gecko_sdk_4.3.0/platform/emlib/src/em_cmu.o
 .text.em23GrpaClkGet
                0x080030e4       0x94 ./gecko_sdk_4.3.0/platform/emlib/src/em_cmu.o
 .text.em4GrpaClkGet
                0x08003178       0x94 ./gecko_sdk_4.3.0/platform/emlib/src/em_cmu.o
 .text.getWaitStatesByFrequencyAndVScale
                0x0800320c       0x54 ./gecko_sdk_4.3.0/platform/emlib/src/em_cmu.o
 .text.flashWaitStateControl
                0x08003260       0x70 ./gecko_sdk_4.3.0/platform/emlib/src/em_cmu.o
 .text.iadcClkGet
                0x080032d0       0x8c ./gecko_sdk_4.3.0/platform/emlib/src/em_cmu.o
 .text.pclkDivOptimize
                0x0800335c       0x34 ./gecko_sdk_4.3.0/platform/emlib/src/em_cmu.o
 .text.sysrtcClkGet
                0x08003390       0x94 ./gecko_sdk_4.3.0/platform/emlib/src/em_cmu.o
 .text.wdog0ClkGet
                0x08003424       0xa8 ./gecko_sdk_4.3.0/platform/emlib/src/em_cmu.o
 .text.wdog1ClkGet
                0x080034cc       0xa8 ./gecko_sdk_4.3.0/platform/emlib/src/em_cmu.o
 .text.sysTickClkGet
                0x08003574       0x58 ./gecko_sdk_4.3.0/platform/emlib/src/em_cmu.o
 .text.EMU_DCDCLock
                0x080035cc       0x14 ./gecko_sdk_4.3.0/platform/emlib/src/em_emu.o
 .text.EMU_DCDCUnlock
                0x080035e0       0x10 ./gecko_sdk_4.3.0/platform/emlib/src/em_emu.o
 .text.EMU_DCDCSync
                0x080035f0       0x20 ./gecko_sdk_4.3.0/platform/emlib/src/em_emu.o
 .text.EMU_VScaleWait
                0x08003610       0x1c ./gecko_sdk_4.3.0/platform/emlib/src/em_emu.o
 .text.EMU_VScaleGet
                0x0800362c       0x1c ./gecko_sdk_4.3.0/platform/emlib/src/em_emu.o
 .text.EMU_EnterEM2
                0x08003648       0x48 ./gecko_sdk_4.3.0/platform/emlib/src/em_emu.o
                0x08003648                EMU_EnterEM2
 .text.EMU_EM4Init
                0x08003690       0x24 ./gecko_sdk_4.3.0/platform/emlib/src/em_emu.o
                0x08003690                EMU_EM4Init
 .text.EMU_VScaleEM01ByClock
                0x080036b4       0x5c ./gecko_sdk_4.3.0/platform/emlib/src/em_emu.o
                0x080036b4                EMU_VScaleEM01ByClock
 .text.EMU_VScaleEM01
                0x08003710       0xdc ./gecko_sdk_4.3.0/platform/emlib/src/em_emu.o
                0x08003710                EMU_VScaleEM01
 .text.EMU_DCDCModeSet
                0x080037ec      0x128 ./gecko_sdk_4.3.0/platform/emlib/src/em_emu.o
                0x080037ec                EMU_DCDCModeSet
 .text.EMU_DCDCInit
                0x08003914       0xa8 ./gecko_sdk_4.3.0/platform/emlib/src/em_emu.o
                0x08003914                EMU_DCDCInit
 .text.EMU_DCDCSetPFMXModePeakCurrent
                0x080039bc       0xb4 ./gecko_sdk_4.3.0/platform/emlib/src/em_emu.o
                0x080039bc                EMU_DCDCSetPFMXModePeakCurrent
 .text.GPIO_PinOutClear
                0x08003a70       0x84 ./gecko_sdk_4.3.0/platform/emlib/src/em_gpio.o
 .text.GPIO_PinOutSet
                0x08003af4       0x84 ./gecko_sdk_4.3.0/platform/emlib/src/em_gpio.o
 .text.GPIO_PinModeSet
                0x08003b78      0x124 ./gecko_sdk_4.3.0/platform/emlib/src/em_gpio.o
                0x08003b78                GPIO_PinModeSet
 .text.IADC_disable
                0x08003c9c       0x38 ./gecko_sdk_4.3.0/platform/emlib/src/em_iadc.o
 .text.IADC_init
                0x08003cd4      0x9bc ./gecko_sdk_4.3.0/platform/emlib/src/em_iadc.o
                0x08003cd4                IADC_init
 .text.IADC_initSingle
                0x08004690       0xc4 ./gecko_sdk_4.3.0/platform/emlib/src/em_iadc.o
                0x08004690                IADC_initSingle
 .text.IADC_updateSingleInput
                0x08004754       0x8c ./gecko_sdk_4.3.0/platform/emlib/src/em_iadc.o
                0x08004754                IADC_updateSingleInput
 .text.IADC_reset
                0x080047e0      0x16c ./gecko_sdk_4.3.0/platform/emlib/src/em_iadc.o
                0x080047e0                IADC_reset
 .text.IADC_calcTimebase
                0x0800494c       0xa0 ./gecko_sdk_4.3.0/platform/emlib/src/em_iadc.o
                0x0800494c                IADC_calcTimebase
 .text.IADC_calcSrcClkPrescale
                0x080049ec       0x8c ./gecko_sdk_4.3.0/platform/emlib/src/em_iadc.o
                0x080049ec                IADC_calcSrcClkPrescale
 .text.IADC_calcAdcClkPrescale
                0x08004a78       0xc4 ./gecko_sdk_4.3.0/platform/emlib/src/em_iadc.o
                0x08004a78                IADC_calcAdcClkPrescale
 .text.IADC_getReferenceVoltage
                0x08004b3c       0x7c ./gecko_sdk_4.3.0/platform/emlib/src/em_iadc.o
                0x08004b3c                IADC_getReferenceVoltage
 .text.LETIMER_Enable
                0x08004bb8       0x48 ./gecko_sdk_4.3.0/platform/emlib/src/em_letimer.o
                0x08004bb8                LETIMER_Enable
 .text.LETIMER_Init
                0x08004c00      0x118 ./gecko_sdk_4.3.0/platform/emlib/src/em_letimer.o
                0x08004c00                LETIMER_Init
 .text.SYSCFG_readChipRev
                0x08004d18        0xc ./gecko_sdk_4.3.0/platform/emlib/src/em_system.o
 .text.SYSTEM_ChipRevisionGet
                0x08004d24       0x50 ./gecko_sdk_4.3.0/platform/emlib/src/em_system.o
                0x08004d24                SYSTEM_ChipRevisionGet
 .text.TIMER_Valid
                0x08004d74       0x54 ./gecko_sdk_4.3.0/platform/emlib/src/em_timer.o
 .text.timerPrsConfig
                0x08004dc8       0xc0 ./gecko_sdk_4.3.0/platform/emlib/src/em_timer.o
 .text.TIMER_Init
                0x08004e88      0x130 ./gecko_sdk_4.3.0/platform/emlib/src/em_timer.o
                0x08004e88                TIMER_Init
 .text.TIMER_InitCC
                0x08004fb8      0x148 ./gecko_sdk_4.3.0/platform/emlib/src/em_timer.o
                0x08004fb8                TIMER_InitCC
 .text.prsRxInput
                0x08005100       0x38 ./gecko_sdk_4.3.0/platform/emlib/src/em_usart.o
 .text.USART_BaudrateAsyncSet
                0x08005138      0x14c ./gecko_sdk_4.3.0/platform/emlib/src/em_usart.o
                0x08005138                USART_BaudrateAsyncSet
 .text.USART_BaudrateSyncSet
                0x08005284       0x68 ./gecko_sdk_4.3.0/platform/emlib/src/em_usart.o
                0x08005284                USART_BaudrateSyncSet
 .text.USART_InitAsync
                0x080052ec      0x134 ./gecko_sdk_4.3.0/platform/emlib/src/em_usart.o
                0x080052ec                USART_InitAsync
 .text.USART_InitSync
                0x08005420      0x108 ./gecko_sdk_4.3.0/platform/emlib/src/em_usart.o
                0x08005420                USART_InitSync
 .text.USART_Reset
                0x08005528       0xa0 ./gecko_sdk_4.3.0/platform/emlib/src/em_usart.o
                0x08005528                USART_Reset
 .text.sl_device_init_dcdc
                0x080055c8       0x34 ./gecko_sdk_4.3.0/platform/service/device_init/src/sl_device_init_dcdc_s2.o
                0x080055c8                sl_device_init_dcdc
 .text.sl_device_init_emu
                0x080055fc       0x34 ./gecko_sdk_4.3.0/platform/service/device_init/src/sl_device_init_emu_s2.o
                0x080055fc                sl_device_init_emu
 .text.sl_device_init_hfxo
                0x08005630       0xcc ./gecko_sdk_4.3.0/platform/service/device_init/src/sl_device_init_hfxo_s2.o
                0x08005630                sl_device_init_hfxo
 .text.sl_device_init_lfxo
                0x080056fc       0x3c ./gecko_sdk_4.3.0/platform/service/device_init/src/sl_device_init_lfxo_s2.o
                0x080056fc                sl_device_init_lfxo
 .text.__NVIC_SetPriority
                0x08005738       0x50 ./gecko_sdk_4.3.0/platform/service/device_init/src/sl_device_init_nvic.o
 .text.sl_udelay_wait
                0x08005788       0x80 ./gecko_sdk_4.3.0/platform/service/udelay/src/sl_udelay.o
                0x08005788                sl_udelay_wait
 .text          0x08005808      0x378 c:/siliconlabs/simplicitystudio/v5/developer/toolchains/gnu_arm/10.3_2021.10/bin/../lib/gcc/arm-none-eabi/10.3.1/thumb/v8-m.main+fp/hard\libgcc.a(_arm_addsubdf3.o)
                0x08005808                __aeabi_drsub
                0x08005810                __aeabi_dsub
                0x08005810                __subdf3
                0x08005814                __aeabi_dadd
                0x08005814                __adddf3
                0x08005a8c                __floatunsidf
                0x08005a8c                __aeabi_ui2d
                0x08005aac                __floatsidf
                0x08005aac                __aeabi_i2d
                0x08005ad0                __aeabi_f2d
                0x08005ad0                __extendsfdf2
                0x08005b14                __floatundidf
                0x08005b14                __aeabi_ul2d
                0x08005b24                __floatdidf
                0x08005b24                __aeabi_l2d
 .text          0x08005b80      0x424 c:/siliconlabs/simplicitystudio/v5/developer/toolchains/gnu_arm/10.3_2021.10/bin/../lib/gcc/arm-none-eabi/10.3.1/thumb/v8-m.main+fp/hard\libgcc.a(_arm_muldivdf3.o)
                0x08005b80                __aeabi_dmul
                0x08005b80                __muldf3
                0x08005dd4                __divdf3
                0x08005dd4                __aeabi_ddiv
 .text          0x08005fa4      0x110 c:/siliconlabs/simplicitystudio/v5/developer/toolchains/gnu_arm/10.3_2021.10/bin/../lib/gcc/arm-none-eabi/10.3.1/thumb/v8-m.main+fp/hard\libgcc.a(_arm_cmpdf2.o)
                0x08005fa4                __gtdf2
                0x08005fa4                __gedf2
                0x08005fac                __ltdf2
                0x08005fac                __ledf2
                0x08005fb4                __nedf2
                0x08005fb4                __eqdf2
                0x08005fb4                __cmpdf2
                0x08006030                __aeabi_cdrcmple
                0x08006040                __aeabi_cdcmpeq
                0x08006040                __aeabi_cdcmple
                0x08006050                __aeabi_dcmpeq
                0x08006064                __aeabi_dcmplt
                0x08006078                __aeabi_dcmple
                0x0800608c                __aeabi_dcmpge
                0x080060a0                __aeabi_dcmpgt
 .text          0x080060b4       0x50 c:/siliconlabs/simplicitystudio/v5/developer/toolchains/gnu_arm/10.3_2021.10/bin/../lib/gcc/arm-none-eabi/10.3.1/thumb/v8-m.main+fp/hard\libgcc.a(_arm_fixdfsi.o)
                0x080060b4                __aeabi_d2iz
                0x080060b4                __fixdfsi
 .text          0x08006104       0x30 c:/siliconlabs/simplicitystudio/v5/developer/toolchains/gnu_arm/10.3_2021.10/bin/../lib/gcc/arm-none-eabi/10.3.1/thumb/v8-m.main+fp/hard\libgcc.a(_aeabi_uldivmod.o)
                0x08006104                __aeabi_uldivmod
 .text          0x08006134      0x2ec c:/siliconlabs/simplicitystudio/v5/developer/toolchains/gnu_arm/10.3_2021.10/bin/../lib/gcc/arm-none-eabi/10.3.1/thumb/v8-m.main+fp/hard\libgcc.a(_udivmoddi4.o)
                0x08006134                __udivmoddi4
 .text          0x08006420        0x4 c:/siliconlabs/simplicitystudio/v5/developer/toolchains/gnu_arm/10.3_2021.10/bin/../lib/gcc/arm-none-eabi/10.3.1/thumb/v8-m.main+fp/hard\libgcc.a(_dvmd_tls.o)
                0x08006420                __aeabi_idiv0
                0x08006420                __aeabi_ldiv0
 .text.exit     0x08006424       0x28 c:/siliconlabs/simplicitystudio/v5/developer/toolchains/gnu_arm/10.3_2021.10/bin/../lib/gcc/arm-none-eabi/10.3.1/../../../../arm-none-eabi/lib/thumb/v8-m.main+fp/hard\libc_nano.a(lib_a-exit.o)
                0x08006424                exit
 .text.__libc_init_array
                0x0800644c       0x48 c:/siliconlabs/simplicitystudio/v5/developer/toolchains/gnu_arm/10.3_2021.10/bin/../lib/gcc/arm-none-eabi/10.3.1/../../../../arm-none-eabi/lib/thumb/v8-m.main+fp/hard\libc_nano.a(lib_a-init.o)
                0x0800644c                __libc_init_array
 .text._strtol_l.constprop.0
                0x08006494      0x104 c:/siliconlabs/simplicitystudio/v5/developer/toolchains/gnu_arm/10.3_2021.10/bin/../lib/gcc/arm-none-eabi/10.3.1/../../../../arm-none-eabi/lib/thumb/v8-m.main+fp/hard\libc_nano.a(lib_a-strtol.o)
 .text.strtol   0x08006598       0x14 c:/siliconlabs/simplicitystudio/v5/developer/toolchains/gnu_arm/10.3_2021.10/bin/../lib/gcc/arm-none-eabi/10.3.1/../../../../arm-none-eabi/lib/thumb/v8-m.main+fp/hard\libc_nano.a(lib_a-strtol.o)
                0x08006598                strtol
 .text.__errno  0x080065ac        0xc c:/siliconlabs/simplicitystudio/v5/developer/toolchains/gnu_arm/10.3_2021.10/bin/../lib/gcc/arm-none-eabi/10.3.1/../../../../arm-none-eabi/lib/thumb/v8-m.main+fp/hard\libc_nano.a(lib_a-errno.o)
                0x080065ac                __errno
 .text._exit    0x080065b8        0x4 c:/siliconlabs/simplicitystudio/v5/developer/toolchains/gnu_arm/10.3_2021.10/bin/../lib/gcc/arm-none-eabi/10.3.1/../../../../arm-none-eabi/lib/thumb/v8-m.main+fp/hard\libnosys.a(_exit.o)
                0x080065b8                _exit
 .text.BUS_RegBitRead
                0x080065bc       0x1a ./DHT22.o
 .text.DHT_Start
                0x080065d6       0x3c ./DHT22.o
                0x080065d6                DHT_Start
 .text.DHT_Check_Response
                0x08006612       0x5c ./DHT22.o
                0x08006612                DHT_Check_Response
 .text.DHT_Read
                0x0800666e       0x9c ./DHT22.o
                0x0800666e                DHT_Read
 .text.LETIMER_IntClear
                0x0800670a       0x18 ./Letimer.o
 .text.LETIMER_IntEnable
                0x08006722       0x18 ./Letimer.o
 .text.LETIMER_IntGet
                0x0800673a        0xe ./Letimer.o
 .text.letimer0Init
                0x08006748       0x6c ./Letimer.o
                0x08006748                letimer0Init
 .text.letimer0Enable
                0x080067b4       0x2a ./Letimer.o
                0x080067b4                letimer0Enable
 .text.IADC_command
                0x080067de       0x12 ./adc.o
 .text.app_init
                0x080067f0       0x16 ./app.o
                0x080067f0                app_init
 .text.app_process_action
                0x08006806        0x4 ./app.o
                0x08006806                app_process_action
 .text.main     0x0800680a       0x16 ./main.o
                0x0800680a                main
 .text.insertStringAtBeginning
                0x08006820       0x22 ./uart.o
                0x08006820                insertStringAtBeginning
 .text.concatenateArrays
                0x08006842       0x34 ./uart.o
                0x08006842                concatenateArrays
 .text.sl_board_default_init
                0x08006876        0xa ./autogen/sl_board_default_init.o
                0x08006876                sl_board_default_init
 .text.CHIP_Init
                0x08006880        0x4 ./autogen/sl_event_handler.o
 .text.sl_platform_init
                0x08006884       0x2a ./autogen/sl_event_handler.o
                0x08006884                sl_platform_init
 .text.sl_driver_init
                0x080068ae        0xe ./autogen/sl_event_handler.o
                0x080068ae                sl_driver_init
 .text.sl_service_init
                0x080068bc        0xa ./autogen/sl_event_handler.o
                0x080068bc                sl_service_init
 .text.sl_stack_init
                0x080068c6        0x4 ./autogen/sl_event_handler.o
                0x080068c6                sl_stack_init
 .text.sl_internal_app_init
                0x080068ca        0x4 ./autogen/sl_event_handler.o
                0x080068ca                sl_internal_app_init
 .text.sl_board_configure_vcom
                0x080068ce        0x6 ./gecko_sdk_4.3.0/hardware/board/src/sl_board_control_gpio.o
                0x080068ce                sl_board_configure_vcom
 .text.sl_board_disable_vcom
                0x080068d4       0x14 ./gecko_sdk_4.3.0/hardware/board/src/sl_board_control_gpio.o
                0x080068d4                sl_board_disable_vcom
 .text.sl_board_init
                0x080068e8       0x16 ./gecko_sdk_4.3.0/hardware/board/src/sl_board_init.o
                0x080068e8                sl_board_init
 .text.sl_board_preinit
                0x080068fe        0xe ./gecko_sdk_4.3.0/hardware/board/src/sl_board_init.o
                0x080068fe                sl_board_preinit
 .text.sl_cos_send_config
                0x0800690c       0x12 ./gecko_sdk_4.3.0/hardware/driver/configuration_over_swo/src/sl_cos.o
                0x0800690c                sl_cos_send_config
 .text.cs_low   0x0800691e        0xe ./gecko_sdk_4.3.0/hardware/driver/mx25_flash_shutdown/src/sl_mx25_flash_shutdown_usart/sl_mx25_flash_shutdown.o
 .text.cs_high  0x0800692c        0xe ./gecko_sdk_4.3.0/hardware/driver/mx25_flash_shutdown/src/sl_mx25_flash_shutdown_usart/sl_mx25_flash_shutdown.o
 .text.Default_Handler
                0x0800693a        0x2 ./gecko_sdk_4.3.0/platform/Device/SiliconLabs/EFR32MG24/Source/startup_efr32mg24.o
                0x0800693a                ULFRCO_IRQHandler
                0x0800693a                AHB2AHB1_IRQHandler
                0x0800693a                SW2_IRQHandler
                0x0800693a                TIMER2_IRQHandler
                0x0800693a                DebugMon_Handler
                0x0800693a                USART0_TX_IRQHandler
                0x0800693a                IADC_IRQHandler
                0x0800693a                EUSART0_TX_IRQHandler
                0x0800693a                I2C0_IRQHandler
                0x0800693a                LFXO_IRQHandler
                0x0800693a                HardFault_Handler
                0x0800693a                SMU_SECURE_IRQHandler
                0x0800693a                SysTick_Handler
                0x0800693a                SYSRTC_SEQ_IRQHandler
                0x0800693a                EMUEFP_IRQHandler
                0x0800693a                PendSV_Handler
                0x0800693a                NMI_Handler
                0x0800693a                SYNTH_IRQHandler
                0x0800693a                HOSTMAILBOX_IRQHandler
                0x0800693a                HFXO0_IRQHandler
                0x0800693a                I2C1_IRQHandler
                0x0800693a                WDOG0_IRQHandler
                0x0800693a                TIMER3_IRQHandler
                0x0800693a                SYSCFG_IRQHandler
                0x0800693a                RFECA1_IRQHandler
                0x0800693a                EMUDG_IRQHandler
                0x0800693a                MSC_IRQHandler
                0x0800693a                DPLL0_IRQHandler
                0x0800693a                UsageFault_Handler
                0x0800693a                WDOG1_IRQHandler
                0x0800693a                M33CTI1_IRQHandler
                0x0800693a                TIMER4_IRQHandler
                0x0800693a                GPIO_EVEN_IRQHandler
                0x0800693a                VDAC0_IRQHandler
                0x0800693a                LDMA_IRQHandler
                0x0800693a                SEMBTX_IRQHandler
                0x0800693a                SW0_IRQHandler
                0x0800693a                MVP_IRQHandler
                0x0800693a                EUSART1_RX_IRQHandler
                0x0800693a                TIMER1_IRQHandler
                0x0800693a                HFRCO0_IRQHandler
                0x0800693a                SecureFault_Handler
                0x0800693a                BUFC_IRQHandler
                0x0800693a                DCDC_IRQHandler
                0x0800693a                MODEM_IRQHandler
                0x0800693a                Default_Handler
                0x0800693a                RAC_SEQ_IRQHandler
                0x0800693a                FRC_PRI_IRQHandler
                0x0800693a                SW3_IRQHandler
                0x0800693a                EMU_IRQHandler
                0x0800693a                KERNEL0_IRQHandler
                0x0800693a                FRC_IRQHandler
                0x0800693a                PCNT0_IRQHandler
                0x0800693a                KERNEL1_IRQHandler
                0x0800693a                AGC_IRQHandler
                0x0800693a                EUSART1_TX_IRQHandler
                0x0800693a                KEYSCAN_IRQHandler
                0x0800693a                HFRCOEM23_IRQHandler
                0x0800693a                sl_app_properties
                0x0800693a                BURTC_IRQHandler
                0x0800693a                SEMBRX_IRQHandler
                0x0800693a                RFECA0_IRQHandler
                0x0800693a                LFRCO_IRQHandler
                0x0800693a                VDAC1_IRQHandler
                0x0800693a                ACMP0_IRQHandler
                0x0800693a                USART0_RX_IRQHandler
                0x0800693a                MemManage_Handler
                0x0800693a                AHB2AHB0_IRQHandler
                0x0800693a                SVC_Handler
                0x0800693a                SMU_S_PRIVILEGED_IRQHandler
                0x0800693a                SW1_IRQHandler
                0x0800693a                CMU_IRQHandler
                0x0800693a                EUSART0_RX_IRQHandler
                0x0800693a                RAC_RSM_IRQHandler
                0x0800693a                SETAMPERHOST_IRQHandler
                0x0800693a                GPIO_ODD_IRQHandler
                0x0800693a                AES_IRQHandler
                0x0800693a                M33CTI0_IRQHandler
                0x0800693a                ICACHE0_IRQHandler
                0x0800693a                SMU_NS_PRIVILEGED_IRQHandler
                0x0800693a                FPUEXH_IRQHandler
                0x0800693a                PROTIMER_IRQHandler
                0x0800693a                ACMP1_IRQHandler
                0x0800693a                BusFault_Handler
                0x0800693a                MPAHBRAM_IRQHandler
                0x0800693a                SYSRTC_APP_IRQHandler
 .text.SystemCLKIN0Get
                0x0800693c        0x6 ./gecko_sdk_4.3.0/platform/Device/SiliconLabs/EFR32MG24/Source/system_efr32mg24.o
                0x0800693c                SystemCLKIN0Get
 .text.SystemLFRCOClockGet
                0x08006942        0x8 ./gecko_sdk_4.3.0/platform/Device/SiliconLabs/EFR32MG24/Source/system_efr32mg24.o
                0x08006942                SystemLFRCOClockGet
 .text.SystemULFRCOClockGet
                0x0800694a        0x8 ./gecko_sdk_4.3.0/platform/Device/SiliconLabs/EFR32MG24/Source/system_efr32mg24.o
                0x0800694a                SystemULFRCOClockGet
 .text.assertEFM
                0x08006952        0x8 ./gecko_sdk_4.3.0/platform/common/src/sl_assert.o
                0x08006952                assertEFM
 .text.sl_debug_swo_enable_itm
                0x0800695a       0x26 ./gecko_sdk_4.3.0/platform/driver/debug/src/sl_debug_swo.o
                0x0800695a                sl_debug_swo_enable_itm
 .text.sl_debug_swo_disable_itm
                0x08006980       0x28 ./gecko_sdk_4.3.0/platform/driver/debug/src/sl_debug_swo.o
                0x08006980                sl_debug_swo_disable_itm
 .text.TIMER_CounterGet
                0x080069a8        0xe ./gecko_sdk_4.3.0/platform/emdrv/ustimer/src/ustimer.o
 .text.TIMER_IntClear
                0x080069b6       0x18 ./gecko_sdk_4.3.0/platform/emdrv/ustimer/src/ustimer.o
 .text.TIMER_IntDisable
                0x080069ce       0x1a ./gecko_sdk_4.3.0/platform/emdrv/ustimer/src/ustimer.o
 .text.TIMER_IntGet
                0x080069e8        0xe ./gecko_sdk_4.3.0/platform/emdrv/ustimer/src/ustimer.o
 .text.SystemCoreClockGet
                0x080069f6        0xc ./gecko_sdk_4.3.0/platform/emlib/src/em_cmu.o
 .text.BUS_RegBitRead
                0x08006a02       0x1a ./gecko_sdk_4.3.0/platform/emlib/src/em_cmu.o
 .text.BUS_RegMaskedWrite
                0x08006a1c       0x34 ./gecko_sdk_4.3.0/platform/emlib/src/em_cmu.o
 .text.sli_em_cmu_SYSCLKInitPreClockSelect
                0x08006a50       0x1a ./gecko_sdk_4.3.0/platform/emlib/src/em_cmu.o
                0x08006a50                sli_em_cmu_SYSCLKInitPreClockSelect
 .text.sli_em_cmu_SYSCLKInitPostClockSelect
                0x08006a6a       0x2e ./gecko_sdk_4.3.0/platform/emlib/src/em_cmu.o
                0x08006a6a                sli_em_cmu_SYSCLKInitPostClockSelect
 .text.CMU_UpdateWaitStates
                0x08006a98       0x28 ./gecko_sdk_4.3.0/platform/emlib/src/em_cmu.o
                0x08006a98                CMU_UpdateWaitStates
 .text.pclkDivMax
                0x08006ac0       0x10 ./gecko_sdk_4.3.0/platform/emlib/src/em_cmu.o
 .text.waitStateMax
                0x08006ad0       0x14 ./gecko_sdk_4.3.0/platform/emlib/src/em_cmu.o
 .text.CORE_EnterCritical
                0x08006ae4       0x18 ./gecko_sdk_4.3.0/platform/emlib/src/em_core.o
                0x08006ae4                CORE_EnterCritical
 .text.CORE_ExitCritical
                0x08006afc       0x14 ./gecko_sdk_4.3.0/platform/emlib/src/em_core.o
                0x08006afc                CORE_ExitCritical
 .text.SystemCoreClockUpdate
                0x08006b10        0xa ./gecko_sdk_4.3.0/platform/emlib/src/em_emu.o
 .text.BUS_RegBitRead
                0x08006b1a       0x1a ./gecko_sdk_4.3.0/platform/emlib/src/em_emu.o
 .text.vScaleEM01Cmd
                0x08006b34       0x1c ./gecko_sdk_4.3.0/platform/emlib/src/em_emu.o
 .text.EMU_EM23PresleepHook
                0x08006b50        0x4 ./gecko_sdk_4.3.0/platform/emlib/src/em_emu.o
                0x08006b50                EMU_EM23PresleepHook
 .text.EMU_EFPEM23PresleepHook
                0x08006b54        0x4 ./gecko_sdk_4.3.0/platform/emlib/src/em_emu.o
                0x08006b54                EMU_EFPEM23PresleepHook
 .text.EMU_EM23PostsleepHook
                0x08006b58        0x4 ./gecko_sdk_4.3.0/platform/emlib/src/em_emu.o
                0x08006b58                EMU_EM23PostsleepHook
 .text.EMU_EFPEM23PostsleepHook
                0x08006b5c        0x4 ./gecko_sdk_4.3.0/platform/emlib/src/em_emu.o
                0x08006b5c                EMU_EFPEM23PostsleepHook
 .text.EMU_EFPEM01VScale
                0x08006b60        0xe ./gecko_sdk_4.3.0/platform/emlib/src/em_emu.o
                0x08006b60                EMU_EFPEM01VScale
 .text.EMU_DCDCUpdatedHook
                0x08006b6e        0x4 ./gecko_sdk_4.3.0/platform/emlib/src/em_emu.o
                0x08006b6e                EMU_DCDCUpdatedHook
 .text.BUS_RegMaskedWrite
                0x08006b72       0x34 ./gecko_sdk_4.3.0/platform/emlib/src/em_gpio.o
 .text.GPIO_DbgLocationSet
                0x08006ba6        0xa ./gecko_sdk_4.3.0/platform/emlib/src/em_gpio.o
                0x08006ba6                GPIO_DbgLocationSet
 .text.IADC_pullSingleFifoData
                0x08006bb0        0xe ./gecko_sdk_4.3.0/platform/emlib/src/em_iadc.o
 .text.IADC_readSingleData
                0x08006bbe        0xe ./gecko_sdk_4.3.0/platform/emlib/src/em_iadc.o
 .text.IADC_pullScanFifoData
                0x08006bcc       0x10 ./gecko_sdk_4.3.0/platform/emlib/src/em_iadc.o
 .text.IADC_readScanData
                0x08006bdc       0x10 ./gecko_sdk_4.3.0/platform/emlib/src/em_iadc.o
 .text.IADC_clearInt
                0x08006bec       0x18 ./gecko_sdk_4.3.0/platform/emlib/src/em_iadc.o
 .text.IADC_disableInt
                0x08006c04       0x18 ./gecko_sdk_4.3.0/platform/emlib/src/em_iadc.o
 .text.IADC_command
                0x08006c1c       0x12 ./gecko_sdk_4.3.0/platform/emlib/src/em_iadc.o
 .text.IADC_enable
                0x08006c2e       0x16 ./gecko_sdk_4.3.0/platform/emlib/src/em_iadc.o
 .text.IADC_ConvertRawDataToResult
                0x08006c44       0x72 ./gecko_sdk_4.3.0/platform/emlib/src/em_iadc.o
 .text.IADC_readSingleResult
                0x08006cb6       0x2a ./gecko_sdk_4.3.0/platform/emlib/src/em_iadc.o
                0x08006cb6                IADC_readSingleResult
 .text.regSync  0x08006ce0       0x1c ./gecko_sdk_4.3.0/platform/emlib/src/em_letimer.o
 .text.LETIMER_TopSet
                0x08006cfc       0x38 ./gecko_sdk_4.3.0/platform/emlib/src/em_letimer.o
                0x08006cfc                LETIMER_TopSet
 .text.TIMER_SyncWait
                0x08006d34       0x24 ./gecko_sdk_4.3.0/platform/emlib/src/em_timer.o
                0x08006d34                TIMER_SyncWait
 .text.USART_SpiTransfer
                0x08006d58       0x3a ./gecko_sdk_4.3.0/platform/emlib/src/em_usart.o
                0x08006d58                USART_SpiTransfer
 .text.USART_Tx
                0x08006d92       0x26 ./gecko_sdk_4.3.0/platform/emlib/src/em_usart.o
                0x08006d92                USART_Tx
 .text.sl_device_init_nvic
                0x08006db8       0x38 ./gecko_sdk_4.3.0/platform/service/device_init/src/sl_device_init_nvic.o
                0x08006db8                sl_device_init_nvic
 .text.sl_system_init
                0x08006df0       0x1a ./gecko_sdk_4.3.0/platform/service/system/src/sl_system_init.o
                0x08006df0                sl_system_init
 .text.SystemCoreClockGet
                0x08006e0a        0xc ./gecko_sdk_4.3.0/platform/service/udelay/src/sl_udelay.o
 .text.atoi     0x08006e16        0x8 c:/siliconlabs/simplicitystudio/v5/developer/toolchains/gnu_arm/10.3_2021.10/bin/../lib/gcc/arm-none-eabi/10.3.1/../../../../arm-none-eabi/lib/thumb/v8-m.main+fp/hard\libc_nano.a(lib_a-atoi.o)
                0x08006e16                atoi
 .text.memset   0x08006e1e       0x10 c:/siliconlabs/simplicitystudio/v5/developer/toolchains/gnu_arm/10.3_2021.10/bin/../lib/gcc/arm-none-eabi/10.3.1/../../../../arm-none-eabi/lib/thumb/v8-m.main+fp/hard\libc_nano.a(lib_a-memset.o)
                0x08006e1e                memset
 .text.strcat   0x08006e2e       0x1e c:/siliconlabs/simplicitystudio/v5/developer/toolchains/gnu_arm/10.3_2021.10/bin/../lib/gcc/arm-none-eabi/10.3.1/../../../../arm-none-eabi/lib/thumb/v8-m.main+fp/hard\libc_nano.a(lib_a-strcat.o)
                0x08006e2e                strcat
 .text.strcpy   0x08006e4c       0x10 c:/siliconlabs/simplicitystudio/v5/developer/toolchains/gnu_arm/10.3_2021.10/bin/../lib/gcc/arm-none-eabi/10.3.1/../../../../arm-none-eabi/lib/thumb/v8-m.main+fp/hard\libc_nano.a(lib_a-strcpy.o)
                0x08006e4c                strcpy
                0x08006e5c                linker_code_end = .
 *(.init)
 .init          0x08006e5c        0x4 c:/siliconlabs/simplicitystudio/v5/developer/toolchains/gnu_arm/10.3_2021.10/bin/../lib/gcc/arm-none-eabi/10.3.1/thumb/v8-m.main+fp/hard/crti.o
                0x08006e5c                _init
 .init          0x08006e60        0x8 c:/siliconlabs/simplicitystudio/v5/developer/toolchains/gnu_arm/10.3_2021.10/bin/../lib/gcc/arm-none-eabi/10.3.1/thumb/v8-m.main+fp/hard/crtn.o
 *(.fini)
 .fini          0x08006e68        0x4 c:/siliconlabs/simplicitystudio/v5/developer/toolchains/gnu_arm/10.3_2021.10/bin/../lib/gcc/arm-none-eabi/10.3.1/thumb/v8-m.main+fp/hard/crti.o
                0x08006e68                _fini
 .fini          0x08006e6c        0x8 c:/siliconlabs/simplicitystudio/v5/developer/toolchains/gnu_arm/10.3_2021.10/bin/../lib/gcc/arm-none-eabi/10.3.1/thumb/v8-m.main+fp/hard/crtn.o
 *crtbegin.o(.ctors)
 *crtbegin?.o(.ctors)
 *(EXCLUDE_FILE(*crtend.o *crtend?.o) .ctors)
 *(SORT_BY_NAME(.ctors.*))
 *(.ctors)
 *crtbegin.o(.dtors)
 *crtbegin?.o(.dtors)
 *(EXCLUDE_FILE(*crtend.o *crtend?.o) .dtors)
 *(SORT_BY_NAME(.dtors.*))
 *(.dtors)
 *(.rodata*)
 .rodata        0x08006e74       0x4c ./DHT22.o
 .rodata        0x08006ec0        0x9 ./Letimer.o
 *fill*         0x08006ec9        0x3 
 .rodata        0x08006ecc       0x28 ./adc.o
 .rodata        0x08006ef4       0x1f ./uart.o
 *fill*         0x08006f13        0x1 
 .rodata        0x08006f14       0x68 ./gecko_sdk_4.3.0/hardware/driver/mx25_flash_shutdown/src/sl_mx25_flash_shutdown_usart/sl_mx25_flash_shutdown.o
 .rodata        0x08006f7c       0x4b ./gecko_sdk_4.3.0/platform/driver/debug/src/sl_debug_swo.o
 *fill*         0x08006fc7        0x1 
 .rodata        0x08006fc8       0x4d ./gecko_sdk_4.3.0/platform/emdrv/ustimer/src/ustimer.o
 *fill*         0x08007015        0x3 
 .rodata        0x08007018       0x97 ./gecko_sdk_4.3.0/platform/emlib/src/em_cmu.o
 *fill*         0x080070af        0x1 
 .rodata        0x080070b0       0x4b ./gecko_sdk_4.3.0/platform/emlib/src/em_emu.o
 *fill*         0x080070fb        0x1 
 .rodata        0x080070fc       0xe4 ./gecko_sdk_4.3.0/platform/emlib/src/em_gpio.o
 .rodata        0x080071e0       0x64 ./gecko_sdk_4.3.0/platform/emlib/src/em_iadc.o
 .rodata        0x08007244       0x4f ./gecko_sdk_4.3.0/platform/emlib/src/em_letimer.o
 *fill*         0x08007293        0x1 
 .rodata        0x08007294       0x9d ./gecko_sdk_4.3.0/platform/emlib/src/em_timer.o
 *fill*         0x08007331        0x3 
 .rodata        0x08007334       0x4d ./gecko_sdk_4.3.0/platform/emlib/src/em_usart.o
 *fill*         0x08007381        0x3 
 .rodata        0x08007384        0x7 ./gecko_sdk_4.3.0/platform/service/device_init/src/sl_device_init_dcdc_s2.o
 *fill*         0x0800738b        0x1 
 .rodata        0x0800738c       0x28 ./gecko_sdk_4.3.0/platform/service/device_init/src/sl_device_init_hfxo_s2.o
 .rodata        0x080073b4       0x14 ./gecko_sdk_4.3.0/platform/service/device_init/src/sl_device_init_lfxo_s2.o
 .rodata        0x080073c8       0x57 ./gecko_sdk_4.3.0/platform/service/udelay/src/sl_udelay.o
 *fill*         0x0800741f        0x1 
 .rodata._global_impure_ptr
                0x08007420        0x4 c:/siliconlabs/simplicitystudio/v5/developer/toolchains/gnu_arm/10.3_2021.10/bin/../lib/gcc/arm-none-eabi/10.3.1/../../../../arm-none-eabi/lib/thumb/v8-m.main+fp/hard\libc_nano.a(lib_a-impure.o)
                0x08007420                _global_impure_ptr
 .rodata._ctype_
                0x08007424      0x101 c:/siliconlabs/simplicitystudio/v5/developer/toolchains/gnu_arm/10.3_2021.10/bin/../lib/gcc/arm-none-eabi/10.3.1/../../../../arm-none-eabi/lib/thumb/v8-m.main+fp/hard\libc_nano.a(lib_a-ctype_.o)
                0x08007424                _ctype_
 *(.eh_frame*)
 *fill*         0x08007525        0x3 
 .eh_frame      0x08007528        0x0 c:/siliconlabs/simplicitystudio/v5/developer/toolchains/gnu_arm/10.3_2021.10/bin/../lib/gcc/arm-none-eabi/10.3.1/thumb/v8-m.main+fp/hard/crtbegin.o

.glue_7         0x08007528        0x0
 .glue_7        0x08007528        0x0 linker stubs

.glue_7t        0x08007528        0x0
 .glue_7t       0x08007528        0x0 linker stubs

.vfp11_veneer   0x08007528        0x0
 .vfp11_veneer  0x08007528        0x0 linker stubs

.v4_bx          0x08007528        0x0
 .v4_bx         0x08007528        0x0 linker stubs

.iplt           0x08007528        0x0
 .iplt          0x08007528        0x0 c:/siliconlabs/simplicitystudio/v5/developer/toolchains/gnu_arm/10.3_2021.10/bin/../lib/gcc/arm-none-eabi/10.3.1/thumb/v8-m.main+fp/hard/crtbegin.o

.ARM.extab
 *(.ARM.extab* .gnu.linkonce.armextab.*)
                0x08007528                __exidx_start = .

.ARM.exidx      0x08007528        0x8
 *(.ARM.exidx* .gnu.linkonce.armexidx.*)
 .ARM.exidx     0x08007528        0x8 c:/siliconlabs/simplicitystudio/v5/developer/toolchains/gnu_arm/10.3_2021.10/bin/../lib/gcc/arm-none-eabi/10.3.1/../../../../arm-none-eabi/lib/thumb/v8-m.main+fp/hard/crt0.o
                                 0x10 (size before relaxing)
 .ARM.exidx     0x08007530        0x0 c:/siliconlabs/simplicitystudio/v5/developer/toolchains/gnu_arm/10.3_2021.10/bin/../lib/gcc/arm-none-eabi/10.3.1/thumb/v8-m.main+fp/hard\libgcc.a(_udivmoddi4.o)
                                  0x8 (size before relaxing)
                0x08007530                __exidx_end = .

.rel.dyn        0x08007530        0x0
 .rel.iplt      0x08007530        0x0 c:/siliconlabs/simplicitystudio/v5/developer/toolchains/gnu_arm/10.3_2021.10/bin/../lib/gcc/arm-none-eabi/10.3.1/thumb/v8-m.main+fp/hard/crtbegin.o

.copy.table     0x08007530        0xc
                0x08007530                . = ALIGN (0x4)
                0x08007530                __copy_table_start__ = .
                0x08007530        0x4 LONG 0x800753c __etext
                0x08007534        0x4 LONG 0x20001000 __data_start__
                0x08007538        0x4 LONG 0x23 ((__data_end__ - __data_start__) / 0x4)
                0x0800753c                __copy_table_end__ = .

.zero.table     0x0800753c        0x0
                0x0800753c                . = ALIGN (0x4)
                0x0800753c                __zero_table_start__ = .
                0x0800753c                __zero_table_end__ = .
                0x0800753c                __etext = .
                0x20000000                . = ORIGIN (RAM)

.stack          0x20000000     0x1000
                0x20000000                __StackLimit = .
 *(.stack*)
 .stack         0x20000000     0x1000 ./gecko_sdk_4.3.0/platform/common/toolchain/src/sl_memory.o
                0x20001000                . = ALIGN (0x4)
                0x20001000                __StackTop = .
                0x20001000                PROVIDE (__stack = __StackTop)

.noinit
 *(.noinit*)

.data           0x20001000       0x8c load address 0x0800753c
                0x20001000                . = ALIGN (0x4)
                0x20001000                __data_start__ = .
 *(vtable)
 *(SORT_BY_ALIGNMENT(.data*))
 .data.battery  0x20001000        0x8 ./Letimer.o
                0x20001000                battery
 .data.SystemHFXOClock
                0x20001008        0x4 ./gecko_sdk_4.3.0/platform/Device/SiliconLabs/EFR32MG24/Source/system_efr32mg24.o
 .data.SystemLFXOClock
                0x2000100c        0x4 ./gecko_sdk_4.3.0/platform/Device/SiliconLabs/EFR32MG24/Source/system_efr32mg24.o
 .data.SystemHFRCODPLLClock
                0x20001010        0x4 ./gecko_sdk_4.3.0/platform/Device/SiliconLabs/EFR32MG24/Source/system_efr32mg24.o
 .data.SystemCoreClock
                0x20001014        0x4 ./gecko_sdk_4.3.0/platform/Device/SiliconLabs/EFR32MG24/Source/system_efr32mg24.o
                0x20001014                SystemCoreClock
 .data._impure_ptr
                0x20001018        0x4 c:/siliconlabs/simplicitystudio/v5/developer/toolchains/gnu_arm/10.3_2021.10/bin/../lib/gcc/arm-none-eabi/10.3.1/../../../../arm-none-eabi/lib/thumb/v8-m.main+fp/hard\libc_nano.a(lib_a-impure.o)
                0x20001018                _impure_ptr
 .data.impure_data
                0x2000101c       0x60 c:/siliconlabs/simplicitystudio/v5/developer/toolchains/gnu_arm/10.3_2021.10/bin/../lib/gcc/arm-none-eabi/10.3.1/../../../../arm-none-eabi/lib/thumb/v8-m.main+fp/hard\libc_nano.a(lib_a-impure.o)
 .data.lfxo_precision
                0x2000107c        0x2 ./gecko_sdk_4.3.0/platform/emlib/src/em_cmu.o
 .data.hfxo_precision
                0x2000107e        0x2 ./gecko_sdk_4.3.0/platform/emlib/src/em_cmu.o
 .data.ctuneDelta
                0x20001080        0x1 ./gecko_sdk_4.3.0/platform/emlib/src/em_cmu.o
                0x20001084                . = ALIGN (0x4)
 *fill*         0x20001081        0x3 
                [!provide]                PROVIDE (__ram_func_section_start = .)
 *(.ram)
                [!provide]                PROVIDE (__ram_func_section_end = .)
                0x20001084                . = ALIGN (0x4)
                0x20001084                PROVIDE (__preinit_array_start = .)
 *(.preinit_array)
                0x20001084                PROVIDE (__preinit_array_end = .)
                0x20001084                . = ALIGN (0x4)
                0x20001084                PROVIDE (__init_array_start = .)
 *(SORT_BY_NAME(.init_array.*))
 *(.init_array)
 .init_array    0x20001084        0x4 c:/siliconlabs/simplicitystudio/v5/developer/toolchains/gnu_arm/10.3_2021.10/bin/../lib/gcc/arm-none-eabi/10.3.1/thumb/v8-m.main+fp/hard/crtbegin.o
                0x20001088                PROVIDE (__init_array_end = .)
                0x20001088                . = ALIGN (0x4)
                [!provide]                PROVIDE (__fini_array_start = .)
 *(SORT_BY_NAME(.fini_array.*))
 *(.fini_array)
 .fini_array    0x20001088        0x4 c:/siliconlabs/simplicitystudio/v5/developer/toolchains/gnu_arm/10.3_2021.10/bin/../lib/gcc/arm-none-eabi/10.3.1/thumb/v8-m.main+fp/hard/crtbegin.o
                [!provide]                PROVIDE (__fini_array_end = .)
                0x2000108c                . = ALIGN (0x4)
                0x2000108c                __data_end__ = .

.igot.plt       0x2000108c        0x0 load address 0x080075c8
 .igot.plt      0x2000108c        0x0 c:/siliconlabs/simplicitystudio/v5/developer/toolchains/gnu_arm/10.3_2021.10/bin/../lib/gcc/arm-none-eabi/10.3.1/thumb/v8-m.main+fp/hard/crtbegin.o

.bss            0x2000108c       0x44 load address 0x080075c8
                0x2000108c                . = ALIGN (0x4)
                0x2000108c                __bss_start__ = .
 *(SORT_BY_ALIGNMENT(.bss*))
 *fill*         0x2000108c        0x4 
 .bss.Moisture  0x20001090        0x8 ./adc.o
                0x20001090                Moisture
 .bss.voltage   0x20001098        0x8 ./adc.o
                0x20001098                voltage
 .bss           0x200010a0       0x1c c:/siliconlabs/simplicitystudio/v5/developer/toolchains/gnu_arm/10.3_2021.10/bin/../lib/gcc/arm-none-eabi/10.3.1/thumb/v8-m.main+fp/hard/crtbegin.o
 .bss.freq      0x200010bc        0x4 ./gecko_sdk_4.3.0/platform/emdrv/ustimer/src/ustimer.o
 .bss.minTicks  0x200010c0        0x4 ./gecko_sdk_4.3.0/platform/emdrv/ustimer/src/ustimer.o
 .bss.vScaleEM01Config
                0x200010c4        0x1 ./gecko_sdk_4.3.0/platform/emlib/src/em_emu.o
 *fill*         0x200010c5        0x1 
 .bss.SUM       0x200010c6        0x2 ./DHT22.o
                0x200010c6                SUM
 .bss.Rh_byte1  0x200010c8        0x1 ./DHT22.o
                0x200010c8                Rh_byte1
 .bss.Rh_byte2  0x200010c9        0x1 ./DHT22.o
                0x200010c9                Rh_byte2
 .bss.Temp_byte1
                0x200010ca        0x1 ./DHT22.o
                0x200010ca                Temp_byte1
 .bss.Temp_byte2
                0x200010cb        0x1 ./DHT22.o
                0x200010cb                Temp_byte2
 .bss.Presence  0x200010cc        0x1 ./DHT22.o
                0x200010cc                Presence
 .bss.count     0x200010cd        0x1 ./Letimer.o
                0x200010cd                count
 .bss.timeElapsed
                0x200010ce        0x1 ./gecko_sdk_4.3.0/platform/emdrv/ustimer/src/ustimer.o
 *(COMMON)
                0x200010d0                . = ALIGN (0x4)
 *fill*         0x200010cf        0x1 
                0x200010d0                __bss_end__ = .

.heap           0x200010d0      0x800
                0x200010d0                __HeapBase = .
                0x200010d0                __end__ = .
                0x200010d0                end = __end__
                0x200010d0                _end = __end__
 *(.heap*)
 .heap          0x200010d0      0x800 ./gecko_sdk_4.3.0/platform/common/toolchain/src/sl_memory.o
                0x20040000                __HeapLimit = (ORIGIN (RAM) + LENGTH (RAM))
                0x0003ef30                __heap_size = (__HeapLimit - __HeapBase)
                0x20040000                __ram_end__ = 0x20040000
                0x0817e000                __main_flash_end__ = 0x817e000

.internal_storage
                0x0800753c        0x0
 *(.internal_storage*)

.nvm            0x0800753c        0x0
 *(.simee*)
                0x0817e000                linker_nvm_end = __main_flash_end__
                0x0817e000                linker_nvm_begin = (linker_nvm_end - SIZEOF (.nvm))
                0x00000000                linker_nvm_size = SIZEOF (.nvm)
                0x0817e000                linker_storage_end = linker_nvm_begin
                0x0817e000                __nvm3Base = linker_nvm_begin
                0x0817e000                linker_storage_begin = (linker_storage_end - SIZEOF (.internal_storage))
                0x00000000                linker_storage_size = SIZEOF (.internal_storage)
                0x00000001                ASSERT ((linker_storage_begin >= (__etext + SIZEOF (.data))), FLASH memory overflowed !)
                0x0817e000                app_flash_end = 0x817e000
                0x00000001                ASSERT (((linker_nvm_begin + SIZEOF (.nvm)) <= app_flash_end), NVM3 is excessing the flash size !)
OUTPUT(IoT_Challenge.axf elf32-littlearm)
LOAD linker stubs

.ARM.attributes
                0x00000000       0x36
 .ARM.attributes
                0x00000000       0x22 c:/siliconlabs/simplicitystudio/v5/developer/toolchains/gnu_arm/10.3_2021.10/bin/../lib/gcc/arm-none-eabi/10.3.1/thumb/v8-m.main+fp/hard/crti.o
 .ARM.attributes
                0x00000022       0x38 c:/siliconlabs/simplicitystudio/v5/developer/toolchains/gnu_arm/10.3_2021.10/bin/../lib/gcc/arm-none-eabi/10.3.1/thumb/v8-m.main+fp/hard/crtbegin.o
 .ARM.attributes
                0x0000005a       0x20 c:/siliconlabs/simplicitystudio/v5/developer/toolchains/gnu_arm/10.3_2021.10/bin/../lib/gcc/arm-none-eabi/10.3.1/../../../../arm-none-eabi/lib/thumb/v8-m.main+fp/hard/crt0.o
 .ARM.attributes
                0x0000007a       0x3a ./DHT22.o
 .ARM.attributes
                0x000000b4       0x3a ./Letimer.o
 .ARM.attributes
                0x000000ee       0x3a ./adc.o
 .ARM.attributes
                0x00000128       0x3a ./app.o
 .ARM.attributes
                0x00000162       0x3a ./main.o
 .ARM.attributes
                0x0000019c       0x3a ./uart.o
 .ARM.attributes
                0x000001d6       0x3a ./autogen/sl_board_default_init.o
 .ARM.attributes
                0x00000210       0x3a ./autogen/sl_device_init_clocks.o
 .ARM.attributes
                0x0000024a       0x3a ./autogen/sl_event_handler.o
 .ARM.attributes
                0x00000284       0x3a ./gecko_sdk_4.3.0/hardware/board/src/sl_board_control_gpio.o
 .ARM.attributes
                0x000002be       0x3a ./gecko_sdk_4.3.0/hardware/board/src/sl_board_init.o
 .ARM.attributes
                0x000002f8       0x3a ./gecko_sdk_4.3.0/hardware/driver/configuration_over_swo/src/sl_cos.o
 .ARM.attributes
                0x00000332       0x3a ./gecko_sdk_4.3.0/hardware/driver/mx25_flash_shutdown/src/sl_mx25_flash_shutdown_usart/sl_mx25_flash_shutdown.o
 .ARM.attributes
                0x0000036c       0x3a ./gecko_sdk_4.3.0/platform/Device/SiliconLabs/EFR32MG24/Source/startup_efr32mg24.o
 .ARM.attributes
                0x000003a6       0x3a ./gecko_sdk_4.3.0/platform/Device/SiliconLabs/EFR32MG24/Source/system_efr32mg24.o
 .ARM.attributes
                0x000003e0       0x3a ./gecko_sdk_4.3.0/platform/common/src/sl_assert.o
 .ARM.attributes
                0x0000041a       0x3a ./gecko_sdk_4.3.0/platform/common/toolchain/src/sl_memory.o
 .ARM.attributes
                0x00000454       0x3a ./gecko_sdk_4.3.0/platform/driver/debug/src/sl_debug_swo.o
 .ARM.attributes
                0x0000048e       0x3a ./gecko_sdk_4.3.0/platform/emdrv/ustimer/src/ustimer.o
 .ARM.attributes
                0x000004c8       0x3a ./gecko_sdk_4.3.0/platform/emlib/src/em_cmu.o
 .ARM.attributes
                0x00000502       0x3a ./gecko_sdk_4.3.0/platform/emlib/src/em_core.o
 .ARM.attributes
                0x0000053c       0x3a ./gecko_sdk_4.3.0/platform/emlib/src/em_emu.o
 .ARM.attributes
                0x00000576       0x3a ./gecko_sdk_4.3.0/platform/emlib/src/em_gpio.o
 .ARM.attributes
                0x000005b0       0x3a ./gecko_sdk_4.3.0/platform/emlib/src/em_iadc.o
 .ARM.attributes
                0x000005ea       0x3a ./gecko_sdk_4.3.0/platform/emlib/src/em_letimer.o
 .ARM.attributes
                0x00000624       0x3a ./gecko_sdk_4.3.0/platform/emlib/src/em_system.o
 .ARM.attributes
                0x0000065e       0x3a ./gecko_sdk_4.3.0/platform/emlib/src/em_timer.o
 .ARM.attributes
                0x00000698       0x3a ./gecko_sdk_4.3.0/platform/emlib/src/em_usart.o
 .ARM.attributes
                0x000006d2       0x3a ./gecko_sdk_4.3.0/platform/service/device_init/src/sl_device_init_dcdc_s2.o
 .ARM.attributes
                0x0000070c       0x3a ./gecko_sdk_4.3.0/platform/service/device_init/src/sl_device_init_emu_s2.o
 .ARM.attributes
                0x00000746       0x3a ./gecko_sdk_4.3.0/platform/service/device_init/src/sl_device_init_hfxo_s2.o
 .ARM.attributes
                0x00000780       0x3a ./gecko_sdk_4.3.0/platform/service/device_init/src/sl_device_init_lfxo_s2.o
 .ARM.attributes
                0x000007ba       0x3a ./gecko_sdk_4.3.0/platform/service/device_init/src/sl_device_init_nvic.o
 .ARM.attributes
                0x000007f4       0x3a ./gecko_sdk_4.3.0/platform/service/system/src/sl_system_init.o
 .ARM.attributes
                0x0000082e       0x3a ./gecko_sdk_4.3.0/platform/service/udelay/src/sl_udelay.o
 .ARM.attributes
                0x00000868       0x26 ./gecko_sdk_4.3.0/platform/service/udelay/src/sl_udelay_armv6m_gcc.o
 .ARM.attributes
                0x0000088e       0x22 c:/siliconlabs/simplicitystudio/v5/developer/toolchains/gnu_arm/10.3_2021.10/bin/../lib/gcc/arm-none-eabi/10.3.1/thumb/v8-m.main+fp/hard\libgcc.a(_arm_addsubdf3.o)
 .ARM.attributes
                0x000008b0       0x22 c:/siliconlabs/simplicitystudio/v5/developer/toolchains/gnu_arm/10.3_2021.10/bin/../lib/gcc/arm-none-eabi/10.3.1/thumb/v8-m.main+fp/hard\libgcc.a(_arm_muldivdf3.o)
 .ARM.attributes
                0x000008d2       0x22 c:/siliconlabs/simplicitystudio/v5/developer/toolchains/gnu_arm/10.3_2021.10/bin/../lib/gcc/arm-none-eabi/10.3.1/thumb/v8-m.main+fp/hard\libgcc.a(_arm_cmpdf2.o)
 .ARM.attributes
                0x000008f4       0x22 c:/siliconlabs/simplicitystudio/v5/developer/toolchains/gnu_arm/10.3_2021.10/bin/../lib/gcc/arm-none-eabi/10.3.1/thumb/v8-m.main+fp/hard\libgcc.a(_arm_fixdfsi.o)
 .ARM.attributes
                0x00000916       0x22 c:/siliconlabs/simplicitystudio/v5/developer/toolchains/gnu_arm/10.3_2021.10/bin/../lib/gcc/arm-none-eabi/10.3.1/thumb/v8-m.main+fp/hard\libgcc.a(_aeabi_uldivmod.o)
 .ARM.attributes
                0x00000938       0x38 c:/siliconlabs/simplicitystudio/v5/developer/toolchains/gnu_arm/10.3_2021.10/bin/../lib/gcc/arm-none-eabi/10.3.1/thumb/v8-m.main+fp/hard\libgcc.a(_udivmoddi4.o)
 .ARM.attributes
                0x00000970       0x22 c:/siliconlabs/simplicitystudio/v5/developer/toolchains/gnu_arm/10.3_2021.10/bin/../lib/gcc/arm-none-eabi/10.3.1/thumb/v8-m.main+fp/hard\libgcc.a(_dvmd_tls.o)
 .ARM.attributes
                0x00000992       0x38 c:/siliconlabs/simplicitystudio/v5/developer/toolchains/gnu_arm/10.3_2021.10/bin/../lib/gcc/arm-none-eabi/10.3.1/../../../../arm-none-eabi/lib/thumb/v8-m.main+fp/hard\libc_nano.a(lib_a-atoi.o)
 .ARM.attributes
                0x000009ca       0x38 c:/siliconlabs/simplicitystudio/v5/developer/toolchains/gnu_arm/10.3_2021.10/bin/../lib/gcc/arm-none-eabi/10.3.1/../../../../arm-none-eabi/lib/thumb/v8-m.main+fp/hard\libc_nano.a(lib_a-exit.o)
 .ARM.attributes
                0x00000a02       0x38 c:/siliconlabs/simplicitystudio/v5/developer/toolchains/gnu_arm/10.3_2021.10/bin/../lib/gcc/arm-none-eabi/10.3.1/../../../../arm-none-eabi/lib/thumb/v8-m.main+fp/hard\libc_nano.a(lib_a-impure.o)
 .ARM.attributes
                0x00000a3a       0x38 c:/siliconlabs/simplicitystudio/v5/developer/toolchains/gnu_arm/10.3_2021.10/bin/../lib/gcc/arm-none-eabi/10.3.1/../../../../arm-none-eabi/lib/thumb/v8-m.main+fp/hard\libc_nano.a(lib_a-init.o)
 .ARM.attributes
                0x00000a72       0x38 c:/siliconlabs/simplicitystudio/v5/developer/toolchains/gnu_arm/10.3_2021.10/bin/../lib/gcc/arm-none-eabi/10.3.1/../../../../arm-none-eabi/lib/thumb/v8-m.main+fp/hard\libc_nano.a(lib_a-memset.o)
 .ARM.attributes
                0x00000aaa       0x38 c:/siliconlabs/simplicitystudio/v5/developer/toolchains/gnu_arm/10.3_2021.10/bin/../lib/gcc/arm-none-eabi/10.3.1/../../../../arm-none-eabi/lib/thumb/v8-m.main+fp/hard\libc_nano.a(lib_a-strcat.o)
 .ARM.attributes
                0x00000ae2       0x38 c:/siliconlabs/simplicitystudio/v5/developer/toolchains/gnu_arm/10.3_2021.10/bin/../lib/gcc/arm-none-eabi/10.3.1/../../../../arm-none-eabi/lib/thumb/v8-m.main+fp/hard\libc_nano.a(lib_a-strcpy.o)
 .ARM.attributes
                0x00000b1a       0x38 c:/siliconlabs/simplicitystudio/v5/developer/toolchains/gnu_arm/10.3_2021.10/bin/../lib/gcc/arm-none-eabi/10.3.1/../../../../arm-none-eabi/lib/thumb/v8-m.main+fp/hard\libc_nano.a(lib_a-strtol.o)
 .ARM.attributes
                0x00000b52       0x38 c:/siliconlabs/simplicitystudio/v5/developer/toolchains/gnu_arm/10.3_2021.10/bin/../lib/gcc/arm-none-eabi/10.3.1/../../../../arm-none-eabi/lib/thumb/v8-m.main+fp/hard\libc_nano.a(lib_a-ctype_.o)
 .ARM.attributes
                0x00000b8a       0x38 c:/siliconlabs/simplicitystudio/v5/developer/toolchains/gnu_arm/10.3_2021.10/bin/../lib/gcc/arm-none-eabi/10.3.1/../../../../arm-none-eabi/lib/thumb/v8-m.main+fp/hard\libc_nano.a(lib_a-errno.o)
 .ARM.attributes
                0x00000bc2       0x38 c:/siliconlabs/simplicitystudio/v5/developer/toolchains/gnu_arm/10.3_2021.10/bin/../lib/gcc/arm-none-eabi/10.3.1/../../../../arm-none-eabi/lib/thumb/v8-m.main+fp/hard\libnosys.a(_exit.o)
 .ARM.attributes
                0x00000bfa       0x22 c:/siliconlabs/simplicitystudio/v5/developer/toolchains/gnu_arm/10.3_2021.10/bin/../lib/gcc/arm-none-eabi/10.3.1/thumb/v8-m.main+fp/hard/crtn.o

.comment        0x00000000       0x49
 .comment       0x00000000       0x49 ./DHT22.o
                                 0x4a (size before relaxing)
 .comment       0x00000049       0x4a ./Letimer.o
 .comment       0x00000049       0x4a ./adc.o
 .comment       0x00000049       0x4a ./app.o
 .comment       0x00000049       0x4a ./main.o
 .comment       0x00000049       0x4a ./uart.o
 .comment       0x00000049       0x4a ./autogen/sl_board_default_init.o
 .comment       0x00000049       0x4a ./autogen/sl_device_init_clocks.o
 .comment       0x00000049       0x4a ./autogen/sl_event_handler.o
 .comment       0x00000049       0x4a ./gecko_sdk_4.3.0/hardware/board/src/sl_board_control_gpio.o
 .comment       0x00000049       0x4a ./gecko_sdk_4.3.0/hardware/board/src/sl_board_init.o
 .comment       0x00000049       0x4a ./gecko_sdk_4.3.0/hardware/driver/configuration_over_swo/src/sl_cos.o
 .comment       0x00000049       0x4a ./gecko_sdk_4.3.0/hardware/driver/mx25_flash_shutdown/src/sl_mx25_flash_shutdown_usart/sl_mx25_flash_shutdown.o
 .comment       0x00000049       0x4a ./gecko_sdk_4.3.0/platform/Device/SiliconLabs/EFR32MG24/Source/startup_efr32mg24.o
 .comment       0x00000049       0x4a ./gecko_sdk_4.3.0/platform/Device/SiliconLabs/EFR32MG24/Source/system_efr32mg24.o
 .comment       0x00000049       0x4a ./gecko_sdk_4.3.0/platform/common/src/sl_assert.o
 .comment       0x00000049       0x4a ./gecko_sdk_4.3.0/platform/common/toolchain/src/sl_memory.o
 .comment       0x00000049       0x4a ./gecko_sdk_4.3.0/platform/driver/debug/src/sl_debug_swo.o
 .comment       0x00000049       0x4a ./gecko_sdk_4.3.0/platform/emdrv/ustimer/src/ustimer.o
 .comment       0x00000049       0x4a ./gecko_sdk_4.3.0/platform/emlib/src/em_cmu.o
 .comment       0x00000049       0x4a ./gecko_sdk_4.3.0/platform/emlib/src/em_core.o
 .comment       0x00000049       0x4a ./gecko_sdk_4.3.0/platform/emlib/src/em_emu.o
 .comment       0x00000049       0x4a ./gecko_sdk_4.3.0/platform/emlib/src/em_gpio.o
 .comment       0x00000049       0x4a ./gecko_sdk_4.3.0/platform/emlib/src/em_iadc.o
 .comment       0x00000049       0x4a ./gecko_sdk_4.3.0/platform/emlib/src/em_letimer.o
 .comment       0x00000049       0x4a ./gecko_sdk_4.3.0/platform/emlib/src/em_system.o
 .comment       0x00000049       0x4a ./gecko_sdk_4.3.0/platform/emlib/src/em_timer.o
 .comment       0x00000049       0x4a ./gecko_sdk_4.3.0/platform/emlib/src/em_usart.o
 .comment       0x00000049       0x4a ./gecko_sdk_4.3.0/platform/service/device_init/src/sl_device_init_dcdc_s2.o
 .comment       0x00000049       0x4a ./gecko_sdk_4.3.0/platform/service/device_init/src/sl_device_init_emu_s2.o
 .comment       0x00000049       0x4a ./gecko_sdk_4.3.0/platform/service/device_init/src/sl_device_init_hfxo_s2.o
 .comment       0x00000049       0x4a ./gecko_sdk_4.3.0/platform/service/device_init/src/sl_device_init_lfxo_s2.o
 .comment       0x00000049       0x4a ./gecko_sdk_4.3.0/platform/service/device_init/src/sl_device_init_nvic.o
 .comment       0x00000049       0x4a ./gecko_sdk_4.3.0/platform/service/system/src/sl_system_init.o
 .comment       0x00000049       0x4a ./gecko_sdk_4.3.0/platform/service/udelay/src/sl_udelay.o

.debug_info     0x00000000    0x30aab
 .debug_info    0x00000000     0x1894 ./DHT22.o
 .debug_info    0x00001894     0x16a7 ./Letimer.o
 .debug_info    0x00002f3b     0x2ad9 ./adc.o
 .debug_info    0x00005a14       0xb9 ./app.o
 .debug_info    0x00005acd       0xa7 ./main.o
 .debug_info    0x00005b74     0x24c3 ./uart.o
 .debug_info    0x00008037       0x87 ./autogen/sl_board_default_init.o
 .debug_info    0x000080be     0x13d8 ./autogen/sl_device_init_clocks.o
 .debug_info    0x00009496      0x14e ./autogen/sl_event_handler.o
 .debug_info    0x000095e4      0x3d1 ./gecko_sdk_4.3.0/hardware/board/src/sl_board_control_gpio.o
 .debug_info    0x000099b5      0x25e ./gecko_sdk_4.3.0/hardware/board/src/sl_board_init.o
 .debug_info    0x00009c13      0x2f7 ./gecko_sdk_4.3.0/hardware/driver/configuration_over_swo/src/sl_cos.o
 .debug_info    0x00009f0a     0x21ef ./gecko_sdk_4.3.0/hardware/driver/mx25_flash_shutdown/src/sl_mx25_flash_shutdown_usart/sl_mx25_flash_shutdown.o
 .debug_info    0x0000c0f9      0x2e8 ./gecko_sdk_4.3.0/platform/Device/SiliconLabs/EFR32MG24/Source/startup_efr32mg24.o
 .debug_info    0x0000c3e1     0x23a8 ./gecko_sdk_4.3.0/platform/Device/SiliconLabs/EFR32MG24/Source/system_efr32mg24.o
 .debug_info    0x0000e789       0x7d ./gecko_sdk_4.3.0/platform/common/src/sl_assert.o
 .debug_info    0x0000e806      0x1f4 ./gecko_sdk_4.3.0/platform/common/toolchain/src/sl_memory.o
 .debug_info    0x0000e9fa     0x31b9 ./gecko_sdk_4.3.0/platform/driver/debug/src/sl_debug_swo.o
 .debug_info    0x00011bb3     0x1a0b ./gecko_sdk_4.3.0/platform/emdrv/ustimer/src/ustimer.o
 .debug_info    0x000135be     0x8bef ./gecko_sdk_4.3.0/platform/emlib/src/em_cmu.o
 .debug_info    0x0001c1ad     0x10b9 ./gecko_sdk_4.3.0/platform/emlib/src/em_core.o
 .debug_info    0x0001d266     0x3592 ./gecko_sdk_4.3.0/platform/emlib/src/em_emu.o
 .debug_info    0x000207f8     0x236b ./gecko_sdk_4.3.0/platform/emlib/src/em_gpio.o
 .debug_info    0x00022b63     0x2399 ./gecko_sdk_4.3.0/platform/emlib/src/em_iadc.o
 .debug_info    0x00024efc      0xa0a ./gecko_sdk_4.3.0/platform/emlib/src/em_letimer.o
 .debug_info    0x00025906     0x1e19 ./gecko_sdk_4.3.0/platform/emlib/src/em_system.o
 .debug_info    0x0002771f     0x2bc7 ./gecko_sdk_4.3.0/platform/emlib/src/em_timer.o
 .debug_info    0x0002a2e6     0x45c7 ./gecko_sdk_4.3.0/platform/emlib/src/em_usart.o
 .debug_info    0x0002e8ad      0x312 ./gecko_sdk_4.3.0/platform/service/device_init/src/sl_device_init_dcdc_s2.o
 .debug_info    0x0002ebbf      0xb13 ./gecko_sdk_4.3.0/platform/service/device_init/src/sl_device_init_emu_s2.o
 .debug_info    0x0002f6d2      0x80b ./gecko_sdk_4.3.0/platform/service/device_init/src/sl_device_init_hfxo_s2.o
 .debug_info    0x0002fedd      0x22b ./gecko_sdk_4.3.0/platform/service/device_init/src/sl_device_init_lfxo_s2.o
 .debug_info    0x00030108      0x834 ./gecko_sdk_4.3.0/platform/service/device_init/src/sl_device_init_nvic.o
 .debug_info    0x0003093c       0x41 ./gecko_sdk_4.3.0/platform/service/system/src/sl_system_init.o
 .debug_info    0x0003097d      0x108 ./gecko_sdk_4.3.0/platform/service/udelay/src/sl_udelay.o
 .debug_info    0x00030a85       0x26 ./gecko_sdk_4.3.0/platform/service/udelay/src/sl_udelay_armv6m_gcc.o

.debug_abbrev   0x00000000     0x35c5
 .debug_abbrev  0x00000000      0x203 ./DHT22.o
 .debug_abbrev  0x00000203      0x206 ./Letimer.o
 .debug_abbrev  0x00000409      0x1f7 ./adc.o
 .debug_abbrev  0x00000600       0x60 ./app.o
 .debug_abbrev  0x00000660       0x48 ./main.o
 .debug_abbrev  0x000006a8      0x1ab ./uart.o
 .debug_abbrev  0x00000853       0x46 ./autogen/sl_board_default_init.o
 .debug_abbrev  0x00000899       0xc0 ./autogen/sl_device_init_clocks.o
 .debug_abbrev  0x00000959       0x78 ./autogen/sl_event_handler.o
 .debug_abbrev  0x000009d1      0x135 ./gecko_sdk_4.3.0/hardware/board/src/sl_board_control_gpio.o
 .debug_abbrev  0x00000b06       0x6d ./gecko_sdk_4.3.0/hardware/board/src/sl_board_init.o
 .debug_abbrev  0x00000b73      0x13d ./gecko_sdk_4.3.0/hardware/driver/configuration_over_swo/src/sl_cos.o
 .debug_abbrev  0x00000cb0      0x1a6 ./gecko_sdk_4.3.0/hardware/driver/mx25_flash_shutdown/src/sl_mx25_flash_shutdown_usart/sl_mx25_flash_shutdown.o
 .debug_abbrev  0x00000e56      0x1a4 ./gecko_sdk_4.3.0/platform/Device/SiliconLabs/EFR32MG24/Source/startup_efr32mg24.o
 .debug_abbrev  0x00000ffa      0x2aa ./gecko_sdk_4.3.0/platform/Device/SiliconLabs/EFR32MG24/Source/system_efr32mg24.o
 .debug_abbrev  0x000012a4       0x69 ./gecko_sdk_4.3.0/platform/common/src/sl_assert.o
 .debug_abbrev  0x0000130d      0x107 ./gecko_sdk_4.3.0/platform/common/toolchain/src/sl_memory.o
 .debug_abbrev  0x00001414      0x20f ./gecko_sdk_4.3.0/platform/driver/debug/src/sl_debug_swo.o
 .debug_abbrev  0x00001623      0x2df ./gecko_sdk_4.3.0/platform/emdrv/ustimer/src/ustimer.o
 .debug_abbrev  0x00001902      0x3d0 ./gecko_sdk_4.3.0/platform/emlib/src/em_cmu.o
 .debug_abbrev  0x00001cd2      0x29d ./gecko_sdk_4.3.0/platform/emlib/src/em_core.o
 .debug_abbrev  0x00001f6f      0x356 ./gecko_sdk_4.3.0/platform/emlib/src/em_emu.o
 .debug_abbrev  0x000022c5      0x220 ./gecko_sdk_4.3.0/platform/emlib/src/em_gpio.o
 .debug_abbrev  0x000024e5      0x2aa ./gecko_sdk_4.3.0/platform/emlib/src/em_iadc.o
 .debug_abbrev  0x0000278f      0x1c6 ./gecko_sdk_4.3.0/platform/emlib/src/em_letimer.o
 .debug_abbrev  0x00002955      0x22f ./gecko_sdk_4.3.0/platform/emlib/src/em_system.o
 .debug_abbrev  0x00002b84      0x290 ./gecko_sdk_4.3.0/platform/emlib/src/em_timer.o
 .debug_abbrev  0x00002e14      0x235 ./gecko_sdk_4.3.0/platform/emlib/src/em_usart.o
 .debug_abbrev  0x00003049       0xb3 ./gecko_sdk_4.3.0/platform/service/device_init/src/sl_device_init_dcdc_s2.o
 .debug_abbrev  0x000030fc      0x10d ./gecko_sdk_4.3.0/platform/service/device_init/src/sl_device_init_emu_s2.o
 .debug_abbrev  0x00003209      0x104 ./gecko_sdk_4.3.0/platform/service/device_init/src/sl_device_init_hfxo_s2.o
 .debug_abbrev  0x0000330d       0xb5 ./gecko_sdk_4.3.0/platform/service/device_init/src/sl_device_init_lfxo_s2.o
 .debug_abbrev  0x000033c2      0x12c ./gecko_sdk_4.3.0/platform/service/device_init/src/sl_device_init_nvic.o
 .debug_abbrev  0x000034ee       0x30 ./gecko_sdk_4.3.0/platform/service/system/src/sl_system_init.o
 .debug_abbrev  0x0000351e       0x93 ./gecko_sdk_4.3.0/platform/service/udelay/src/sl_udelay.o
 .debug_abbrev  0x000035b1       0x14 ./gecko_sdk_4.3.0/platform/service/udelay/src/sl_udelay_armv6m_gcc.o

.debug_loc      0x00000000     0x3cd8
 .debug_loc     0x00000000      0x12c ./DHT22.o
 .debug_loc     0x0000012c      0x1c9 ./Letimer.o
 .debug_loc     0x000002f5       0xd5 ./adc.o
 .debug_loc     0x000003ca       0x20 ./app.o
 .debug_loc     0x000003ea       0x20 ./main.o
 .debug_loc     0x0000040a      0x151 ./uart.o
 .debug_loc     0x0000055b       0x20 ./autogen/sl_board_default_init.o
 .debug_loc     0x0000057b       0x20 ./autogen/sl_device_init_clocks.o
 .debug_loc     0x0000059b       0x60 ./autogen/sl_event_handler.o
 .debug_loc     0x000005fb      0x1d0 ./gecko_sdk_4.3.0/hardware/board/src/sl_board_control_gpio.o
 .debug_loc     0x000007cb       0x40 ./gecko_sdk_4.3.0/hardware/board/src/sl_board_init.o
 .debug_loc     0x0000080b       0xf4 ./gecko_sdk_4.3.0/hardware/driver/configuration_over_swo/src/sl_cos.o
 .debug_loc     0x000008ff       0xe8 ./gecko_sdk_4.3.0/hardware/driver/mx25_flash_shutdown/src/sl_mx25_flash_shutdown_usart/sl_mx25_flash_shutdown.o
 .debug_loc     0x000009e7       0x2c ./gecko_sdk_4.3.0/platform/Device/SiliconLabs/EFR32MG24/Source/startup_efr32mg24.o
 .debug_loc     0x00000a13      0x1a4 ./gecko_sdk_4.3.0/platform/Device/SiliconLabs/EFR32MG24/Source/system_efr32mg24.o
 .debug_loc     0x00000bb7       0x20 ./gecko_sdk_4.3.0/platform/common/src/sl_assert.o
 .debug_loc     0x00000bd7       0x84 ./gecko_sdk_4.3.0/platform/common/toolchain/src/sl_memory.o
 .debug_loc     0x00000c5b      0x184 ./gecko_sdk_4.3.0/platform/driver/debug/src/sl_debug_swo.o
 .debug_loc     0x00000ddf      0x3dd ./gecko_sdk_4.3.0/platform/emdrv/ustimer/src/ustimer.o
 .debug_loc     0x000011bc      0xcf5 ./gecko_sdk_4.3.0/platform/emlib/src/em_cmu.o
 .debug_loc     0x00001eb1      0x490 ./gecko_sdk_4.3.0/platform/emlib/src/em_core.o
 .debug_loc     0x00002341      0x5d4 ./gecko_sdk_4.3.0/platform/emlib/src/em_emu.o
 .debug_loc     0x00002915      0x27c ./gecko_sdk_4.3.0/platform/emlib/src/em_gpio.o
 .debug_loc     0x00002b91      0x501 ./gecko_sdk_4.3.0/platform/emlib/src/em_iadc.o
 .debug_loc     0x00003092      0x2c0 ./gecko_sdk_4.3.0/platform/emlib/src/em_letimer.o
 .debug_loc     0x00003352      0x138 ./gecko_sdk_4.3.0/platform/emlib/src/em_system.o
 .debug_loc     0x0000348a      0x244 ./gecko_sdk_4.3.0/platform/emlib/src/em_timer.o
 .debug_loc     0x000036ce      0x44d ./gecko_sdk_4.3.0/platform/emlib/src/em_usart.o
 .debug_loc     0x00003b1b       0x38 ./gecko_sdk_4.3.0/platform/service/device_init/src/sl_device_init_dcdc_s2.o
 .debug_loc     0x00003b53       0x38 ./gecko_sdk_4.3.0/platform/service/device_init/src/sl_device_init_emu_s2.o
 .debug_loc     0x00003b8b       0x39 ./gecko_sdk_4.3.0/platform/service/device_init/src/sl_device_init_hfxo_s2.o
 .debug_loc     0x00003bc4       0x38 ./gecko_sdk_4.3.0/platform/service/device_init/src/sl_device_init_lfxo_s2.o
 .debug_loc     0x00003bfc       0x64 ./gecko_sdk_4.3.0/platform/service/device_init/src/sl_device_init_nvic.o
 .debug_loc     0x00003c60       0x20 ./gecko_sdk_4.3.0/platform/service/system/src/sl_system_init.o
 .debug_loc     0x00003c80       0x58 ./gecko_sdk_4.3.0/platform/service/udelay/src/sl_udelay.o

.debug_aranges  0x00000000      0xf00
 .debug_aranges
                0x00000000       0x48 ./DHT22.o
 .debug_aranges
                0x00000048       0x60 ./Letimer.o
 .debug_aranges
                0x000000a8       0x38 ./adc.o
 .debug_aranges
                0x000000e0       0x28 ./app.o
 .debug_aranges
                0x00000108       0x20 ./main.o
 .debug_aranges
                0x00000128       0x48 ./uart.o
 .debug_aranges
                0x00000170       0x20 ./autogen/sl_board_default_init.o
 .debug_aranges
                0x00000190       0x20 ./autogen/sl_device_init_clocks.o
 .debug_aranges
                0x000001b0       0x68 ./autogen/sl_event_handler.o
 .debug_aranges
                0x00000218       0x70 ./gecko_sdk_4.3.0/hardware/board/src/sl_board_control_gpio.o
 .debug_aranges
                0x00000288       0x28 ./gecko_sdk_4.3.0/hardware/board/src/sl_board_init.o
 .debug_aranges
                0x000002b0       0x40 ./gecko_sdk_4.3.0/hardware/driver/configuration_over_swo/src/sl_cos.o
 .debug_aranges
                0x000002f0       0x40 ./gecko_sdk_4.3.0/hardware/driver/mx25_flash_shutdown/src/sl_mx25_flash_shutdown_usart/sl_mx25_flash_shutdown.o
 .debug_aranges
                0x00000330       0x28 ./gecko_sdk_4.3.0/platform/Device/SiliconLabs/EFR32MG24/Source/startup_efr32mg24.o
 .debug_aranges
                0x00000358       0xa0 ./gecko_sdk_4.3.0/platform/Device/SiliconLabs/EFR32MG24/Source/system_efr32mg24.o
 .debug_aranges
                0x000003f8       0x20 ./gecko_sdk_4.3.0/platform/common/src/sl_assert.o
 .debug_aranges
                0x00000418       0x30 ./gecko_sdk_4.3.0/platform/common/toolchain/src/sl_memory.o
 .debug_aranges
                0x00000448       0x58 ./gecko_sdk_4.3.0/platform/driver/debug/src/sl_debug_swo.o
 .debug_aranges
                0x000004a0       0xc0 ./gecko_sdk_4.3.0/platform/emdrv/ustimer/src/ustimer.o
 .debug_aranges
                0x00000560      0x288 ./gecko_sdk_4.3.0/platform/emlib/src/em_cmu.o
 .debug_aranges
                0x000007e8       0xe8 ./gecko_sdk_4.3.0/platform/emlib/src/em_core.o
 .debug_aranges
                0x000008d0      0x190 ./gecko_sdk_4.3.0/platform/emlib/src/em_emu.o
 .debug_aranges
                0x00000a60       0x78 ./gecko_sdk_4.3.0/platform/emlib/src/em_gpio.o
 .debug_aranges
                0x00000ad8       0xe0 ./gecko_sdk_4.3.0/platform/emlib/src/em_iadc.o
 .debug_aranges
                0x00000bb8       0x80 ./gecko_sdk_4.3.0/platform/emlib/src/em_letimer.o
 .debug_aranges
                0x00000c38       0x80 ./gecko_sdk_4.3.0/platform/emlib/src/em_system.o
 .debug_aranges
                0x00000cb8       0x70 ./gecko_sdk_4.3.0/platform/emlib/src/em_timer.o
 .debug_aranges
                0x00000d28       0xc8 ./gecko_sdk_4.3.0/platform/emlib/src/em_usart.o
 .debug_aranges
                0x00000df0       0x20 ./gecko_sdk_4.3.0/platform/service/device_init/src/sl_device_init_dcdc_s2.o
 .debug_aranges
                0x00000e10       0x20 ./gecko_sdk_4.3.0/platform/service/device_init/src/sl_device_init_emu_s2.o
 .debug_aranges
                0x00000e30       0x20 ./gecko_sdk_4.3.0/platform/service/device_init/src/sl_device_init_hfxo_s2.o
 .debug_aranges
                0x00000e50       0x20 ./gecko_sdk_4.3.0/platform/service/device_init/src/sl_device_init_lfxo_s2.o
 .debug_aranges
                0x00000e70       0x28 ./gecko_sdk_4.3.0/platform/service/device_init/src/sl_device_init_nvic.o
 .debug_aranges
                0x00000e98       0x20 ./gecko_sdk_4.3.0/platform/service/system/src/sl_system_init.o
 .debug_aranges
                0x00000eb8       0x28 ./gecko_sdk_4.3.0/platform/service/udelay/src/sl_udelay.o
 .debug_aranges
                0x00000ee0       0x20 ./gecko_sdk_4.3.0/platform/service/udelay/src/sl_udelay_armv6m_gcc.o

.debug_ranges   0x00000000      0xcc8
 .debug_ranges  0x00000000       0x38 ./DHT22.o
 .debug_ranges  0x00000038       0x50 ./Letimer.o
 .debug_ranges  0x00000088       0x28 ./adc.o
 .debug_ranges  0x000000b0       0x18 ./app.o
 .debug_ranges  0x000000c8       0x10 ./main.o
 .debug_ranges  0x000000d8       0x50 ./uart.o
 .debug_ranges  0x00000128       0x10 ./autogen/sl_board_default_init.o
 .debug_ranges  0x00000138       0x10 ./autogen/sl_device_init_clocks.o
 .debug_ranges  0x00000148       0x58 ./autogen/sl_event_handler.o
 .debug_ranges  0x000001a0       0x60 ./gecko_sdk_4.3.0/hardware/board/src/sl_board_control_gpio.o
 .debug_ranges  0x00000200       0x18 ./gecko_sdk_4.3.0/hardware/board/src/sl_board_init.o
 .debug_ranges  0x00000218       0x30 ./gecko_sdk_4.3.0/hardware/driver/configuration_over_swo/src/sl_cos.o
 .debug_ranges  0x00000248       0x30 ./gecko_sdk_4.3.0/hardware/driver/mx25_flash_shutdown/src/sl_mx25_flash_shutdown_usart/sl_mx25_flash_shutdown.o
 .debug_ranges  0x00000278       0x18 ./gecko_sdk_4.3.0/platform/Device/SiliconLabs/EFR32MG24/Source/startup_efr32mg24.o
 .debug_ranges  0x00000290       0x90 ./gecko_sdk_4.3.0/platform/Device/SiliconLabs/EFR32MG24/Source/system_efr32mg24.o
 .debug_ranges  0x00000320       0x10 ./gecko_sdk_4.3.0/platform/common/src/sl_assert.o
 .debug_ranges  0x00000330       0x20 ./gecko_sdk_4.3.0/platform/common/toolchain/src/sl_memory.o
 .debug_ranges  0x00000350       0x48 ./gecko_sdk_4.3.0/platform/driver/debug/src/sl_debug_swo.o
 .debug_ranges  0x00000398       0xb0 ./gecko_sdk_4.3.0/platform/emdrv/ustimer/src/ustimer.o
 .debug_ranges  0x00000448      0x278 ./gecko_sdk_4.3.0/platform/emlib/src/em_cmu.o
 .debug_ranges  0x000006c0       0xd8 ./gecko_sdk_4.3.0/platform/emlib/src/em_core.o
 .debug_ranges  0x00000798      0x180 ./gecko_sdk_4.3.0/platform/emlib/src/em_emu.o
 .debug_ranges  0x00000918       0x68 ./gecko_sdk_4.3.0/platform/emlib/src/em_gpio.o
 .debug_ranges  0x00000980       0xd0 ./gecko_sdk_4.3.0/platform/emlib/src/em_iadc.o
 .debug_ranges  0x00000a50       0x70 ./gecko_sdk_4.3.0/platform/emlib/src/em_letimer.o
 .debug_ranges  0x00000ac0       0x70 ./gecko_sdk_4.3.0/platform/emlib/src/em_system.o
 .debug_ranges  0x00000b30       0x60 ./gecko_sdk_4.3.0/platform/emlib/src/em_timer.o
 .debug_ranges  0x00000b90       0xb8 ./gecko_sdk_4.3.0/platform/emlib/src/em_usart.o
 .debug_ranges  0x00000c48       0x10 ./gecko_sdk_4.3.0/platform/service/device_init/src/sl_device_init_dcdc_s2.o
 .debug_ranges  0x00000c58       0x10 ./gecko_sdk_4.3.0/platform/service/device_init/src/sl_device_init_emu_s2.o
 .debug_ranges  0x00000c68       0x10 ./gecko_sdk_4.3.0/platform/service/device_init/src/sl_device_init_hfxo_s2.o
 .debug_ranges  0x00000c78       0x10 ./gecko_sdk_4.3.0/platform/service/device_init/src/sl_device_init_lfxo_s2.o
 .debug_ranges  0x00000c88       0x18 ./gecko_sdk_4.3.0/platform/service/device_init/src/sl_device_init_nvic.o
 .debug_ranges  0x00000ca0       0x10 ./gecko_sdk_4.3.0/platform/service/system/src/sl_system_init.o
 .debug_ranges  0x00000cb0       0x18 ./gecko_sdk_4.3.0/platform/service/udelay/src/sl_udelay.o

.debug_line     0x00000000     0xb2c9
 .debug_line    0x00000000      0x3b1 ./DHT22.o
 .debug_line    0x000003b1      0x411 ./Letimer.o
 .debug_line    0x000007c2      0x2de ./adc.o
 .debug_line    0x00000aa0       0x53 ./app.o
 .debug_line    0x00000af3       0x50 ./main.o
 .debug_line    0x00000b43      0x44c ./uart.o
 .debug_line    0x00000f8f       0x5a ./autogen/sl_board_default_init.o
 .debug_line    0x00000fe9      0x235 ./autogen/sl_device_init_clocks.o
 .debug_line    0x0000121e      0x16f ./autogen/sl_event_handler.o
 .debug_line    0x0000138d      0x3e9 ./gecko_sdk_4.3.0/hardware/board/src/sl_board_control_gpio.o
 .debug_line    0x00001776       0xf3 ./gecko_sdk_4.3.0/hardware/board/src/sl_board_init.o
 .debug_line    0x00001869      0x3ca ./gecko_sdk_4.3.0/hardware/driver/configuration_over_swo/src/sl_cos.o
 .debug_line    0x00001c33      0x3f7 ./gecko_sdk_4.3.0/hardware/driver/mx25_flash_shutdown/src/sl_mx25_flash_shutdown_usart/sl_mx25_flash_shutdown.o
 .debug_line    0x0000202a      0x2d7 ./gecko_sdk_4.3.0/platform/Device/SiliconLabs/EFR32MG24/Source/startup_efr32mg24.o
 .debug_line    0x00002301      0x580 ./gecko_sdk_4.3.0/platform/Device/SiliconLabs/EFR32MG24/Source/system_efr32mg24.o
 .debug_line    0x00002881       0x88 ./gecko_sdk_4.3.0/platform/common/src/sl_assert.o
 .debug_line    0x00002909      0x2b7 ./gecko_sdk_4.3.0/platform/common/toolchain/src/sl_memory.o
 .debug_line    0x00002bc0      0x585 ./gecko_sdk_4.3.0/platform/driver/debug/src/sl_debug_swo.o
 .debug_line    0x00003145      0x7a8 ./gecko_sdk_4.3.0/platform/emdrv/ustimer/src/ustimer.o
 .debug_line    0x000038ed     0x2382 ./gecko_sdk_4.3.0/platform/emlib/src/em_cmu.o
 .debug_line    0x00005c6f      0x8d4 ./gecko_sdk_4.3.0/platform/emlib/src/em_core.o
 .debug_line    0x00006543      0xb8d ./gecko_sdk_4.3.0/platform/emlib/src/em_emu.o
 .debug_line    0x000070d0      0x654 ./gecko_sdk_4.3.0/platform/emlib/src/em_gpio.o
 .debug_line    0x00007724      0xf44 ./gecko_sdk_4.3.0/platform/emlib/src/em_iadc.o
 .debug_line    0x00008668      0x52c ./gecko_sdk_4.3.0/platform/emlib/src/em_letimer.o
 .debug_line    0x00008b94      0x477 ./gecko_sdk_4.3.0/platform/emlib/src/em_system.o
 .debug_line    0x0000900b      0x8da ./gecko_sdk_4.3.0/platform/emlib/src/em_timer.o
 .debug_line    0x000098e5      0x947 ./gecko_sdk_4.3.0/platform/emlib/src/em_usart.o
 .debug_line    0x0000a22c      0x23c ./gecko_sdk_4.3.0/platform/service/device_init/src/sl_device_init_dcdc_s2.o
 .debug_line    0x0000a468      0x2b7 ./gecko_sdk_4.3.0/platform/service/device_init/src/sl_device_init_emu_s2.o
 .debug_line    0x0000a71f      0x2ff ./gecko_sdk_4.3.0/platform/service/device_init/src/sl_device_init_hfxo_s2.o
 .debug_line    0x0000aa1e      0x241 ./gecko_sdk_4.3.0/platform/service/device_init/src/sl_device_init_lfxo_s2.o
 .debug_line    0x0000ac5f      0x30e ./gecko_sdk_4.3.0/platform/service/device_init/src/sl_device_init_nvic.o
 .debug_line    0x0000af6d       0x97 ./gecko_sdk_4.3.0/platform/service/system/src/sl_system_init.o
 .debug_line    0x0000b004      0x231 ./gecko_sdk_4.3.0/platform/service/udelay/src/sl_udelay.o
 .debug_line    0x0000b235       0x94 ./gecko_sdk_4.3.0/platform/service/udelay/src/sl_udelay_armv6m_gcc.o

.debug_str      0x00000000     0xcf7d
 .debug_str     0x00000000     0x1106 ./DHT22.o
                               0x128a (size before relaxing)
 .debug_str     0x00001106      0xfb6 ./Letimer.o
                               0x13be (size before relaxing)
 .debug_str     0x000020bc     0x17dc ./adc.o
                               0x2cfc (size before relaxing)
 .debug_str     0x00003898        0x9 ./app.o
                                0x219 (size before relaxing)
 .debug_str     0x000038a1        0xf ./main.o
                                0x203 (size before relaxing)
 .debug_str     0x000038b0      0x421 ./uart.o
                               0x1e51 (size before relaxing)
 .debug_str     0x00003cd1       0x39 ./autogen/sl_board_default_init.o
                                0x215 (size before relaxing)
 .debug_str     0x00003d0a      0x8e6 ./autogen/sl_device_init_clocks.o
                                0xdd0 (size before relaxing)
 .debug_str     0x000045f0       0xe7 ./autogen/sl_event_handler.o
                                0x2c3 (size before relaxing)