Archive member included to satisfy reference by file (symbol)

c:/siliconlabs/simplicitystudio/v5/developer/toolchains/gnu_arm/10.3_2021.10/bin/../lib/gcc/arm-none-eabi/10.3.1/thumb/v8-m.main+fp/hard\libgcc.a(_arm_muldf3.o)
                              ./iadc.o (__aeabi_dmul)
c:/siliconlabs/simplicitystudio/v5/developer/toolchains/gnu_arm/10.3_2021.10/bin/../lib/gcc/arm-none-eabi/10.3.1/thumb/v8-m.main+fp/hard\libgcc.a(_arm_addsubdf3.o)
                              ./iadc.o (__aeabi_dsub)
c:/siliconlabs/simplicitystudio/v5/developer/toolchains/gnu_arm/10.3_2021.10/bin/../lib/gcc/arm-none-eabi/10.3.1/thumb/v8-m.main+fp/hard\libgcc.a(_arm_muldivdf3.o)
                              ./iadc.o (__aeabi_ddiv)
c:/siliconlabs/simplicitystudio/v5/developer/toolchains/gnu_arm/10.3_2021.10/bin/../lib/gcc/arm-none-eabi/10.3.1/thumb/v8-m.main+fp/hard\libgcc.a(_arm_fixunsdfsi.o)
                              ./iadc.o (__aeabi_d2uiz)
c:/siliconlabs/simplicitystudio/v5/developer/toolchains/gnu_arm/10.3_2021.10/bin/../lib/gcc/arm-none-eabi/10.3.1/thumb/v8-m.main+fp/hard\libgcc.a(_arm_truncdfsf2.o)
                              ./iadc.o (__aeabi_d2f)
c:/siliconlabs/simplicitystudio/v5/developer/toolchains/gnu_arm/10.3_2021.10/bin/../lib/gcc/arm-none-eabi/10.3.1/thumb/v8-m.main+fp/hard\libgcc.a(_aeabi_uldivmod.o)
                              ./gecko_sdk_4.3.1/platform/emdrv/ustimer/src/ustimer.o (__aeabi_uldivmod)
c:/siliconlabs/simplicitystudio/v5/developer/toolchains/gnu_arm/10.3_2021.10/bin/../lib/gcc/arm-none-eabi/10.3.1/thumb/v8-m.main+fp/hard\libgcc.a(_udivmoddi4.o)
                              c:/siliconlabs/simplicitystudio/v5/developer/toolchains/gnu_arm/10.3_2021.10/bin/../lib/gcc/arm-none-eabi/10.3.1/thumb/v8-m.main+fp/hard\libgcc.a(_aeabi_uldivmod.o) (__udivmoddi4)
c:/siliconlabs/simplicitystudio/v5/developer/toolchains/gnu_arm/10.3_2021.10/bin/../lib/gcc/arm-none-eabi/10.3.1/thumb/v8-m.main+fp/hard\libgcc.a(_dvmd_tls.o)
                              c:/siliconlabs/simplicitystudio/v5/developer/toolchains/gnu_arm/10.3_2021.10/bin/../lib/gcc/arm-none-eabi/10.3.1/thumb/v8-m.main+fp/hard\libgcc.a(_aeabi_uldivmod.o) (__aeabi_ldiv0)
c:/siliconlabs/simplicitystudio/v5/developer/toolchains/gnu_arm/10.3_2021.10/bin/../lib/gcc/arm-none-eabi/10.3.1/../../../../arm-none-eabi/lib/thumb/v8-m.main+fp/hard\libc_nano.a(lib_a-exit.o)
                              c:/siliconlabs/simplicitystudio/v5/developer/toolchains/gnu_arm/10.3_2021.10/bin/../lib/gcc/arm-none-eabi/10.3.1/../../../../arm-none-eabi/lib/thumb/v8-m.main+fp/hard/crt0.o (exit)
c:/siliconlabs/simplicitystudio/v5/developer/toolchains/gnu_arm/10.3_2021.10/bin/../lib/gcc/arm-none-eabi/10.3.1/../../../../arm-none-eabi/lib/thumb/v8-m.main+fp/hard\libc_nano.a(lib_a-impure.o)
                              c:/siliconlabs/simplicitystudio/v5/developer/toolchains/gnu_arm/10.3_2021.10/bin/../lib/gcc/arm-none-eabi/10.3.1/../../../../arm-none-eabi/lib/thumb/v8-m.main+fp/hard\libc_nano.a(lib_a-exit.o) (_global_impure_ptr)
c:/siliconlabs/simplicitystudio/v5/developer/toolchains/gnu_arm/10.3_2021.10/bin/../lib/gcc/arm-none-eabi/10.3.1/../../../../arm-none-eabi/lib/thumb/v8-m.main+fp/hard\libc_nano.a(lib_a-init.o)
                              c:/siliconlabs/simplicitystudio/v5/developer/toolchains/gnu_arm/10.3_2021.10/bin/../lib/gcc/arm-none-eabi/10.3.1/../../../../arm-none-eabi/lib/thumb/v8-m.main+fp/hard/crt0.o (__libc_init_array)
c:/siliconlabs/simplicitystudio/v5/developer/toolchains/gnu_arm/10.3_2021.10/bin/../lib/gcc/arm-none-eabi/10.3.1/../../../../arm-none-eabi/lib/thumb/v8-m.main+fp/hard\libc_nano.a(lib_a-memset.o)
                              c:/siliconlabs/simplicitystudio/v5/developer/toolchains/gnu_arm/10.3_2021.10/bin/../lib/gcc/arm-none-eabi/10.3.1/../../../../arm-none-eabi/lib/thumb/v8-m.main+fp/hard/crt0.o (memset)
c:/siliconlabs/simplicitystudio/v5/developer/toolchains/gnu_arm/10.3_2021.10/bin/../lib/gcc/arm-none-eabi/10.3.1/../../../../arm-none-eabi/lib/thumb/v8-m.main+fp/hard\libc_nano.a(lib_a-snprintf.o)
                              ./uart.o (snprintf)
c:/siliconlabs/simplicitystudio/v5/developer/toolchains/gnu_arm/10.3_2021.10/bin/../lib/gcc/arm-none-eabi/10.3.1/../../../../arm-none-eabi/lib/thumb/v8-m.main+fp/hard\libc_nano.a(lib_a-nano-svfprintf.o)
                              c:/siliconlabs/simplicitystudio/v5/developer/toolchains/gnu_arm/10.3_2021.10/bin/../lib/gcc/arm-none-eabi/10.3.1/../../../../arm-none-eabi/lib/thumb/v8-m.main+fp/hard\libc_nano.a(lib_a-snprintf.o) (_svfprintf_r)
c:/siliconlabs/simplicitystudio/v5/developer/toolchains/gnu_arm/10.3_2021.10/bin/../lib/gcc/arm-none-eabi/10.3.1/../../../../arm-none-eabi/lib/thumb/v8-m.main+fp/hard\libc_nano.a(lib_a-nano-vfprintf_i.o)
                              c:/siliconlabs/simplicitystudio/v5/developer/toolchains/gnu_arm/10.3_2021.10/bin/../lib/gcc/arm-none-eabi/10.3.1/../../../../arm-none-eabi/lib/thumb/v8-m.main+fp/hard\libc_nano.a(lib_a-nano-svfprintf.o) (_printf_i)
[...]
Memory Configuration

Name             Origin             Length             Attributes
FLASH            0x08000000         0x0017e000         xr
RAM              0x20000000         0x00040000         xrw
*default*        0x00000000         0xffffffff

Linker script and memory map

LOAD c:/siliconlabs/simplicitystudio/v5/developer/toolchains/gnu_arm/10.3_2021.10/bin/../lib/gcc/arm-none-eabi/10.3.1/thumb/v8-m.main+fp/hard/crti.o
LOAD c:/siliconlabs/simplicitystudio/v5/developer/toolchains/gnu_arm/10.3_2021.10/bin/../lib/gcc/arm-none-eabi/10.3.1/thumb/v8-m.main+fp/hard/crtbegin.o
LOAD c:/siliconlabs/simplicitystudio/v5/developer/toolchains/gnu_arm/10.3_2021.10/bin/../lib/gcc/arm-none-eabi/10.3.1/../../../../arm-none-eabi/lib/thumb/v8-m.main+fp/hard/crt0.o
START GROUP
LOAD ./DHT22.o
LOAD ./Letimer.o
LOAD ./aes.o
LOAD ./app.o
LOAD ./connect.o
LOAD ./flash.o
LOAD ./iadc.o
LOAD ./main.o
LOAD ./uart.o
LOAD ./autogen/sl_board_default_init.o
LOAD ./autogen/sl_device_init_clocks.o
LOAD ./autogen/sl_event_handler.o
LOAD ./gecko_sdk_4.3.1/hardware/board/src/sl_board_control_gpio.o
LOAD ./gecko_sdk_4.3.1/hardware/board/src/sl_board_init.o
LOAD ./gecko_sdk_4.3.1/hardware/driver/configuration_over_swo/src/sl_cos.o
LOAD ./gecko_sdk_4.3.1/hardware/driver/mx25_flash_shutdown/src/sl_mx25_flash_shutdown_usart/sl_mx25_flash_shutdown.o
LOAD ./gecko_sdk_4.3.1/platform/Device/SiliconLabs/EFR32MG24/Source/startup_efr32mg24.o
LOAD ./gecko_sdk_4.3.1/platform/Device/SiliconLabs/EFR32MG24/Source/system_efr32mg24.o
LOAD ./gecko_sdk_4.3.1/platform/common/src/sl_assert.o
LOAD ./gecko_sdk_4.3.1/platform/common/toolchain/src/sl_memory.o
LOAD ./gecko_sdk_4.3.1/platform/driver/debug/src/sl_debug_swo.o
LOAD ./gecko_sdk_4.3.1/platform/emdrv/ustimer/src/ustimer.o
LOAD ./gecko_sdk_4.3.1/platform/emlib/src/em_cmu.o
LOAD ./gecko_sdk_4.3.1/platform/emlib/src/em_core.o
LOAD ./gecko_sdk_4.3.1/platform/emlib/src/em_emu.o
LOAD ./gecko_sdk_4.3.1/platform/emlib/src/em_gpio.o
LOAD ./gecko_sdk_4.3.1/platform/emlib/src/em_iadc.o
LOAD ./gecko_sdk_4.3.1/platform/emlib/src/em_letimer.o
LOAD ./gecko_sdk_4.3.1/platform/emlib/src/em_msc.o
LOAD ./gecko_sdk_4.3.1/platform/emlib/src/em_system.o
LOAD ./gecko_sdk_4.3.1/platform/emlib/src/em_timer.o
LOAD ./gecko_sdk_4.3.1/platform/emlib/src/em_usart.o
LOAD ./gecko_sdk_4.3.1/platform/service/device_init/src/sl_device_init_dcdc_s2.o
LOAD ./gecko_sdk_4.3.1/platform/service/device_init/src/sl_device_init_emu_s2.o
LOAD ./gecko_sdk_4.3.1/platform/service/device_init/src/sl_device_init_hfxo_s2.o
LOAD ./gecko_sdk_4.3.1/platform/service/device_init/src/sl_device_init_lfxo_s2.o
LOAD ./gecko_sdk_4.3.1/platform/service/device_init/src/sl_device_init_nvic.o
LOAD ./gecko_sdk_4.3.1/platform/service/system/src/sl_system_init.o
LOAD ./gecko_sdk_4.3.1/platform/service/system/src/sl_system_process_action.o
LOAD ./gecko_sdk_4.3.1/platform/service/udelay/src/sl_udelay.o
LOAD ./gecko_sdk_4.3.1/platform/service/udelay/src/sl_udelay_armv6m_gcc.o
LOAD c:/siliconlabs/simplicitystudio/v5/developer/toolchains/gnu_arm/10.3_2021.10/bin/../lib/gcc/arm-none-eabi/10.3.1/thumb/v8-m.main+fp/hard\libgcc.a
LOAD c:/siliconlabs/simplicitystudio/v5/developer/toolchains/gnu_arm/10.3_2021.10/bin/../lib/gcc/arm-none-eabi/10.3.1/../../../../arm-none-eabi/lib/thumb/v8-m.main+fp/hard\libc_nano.a
LOAD c:/siliconlabs/simplicitystudio/v5/developer/toolchains/gnu_arm/10.3_2021.10/bin/../lib/gcc/arm-none-eabi/10.3.1/../../../../arm-none-eabi/lib/thumb/v8-m.main+fp/hard\libm.a
LOAD c:/siliconlabs/simplicitystudio/v5/developer/toolchains/gnu_arm/10.3_2021.10/bin/../lib/gcc/arm-none-eabi/10.3.1/../../../../arm-none-eabi/lib/thumb/v8-m.main+fp/hard\libnosys.a
END GROUP
START GROUP
LOAD c:/siliconlabs/simplicitystudio/v5/developer/toolchains/gnu_arm/10.3_2021.10/bin/../lib/gcc/arm-none-eabi/10.3.1/thumb/v8-m.main+fp/hard\libgcc.a
LOAD c:/siliconlabs/simplicitystudio/v5/developer/toolchains/gnu_arm/10.3_2021.10/bin/../lib/gcc/arm-none-eabi/10.3.1/../../../../arm-none-eabi/lib/thumb/v8-m.main+fp/hard\libc_nano.a
LOAD c:/siliconlabs/simplicitystudio/v5/developer/toolchains/gnu_arm/10.3_2021.10/bin/../lib/gcc/arm-none-eabi/10.3.1/../../../../arm-none-eabi/lib/thumb/v8-m.main+fp/hard\libnosys.a
END GROUP
START GROUP
LOAD c:/siliconlabs/simplicitystudio/v5/developer/toolchains/gnu_arm/10.3_2021.10/bin/../lib/gcc/arm-none-eabi/10.3.1/thumb/v8-m.main+fp/hard\libgcc.a
LOAD c:/siliconlabs/simplicitystudio/v5/developer/toolchains/gnu_arm/10.3_2021.10/bin/../lib/gcc/arm-none-eabi/10.3.1/../../../../arm-none-eabi/lib/thumb/v8-m.main+fp/hard\libg_nano.a
LOAD c:/siliconlabs/simplicitystudio/v5/developer/toolchains/gnu_arm/10.3_2021.10/bin/../lib/gcc/arm-none-eabi/10.3.1/../../../../arm-none-eabi/lib/thumb/v8-m.main+fp/hard\libc_nano.a
END GROUP
START GROUP
LOAD c:/siliconlabs/simplicitystudio/v5/developer/toolchains/gnu_arm/10.3_2021.10/bin/../lib/gcc/arm-none-eabi/10.3.1/thumb/v8-m.main+fp/hard\libgcc.a
LOAD c:/siliconlabs/simplicitystudio/v5/developer/toolchains/gnu_arm/10.3_2021.10/bin/../lib/gcc/arm-none-eabi/10.3.1/../../../../arm-none-eabi/lib/thumb/v8-m.main+fp/hard\libc_nano.a
END GROUP
LOAD c:/siliconlabs/simplicitystudio/v5/developer/toolchains/gnu_arm/10.3_2021.10/bin/../lib/gcc/arm-none-eabi/10.3.1/thumb/v8-m.main+fp/hard/crtend.o
LOAD c:/siliconlabs/simplicitystudio/v5/developer/toolchains/gnu_arm/10.3_2021.10/bin/../lib/gcc/arm-none-eabi/10.3.1/thumb/v8-m.main+fp/hard/crtn.o

.text           0x08000000     0x7da0
                0x08000000                linker_vectors_begin = .
 *(.vectors)
 .vectors       0x08000000      0x170 ./gecko_sdk_4.3.1/platform/Device/SiliconLabs/EFR32MG24/Source/startup_efr32mg24.o
                0x08000000                __Vectors
                0x08000170                linker_vectors_end = .
                0x08000170                __Vectors_End = .
                0x08000170                __Vectors_Size = (__Vectors_End - __Vectors)
                0x08000170                linker_code_begin = .
 *(SORT_BY_ALIGNMENT(.text*))
 .text          0x08000170        0x8 ./gecko_sdk_4.3.1/platform/service/udelay/src/sl_udelay_armv6m_gcc.o
                0x08000170                sli_delay_loop
 .text.getMoisture
                0x08000178       0xd4 ./iadc.o
                0x08000178                getMoisture
 .text          0x0800024c       0x40 c:/siliconlabs/simplicitystudio/v5/developer/toolchains/gnu_arm/10.3_2021.10/bin/../lib/gcc/arm-none-eabi/10.3.1/thumb/v8-m.main+fp/hard/crtbegin.o
 .text          0x0800028c       0x7c c:/siliconlabs/simplicitystudio/v5/developer/toolchains/gnu_arm/10.3_2021.10/bin/../lib/gcc/arm-none-eabi/10.3.1/../../../../arm-none-eabi/lib/thumb/v8-m.main+fp/hard/crt0.o
                0x0800028c                _stack_init
                0x08000294                _start
                0x08000294                _mainCRTStartup
 .text.GPIO_PinInGet
                0x08000308       0x88 ./DHT22.o
 .text.DHT_GetData
                0x08000390       0xc8 ./DHT22.o
                0x08000390                DHT_GetData
 .text.__NVIC_EnableIRQ
                0x08000458       0x34 ./Letimer.o
 .text.LETIMER0_IRQHandler
                0x0800048c      0x234 ./Letimer.o
                0x0800048c                LETIMER0_IRQHandler
 .text.GPIO_PinInGet
                0x080006c0       0x88 ./app.o
 .text.GPIO_PinOutToggle
                0x08000748       0x84 ./connect.o
 .text.connectToStation
                0x080007cc       0xd8 ./connect.o
                0x080007cc                connectToStation
 .text.iadcInit
                0x080008a4       0xec ./iadc.o
                0x080008a4                iadcInit
 .text.iadcStartsingle
                0x08000990       0x38 ./iadc.o
                0x08000990                iadcStartsingle
 .text.uartInit
                0x080009c8       0x88 ./uart.o
                0x080009c8                uartInit
 .text.transmitData
                0x08000a50       0x4c ./uart.o
                0x08000a50                transmitData
 .text.uint16ToCharArray
                0x08000a9c       0x28 ./uart.o
                0x08000a9c                uint16ToCharArray
 .text.sl_device_init_clocks
                0x08000ac4       0xd4 ./autogen/sl_device_init_clocks.o
                0x08000ac4                sl_device_init_clocks
 .text.GPIO_PinOutClear
                0x08000b98       0x84 ./gecko_sdk_4.3.1/hardware/driver/mx25_flash_shutdown/src/sl_mx25_flash_shutdown_usart/sl_mx25_flash_shutdown.o
 .text.GPIO_PinOutSet
                0x08000c1c       0x84 ./gecko_sdk_4.3.1/hardware/driver/mx25_flash_shutdown/src/sl_mx25_flash_shutdown_usart/sl_mx25_flash_shutdown.o
 .text.sl_mx25_flash_shutdown
                0x08000ca0      0x134 ./gecko_sdk_4.3.1/hardware/driver/mx25_flash_shutdown/src/sl_mx25_flash_shutdown_usart/sl_mx25_flash_shutdown.o
                0x08000ca0                sl_mx25_flash_shutdown
 .text.Reset_Handler
                0x08000dd4       0x98 ./gecko_sdk_4.3.1/platform/Device/SiliconLabs/EFR32MG24/Source/startup_efr32mg24.o
                0x08000dd4                Reset_Handler
 .text.__NVIC_EnableIRQ
                0x08000e6c       0x34 ./gecko_sdk_4.3.1/platform/Device/SiliconLabs/EFR32MG24/Source/system_efr32mg24.o
 .text.__NVIC_ClearPendingIRQ
                0x08000ea0       0x38 ./gecko_sdk_4.3.1/platform/Device/SiliconLabs/EFR32MG24/Source/system_efr32mg24.o
 .text.SystemInit
                0x08000ed8       0x90 ./gecko_sdk_4.3.1/platform/Device/SiliconLabs/EFR32MG24/Source/system_efr32mg24.o
                0x08000ed8                SystemInit
 .text.SystemHFRCODPLLClockGet
                0x08000f68        0xc ./gecko_sdk_4.3.1/platform/Device/SiliconLabs/EFR32MG24/Source/system_efr32mg24.o
                0x08000f68                SystemHFRCODPLLClockGet
 .text.SystemSYSCLKGet
                0x08000f74       0x50 ./gecko_sdk_4.3.1/platform/Device/SiliconLabs/EFR32MG24/Source/system_efr32mg24.o
                0x08000f74                SystemSYSCLKGet
 .text.SystemHCLKGet
                0x08000fc4       0x3c ./gecko_sdk_4.3.1/platform/Device/SiliconLabs/EFR32MG24/Source/system_efr32mg24.o
                0x08000fc4                SystemHCLKGet
 .text.SystemMaxCoreClockGet
                0x08001000        0xc ./gecko_sdk_4.3.1/platform/Device/SiliconLabs/EFR32MG24/Source/system_efr32mg24.o
                0x08001000                SystemMaxCoreClockGet
 .text.SystemHFXOClockGet
                0x0800100c        0xc ./gecko_sdk_4.3.1/platform/Device/SiliconLabs/EFR32MG24/Source/system_efr32mg24.o
                0x0800100c                SystemHFXOClockGet
 .text.SystemHFXOClockSet
                0x08001018       0x2c ./gecko_sdk_4.3.1/platform/Device/SiliconLabs/EFR32MG24/Source/system_efr32mg24.o
                0x08001018                SystemHFXOClockSet
 .text.SystemFSRCOClockGet
                0x08001044        0xc ./gecko_sdk_4.3.1/platform/Device/SiliconLabs/EFR32MG24/Source/system_efr32mg24.o
                0x08001044                SystemFSRCOClockGet
 .text.SystemHFRCOEM23ClockGet
                0x08001050       0xe0 ./gecko_sdk_4.3.1/platform/Device/SiliconLabs/EFR32MG24/Source/system_efr32mg24.o
                0x08001050                SystemHFRCOEM23ClockGet
 .text.SystemLFXOClockGet
                0x08001130        0xc ./gecko_sdk_4.3.1/platform/Device/SiliconLabs/EFR32MG24/Source/system_efr32mg24.o
                0x08001130                SystemLFXOClockGet
 .text._sbrk    0x0800113c       0x3c ./gecko_sdk_4.3.1/platform/common/toolchain/src/sl_memory.o
                0x0800113c                _sbrk
 .text.BUS_RegBitWrite
                0x08001178       0x48 ./gecko_sdk_4.3.1/platform/driver/debug/src/sl_debug_swo.o
 .text.GPIO_DbgSWOEnable
                0x080011c0       0x30 ./gecko_sdk_4.3.1/platform/driver/debug/src/sl_debug_swo.o
 .text.sl_debug_swo_init
                0x080011f0      0x178 ./gecko_sdk_4.3.1/platform/driver/debug/src/sl_debug_swo.o
                0x080011f0                sl_debug_swo_init
 .text.__NVIC_EnableIRQ
                0x08001368       0x34 ./gecko_sdk_4.3.1/platform/emdrv/ustimer/src/ustimer.o
 .text.__NVIC_DisableIRQ
                0x0800139c       0x44 ./gecko_sdk_4.3.1/platform/emdrv/ustimer/src/ustimer.o
 .text.__NVIC_ClearPendingIRQ
                0x080013e0       0x38 ./gecko_sdk_4.3.1/platform/emdrv/ustimer/src/ustimer.o
 .text.TIMER_Valid
                0x08001418       0x54 ./gecko_sdk_4.3.1/platform/emdrv/ustimer/src/ustimer.o
 .text.TIMER_MaxCount
                0x0800146c       0xf0 ./gecko_sdk_4.3.1/platform/emdrv/ustimer/src/ustimer.o
 .text.TIMER_Enable
                0x0800155c       0x44 ./gecko_sdk_4.3.1/platform/emdrv/ustimer/src/ustimer.o
 .text.TIMER_TopSet
                0x080015a0       0x48 ./gecko_sdk_4.3.1/platform/emdrv/ustimer/src/ustimer.o
 .text.USTIMER_Init
                0x080015e8      0x130 ./gecko_sdk_4.3.1/platform/emdrv/ustimer/src/ustimer.o
                0x080015e8                USTIMER_Init
 .text.USTIMER_DeInit
                0x08001718       0x38 ./gecko_sdk_4.3.1/platform/emdrv/ustimer/src/ustimer.o
                0x08001718                USTIMER_DeInit
 .text.USTIMER_DelayIntSafe
                0x08001750       0x9c ./gecko_sdk_4.3.1/platform/emdrv/ustimer/src/ustimer.o
                0x08001750                USTIMER_DelayIntSafe
 .text.TIMER0_IRQHandler
                0x080017ec       0x34 ./gecko_sdk_4.3.1/platform/emdrv/ustimer/src/ustimer.o
                0x080017ec                TIMER0_IRQHandler
 .text.DelayTicksPolled
                0x08001820       0x50 ./gecko_sdk_4.3.1/platform/emdrv/ustimer/src/ustimer.o
 .text.BUS_RegBitWrite
                0x08001870       0x48 ./gecko_sdk_4.3.1/platform/emlib/src/em_cmu.o
 .text.EMU_VScaleWait
                0x080018b8       0x1c ./gecko_sdk_4.3.1/platform/emlib/src/em_cmu.o
 .text.EMU_VScaleGet
                0x080018d4       0x1c ./gecko_sdk_4.3.1/platform/emlib/src/em_cmu.o
 .text.MSC_LockGetLocked
                0x080018f0       0x1c ./gecko_sdk_4.3.1/platform/emlib/src/em_cmu.o
 .text.MSC_LockSetLocked
                0x0800190c       0x10 ./gecko_sdk_4.3.1/platform/emlib/src/em_cmu.o
 .text.MSC_LockSetUnlocked
                0x0800191c       0x10 ./gecko_sdk_4.3.1/platform/emlib/src/em_cmu.o
 .text.MSC_ReadCTRLGet
                0x0800192c        0xc ./gecko_sdk_4.3.1/platform/emlib/src/em_cmu.o
 .text.MSC_ReadCTRLSet
                0x08001938       0x14 ./gecko_sdk_4.3.1/platform/emlib/src/em_cmu.o
 .text.CMU_ClockDivGet
                0x0800194c       0xec ./gecko_sdk_4.3.1/platform/emlib/src/em_cmu.o
                0x0800194c                CMU_ClockDivGet
 .text.CMU_ClockDivSet
                0x08001a38      0x1b0 ./gecko_sdk_4.3.1/platform/emlib/src/em_cmu.o
                0x08001a38                CMU_ClockDivSet
 .text.CMU_ClockEnable
                0x08001be8       0x74 ./gecko_sdk_4.3.1/platform/emlib/src/em_cmu.o
                0x08001be8                CMU_ClockEnable
 .text.CMU_ClockFreqGet
                0x08001c5c      0x6a8 ./gecko_sdk_4.3.1/platform/emlib/src/em_cmu.o
                0x08001c5c                CMU_ClockFreqGet
 .text.CMU_ClockSelectGet
                0x08002304      0x3e4 ./gecko_sdk_4.3.1/platform/emlib/src/em_cmu.o
                0x08002304                CMU_ClockSelectGet
 .text.sli_em_cmu_HFXOSetForceEnable
                0x080026e8       0x28 ./gecko_sdk_4.3.1/platform/emlib/src/em_cmu.o
                0x080026e8                sli_em_cmu_HFXOSetForceEnable
 .text.CMU_HFXOInit
                0x08002710      0x310 ./gecko_sdk_4.3.1/platform/emlib/src/em_cmu.o
                0x08002710                CMU_HFXOInit
 .text.CMU_HFXOCTuneDeltaGet
                0x08002a20       0x10 ./gecko_sdk_4.3.1/platform/emlib/src/em_cmu.o
                0x08002a20                CMU_HFXOCTuneDeltaGet
 .text.CMU_LFXOInit
                0x08002a30      0x120 ./gecko_sdk_4.3.1/platform/emlib/src/em_cmu.o
                0x08002a30                CMU_LFXOInit
 .text.CMU_LFXOPrecisionSet
                0x08002b50       0x1c ./gecko_sdk_4.3.1/platform/emlib/src/em_cmu.o
                0x08002b50                CMU_LFXOPrecisionSet
 .text.CMU_HFXOPrecisionSet
                0x08002b6c       0x1c ./gecko_sdk_4.3.1/platform/emlib/src/em_cmu.o
                0x08002b6c                CMU_HFXOPrecisionSet
 .text.eusart0ClkGet
                0x08002b88       0xac ./gecko_sdk_4.3.1/platform/emlib/src/em_cmu.o
 .text.em01GrpcClkGet
                0x08002c34       0xbc ./gecko_sdk_4.3.1/platform/emlib/src/em_cmu.o
 .text.vdac0ClkGet
                0x08002cf0       0xa8 ./gecko_sdk_4.3.1/platform/emlib/src/em_cmu.o
 .text.vdac1ClkGet
                0x08002d98       0xa8 ./gecko_sdk_4.3.1/platform/emlib/src/em_cmu.o
 .text.pcnt0ClkGet
                0x08002e40       0x74 ./gecko_sdk_4.3.1/platform/emlib/src/em_cmu.o
 .text.rhclkPrescMax
                0x08002eb4       0x18 ./gecko_sdk_4.3.1/platform/emlib/src/em_cmu.o
 .text.rhclkPrescOptimize
                0x08002ecc       0x2c ./gecko_sdk_4.3.1/platform/emlib/src/em_cmu.o
 .text.traceClkGet
                0x08002ef8       0x84 ./gecko_sdk_4.3.1/platform/emlib/src/em_cmu.o
 .text.dpllRefClkGet
                0x08002f7c       0x94 ./gecko_sdk_4.3.1/platform/emlib/src/em_cmu.o
 .text.em01GrpaClkGet
                0x08003010       0xc4 ./gecko_sdk_4.3.1/platform/emlib/src/em_cmu.o
 .text.em23GrpaClkGet
                0x080030d4       0x94 ./gecko_sdk_4.3.1/platform/emlib/src/em_cmu.o
 .text.em4GrpaClkGet
                0x08003168       0x94 ./gecko_sdk_4.3.1/platform/emlib/src/em_cmu.o
 .text.getWaitStatesByFrequencyAndVScale
                0x080031fc       0x54 ./gecko_sdk_4.3.1/platform/emlib/src/em_cmu.o
 .text.flashWaitStateControl
                0x08003250       0x70 ./gecko_sdk_4.3.1/platform/emlib/src/em_cmu.o
 .text.iadcClkGet
                0x080032c0       0x8c ./gecko_sdk_4.3.1/platform/emlib/src/em_cmu.o
 .text.pclkDivOptimize
                0x0800334c       0x34 ./gecko_sdk_4.3.1/platform/emlib/src/em_cmu.o
 .text.sysrtcClkGet
                0x08003380       0x94 ./gecko_sdk_4.3.1/platform/emlib/src/em_cmu.o
 .text.wdog0ClkGet
                0x08003414       0xa8 ./gecko_sdk_4.3.1/platform/emlib/src/em_cmu.o
 .text.wdog1ClkGet
                0x080034bc       0xa8 ./gecko_sdk_4.3.1/platform/emlib/src/em_cmu.o
 .text.sysTickClkGet
                0x08003564       0x58 ./gecko_sdk_4.3.1/platform/emlib/src/em_cmu.o
 .text.EMU_DCDCLock
                0x080035bc       0x14 ./gecko_sdk_4.3.1/platform/emlib/src/em_emu.o
 .text.EMU_DCDCUnlock
                0x080035d0       0x10 ./gecko_sdk_4.3.1/platform/emlib/src/em_emu.o
 .text.EMU_DCDCSync
                0x080035e0       0x20 ./gecko_sdk_4.3.1/platform/emlib/src/em_emu.o
 .text.EMU_VScaleWait
                0x08003600       0x1c ./gecko_sdk_4.3.1/platform/emlib/src/em_emu.o
 .text.EMU_VScaleGet
                0x0800361c       0x1c ./gecko_sdk_4.3.1/platform/emlib/src/em_emu.o
 .text.EMU_Unlock
                0x08003638       0x10 ./gecko_sdk_4.3.1/platform/emlib/src/em_emu.o
 .text.EMU_EnterEM2
                0x08003648       0x48 ./gecko_sdk_4.3.1/platform/emlib/src/em_emu.o
                0x08003648                EMU_EnterEM2
 .text.EMU_EM4Init
                0x08003690       0x24 ./gecko_sdk_4.3.1/platform/emlib/src/em_emu.o
                0x08003690                EMU_EM4Init
 .text.EMU_EnterEM4
                0x080036b4       0xa4 ./gecko_sdk_4.3.1/platform/emlib/src/em_emu.o
                0x080036b4                EMU_EnterEM4
 .text.EMU_VScaleEM01ByClock
                0x08003758       0x5c ./gecko_sdk_4.3.1/platform/emlib/src/em_emu.o
                0x08003758                EMU_VScaleEM01ByClock
 .text.EMU_VScaleEM01
                0x080037b4       0xdc ./gecko_sdk_4.3.1/platform/emlib/src/em_emu.o
                0x080037b4                EMU_VScaleEM01
 .text.EMU_DCDCModeSet
                0x08003890      0x120 ./gecko_sdk_4.3.1/platform/emlib/src/em_emu.o
                0x08003890                EMU_DCDCModeSet
 .text.EMU_DCDCInit
                0x080039b0       0xa8 ./gecko_sdk_4.3.1/platform/emlib/src/em_emu.o
                0x080039b0                EMU_DCDCInit
 .text.EMU_DCDCSetPFMXModePeakCurrent
                0x08003a58       0xb4 ./gecko_sdk_4.3.1/platform/emlib/src/em_emu.o
                0x08003a58                EMU_DCDCSetPFMXModePeakCurrent
 .text.GPIO_PinOutClear
                0x08003b0c       0x84 ./gecko_sdk_4.3.1/platform/emlib/src/em_gpio.o
 .text.GPIO_PinOutSet
                0x08003b90       0x84 ./gecko_sdk_4.3.1/platform/emlib/src/em_gpio.o
 .text.GPIO_PinModeSet
                0x08003c14      0x124 ./gecko_sdk_4.3.1/platform/emlib/src/em_gpio.o
                0x08003c14                GPIO_PinModeSet
 .text.IADC_disable
                0x08003d38       0x38 ./gecko_sdk_4.3.1/platform/emlib/src/em_iadc.o
 .text.IADC_init
                0x08003d70      0x9bc ./gecko_sdk_4.3.1/platform/emlib/src/em_iadc.o
                0x08003d70                IADC_init
 .text.IADC_initSingle
                0x0800472c       0xc4 ./gecko_sdk_4.3.1/platform/emlib/src/em_iadc.o
                0x0800472c                IADC_initSingle
 .text.IADC_updateSingleInput
                0x080047f0       0x8c ./gecko_sdk_4.3.1/platform/emlib/src/em_iadc.o
                0x080047f0                IADC_updateSingleInput
 .text.IADC_reset
                0x0800487c      0x16c ./gecko_sdk_4.3.1/platform/emlib/src/em_iadc.o
                0x0800487c                IADC_reset
 .text.IADC_calcTimebase
                0x080049e8       0xa0 ./gecko_sdk_4.3.1/platform/emlib/src/em_iadc.o
                0x080049e8                IADC_calcTimebase
 .text.IADC_calcSrcClkPrescale
                0x08004a88       0x8c ./gecko_sdk_4.3.1/platform/emlib/src/em_iadc.o
                0x08004a88                IADC_calcSrcClkPrescale
 .text.IADC_calcAdcClkPrescale
                0x08004b14       0xc4 ./gecko_sdk_4.3.1/platform/emlib/src/em_iadc.o
                0x08004b14                IADC_calcAdcClkPrescale
 .text.IADC_getReferenceVoltage
                0x08004bd8       0x7c ./gecko_sdk_4.3.1/platform/emlib/src/em_iadc.o
                0x08004bd8                IADC_getReferenceVoltage
 .text.LETIMER_Enable
                0x08004c54       0x48 ./gecko_sdk_4.3.1/platform/emlib/src/em_letimer.o
                0x08004c54                LETIMER_Enable
 .text.LETIMER_Init
                0x08004c9c      0x118 ./gecko_sdk_4.3.1/platform/emlib/src/em_letimer.o
                0x08004c9c                LETIMER_Init
 .text.SYSCFG_readChipRev
                0x08004db4        0xc ./gecko_sdk_4.3.1/platform/emlib/src/em_system.o
 .text.SYSTEM_ChipRevisionGet
                0x08004dc0       0x50 ./gecko_sdk_4.3.1/platform/emlib/src/em_system.o
                0x08004dc0                SYSTEM_ChipRevisionGet
 .text.TIMER_Valid
                0x08004e10       0x54 ./gecko_sdk_4.3.1/platform/emlib/src/em_timer.o
 .text.timerPrsConfig
                0x08004e64       0xc0 ./gecko_sdk_4.3.1/platform/emlib/src/em_timer.o
 .text.TIMER_Init
                0x08004f24      0x130 ./gecko_sdk_4.3.1/platform/emlib/src/em_timer.o
                0x08004f24                TIMER_Init
 .text.TIMER_InitCC
                0x08005054      0x148 ./gecko_sdk_4.3.1/platform/emlib/src/em_timer.o
                0x08005054                TIMER_InitCC
 .text.prsRxInput
                0x0800519c       0x38 ./gecko_sdk_4.3.1/platform/emlib/src/em_usart.o
 .text.USART_BaudrateAsyncSet
                0x080051d4      0x14c ./gecko_sdk_4.3.1/platform/emlib/src/em_usart.o
                0x080051d4                USART_BaudrateAsyncSet
 .text.USART_BaudrateSyncSet
                0x08005320       0x68 ./gecko_sdk_4.3.1/platform/emlib/src/em_usart.o
                0x08005320                USART_BaudrateSyncSet
 .text.USART_InitAsync
                0x08005388      0x134 ./gecko_sdk_4.3.1/platform/emlib/src/em_usart.o
                0x08005388                USART_InitAsync
 .text.USART_InitSync
                0x080054bc      0x108 ./gecko_sdk_4.3.1/platform/emlib/src/em_usart.o
                0x080054bc                USART_InitSync
 .text.USART_Reset
                0x080055c4       0xa0 ./gecko_sdk_4.3.1/platform/emlib/src/em_usart.o
                0x080055c4                USART_Reset
 .text.sl_device_init_dcdc
                0x08005664       0x34 ./gecko_sdk_4.3.1/platform/service/device_init/src/sl_device_init_dcdc_s2.o
                0x08005664                sl_device_init_dcdc
 .text.sl_device_init_emu
                0x08005698       0x34 ./gecko_sdk_4.3.1/platform/service/device_init/src/sl_device_init_emu_s2.o
                0x08005698                sl_device_init_emu
 .text.sl_device_init_hfxo
                0x080056cc       0xcc ./gecko_sdk_4.3.1/platform/service/device_init/src/sl_device_init_hfxo_s2.o
                0x080056cc                sl_device_init_hfxo
 .text.sl_device_init_lfxo
                0x08005798       0x3c ./gecko_sdk_4.3.1/platform/service/device_init/src/sl_device_init_lfxo_s2.o
                0x08005798                sl_device_init_lfxo
 .text.__NVIC_SetPriority
                0x080057d4       0x50 ./gecko_sdk_4.3.1/platform/service/device_init/src/sl_device_init_nvic.o
 .text.sl_udelay_wait
                0x08005824       0x80 ./gecko_sdk_4.3.1/platform/service/udelay/src/sl_udelay.o
                0x08005824                sl_udelay_wait
 .text          0x080058a4      0x378 c:/siliconlabs/simplicitystudio/v5/developer/toolchains/gnu_arm/10.3_2021.10/bin/../lib/gcc/arm-none-eabi/10.3.1/thumb/v8-m.main+fp/hard\libgcc.a(_arm_addsubdf3.o)
                0x080058a4                __aeabi_drsub
                0x080058ac                __aeabi_dsub
                0x080058ac                __subdf3
                0x080058b0                __aeabi_dadd
                0x080058b0                __adddf3
                0x08005b28                __floatunsidf
                0x08005b28                __aeabi_ui2d
                0x08005b48                __floatsidf
                0x08005b48                __aeabi_i2d
                0x08005b6c                __aeabi_f2d
                0x08005b6c                __extendsfdf2
                0x08005bb0                __floatundidf
                0x08005bb0                __aeabi_ul2d
                0x08005bc0                __floatdidf
                0x08005bc0                __aeabi_l2d
 .text          0x08005c1c      0x424 c:/siliconlabs/simplicitystudio/v5/developer/toolchains/gnu_arm/10.3_2021.10/bin/../lib/gcc/arm-none-eabi/10.3.1/thumb/v8-m.main+fp/hard\libgcc.a(_arm_muldivdf3.o)
                0x08005c1c                __aeabi_dmul
                0x08005c1c                __muldf3
                0x08005e70                __divdf3
                0x08005e70                __aeabi_ddiv
 .text          0x08006040       0x40 c:/siliconlabs/simplicitystudio/v5/developer/toolchains/gnu_arm/10.3_2021.10/bin/../lib/gcc/arm-none-eabi/10.3.1/thumb/v8-m.main+fp/hard\libgcc.a(_arm_fixunsdfsi.o)
                0x08006040                __aeabi_d2uiz
                0x08006040                __fixunsdfsi
 .text          0x08006080       0xa0 c:/siliconlabs/simplicitystudio/v5/developer/toolchains/gnu_arm/10.3_2021.10/bin/../lib/gcc/arm-none-eabi/10.3.1/thumb/v8-m.main+fp/hard\libgcc.a(_arm_truncdfsf2.o)
                0x08006080                __truncdfsf2
                0x08006080                __aeabi_d2f
 .text          0x08006120       0x30 c:/siliconlabs/simplicitystudio/v5/developer/toolchains/gnu_arm/10.3_2021.10/bin/../lib/gcc/arm-none-eabi/10.3.1/thumb/v8-m.main+fp/hard\libgcc.a(_aeabi_uldivmod.o)
                0x08006120                __aeabi_uldivmod
 .text          0x08006150      0x2ec c:/siliconlabs/simplicitystudio/v5/developer/toolchains/gnu_arm/10.3_2021.10/bin/../lib/gcc/arm-none-eabi/10.3.1/thumb/v8-m.main+fp/hard\libgcc.a(_udivmoddi4.o)
                0x08006150                __udivmoddi4
 .text          0x0800643c        0x4 c:/siliconlabs/simplicitystudio/v5/developer/toolchains/gnu_arm/10.3_2021.10/bin/../lib/gcc/arm-none-eabi/10.3.1/thumb/v8-m.main+fp/hard\libgcc.a(_dvmd_tls.o)
                0x0800643c                __aeabi_idiv0
                0x0800643c                __aeabi_ldiv0
 .text.exit     0x08006440       0x28 c:/siliconlabs/simplicitystudio/v5/developer/toolchains/gnu_arm/10.3_2021.10/bin/../lib/gcc/arm-none-eabi/10.3.1/../../../../arm-none-eabi/lib/thumb/v8-m.main+fp/hard\libc_nano.a(lib_a-exit.o)
                0x08006440                exit
 .text.__libc_init_array
                0x08006468       0x48 c:/siliconlabs/simplicitystudio/v5/developer/toolchains/gnu_arm/10.3_2021.10/bin/../lib/gcc/arm-none-eabi/10.3.1/../../../../arm-none-eabi/lib/thumb/v8-m.main+fp/hard\libc_nano.a(lib_a-init.o)
                0x08006468                __libc_init_array
 .text.snprintf
                0x080064b0       0x68 c:/siliconlabs/simplicitystudio/v5/developer/toolchains/gnu_arm/10.3_2021.10/bin/../lib/gcc/arm-none-eabi/10.3.1/../../../../arm-none-eabi/lib/thumb/v8-m.main+fp/hard\libc_nano.a(lib_a-snprintf.o)
                0x080064b0                sniprintf
                0x080064b0                snprintf
 .text._svfprintf_r
                0x08006518      0x200 c:/siliconlabs/simplicitystudio/v5/developer/toolchains/gnu_arm/10.3_2021.10/bin/../lib/gcc/arm-none-eabi/10.3.1/../../../../arm-none-eabi/lib/thumb/v8-m.main+fp/hard\libc_nano.a(lib_a-nano-svfprintf.o)
                0x08006518                _svfiprintf_r
                0x08006518                _svfprintf_r
 .text._printf_i
                0x08006718      0x24c c:/siliconlabs/simplicitystudio/v5/developer/toolchains/gnu_arm/10.3_2021.10/bin/../lib/gcc/arm-none-eabi/10.3.1/../../../../arm-none-eabi/lib/thumb/v8-m.main+fp/hard\libc_nano.a(lib_a-nano-vfprintf_i.o)
                0x08006718                _printf_i
 .text._free_r  0x08006964       0x98 c:/siliconlabs/simplicitystudio/v5/developer/toolchains/gnu_arm/10.3_2021.10/bin/../lib/gcc/arm-none-eabi/10.3.1/../../../../arm-none-eabi/lib/thumb/v8-m.main+fp/hard\libc_nano.a(lib_a-nano-freer.o)
                0x08006964                _free_r
 .text.sbrk_aligned
                0x080069fc       0x40 c:/siliconlabs/simplicitystudio/v5/developer/toolchains/gnu_arm/10.3_2021.10/bin/../lib/gcc/arm-none-eabi/10.3.1/../../../../arm-none-eabi/lib/thumb/v8-m.main+fp/hard\libc_nano.a(lib_a-nano-mallocr.o)
 .text._malloc_r
                0x08006a3c       0xe8 c:/siliconlabs/simplicitystudio/v5/developer/toolchains/gnu_arm/10.3_2021.10/bin/../lib/gcc/arm-none-eabi/10.3.1/../../../../arm-none-eabi/lib/thumb/v8-m.main+fp/hard\libc_nano.a(lib_a-nano-mallocr.o)
                0x08006a3c                _malloc_r
 .text._sbrk_r  0x08006b24       0x20 c:/siliconlabs/simplicitystudio/v5/developer/toolchains/gnu_arm/10.3_2021.10/bin/../lib/gcc/arm-none-eabi/10.3.1/../../../../arm-none-eabi/lib/thumb/v8-m.main+fp/hard\libc_nano.a(lib_a-sbrkr.o)
                0x08006b24                _sbrk_r
 .text.__malloc_lock
                0x08006b44        0xc c:/siliconlabs/simplicitystudio/v5/developer/toolchains/gnu_arm/10.3_2021.10/bin/../lib/gcc/arm-none-eabi/10.3.1/../../../../arm-none-eabi/lib/thumb/v8-m.main+fp/hard\libc_nano.a(lib_a-mlock.o)
                0x08006b44                __malloc_lock
 .text.__malloc_unlock
                0x08006b50        0xc c:/siliconlabs/simplicitystudio/v5/developer/toolchains/gnu_arm/10.3_2021.10/bin/../lib/gcc/arm-none-eabi/10.3.1/../../../../arm-none-eabi/lib/thumb/v8-m.main+fp/hard\libc_nano.a(lib_a-mlock.o)
                0x08006b50                __malloc_unlock
 .text._exit    0x08006b5c        0x4 c:/siliconlabs/simplicitystudio/v5/developer/toolchains/gnu_arm/10.3_2021.10/bin/../lib/gcc/arm-none-eabi/10.3.1/../../../../arm-none-eabi/lib/thumb/v8-m.main+fp/hard\libnosys.a(_exit.o)
                0x08006b5c                _exit
 .text.BUS_RegBitRead
                0x08006b60       0x1a ./DHT22.o
 .text.DHT_Start
                0x08006b7a       0x3c ./DHT22.o
                0x08006b7a                DHT_Start
 .text.DHT_Check_Response
                0x08006bb6       0x5c ./DHT22.o
                0x08006bb6                DHT_Check_Response
 .text.DHT_Read
                0x08006c12       0x9c ./DHT22.o
                0x08006c12                DHT_Read
 .text.LETIMER_IntClear
                0x08006cae       0x18 ./Letimer.o
 .text.LETIMER_IntEnable
                0x08006cc6       0x18 ./Letimer.o
 .text.LETIMER_IntGet
                0x08006cde        0xe ./Letimer.o
 .text.letimer0Init
                0x08006cec       0x6c ./Letimer.o
                0x08006cec                letimer0Init
 .text.letimer0Enable
                0x08006d58       0x2a ./Letimer.o
                0x08006d58                letimer0Enable
 .text.batteryLevel
                0x08006d82       0x32 ./Letimer.o
                0x08006d82                batteryLevel
 .text.BUS_RegBitRead
                0x08006db4       0x1a ./app.o
 .text.app_init
                0x08006dce       0x56 ./app.o
                0x08006dce                app_init
 .text.app_process_action
                0x08006e24        0x4 ./app.o
                0x08006e24                app_process_action
 .text.IADC_command
                0x08006e28       0x12 ./iadc.o
 .text.main     0x08006e3a       0x16 ./main.o
                0x08006e3a                main
 .text.calculateLrc
                0x08006e50       0x3c ./uart.o
                0x08006e50                calculateLrc
 .text.sl_board_default_init
                0x08006e8c        0xa ./autogen/sl_board_default_init.o
                0x08006e8c                sl_board_default_init
 .text.CHIP_Init
                0x08006e96        0x4 ./autogen/sl_event_handler.o
 .text.sl_platform_init
                0x08006e9a       0x2a ./autogen/sl_event_handler.o
                0x08006e9a                sl_platform_init
 .text.sl_driver_init
                0x08006ec4        0xe ./autogen/sl_event_handler.o
                0x08006ec4                sl_driver_init
 .text.sl_service_init
                0x08006ed2        0xa ./autogen/sl_event_handler.o
                0x08006ed2                sl_service_init
 .text.sl_stack_init
                0x08006edc        0x4 ./autogen/sl_event_handler.o
                0x08006edc                sl_stack_init
 .text.sl_internal_app_init
                0x08006ee0        0x4 ./autogen/sl_event_handler.o
                0x08006ee0                sl_internal_app_init
 .text.sl_board_configure_vcom
                0x08006ee4        0x6 ./gecko_sdk_4.3.1/hardware/board/src/sl_board_control_gpio.o
                0x08006ee4                sl_board_configure_vcom
 .text.sl_board_disable_vcom
                0x08006eea       0x14 ./gecko_sdk_4.3.1/hardware/board/src/sl_board_control_gpio.o
                0x08006eea                sl_board_disable_vcom
 .text.sl_board_init
                0x08006efe       0x16 ./gecko_sdk_4.3.1/hardware/board/src/sl_board_init.o
                0x08006efe                sl_board_init
 .text.sl_board_preinit
                0x08006f14        0xe ./gecko_sdk_4.3.1/hardware/board/src/sl_board_init.o
                0x08006f14                sl_board_preinit
 .text.sl_cos_send_config
                0x08006f22       0x12 ./gecko_sdk_4.3.1/hardware/driver/configuration_over_swo/src/sl_cos.o
                0x08006f22                sl_cos_send_config
 .text.cs_low   0x08006f34        0xe ./gecko_sdk_4.3.1/hardware/driver/mx25_flash_shutdown/src/sl_mx25_flash_shutdown_usart/sl_mx25_flash_shutdown.o
 .text.cs_high  0x08006f42        0xe ./gecko_sdk_4.3.1/hardware/driver/mx25_flash_shutdown/src/sl_mx25_flash_shutdown_usart/sl_mx25_flash_shutdown.o
 .text.Default_Handler
                0x08006f50        0x2 ./gecko_sdk_4.3.1/platform/Device/SiliconLabs/EFR32MG24/Source/startup_efr32mg24.o
                0x08006f50                ULFRCO_IRQHandler
                0x08006f50                AHB2AHB1_IRQHandler
                0x08006f50                SW2_IRQHandler
                0x08006f50                TIMER2_IRQHandler
                0x08006f50                DebugMon_Handler
                0x08006f50                USART0_TX_IRQHandler
                0x08006f50                IADC_IRQHandler
                0x08006f50                EUSART0_TX_IRQHandler
                0x08006f50                I2C0_IRQHandler
                0x08006f50                LFXO_IRQHandler
                0x08006f50                HardFault_Handler
                0x08006f50                SMU_SECURE_IRQHandler
                0x08006f50                SysTick_Handler
                0x08006f50                SYSRTC_SEQ_IRQHandler
                0x08006f50                EMUEFP_IRQHandler
                0x08006f50                PendSV_Handler
                0x08006f50                NMI_Handler
                0x08006f50                SYNTH_IRQHandler
                0x08006f50                HOSTMAILBOX_IRQHandler
                0x08006f50                HFXO0_IRQHandler
                0x08006f50                I2C1_IRQHandler
                0x08006f50                WDOG0_IRQHandler
                0x08006f50                TIMER3_IRQHandler
                0x08006f50                SYSCFG_IRQHandler
                0x08006f50                RFECA1_IRQHandler
                0x08006f50                EMUDG_IRQHandler
                0x08006f50                MSC_IRQHandler
                0x08006f50                DPLL0_IRQHandler
                0x08006f50                UsageFault_Handler
                0x08006f50                WDOG1_IRQHandler
                0x08006f50                M33CTI1_IRQHandler
                0x08006f50                TIMER4_IRQHandler
                0x08006f50                GPIO_EVEN_IRQHandler
                0x08006f50                VDAC0_IRQHandler
                0x08006f50                LDMA_IRQHandler
                0x08006f50                SEMBTX_IRQHandler
                0x08006f50                SW0_IRQHandler
                0x08006f50                MVP_IRQHandler
                0x08006f50                EUSART1_RX_IRQHandler
                0x08006f50                TIMER1_IRQHandler
                0x08006f50                HFRCO0_IRQHandler
                0x08006f50                SecureFault_Handler
                0x08006f50                BUFC_IRQHandler
                0x08006f50                DCDC_IRQHandler
                0x08006f50                MODEM_IRQHandler
                0x08006f50                Default_Handler
                0x08006f50                RAC_SEQ_IRQHandler
                0x08006f50                FRC_PRI_IRQHandler
                0x08006f50                SW3_IRQHandler
                0x08006f50                EMU_IRQHandler
                0x08006f50                KERNEL0_IRQHandler
                0x08006f50                FRC_IRQHandler
                0x08006f50                PCNT0_IRQHandler
                0x08006f50                KERNEL1_IRQHandler
                0x08006f50                AGC_IRQHandler
                0x08006f50                EUSART1_TX_IRQHandler
                0x08006f50                KEYSCAN_IRQHandler
                0x08006f50                HFRCOEM23_IRQHandler
                0x08006f50                sl_app_properties
                0x08006f50                BURTC_IRQHandler
                0x08006f50                SEMBRX_IRQHandler
                0x08006f50                RFECA0_IRQHandler
                0x08006f50                LFRCO_IRQHandler
                0x08006f50                VDAC1_IRQHandler
                0x08006f50                ACMP0_IRQHandler
                0x08006f50                USART0_RX_IRQHandler
                0x08006f50                MemManage_Handler
                0x08006f50                AHB2AHB0_IRQHandler
                0x08006f50                SVC_Handler
                0x08006f50                SMU_S_PRIVILEGED_IRQHandler
                0x08006f50                SW1_IRQHandler
                0x08006f50                CMU_IRQHandler
                0x08006f50                EUSART0_RX_IRQHandler
                0x08006f50                RAC_RSM_IRQHandler
                0x08006f50                SETAMPERHOST_IRQHandler
                0x08006f50                GPIO_ODD_IRQHandler
                0x08006f50                AES_IRQHandler
                0x08006f50                M33CTI0_IRQHandler
                0x08006f50                ICACHE0_IRQHandler
                0x08006f50                SMU_NS_PRIVILEGED_IRQHandler
                0x08006f50                FPUEXH_IRQHandler
                0x08006f50                PROTIMER_IRQHandler
                0x08006f50                ACMP1_IRQHandler
                0x08006f50                BusFault_Handler
                0x08006f50                MPAHBRAM_IRQHandler
                0x08006f50                SYSRTC_APP_IRQHandler
 .text.SystemCLKIN0Get
                0x08006f52        0x6 ./gecko_sdk_4.3.1/platform/Device/SiliconLabs/EFR32MG24/Source/system_efr32mg24.o
                0x08006f52                SystemCLKIN0Get
 .text.SystemLFRCOClockGet
                0x08006f58        0x8 ./gecko_sdk_4.3.1/platform/Device/SiliconLabs/EFR32MG24/Source/system_efr32mg24.o
                0x08006f58                SystemLFRCOClockGet
 .text.SystemULFRCOClockGet
                0x08006f60        0x8 ./gecko_sdk_4.3.1/platform/Device/SiliconLabs/EFR32MG24/Source/system_efr32mg24.o
                0x08006f60                SystemULFRCOClockGet
 .text.assertEFM
                0x08006f68        0x8 ./gecko_sdk_4.3.1/platform/common/src/sl_assert.o
                0x08006f68                assertEFM
 .text.sl_debug_swo_enable_itm
                0x08006f70       0x26 ./gecko_sdk_4.3.1/platform/driver/debug/src/sl_debug_swo.o
                0x08006f70                sl_debug_swo_enable_itm
 .text.sl_debug_swo_disable_itm
                0x08006f96       0x28 ./gecko_sdk_4.3.1/platform/driver/debug/src/sl_debug_swo.o
                0x08006f96                sl_debug_swo_disable_itm
 .text.TIMER_CounterGet
                0x08006fbe        0xe ./gecko_sdk_4.3.1/platform/emdrv/ustimer/src/ustimer.o
 .text.TIMER_IntClear
                0x08006fcc       0x18 ./gecko_sdk_4.3.1/platform/emdrv/ustimer/src/ustimer.o
 .text.TIMER_IntDisable
                0x08006fe4       0x1a ./gecko_sdk_4.3.1/platform/emdrv/ustimer/src/ustimer.o
 .text.TIMER_IntGet
                0x08006ffe        0xe ./gecko_sdk_4.3.1/platform/emdrv/ustimer/src/ustimer.o
 .text.SystemCoreClockGet
                0x0800700c        0xc ./gecko_sdk_4.3.1/platform/emlib/src/em_cmu.o
 .text.BUS_RegBitRead
                0x08007018       0x1a ./gecko_sdk_4.3.1/platform/emlib/src/em_cmu.o
 .text.BUS_RegMaskedWrite
                0x08007032       0x34 ./gecko_sdk_4.3.1/platform/emlib/src/em_cmu.o
 .text.sli_em_cmu_SYSCLKInitPreClockSelect
                0x08007066       0x1a ./gecko_sdk_4.3.1/platform/emlib/src/em_cmu.o
                0x08007066                sli_em_cmu_SYSCLKInitPreClockSelect
 .text.sli_em_cmu_SYSCLKInitPostClockSelect
                0x08007080       0x2e ./gecko_sdk_4.3.1/platform/emlib/src/em_cmu.o
                0x08007080                sli_em_cmu_SYSCLKInitPostClockSelect
 .text.CMU_UpdateWaitStates
                0x080070ae       0x28 ./gecko_sdk_4.3.1/platform/emlib/src/em_cmu.o
                0x080070ae                CMU_UpdateWaitStates
 .text.pclkDivMax
                0x080070d6       0x10 ./gecko_sdk_4.3.1/platform/emlib/src/em_cmu.o
 .text.waitStateMax
                0x080070e6       0x14 ./gecko_sdk_4.3.1/platform/emlib/src/em_cmu.o
 .text.CORE_EnterCritical
                0x080070fa       0x18 ./gecko_sdk_4.3.1/platform/emlib/src/em_core.o
                0x080070fa                CORE_EnterCritical
 .text.CORE_ExitCritical
                0x08007112       0x14 ./gecko_sdk_4.3.1/platform/emlib/src/em_core.o
                0x08007112                CORE_ExitCritical
 .text.SystemCoreClockUpdate
                0x08007126        0xa ./gecko_sdk_4.3.1/platform/emlib/src/em_emu.o
 .text.BUS_RegBitRead
                0x08007130       0x1a ./gecko_sdk_4.3.1/platform/emlib/src/em_emu.o
 .text.vScaleEM01Cmd
                0x0800714a       0x1c ./gecko_sdk_4.3.1/platform/emlib/src/em_emu.o
 .text.EMU_EM23PresleepHook
                0x08007166        0x4 ./gecko_sdk_4.3.1/platform/emlib/src/em_emu.o
                0x08007166                EMU_EM23PresleepHook
 .text.EMU_EFPEM23PresleepHook
                0x0800716a        0x4 ./gecko_sdk_4.3.1/platform/emlib/src/em_emu.o
                0x0800716a                EMU_EFPEM23PresleepHook
 .text.EMU_EM23PostsleepHook
                0x0800716e        0x4 ./gecko_sdk_4.3.1/platform/emlib/src/em_emu.o
                0x0800716e                EMU_EM23PostsleepHook
 .text.EMU_EFPEM23PostsleepHook
                0x08007172        0x4 ./gecko_sdk_4.3.1/platform/emlib/src/em_emu.o
                0x08007172                EMU_EFPEM23PostsleepHook
 .text.EMU_EM4PresleepHook
                0x08007176        0x4 ./gecko_sdk_4.3.1/platform/emlib/src/em_emu.o
                0x08007176                EMU_EM4PresleepHook
 .text.EMU_EFPEM4PresleepHook
                0x0800717a        0x4 ./gecko_sdk_4.3.1/platform/emlib/src/em_emu.o
                0x0800717a                EMU_EFPEM4PresleepHook
 .text.EMU_EFPEM01VScale
                0x0800717e        0xe ./gecko_sdk_4.3.1/platform/emlib/src/em_emu.o
                0x0800717e                EMU_EFPEM01VScale
 .text.EMU_DCDCUpdatedHook
                0x0800718c        0x4 ./gecko_sdk_4.3.1/platform/emlib/src/em_emu.o
                0x0800718c                EMU_DCDCUpdatedHook
 .text.BUS_RegMaskedWrite
                0x08007190       0x34 ./gecko_sdk_4.3.1/platform/emlib/src/em_gpio.o
 .text.GPIO_DbgLocationSet
                0x080071c4        0xa ./gecko_sdk_4.3.1/platform/emlib/src/em_gpio.o
                0x080071c4                GPIO_DbgLocationSet
 .text.IADC_pullSingleFifoData
                0x080071ce        0xe ./gecko_sdk_4.3.1/platform/emlib/src/em_iadc.o
 .text.IADC_readSingleData
                0x080071dc        0xe ./gecko_sdk_4.3.1/platform/emlib/src/em_iadc.o
 .text.IADC_pullScanFifoData
                0x080071ea       0x10 ./gecko_sdk_4.3.1/platform/emlib/src/em_iadc.o
 .text.IADC_readScanData
                0x080071fa       0x10 ./gecko_sdk_4.3.1/platform/emlib/src/em_iadc.o
 .text.IADC_clearInt
                0x0800720a       0x18 ./gecko_sdk_4.3.1/platform/emlib/src/em_iadc.o
 .text.IADC_disableInt
                0x08007222       0x18 ./gecko_sdk_4.3.1/platform/emlib/src/em_iadc.o
 .text.IADC_command
                0x0800723a       0x12 ./gecko_sdk_4.3.1/platform/emlib/src/em_iadc.o
 .text.IADC_enable
                0x0800724c       0x16 ./gecko_sdk_4.3.1/platform/emlib/src/em_iadc.o
 .text.IADC_ConvertRawDataToResult
                0x08007262       0x72 ./gecko_sdk_4.3.1/platform/emlib/src/em_iadc.o
 .text.IADC_readSingleResult
                0x080072d4       0x2a ./gecko_sdk_4.3.1/platform/emlib/src/em_iadc.o
                0x080072d4                IADC_readSingleResult
 .text.regSync  0x080072fe       0x1c ./gecko_sdk_4.3.1/platform/emlib/src/em_letimer.o
 .text.LETIMER_TopSet
                0x0800731a       0x38 ./gecko_sdk_4.3.1/platform/emlib/src/em_letimer.o
                0x0800731a                LETIMER_TopSet
 .text.TIMER_SyncWait
                0x08007352       0x24 ./gecko_sdk_4.3.1/platform/emlib/src/em_timer.o
                0x08007352                TIMER_SyncWait
 .text.USART_Rx
                0x08007376       0x1e ./gecko_sdk_4.3.1/platform/emlib/src/em_usart.o
                0x08007376                USART_Rx
 .text.USART_SpiTransfer
                0x08007394       0x3a ./gecko_sdk_4.3.1/platform/emlib/src/em_usart.o
                0x08007394                USART_SpiTransfer
 .text.USART_Tx
                0x080073ce       0x26 ./gecko_sdk_4.3.1/platform/emlib/src/em_usart.o
                0x080073ce                USART_Tx
 .text.sl_device_init_nvic
                0x080073f4       0x38 ./gecko_sdk_4.3.1/platform/service/device_init/src/sl_device_init_nvic.o
                0x080073f4                sl_device_init_nvic
 .text.sl_system_init
                0x0800742c       0x1a ./gecko_sdk_4.3.1/platform/service/system/src/sl_system_init.o
                0x0800742c                sl_system_init
 .text.SystemCoreClockGet
                0x08007446        0xc ./gecko_sdk_4.3.1/platform/service/udelay/src/sl_udelay.o
 .text.memset   0x08007452       0x10 c:/siliconlabs/simplicitystudio/v5/developer/toolchains/gnu_arm/10.3_2021.10/bin/../lib/gcc/arm-none-eabi/10.3.1/../../../../arm-none-eabi/lib/thumb/v8-m.main+fp/hard\libc_nano.a(lib_a-memset.o)
                0x08007452                memset
 .text.__ssputs_r
                0x08007462       0xb6 c:/siliconlabs/simplicitystudio/v5/developer/toolchains/gnu_arm/10.3_2021.10/bin/../lib/gcc/arm-none-eabi/10.3.1/../../../../arm-none-eabi/lib/thumb/v8-m.main+fp/hard\libc_nano.a(lib_a-nano-svfprintf.o)
                0x08007462                __ssputs_r
 .text._printf_common
                0x08007518       0xe0 c:/siliconlabs/simplicitystudio/v5/developer/toolchains/gnu_arm/10.3_2021.10/bin/../lib/gcc/arm-none-eabi/10.3.1/../../../../arm-none-eabi/lib/thumb/v8-m.main+fp/hard\libc_nano.a(lib_a-nano-vfprintf_i.o)
                0x08007518                _printf_common
 .text.memchr   0x080075f8       0x1c c:/siliconlabs/simplicitystudio/v5/developer/toolchains/gnu_arm/10.3_2021.10/bin/../lib/gcc/arm-none-eabi/10.3.1/../../../../arm-none-eabi/lib/thumb/v8-m.main+fp/hard\libc_nano.a(lib_a-memchr-stub.o)
                0x080075f8                memchr
 .text.memcpy   0x08007614       0x1a c:/siliconlabs/simplicitystudio/v5/developer/toolchains/gnu_arm/10.3_2021.10/bin/../lib/gcc/arm-none-eabi/10.3.1/../../../../arm-none-eabi/lib/thumb/v8-m.main+fp/hard\libc_nano.a(lib_a-memcpy-stub.o)
                0x08007614                memcpy
 .text.memmove  0x0800762e       0x34 c:/siliconlabs/simplicitystudio/v5/developer/toolchains/gnu_arm/10.3_2021.10/bin/../lib/gcc/arm-none-eabi/10.3.1/../../../../arm-none-eabi/lib/thumb/v8-m.main+fp/hard\libc_nano.a(lib_a-memmove.o)
                0x0800762e                memmove
 .text._realloc_r
                0x08007662       0x5e c:/siliconlabs/simplicitystudio/v5/developer/toolchains/gnu_arm/10.3_2021.10/bin/../lib/gcc/arm-none-eabi/10.3.1/../../../../arm-none-eabi/lib/thumb/v8-m.main+fp/hard\libc_nano.a(lib_a-nano-reallocr.o)
                0x08007662                _realloc_r
 .text._malloc_usable_size_r
                0x080076c0       0x10 c:/siliconlabs/simplicitystudio/v5/developer/toolchains/gnu_arm/10.3_2021.10/bin/../lib/gcc/arm-none-eabi/10.3.1/../../../../arm-none-eabi/lib/thumb/v8-m.main+fp/hard\libc_nano.a(lib_a-nano-msizer.o)
                0x080076c0                _malloc_usable_size_r
 .text.__retarget_lock_acquire_recursive
                0x080076d0        0x2 c:/siliconlabs/simplicitystudio/v5/developer/toolchains/gnu_arm/10.3_2021.10/bin/../lib/gcc/arm-none-eabi/10.3.1/../../../../arm-none-eabi/lib/thumb/v8-m.main+fp/hard\libc_nano.a(lib_a-lock.o)
                0x080076d0                __retarget_lock_acquire_recursive
 .text.__retarget_lock_release_recursive
                0x080076d2        0x2 c:/siliconlabs/simplicitystudio/v5/developer/toolchains/gnu_arm/10.3_2021.10/bin/../lib/gcc/arm-none-eabi/10.3.1/../../../../arm-none-eabi/lib/thumb/v8-m.main+fp/hard\libc_nano.a(lib_a-lock.o)
                0x080076d2                __retarget_lock_release_recursive
                0x080076d4                linker_code_end = .
 *(.init)
 .init          0x080076d4        0x4 c:/siliconlabs/simplicitystudio/v5/developer/toolchains/gnu_arm/10.3_2021.10/bin/../lib/gcc/arm-none-eabi/10.3.1/thumb/v8-m.main+fp/hard/crti.o
                0x080076d4                _init
 .init          0x080076d8        0x8 c:/siliconlabs/simplicitystudio/v5/developer/toolchains/gnu_arm/10.3_2021.10/bin/../lib/gcc/arm-none-eabi/10.3.1/thumb/v8-m.main+fp/hard/crtn.o
 *(.fini)
 .fini          0x080076e0        0x4 c:/siliconlabs/simplicitystudio/v5/developer/toolchains/gnu_arm/10.3_2021.10/bin/../lib/gcc/arm-none-eabi/10.3.1/thumb/v8-m.main+fp/hard/crti.o
                0x080076e0                _fini
 .fini          0x080076e4        0x8 c:/siliconlabs/simplicitystudio/v5/developer/toolchains/gnu_arm/10.3_2021.10/bin/../lib/gcc/arm-none-eabi/10.3.1/thumb/v8-m.main+fp/hard/crtn.o
 *crtbegin.o(.ctors)
 *crtbegin?.o(.ctors)
 *(EXCLUDE_FILE(*crtend.o *crtend?.o) .ctors)
 *(SORT_BY_NAME(.ctors.*))
 *(.ctors)
 *crtbegin.o(.dtors)
 *crtbegin?.o(.dtors)
 *(EXCLUDE_FILE(*crtend.o *crtend?.o) .dtors)
 *(SORT_BY_NAME(.dtors.*))
 *(.dtors)
 *(.rodata*)
 .rodata        0x080076ec       0x4e ./DHT22.o
 *fill*         0x0800773a        0x2 
 .rodata        0x0800773c       0x4e ./app.o
 *fill*         0x0800778a        0x2 
 .rodata        0x0800778c       0x56 ./connect.o
 *fill*         0x080077e2        0x2 
 .rodata        0x080077e4       0x28 ./iadc.o
 .rodata        0x0800780c       0x21 ./uart.o
 *fill*         0x0800782d        0x3 
 .rodata        0x08007830       0x6c ./gecko_sdk_4.3.1/hardware/driver/mx25_flash_shutdown/src/sl_mx25_flash_shutdown_usart/sl_mx25_flash_shutdown.o
 .rodata        0x0800789c       0x4d ./gecko_sdk_4.3.1/platform/driver/debug/src/sl_debug_swo.o
 *fill*         0x080078e9        0x3 
 .rodata        0x080078ec       0x4f ./gecko_sdk_4.3.1/platform/emdrv/ustimer/src/ustimer.o
 *fill*         0x0800793b        0x1 
 .rodata        0x0800793c       0x9d ./gecko_sdk_4.3.1/platform/emlib/src/em_cmu.o
 *fill*         0x080079d9        0x3 
 .rodata        0x080079dc       0x4d ./gecko_sdk_4.3.1/platform/emlib/src/em_emu.o
 *fill*         0x08007a29        0x3 
 .rodata        0x08007a2c       0xee ./gecko_sdk_4.3.1/platform/emlib/src/em_gpio.o
 *fill*         0x08007b1a        0x2 
 .rodata        0x08007b1c       0x68 ./gecko_sdk_4.3.1/platform/emlib/src/em_iadc.o
 .rodata        0x08007b84       0x51 ./gecko_sdk_4.3.1/platform/emlib/src/em_letimer.o
 *fill*         0x08007bd5        0x3 
 .rodata        0x08007bd8       0x9f ./gecko_sdk_4.3.1/platform/emlib/src/em_timer.o
 *fill*         0x08007c77        0x1 
 .rodata        0x08007c78       0x4f ./gecko_sdk_4.3.1/platform/emlib/src/em_usart.o
 *fill*         0x08007cc7        0x1 
 .rodata        0x08007cc8        0x7 ./gecko_sdk_4.3.1/platform/service/device_init/src/sl_device_init_dcdc_s2.o
 *fill*         0x08007ccf        0x1 
 .rodata        0x08007cd0       0x28 ./gecko_sdk_4.3.1/platform/service/device_init/src/sl_device_init_hfxo_s2.o
 .rodata        0x08007cf8       0x14 ./gecko_sdk_4.3.1/platform/service/device_init/src/sl_device_init_lfxo_s2.o
 .rodata        0x08007d0c       0x59 ./gecko_sdk_4.3.1/platform/service/udelay/src/sl_udelay.o
 *fill*         0x08007d65        0x3 
 .rodata._global_impure_ptr
                0x08007d68        0x4 c:/siliconlabs/simplicitystudio/v5/developer/toolchains/gnu_arm/10.3_2021.10/bin/../lib/gcc/arm-none-eabi/10.3.1/../../../../arm-none-eabi/lib/thumb/v8-m.main+fp/hard\libc_nano.a(lib_a-impure.o)
                0x08007d68                _global_impure_ptr
 .rodata._svfprintf_r.str1.1
                0x08007d6c       0x11 c:/siliconlabs/simplicitystudio/v5/developer/toolchains/gnu_arm/10.3_2021.10/bin/../lib/gcc/arm-none-eabi/10.3.1/../../../../arm-none-eabi/lib/thumb/v8-m.main+fp/hard\libc_nano.a(lib_a-nano-svfprintf.o)
 .rodata._printf_i.str1.1
                0x08007d7d       0x22 c:/siliconlabs/simplicitystudio/v5/developer/toolchains/gnu_arm/10.3_2021.10/bin/../lib/gcc/arm-none-eabi/10.3.1/../../../../arm-none-eabi/lib/thumb/v8-m.main+fp/hard\libc_nano.a(lib_a-nano-vfprintf_i.o)
 *(.eh_frame*)
 *fill*         0x08007d9f        0x1 
 .eh_frame      0x08007da0        0x0 c:/siliconlabs/simplicitystudio/v5/developer/toolchains/gnu_arm/10.3_2021.10/bin/../lib/gcc/arm-none-eabi/10.3.1/thumb/v8-m.main+fp/hard/crtbegin.o

.glue_7         0x08007da0        0x0
 .glue_7        0x08007da0        0x0 linker stubs

.glue_7t        0x08007da0        0x0
 .glue_7t       0x08007da0        0x0 linker stubs

.vfp11_veneer   0x08007da0        0x0
 .vfp11_veneer  0x08007da0        0x0 linker stubs

.v4_bx          0x08007da0        0x0
 .v4_bx         0x08007da0        0x0 linker stubs

.iplt           0x08007da0        0x0
 .iplt          0x08007da0        0x0 c:/siliconlabs/simplicitystudio/v5/developer/toolchains/gnu_arm/10.3_2021.10/bin/../lib/gcc/arm-none-eabi/10.3.1/thumb/v8-m.main+fp/hard/crtbegin.o

.ARM.extab
 *(.ARM.extab* .gnu.linkonce.armextab.*)
                0x08007da0                __exidx_start = .

.ARM.exidx      0x08007da0        0x8
 *(.ARM.exidx* .gnu.linkonce.armexidx.*)
 .ARM.exidx     0x08007da0        0x8 c:/siliconlabs/simplicitystudio/v5/developer/toolchains/gnu_arm/10.3_2021.10/bin/../lib/gcc/arm-none-eabi/10.3.1/../../../../arm-none-eabi/lib/thumb/v8-m.main+fp/hard/crt0.o
                                 0x10 (size before relaxing)
 .ARM.exidx     0x08007da8        0x0 c:/siliconlabs/simplicitystudio/v5/developer/toolchains/gnu_arm/10.3_2021.10/bin/../lib/gcc/arm-none-eabi/10.3.1/thumb/v8-m.main+fp/hard\libgcc.a(_udivmoddi4.o)
                                  0x8 (size before relaxing)
                0x08007da8                __exidx_end = .

.rel.dyn        0x08007da8        0x0
 .rel.iplt      0x08007da8        0x0 c:/siliconlabs/simplicitystudio/v5/developer/toolchains/gnu_arm/10.3_2021.10/bin/../lib/gcc/arm-none-eabi/10.3.1/thumb/v8-m.main+fp/hard/crtbegin.o

.copy.table     0x08007da8        0xc
                0x08007da8                . = ALIGN (0x4)
                0x08007da8                __copy_table_start__ = .
                0x08007da8        0x4 LONG 0x8007db4 __etext
                0x08007dac        0x4 LONG 0x20001000 __data_start__
                0x08007db0        0x4 LONG 0x22 ((__data_end__ - __data_start__) / 0x4)
                0x08007db4                __copy_table_end__ = .

.zero.table     0x08007db4        0x0
                0x08007db4                . = ALIGN (0x4)
                0x08007db4                __zero_table_start__ = .
                0x08007db4                __zero_table_end__ = .
                0x08007db4                __etext = .
                0x20000000                . = ORIGIN (RAM)

.stack          0x20000000     0x1000
                0x20000000                __StackLimit = .
 *(.stack*)
 .stack         0x20000000     0x1000 ./gecko_sdk_4.3.1/platform/common/toolchain/src/sl_memory.o
                0x20001000                . = ALIGN (0x4)
                0x20001000                __StackTop = .
                0x20001000                PROVIDE (__stack = __StackTop)

.noinit
 *(.noinit*)

.data           0x20001000       0x88 load address 0x08007db4
                0x20001000                . = ALIGN (0x4)
                0x20001000                __data_start__ = .
 *(vtable)
 *(SORT_BY_ALIGNMENT(.data*))
 .data.SystemHFXOClock
                0x20001000        0x4 ./gecko_sdk_4.3.1/platform/Device/SiliconLabs/EFR32MG24/Source/system_efr32mg24.o
 .data.SystemLFXOClock
                0x20001004        0x4 ./gecko_sdk_4.3.1/platform/Device/SiliconLabs/EFR32MG24/Source/system_efr32mg24.o
 .data.SystemHFRCODPLLClock
                0x20001008        0x4 ./gecko_sdk_4.3.1/platform/Device/SiliconLabs/EFR32MG24/Source/system_efr32mg24.o
 .data.SystemCoreClock
                0x2000100c        0x4 ./gecko_sdk_4.3.1/platform/Device/SiliconLabs/EFR32MG24/Source/system_efr32mg24.o
                0x2000100c                SystemCoreClock
 .data.heap_end.0
                0x20001010        0x4 ./gecko_sdk_4.3.1/platform/common/toolchain/src/sl_memory.o
 .data._impure_ptr
                0x20001014        0x4 c:/siliconlabs/simplicitystudio/v5/developer/toolchains/gnu_arm/10.3_2021.10/bin/../lib/gcc/arm-none-eabi/10.3.1/../../../../arm-none-eabi/lib/thumb/v8-m.main+fp/hard\libc_nano.a(lib_a-impure.o)
                0x20001014                _impure_ptr
 .data.impure_data
                0x20001018       0x60 c:/siliconlabs/simplicitystudio/v5/developer/toolchains/gnu_arm/10.3_2021.10/bin/../lib/gcc/arm-none-eabi/10.3.1/../../../../arm-none-eabi/lib/thumb/v8-m.main+fp/hard\libc_nano.a(lib_a-impure.o)
 .data.battery  0x20001078        0x2 ./Letimer.o
                0x20001078                battery
 .data.lfxo_precision
                0x2000107a        0x2 ./gecko_sdk_4.3.1/platform/emlib/src/em_cmu.o
 .data.hfxo_precision
                0x2000107c        0x2 ./gecko_sdk_4.3.1/platform/emlib/src/em_cmu.o
 .data.ctuneDelta
                0x2000107e        0x1 ./gecko_sdk_4.3.1/platform/emlib/src/em_cmu.o
                0x20001080                . = ALIGN (0x4)
 *fill*         0x2000107f        0x1 
                [!provide]                PROVIDE (__ram_func_section_start = .)
 *(.ram)
                [!provide]                PROVIDE (__ram_func_section_end = .)
                0x20001080                . = ALIGN (0x4)
                0x20001080                PROVIDE (__preinit_array_start = .)
 *(.preinit_array)
                0x20001080                PROVIDE (__preinit_array_end = .)
                0x20001080                . = ALIGN (0x4)
                0x20001080                PROVIDE (__init_array_start = .)
 *(SORT_BY_NAME(.init_array.*))
 *(.init_array)
 .init_array    0x20001080        0x4 c:/siliconlabs/simplicitystudio/v5/developer/toolchains/gnu_arm/10.3_2021.10/bin/../lib/gcc/arm-none-eabi/10.3.1/thumb/v8-m.main+fp/hard/crtbegin.o
                0x20001084                PROVIDE (__init_array_end = .)
                0x20001084                . = ALIGN (0x4)
                [!provide]                PROVIDE (__fini_array_start = .)
 *(SORT_BY_NAME(.fini_array.*))
 *(.fini_array)
 .fini_array    0x20001084        0x4 c:/siliconlabs/simplicitystudio/v5/developer/toolchains/gnu_arm/10.3_2021.10/bin/../lib/gcc/arm-none-eabi/10.3.1/thumb/v8-m.main+fp/hard/crtbegin.o
                [!provide]                PROVIDE (__fini_array_end = .)
                0x20001088                . = ALIGN (0x4)
                0x20001088                __data_end__ = .

.igot.plt       0x20001088        0x0 load address 0x08007e3c
 .igot.plt      0x20001088        0x0 c:/siliconlabs/simplicitystudio/v5/developer/toolchains/gnu_arm/10.3_2021.10/bin/../lib/gcc/arm-none-eabi/10.3.1/thumb/v8-m.main+fp/hard/crtbegin.o

.bss            0x20001088       0x48 load address 0x08007e3c
                0x20001088                . = ALIGN (0x4)
                0x20001088                __bss_start__ = .
 *(SORT_BY_ALIGNMENT(.bss*))
 .bss           0x20001088       0x1c c:/siliconlabs/simplicitystudio/v5/developer/toolchains/gnu_arm/10.3_2021.10/bin/../lib/gcc/arm-none-eabi/10.3.1/thumb/v8-m.main+fp/hard/crtbegin.o
 .bss.address   0x200010a4        0x5 ./connect.o
                0x200010a4                address
 *fill*         0x200010a9        0x3 
 .bss.freq      0x200010ac        0x4 ./gecko_sdk_4.3.1/platform/emdrv/ustimer/src/ustimer.o
 .bss.minTicks  0x200010b0        0x4 ./gecko_sdk_4.3.1/platform/emdrv/ustimer/src/ustimer.o
 .bss.vScaleEM01Config
                0x200010b4        0x1 ./gecko_sdk_4.3.1/platform/emlib/src/em_emu.o
 *fill*         0x200010b5        0x3 
 .bss.__malloc_free_list
                0x200010b8        0x4 c:/siliconlabs/simplicitystudio/v5/developer/toolchains/gnu_arm/10.3_2021.10/bin/../lib/gcc/arm-none-eabi/10.3.1/../../../../arm-none-eabi/lib/thumb/v8-m.main+fp/hard\libc_nano.a(lib_a-nano-mallocr.o)
                0x200010b8                __malloc_free_list
 .bss.__malloc_sbrk_start
                0x200010bc        0x4 c:/siliconlabs/simplicitystudio/v5/developer/toolchains/gnu_arm/10.3_2021.10/bin/../lib/gcc/arm-none-eabi/10.3.1/../../../../arm-none-eabi/lib/thumb/v8-m.main+fp/hard\libc_nano.a(lib_a-nano-mallocr.o)
                0x200010bc                __malloc_sbrk_start
 .bss.errno     0x200010c0        0x4 c:/siliconlabs/simplicitystudio/v5/developer/toolchains/gnu_arm/10.3_2021.10/bin/../lib/gcc/arm-none-eabi/10.3.1/../../../../arm-none-eabi/lib/thumb/v8-m.main+fp/hard\libc_nano.a(lib_a-reent.o)
                0x200010c0                errno
 .bss.SUM       0x200010c4        0x2 ./DHT22.o
                0x200010c4                SUM
 .bss.Moisture  0x200010c6        0x2 ./iadc.o
                0x200010c6                Moisture
 .bss.Rh_byte1  0x200010c8        0x1 ./DHT22.o
                0x200010c8                Rh_byte1
 .bss.Rh_byte2  0x200010c9        0x1 ./DHT22.o
                0x200010c9                Rh_byte2
 .bss.Temp_byte1
                0x200010ca        0x1 ./DHT22.o
                0x200010ca                Temp_byte1
 .bss.Temp_byte2
                0x200010cb        0x1 ./DHT22.o
                0x200010cb                Temp_byte2
 .bss.Presence  0x200010cc        0x1 ./DHT22.o
                0x200010cc                Presence
 .bss.count     0x200010cd        0x1 ./Letimer.o
                0x200010cd                count
 .bss.timeElapsed
                0x200010ce        0x1 ./gecko_sdk_4.3.1/platform/emdrv/ustimer/src/ustimer.o
 .bss.__lock___malloc_recursive_mutex
                0x200010cf        0x1 c:/siliconlabs/simplicitystudio/v5/developer/toolchains/gnu_arm/10.3_2021.10/bin/../lib/gcc/arm-none-eabi/10.3.1/../../../../arm-none-eabi/lib/thumb/v8-m.main+fp/hard\libc_nano.a(lib_a-lock.o)
                0x200010cf                __lock___malloc_recursive_mutex
 *(COMMON)
                0x200010d0                . = ALIGN (0x4)
                0x200010d0                __bss_end__ = .

.heap           0x200010d0      0x800
                0x200010d0                __HeapBase = .
                0x200010d0                __end__ = .
                0x200010d0                end = __end__
                0x200010d0                _end = __end__
 *(.heap*)
 .heap          0x200010d0      0x800 ./gecko_sdk_4.3.1/platform/common/toolchain/src/sl_memory.o
                0x20040000                __HeapLimit = (ORIGIN (RAM) + LENGTH (RAM))
                0x0003ef30                __heap_size = (__HeapLimit - __HeapBase)
                0x20040000                __ram_end__ = 0x20040000
                0x0817e000                __main_flash_end__ = 0x817e000

.internal_storage
                0x08007db4        0x0
 *(.internal_storage*)

.nvm            0x08007db4        0x0
 *(.simee*)
                0x0817e000                linker_nvm_end = __main_flash_end__
                0x0817e000                linker_nvm_begin = (linker_nvm_end - SIZEOF (.nvm))
                0x00000000                linker_nvm_size = SIZEOF (.nvm)
                0x0817e000                linker_storage_end = linker_nvm_begin
                0x0817e000                __nvm3Base = linker_nvm_begin
                0x0817e000                linker_storage_begin = (linker_storage_end - SIZEOF (.internal_storage))
                0x00000000                linker_storage_size = SIZEOF (.internal_storage)
                0x00000001                ASSERT ((linker_storage_begin >= (__etext + SIZEOF (.data))), FLASH memory overflowed !)
                0x0817e000                app_flash_end = 0x817e000
                0x00000001                ASSERT (((linker_nvm_begin + SIZEOF (.nvm)) <= app_flash_end), NVM3 is excessing the flash size !)
OUTPUT(IoT.axf elf32-littlearm)
LOAD linker stubs

.ARM.attributes
                0x00000000       0x36
 .ARM.attributes
                0x00000000       0x22 c:/siliconlabs/simplicitystudio/v5/developer/toolchains/gnu_arm/10.3_2021.10/bin/../lib/gcc/arm-none-eabi/10.3.1/thumb/v8-m.main+fp/hard/crti.o
 .ARM.attributes
                0x00000022       0x38 c:/siliconlabs/simplicitystudio/v5/developer/toolchains/gnu_arm/10.3_2021.10/bin/../lib/gcc/arm-none-eabi/10.3.1/thumb/v8-m.main+fp/hard/crtbegin.o
 .ARM.attributes
                0x0000005a       0x20 c:/siliconlabs/simplicitystudio/v5/developer/toolchains/gnu_arm/10.3_2021.10/bin/../lib/gcc/arm-none-eabi/10.3.1/../../../../arm-none-eabi/lib/thumb/v8-m.main+fp/hard/crt0.o
 .ARM.attributes
                0x0000007a       0x3a ./DHT22.o
 .ARM.attributes
                0x000000b4       0x3a ./Letimer.o
 .ARM.attributes
                0x000000ee       0x3a ./app.o
 .ARM.attributes
                0x00000128       0x3a ./connect.o
 .ARM.attributes
                0x00000162       0x3a ./iadc.o
 .ARM.attributes
                0x0000019c       0x3a ./main.o
 .ARM.attributes
                0x000001d6       0x3a ./uart.o
 .ARM.attributes
                0x00000210       0x3a ./autogen/sl_board_default_init.o
 .ARM.attributes
                0x0000024a       0x3a ./autogen/sl_device_init_clocks.o
 .ARM.attributes
                0x00000284       0x3a ./autogen/sl_event_handler.o
 .ARM.attributes
                0x000002be       0x3a ./gecko_sdk_4.3.1/hardware/board/src/sl_board_control_gpio.o
 .ARM.attributes
                0x000002f8       0x3a ./gecko_sdk_4.3.1/hardware/board/src/sl_board_init.o
 .ARM.attributes
                0x00000332       0x3a ./gecko_sdk_4.3.1/hardware/driver/configuration_over_swo/src/sl_cos.o
 .ARM.attributes
                0x0000036c       0x3a ./gecko_sdk_4.3.1/hardware/driver/mx25_flash_shutdown/src/sl_mx25_flash_shutdown_usart/sl_mx25_flash_shutdown.o
 .ARM.attributes
                0x000003a6       0x3a ./gecko_sdk_4.3.1/platform/Device/SiliconLabs/EFR32MG24/Source/startup_efr32mg24.o
 .ARM.attributes
                0x000003e0       0x3a ./gecko_sdk_4.3.1/platform/Device/SiliconLabs/EFR32MG24/Source/system_efr32mg24.o
 .ARM.attributes
                0x0000041a       0x3a ./gecko_sdk_4.3.1/platform/common/src/sl_assert.o
 .ARM.attributes
                0x00000454       0x3a ./gecko_sdk_4.3.1/platform/common/toolchain/src/sl_memory.o
 .ARM.attributes
                0x0000048e       0x3a ./gecko_sdk_4.3.1/platform/driver/debug/src/sl_debug_swo.o
 .ARM.attributes
                0x000004c8       0x3a ./gecko_sdk_4.3.1/platform/emdrv/ustimer/src/ustimer.o
 .ARM.attributes
                0x00000502       0x3a ./gecko_sdk_4.3.1/platform/emlib/src/em_cmu.o
 .ARM.attributes
                0x0000053c       0x3a ./gecko_sdk_4.3.1/platform/emlib/src/em_core.o
 .ARM.attributes
                0x00000576       0x3a ./gecko_sdk_4.3.1/platform/emlib/src/em_emu.o
 .ARM.attributes
                0x000005b0       0x3a ./gecko_sdk_4.3.1/platform/emlib/src/em_gpio.o
 .ARM.attributes
                0x000005ea       0x3a ./gecko_sdk_4.3.1/platform/emlib/src/em_iadc.o
 .ARM.attributes
                0x00000624       0x3a ./gecko_sdk_4.3.1/platform/emlib/src/em_letimer.o
 .ARM.attributes
                0x0000065e       0x3a ./gecko_sdk_4.3.1/platform/emlib/src/em_system.o
 .ARM.attributes
                0x00000698       0x3a ./gecko_sdk_4.3.1/platform/emlib/src/em_timer.o
 .ARM.attributes
                0x000006d2       0x3a ./gecko_sdk_4.3.1/platform/emlib/src/em_usart.o
 .ARM.attributes
                0x0000070c       0x3a ./gecko_sdk_4.3.1/platform/service/device_init/src/sl_device_init_dcdc_s2.o
 .ARM.attributes
                0x00000746       0x3a ./gecko_sdk_4.3.1/platform/service/device_init/src/sl_device_init_emu_s2.o
 .ARM.attributes
                0x00000780       0x3a ./gecko_sdk_4.3.1/platform/service/device_init/src/sl_device_init_hfxo_s2.o
 .ARM.attributes
                0x000007ba       0x3a ./gecko_sdk_4.3.1/platform/service/device_init/src/sl_device_init_lfxo_s2.o
 .ARM.attributes
                0x000007f4       0x3a ./gecko_sdk_4.3.1/platform/service/device_init/src/sl_device_init_nvic.o
 .ARM.attributes
                0x0000082e       0x3a ./gecko_sdk_4.3.1/platform/service/system/src/sl_system_init.o
 .ARM.attributes
                0x00000868       0x3a ./gecko_sdk_4.3.1/platform/service/udelay/src/sl_udelay.o
 .ARM.attributes
                0x000008a2       0x26 ./gecko_sdk_4.3.1/platform/service/udelay/src/sl_udelay_armv6m_gcc.o
 .ARM.attributes
                0x000008c8       0x22 c:/siliconlabs/simplicitystudio/v5/developer/toolchains/gnu_arm/10.3_2021.10/bin/../lib/gcc/arm-none-eabi/10.3.1/thumb/v8-m.main+fp/hard\libgcc.a(_arm_addsubdf3.o)
 .ARM.attributes
                0x000008ea       0x22 c:/siliconlabs/simplicitystudio/v5/developer/toolchains/gnu_arm/10.3_2021.10/bin/../lib/gcc/arm-none-eabi/10.3.1/thumb/v8-m.main+fp/hard\libgcc.a(_arm_muldivdf3.o)
 .ARM.attributes
                0x0000090c       0x22 c:/siliconlabs/simplicitystudio/v5/developer/toolchains/gnu_arm/10.3_2021.10/bin/../lib/gcc/arm-none-eabi/10.3.1/thumb/v8-m.main+fp/hard\libgcc.a(_arm_fixunsdfsi.o)
 .ARM.attributes
                0x0000092e       0x22 c:/siliconlabs/simplicitystudio/v5/developer/toolchains/gnu_arm/10.3_2021.10/bin/../lib/gcc/arm-none-eabi/10.3.1/thumb/v8-m.main+fp/hard\libgcc.a(_arm_truncdfsf2.o)
 .ARM.attributes
                0x00000950       0x22 c:/siliconlabs/simplicitystudio/v5/developer/toolchains/gnu_arm/10.3_2021.10/bin/../lib/gcc/arm-none-eabi/10.3.1/thumb/v8-m.main+fp/hard\libgcc.a(_aeabi_uldivmod.o)
 .ARM.attributes
                0x00000972       0x38 c:/siliconlabs/simplicitystudio/v5/developer/toolchains/gnu_arm/10.3_2021.10/bin/../lib/gcc/arm-none-eabi/10.3.1/thumb/v8-m.main+fp/hard\libgcc.a(_udivmoddi4.o)
 .ARM.attributes
                0x000009aa       0x22 c:/siliconlabs/simplicitystudio/v5/developer/toolchains/gnu_arm/10.3_2021.10/bin/../lib/gcc/arm-none-eabi/10.3.1/thumb/v8-m.main+fp/hard\libgcc.a(_dvmd_tls.o)
 .ARM.attributes
                0x000009cc       0x38 c:/siliconlabs/simplicitystudio/v5/developer/toolchains/gnu_arm/10.3_2021.10/bin/../lib/gcc/arm-none-eabi/10.3.1/../../../../arm-none-eabi/lib/thumb/v8-m.main+fp/hard\libc_nano.a(lib_a-exit.o)
 .ARM.attributes
                0x00000a04       0x38 c:/siliconlabs/simplicitystudio/v5/developer/toolchains/gnu_arm/10.3_2021.10/bin/../lib/gcc/arm-none-eabi/10.3.1/../../../../arm-none-eabi/lib/thumb/v8-m.main+fp/hard\libc_nano.a(lib_a-impure.o)
 .ARM.attributes
                0x00000a3c       0x38 c:/siliconlabs/simplicitystudio/v5/developer/toolchains/gnu_arm/10.3_2021.10/bin/../lib/gcc/arm-none-eabi/10.3.1/../../../../arm-none-eabi/lib/thumb/v8-m.main+fp/hard\libc_nano.a(lib_a-init.o)
 .ARM.attributes
                0x00000a74       0x38 c:/siliconlabs/simplicitystudio/v5/developer/toolchains/gnu_arm/10.3_2021.10/bin/../lib/gcc/arm-none-eabi/10.3.1/../../../../arm-none-eabi/lib/thumb/v8-m.main+fp/hard\libc_nano.a(lib_a-memset.o)
 .ARM.attributes
                0x00000aac       0x38 c:/siliconlabs/simplicitystudio/v5/developer/toolchains/gnu_arm/10.3_2021.10/bin/../lib/gcc/arm-none-eabi/10.3.1/../../../../arm-none-eabi/lib/thumb/v8-m.main+fp/hard\libc_nano.a(lib_a-snprintf.o)
 .ARM.attributes
                0x00000ae4       0x38 c:/siliconlabs/simplicitystudio/v5/developer/toolchains/gnu_arm/10.3_2021.10/bin/../lib/gcc/arm-none-eabi/10.3.1/../../../../arm-none-eabi/lib/thumb/v8-m.main+fp/hard\libc_nano.a(lib_a-nano-svfprintf.o)
 .ARM.attributes
                0x00000b1c       0x38 c:/siliconlabs/simplicitystudio/v5/developer/toolchains/gnu_arm/10.3_2021.10/bin/../lib/gcc/arm-none-eabi/10.3.1/../../../../arm-none-eabi/lib/thumb/v8-m.main+fp/hard\libc_nano.a(lib_a-nano-vfprintf_i.o)
 .ARM.attributes
                0x00000b54       0x38 c:/siliconlabs/simplicitystudio/v5/developer/toolchains/gnu_arm/10.3_2021.10/bin/../lib/gcc/arm-none-eabi/10.3.1/../../../../arm-none-eabi/lib/thumb/v8-m.main+fp/hard\libc_nano.a(lib_a-memchr-stub.o)
 .ARM.attributes
                0x00000b8c       0x38 c:/siliconlabs/simplicitystudio/v5/developer/toolchains/gnu_arm/10.3_2021.10/bin/../lib/gcc/arm-none-eabi/10.3.1/../../../../arm-none-eabi/lib/thumb/v8-m.main+fp/hard\libc_nano.a(lib_a-memcpy-stub.o)
 .ARM.attributes
                0x00000bc4       0x38 c:/siliconlabs/simplicitystudio/v5/developer/toolchains/gnu_arm/10.3_2021.10/bin/../lib/gcc/arm-none-eabi/10.3.1/../../../../arm-none-eabi/lib/thumb/v8-m.main+fp/hard\libc_nano.a(lib_a-memmove.o)
 .ARM.attributes
                0x00000bfc       0x38 c:/siliconlabs/simplicitystudio/v5/developer/toolchains/gnu_arm/10.3_2021.10/bin/../lib/gcc/arm-none-eabi/10.3.1/../../../../arm-none-eabi/lib/thumb/v8-m.main+fp/hard\libc_nano.a(lib_a-nano-freer.o)
 .ARM.attributes
                0x00000c34       0x38 c:/siliconlabs/simplicitystudio/v5/developer/toolchains/gnu_arm/10.3_2021.10/bin/../lib/gcc/arm-none-eabi/10.3.1/../../../../arm-none-eabi/lib/thumb/v8-m.main+fp/hard\libc_nano.a(lib_a-nano-mallocr.o)
 .ARM.attributes
                0x00000c6c       0x38 c:/siliconlabs/simplicitystudio/v5/developer/toolchains/gnu_arm/10.3_2021.10/bin/../lib/gcc/arm-none-eabi/10.3.1/../../../../arm-none-eabi/lib/thumb/v8-m.main+fp/hard\libc_nano.a(lib_a-nano-reallocr.o)
 .ARM.attributes
                0x00000ca4       0x38 c:/siliconlabs/simplicitystudio/v5/developer/toolchains/gnu_arm/10.3_2021.10/bin/../lib/gcc/arm-none-eabi/10.3.1/../../../../arm-none-eabi/lib/thumb/v8-m.main+fp/hard\libc_nano.a(lib_a-sbrkr.o)
 .ARM.attributes
                0x00000cdc       0x38 c:/siliconlabs/simplicitystudio/v5/developer/toolchains/gnu_arm/10.3_2021.10/bin/../lib/gcc/arm-none-eabi/10.3.1/../../../../arm-none-eabi/lib/thumb/v8-m.main+fp/hard\libc_nano.a(lib_a-mlock.o)
 .ARM.attributes
                0x00000d14       0x38 c:/siliconlabs/simplicitystudio/v5/developer/toolchains/gnu_arm/10.3_2021.10/bin/../lib/gcc/arm-none-eabi/10.3.1/../../../../arm-none-eabi/lib/thumb/v8-m.main+fp/hard\libc_nano.a(lib_a-nano-msizer.o)
 .ARM.attributes
                0x00000d4c       0x38 c:/siliconlabs/simplicitystudio/v5/developer/toolchains/gnu_arm/10.3_2021.10/bin/../lib/gcc/arm-none-eabi/10.3.1/../../../../arm-none-eabi/lib/thumb/v8-m.main+fp/hard\libc_nano.a(lib_a-reent.o)
 .ARM.attributes
                0x00000d84       0x38 c:/siliconlabs/simplicitystudio/v5/developer/toolchains/gnu_arm/10.3_2021.10/bin/../lib/gcc/arm-none-eabi/10.3.1/../../../../arm-none-eabi/lib/thumb/v8-m.main+fp/hard\libc_nano.a(lib_a-lock.o)
 .ARM.attributes
                0x00000dbc       0x38 c:/siliconlabs/simplicitystudio/v5/developer/toolchains/gnu_arm/10.3_2021.10/bin/../lib/gcc/arm-none-eabi/10.3.1/../../../../arm-none-eabi/lib/thumb/v8-m.main+fp/hard\libnosys.a(_exit.o)
 .ARM.attributes
                0x00000df4       0x22 c:/siliconlabs/simplicitystudio/v5/developer/toolchains/gnu_arm/10.3_2021.10/bin/../lib/gcc/arm-none-eabi/10.3.1/thumb/v8-m.main+fp/hard/crtn.o

.comment        0x00000000       0x49
 .comment       0x00000000       0x49 ./DHT22.o
                                 0x4a (size before relaxing)
 .comment       0x00000049       0x4a ./Letimer.o
 .comment       0x00000049       0x4a ./app.o
 .comment       0x00000049       0x4a ./connect.o
 .comment       0x00000049       0x4a ./iadc.o
 .comment       0x00000049       0x4a ./main.o
 .comment       0x00000049       0x4a ./uart.o
 .comment       0x00000049       0x4a ./autogen/sl_board_default_init.o
 .comment       0x00000049       0x4a ./autogen/sl_device_init_clocks.o
 .comment       0x00000049       0x4a ./autogen/sl_event_handler.o
 .comment       0x00000049       0x4a ./gecko_sdk_4.3.1/hardware/board/src/sl_board_control_gpio.o
 .comment       0x00000049       0x4a ./gecko_sdk_4.3.1/hardware/board/src/sl_board_init.o
 .comment       0x00000049       0x4a ./gecko_sdk_4.3.1/hardware/driver/configuration_over_swo/src/sl_cos.o
 .comment       0x00000049       0x4a ./gecko_sdk_4.3.1/hardware/driver/mx25_flash_shutdown/src/sl_mx25_flash_shutdown_usart/sl_mx25_flash_shutdown.o
 .comment       0x00000049       0x4a ./gecko_sdk_4.3.1/platform/Device/SiliconLabs/EFR32MG24/Source/startup_efr32mg24.o
 .comment       0x00000049       0x4a ./gecko_sdk_4.3.1/platform/Device/SiliconLabs/EFR32MG24/Source/system_efr32mg24.o
 .comment       0x00000049       0x4a ./gecko_sdk_4.3.1/platform/common/src/sl_assert.o
 .comment       0x00000049       0x4a ./gecko_sdk_4.3.1/platform/common/toolchain/src/sl_memory.o
 .comment       0x00000049       0x4a ./gecko_sdk_4.3.1/platform/driver/debug/src/sl_debug_swo.o
 .comment       0x00000049       0x4a ./gecko_sdk_4.3.1/platform/emdrv/ustimer/src/ustimer.o
 .comment       0x00000049       0x4a ./gecko_sdk_4.3.1/platform/emlib/src/em_cmu.o
 .comment       0x00000049       0x4a ./gecko_sdk_4.3.1/platform/emlib/src/em_core.o
 .comment       0x00000049       0x4a ./gecko_sdk_4.3.1/platform/emlib/src/em_emu.o
 .comment       0x00000049       0x4a ./gecko_sdk_4.3.1/platform/emlib/src/em_gpio.o
 .comment       0x00000049       0x4a ./gecko_sdk_4.3.1/platform/emlib/src/em_iadc.o
 .comment       0x00000049       0x4a ./gecko_sdk_4.3.1/platform/emlib/src/em_letimer.o
 .comment       0x00000049       0x4a ./gecko_sdk_4.3.1/platform/emlib/src/em_system.o
 .comment       0x00000049       0x4a ./gecko_sdk_4.3.1/platform/emlib/src/em_timer.o
 .comment       0x00000049       0x4a ./gecko_sdk_4.3.1/platform/emlib/src/em_usart.o
 .comment       0x00000049       0x4a ./gecko_sdk_4.3.1/platform/service/device_init/src/sl_device_init_dcdc_s2.o
 .comment       0x00000049       0x4a ./gecko_sdk_4.3.1/platform/service/device_init/src/sl_device_init_emu_s2.o
 .comment       0x00000049       0x4a ./gecko_sdk_4.3.1/platform/service/device_init/src/sl_device_init_hfxo_s2.o
 .comment       0x00000049       0x4a ./gecko_sdk_4.3.1/platform/service/device_init/src/sl_device_init_lfxo_s2.o
 .comment       0x00000049       0x4a ./gecko_sdk_4.3.1/platform/service/device_init/src/sl_device_init_nvic.o
 .comment       0x00000049       0x4a ./gecko_sdk_4.3.1/platform/service/system/src/sl_system_init.o
 .comment       0x00000049       0x4a ./gecko_sdk_4.3.1/platform/service/udelay/src/sl_udelay.o

.debug_info     0x00000000    0x33ef7
 .debug_info    0x00000000     0x188d ./DHT22.o
 .debug_info    0x0000188d     0x168b ./Letimer.o
 .debug_info    0x00002f18     0x1919 ./app.o
 .debug_info    0x00004831     0x1dd6 ./connect.o
 .debug_info    0x00006607     0x2ad5 ./iadc.o
 .debug_info    0x000090dc       0xa7 ./main.o
 .debug_info    0x00009183     0x231f ./uart.o
 .debug_info    0x0000b4a2       0x87 ./autogen/sl_board_default_init.o
 .debug_info    0x0000b529     0x13d8 ./autogen/sl_device_init_clocks.o
 .debug_info    0x0000c901      0x14e ./autogen/sl_event_handler.o
 .debug_info    0x0000ca4f      0x3d4 ./gecko_sdk_4.3.1/hardware/board/src/sl_board_control_gpio.o
 .debug_info    0x0000ce23      0x25e ./gecko_sdk_4.3.1/hardware/board/src/sl_board_init.o
 .debug_info    0x0000d081      0x2f7 ./gecko_sdk_4.3.1/hardware/driver/configuration_over_swo/src/sl_cos.o
 .debug_info    0x0000d378     0x21ef ./gecko_sdk_4.3.1/hardware/driver/mx25_flash_shutdown/src/sl_mx25_flash_shutdown_usart/sl_mx25_flash_shutdown.o
 .debug_info    0x0000f567      0x2e8 ./gecko_sdk_4.3.1/platform/Device/SiliconLabs/EFR32MG24/Source/startup_efr32mg24.o
 .debug_info    0x0000f84f     0x23a8 ./gecko_sdk_4.3.1/platform/Device/SiliconLabs/EFR32MG24/Source/system_efr32mg24.o
 .debug_info    0x00011bf7       0x7d ./gecko_sdk_4.3.1/platform/common/src/sl_assert.o
 .debug_info    0x00011c74      0x1f4 ./gecko_sdk_4.3.1/platform/common/toolchain/src/sl_memory.o
 .debug_info    0x00011e68     0x31b9 ./gecko_sdk_4.3.1/platform/driver/debug/src/sl_debug_swo.o
 .debug_info    0x00015021     0x1a0b ./gecko_sdk_4.3.1/platform/emdrv/ustimer/src/ustimer.o
 .debug_info    0x00016a2c     0x8bef ./gecko_sdk_4.3.1/platform/emlib/src/em_cmu.o
 .debug_info    0x0001f61b     0x10b9 ./gecko_sdk_4.3.1/platform/emlib/src/em_core.o
 .debug_info    0x000206d4     0x3570 ./gecko_sdk_4.3.1/platform/emlib/src/em_emu.o
 .debug_info    0x00023c44     0x236b ./gecko_sdk_4.3.1/platform/emlib/src/em_gpio.o
 .debug_info    0x00025faf     0x2399 ./gecko_sdk_4.3.1/platform/emlib/src/em_iadc.o
 .debug_info    0x00028348      0xa0a ./gecko_sdk_4.3.1/platform/emlib/src/em_letimer.o
 .debug_info    0x00028d52     0x1e19 ./gecko_sdk_4.3.1/platform/emlib/src/em_system.o
 .debug_info    0x0002ab6b     0x2bc7 ./gecko_sdk_4.3.1/platform/emlib/src/em_timer.o
 .debug_info    0x0002d732     0x45c7 ./gecko_sdk_4.3.1/platform/emlib/src/em_usart.o
 .debug_info    0x00031cf9      0x312 ./gecko_sdk_4.3.1/platform/service/device_init/src/sl_device_init_dcdc_s2.o
 .debug_info    0x0003200b      0xb13 ./gecko_sdk_4.3.1/platform/service/device_init/src/sl_device_init_emu_s2.o
 .debug_info    0x00032b1e      0x80b ./gecko_sdk_4.3.1/platform/service/device_init/src/sl_device_init_hfxo_s2.o
 .debug_info    0x00033329      0x22b ./gecko_sdk_4.3.1/platform/service/device_init/src/sl_device_init_lfxo_s2.o
 .debug_info    0x00033554      0x834 ./gecko_sdk_4.3.1/platform/service/device_init/src/sl_device_init_nvic.o
 .debug_info    0x00033d88       0x41 ./gecko_sdk_4.3.1/platform/service/system/src/sl_system_init.o
 .debug_info    0x00033dc9      0x108 ./gecko_sdk_4.3.1/platform/service/udelay/src/sl_udelay.o
 .debug_info    0x00033ed1       0x26 ./gecko_sdk_4.3.1/platform/service/udelay/src/sl_udelay_armv6m_gcc.o

.debug_abbrev   0x00000000     0x3882
 .debug_abbrev  0x00000000      0x203 ./DHT22.o
 .debug_abbrev  0x00000203      0x235 ./Letimer.o
 .debug_abbrev  0x00000438      0x1a4 ./app.o
 .debug_abbrev  0x000005dc      0x158 ./connect.o
 .debug_abbrev  0x00000734      0x1f7 ./iadc.o
 .debug_abbrev  0x0000092b       0x48 ./main.o
 .debug_abbrev  0x00000973      0x1a6 ./uart.o
 .debug_abbrev  0x00000b19       0x46 ./autogen/sl_board_default_init.o
 .debug_abbrev  0x00000b5f       0xc0 ./autogen/sl_device_init_clocks.o
 .debug_abbrev  0x00000c1f       0x78 ./autogen/sl_event_handler.o
 .debug_abbrev  0x00000c97      0x135 ./gecko_sdk_4.3.1/hardware/board/src/sl_board_control_gpio.o
 .debug_abbrev  0x00000dcc       0x6d ./gecko_sdk_4.3.1/hardware/board/src/sl_board_init.o
 .debug_abbrev  0x00000e39      0x13d ./gecko_sdk_4.3.1/hardware/driver/configuration_over_swo/src/sl_cos.o
 .debug_abbrev  0x00000f76      0x1a6 ./gecko_sdk_4.3.1/hardware/driver/mx25_flash_shutdown/src/sl_mx25_flash_shutdown_usart/sl_mx25_flash_shutdown.o
 .debug_abbrev  0x0000111c      0x1a4 ./gecko_sdk_4.3.1/platform/Device/SiliconLabs/EFR32MG24/Source/startup_efr32mg24.o
 .debug_abbrev  0x000012c0      0x2aa ./gecko_sdk_4.3.1/platform/Device/SiliconLabs/EFR32MG24/Source/system_efr32mg24.o
 .debug_abbrev  0x0000156a       0x69 ./gecko_sdk_4.3.1/platform/common/src/sl_assert.o
 .debug_abbrev  0x000015d3      0x107 ./gecko_sdk_4.3.1/platform/common/toolchain/src/sl_memory.o
 .debug_abbrev  0x000016da      0x20f ./gecko_sdk_4.3.1/platform/driver/debug/src/sl_debug_swo.o
 .debug_abbrev  0x000018e9      0x2df ./gecko_sdk_4.3.1/platform/emdrv/ustimer/src/ustimer.o
 .debug_abbrev  0x00001bc8      0x3d0 ./gecko_sdk_4.3.1/platform/emlib/src/em_cmu.o
 .debug_abbrev  0x00001f98      0x29d ./gecko_sdk_4.3.1/platform/emlib/src/em_core.o
 .debug_abbrev  0x00002235      0x34d ./gecko_sdk_4.3.1/platform/emlib/src/em_emu.o
 .debug_abbrev  0x00002582      0x220 ./gecko_sdk_4.3.1/platform/emlib/src/em_gpio.o
 .debug_abbrev  0x000027a2      0x2aa ./gecko_sdk_4.3.1/platform/emlib/src/em_iadc.o
 .debug_abbrev  0x00002a4c      0x1c6 ./gecko_sdk_4.3.1/platform/emlib/src/em_letimer.o
 .debug_abbrev  0x00002c12      0x22f ./gecko_sdk_4.3.1/platform/emlib/src/em_system.o
 .debug_abbrev  0x00002e41      0x290 ./gecko_sdk_4.3.1/platform/emlib/src/em_timer.o
 .debug_abbrev  0x000030d1      0x235 ./gecko_sdk_4.3.1/platform/emlib/src/em_usart.o
 .debug_abbrev  0x00003306       0xb3 ./gecko_sdk_4.3.1/platform/service/device_init/src/sl_device_init_dcdc_s2.o
 .debug_abbrev  0x000033b9      0x10d ./gecko_sdk_4.3.1/platform/service/device_init/src/sl_device_init_emu_s2.o
 .debug_abbrev  0x000034c6      0x104 ./gecko_sdk_4.3.1/platform/service/device_init/src/sl_device_init_hfxo_s2.o
 .debug_abbrev  0x000035ca       0xb5 ./gecko_sdk_4.3.1/platform/service/device_init/src/sl_device_init_lfxo_s2.o
 .debug_abbrev  0x0000367f      0x12c ./gecko_sdk_4.3.1/platform/service/device_init/src/sl_device_init_nvic.o
 .debug_abbrev  0x000037ab       0x30 ./gecko_sdk_4.3.1/platform/service/system/src/sl_system_init.o
 .debug_abbrev  0x000037db       0x93 ./gecko_sdk_4.3.1/platform/service/udelay/src/sl_udelay.o
 .debug_abbrev  0x0000386e       0x14 ./gecko_sdk_4.3.1/platform/service/udelay/src/sl_udelay_armv6m_gcc.o

.debug_loc      0x00000000     0x3d23
 .debug_loc     0x00000000      0x12c ./DHT22.o
 .debug_loc     0x0000012c      0x1bd ./Letimer.o
 .debug_loc     0x000002e9       0x84 ./app.o
 .debug_loc     0x0000036d       0x70 ./connect.o
 .debug_loc     0x000003dd       0xd5 ./iadc.o
 .debug_loc     0x000004b2       0x20 ./main.o
 .debug_loc     0x000004d2       0xd4 ./uart.o
 .debug_loc     0x000005a6       0x20 ./autogen/sl_board_default_init.o
 .debug_loc     0x000005c6       0x20 ./autogen/sl_device_init_clocks.o
 .debug_loc     0x000005e6       0x60 ./autogen/sl_event_handler.o
 .debug_loc     0x00000646      0x1d0 ./gecko_sdk_4.3.1/hardware/board/src/sl_board_control_gpio.o
 .debug_loc     0x00000816       0x40 ./gecko_sdk_4.3.1/hardware/board/src/sl_board_init.o
 .debug_loc     0x00000856       0xf4 ./gecko_sdk_4.3.1/hardware/driver/configuration_over_swo/src/sl_cos.o
 .debug_loc     0x0000094a       0xe8 ./gecko_sdk_4.3.1/hardware/driver/mx25_flash_shutdown/src/sl_mx25_flash_shutdown_usart/sl_mx25_flash_shutdown.o
 .debug_loc     0x00000a32       0x2c ./gecko_sdk_4.3.1/platform/Device/SiliconLabs/EFR32MG24/Source/startup_efr32mg24.o
 .debug_loc     0x00000a5e      0x1a4 ./gecko_sdk_4.3.1/platform/Device/SiliconLabs/EFR32MG24/Source/system_efr32mg24.o
 .debug_loc     0x00000c02       0x20 ./gecko_sdk_4.3.1/platform/common/src/sl_assert.o
 .debug_loc     0x00000c22       0x84 ./gecko_sdk_4.3.1/platform/common/toolchain/src/sl_memory.o
 .debug_loc     0x00000ca6      0x184 ./gecko_sdk_4.3.1/platform/driver/debug/src/sl_debug_swo.o
 .debug_loc     0x00000e2a      0x3dd ./gecko_sdk_4.3.1/platform/emdrv/ustimer/src/ustimer.o
 .debug_loc     0x00001207      0xcf5 ./gecko_sdk_4.3.1/platform/emlib/src/em_cmu.o
 .debug_loc     0x00001efc      0x490 ./gecko_sdk_4.3.1/platform/emlib/src/em_core.o
 .debug_loc     0x0000238c      0x5d4 ./gecko_sdk_4.3.1/platform/emlib/src/em_emu.o
 .debug_loc     0x00002960      0x27c ./gecko_sdk_4.3.1/platform/emlib/src/em_gpio.o
 .debug_loc     0x00002bdc      0x501 ./gecko_sdk_4.3.1/platform/emlib/src/em_iadc.o
 .debug_loc     0x000030dd      0x2c0 ./gecko_sdk_4.3.1/platform/emlib/src/em_letimer.o
 .debug_loc     0x0000339d      0x138 ./gecko_sdk_4.3.1/platform/emlib/src/em_system.o
 .debug_loc     0x000034d5      0x244 ./gecko_sdk_4.3.1/platform/emlib/src/em_timer.o
 .debug_loc     0x00003719      0x44d ./gecko_sdk_4.3.1/platform/emlib/src/em_usart.o
 .debug_loc     0x00003b66       0x38 ./gecko_sdk_4.3.1/platform/service/device_init/src/sl_device_init_dcdc_s2.o
 .debug_loc     0x00003b9e       0x38 ./gecko_sdk_4.3.1/platform/service/device_init/src/sl_device_init_emu_s2.o
 .debug_loc     0x00003bd6       0x39 ./gecko_sdk_4.3.1/platform/service/device_init/src/sl_device_init_hfxo_s2.o
 .debug_loc     0x00003c0f       0x38 ./gecko_sdk_4.3.1/platform/service/device_init/src/sl_device_init_lfxo_s2.o
 .debug_loc     0x00003c47       0x64 ./gecko_sdk_4.3.1/platform/service/device_init/src/sl_device_init_nvic.o
 .debug_loc     0x00003cab       0x20 ./gecko_sdk_4.3.1/platform/service/system/src/sl_system_init.o
 .debug_loc     0x00003ccb       0x58 ./gecko_sdk_4.3.1/platform/service/udelay/src/sl_udelay.o

.debug_aranges  0x00000000      0xf28
 .debug_aranges
                0x00000000       0x48 ./DHT22.o
 .debug_aranges
                0x00000048       0x60 ./Letimer.o
 .debug_aranges
                0x000000a8       0x38 ./app.o
 .debug_aranges
                0x000000e0       0x28 ./connect.o
 .debug_aranges
                0x00000108       0x38 ./iadc.o
 .debug_aranges
                0x00000140       0x20 ./main.o
 .debug_aranges
                0x00000160       0x38 ./uart.o
 .debug_aranges
                0x00000198       0x20 ./autogen/sl_board_default_init.o
 .debug_aranges
                0x000001b8       0x20 ./autogen/sl_device_init_clocks.o
 .debug_aranges
                0x000001d8       0x68 ./autogen/sl_event_handler.o
 .debug_aranges
                0x00000240       0x70 ./gecko_sdk_4.3.1/hardware/board/src/sl_board_control_gpio.o
 .debug_aranges
                0x000002b0       0x28 ./gecko_sdk_4.3.1/hardware/board/src/sl_board_init.o
 .debug_aranges
                0x000002d8       0x40 ./gecko_sdk_4.3.1/hardware/driver/configuration_over_swo/src/sl_cos.o
 .debug_aranges
                0x00000318       0x40 ./gecko_sdk_4.3.1/hardware/driver/mx25_flash_shutdown/src/sl_mx25_flash_shutdown_usart/sl_mx25_flash_shutdown.o
 .debug_aranges
                0x00000358       0x28 ./gecko_sdk_4.3.1/platform/Device/SiliconLabs/EFR32MG24/Source/startup_efr32mg24.o
 .debug_aranges
                0x00000380       0xa0 ./gecko_sdk_4.3.1/platform/Device/SiliconLabs/EFR32MG24/Source/system_efr32mg24.o
 .debug_aranges
                0x00000420       0x20 ./gecko_sdk_4.3.1/platform/common/src/sl_assert.o
 .debug_aranges
                0x00000440       0x30 ./gecko_sdk_4.3.1/platform/common/toolchain/src/sl_memory.o
 .debug_aranges
                0x00000470       0x58 ./gecko_sdk_4.3.1/platform/driver/debug/src/sl_debug_swo.o
 .debug_aranges
                0x000004c8       0xc0 ./gecko_sdk_4.3.1/platform/emdrv/ustimer/src/ustimer.o
 .debug_aranges
                0x00000588      0x288 ./gecko_sdk_4.3.1/platform/emlib/src/em_cmu.o
 .debug_aranges
                0x00000810       0xe8 ./gecko_sdk_4.3.1/platform/emlib/src/em_core.o
 .debug_aranges
                0x000008f8      0x190 ./gecko_sdk_4.3.1/platform/emlib/src/em_emu.o
 .debug_aranges
                0x00000a88       0x78 ./gecko_sdk_4.3.1/platform/emlib/src/em_gpio.o
 .debug_aranges
                0x00000b00       0xe0 ./gecko_sdk_4.3.1/platform/emlib/src/em_iadc.o
 .debug_aranges
                0x00000be0       0x80 ./gecko_sdk_4.3.1/platform/emlib/src/em_letimer.o
 .debug_aranges
                0x00000c60       0x80 ./gecko_sdk_4.3.1/platform/emlib/src/em_system.o
 .debug_aranges
                0x00000ce0       0x70 ./gecko_sdk_4.3.1/platform/emlib/src/em_timer.o
 .debug_aranges
                0x00000d50       0xc8 ./gecko_sdk_4.3.1/platform/emlib/src/em_usart.o
 .debug_aranges