Archive member included to satisfy reference by file (symbol)

c:/siliconlabs/simplicitystudio/v5/developer/toolchains/gnu_arm/10.3_2021.10/bin/../lib/gcc/arm-none-eabi/10.3.1/thumb/v8-m.main+fp/hard\libgcc.a(_arm_muldf3.o)
                              ./iadc.o (__aeabi_dmul)
c:/siliconlabs/simplicitystudio/v5/developer/toolchains/gnu_arm/10.3_2021.10/bin/../lib/gcc/arm-none-eabi/10.3.1/thumb/v8-m.main+fp/hard\libgcc.a(_arm_addsubdf3.o)
                              ./iadc.o (__aeabi_dsub)
c:/siliconlabs/simplicitystudio/v5/developer/toolchains/gnu_arm/10.3_2021.10/bin/../lib/gcc/arm-none-eabi/10.3.1/thumb/v8-m.main+fp/hard\libgcc.a(_arm_muldivdf3.o)
                              ./iadc.o (__aeabi_ddiv)
c:/siliconlabs/simplicitystudio/v5/developer/toolchains/gnu_arm/10.3_2021.10/bin/../lib/gcc/arm-none-eabi/10.3.1/thumb/v8-m.main+fp/hard\libgcc.a(_arm_fixunsdfsi.o)
                              ./iadc.o (__aeabi_d2uiz)
c:/siliconlabs/simplicitystudio/v5/developer/toolchains/gnu_arm/10.3_2021.10/bin/../lib/gcc/arm-none-eabi/10.3.1/thumb/v8-m.main+fp/hard\libgcc.a(_arm_truncdfsf2.o)
                              ./iadc.o (__aeabi_d2f)
c:/siliconlabs/simplicitystudio/v5/developer/toolchains/gnu_arm/10.3_2021.10/bin/../lib/gcc/arm-none-eabi/10.3.1/thumb/v8-m.main+fp/hard\libgcc.a(_aeabi_uldivmod.o)
                              ./gecko_sdk_4.3.1/platform/emdrv/ustimer/src/ustimer.o (__aeabi_uldivmod)
c:/siliconlabs/simplicitystudio/v5/developer/toolchains/gnu_arm/10.3_2021.10/bin/../lib/gcc/arm-none-eabi/10.3.1/thumb/v8-m.main+fp/hard\libgcc.a(_udivmoddi4.o)
                              c:/siliconlabs/simplicitystudio/v5/developer/toolchains/gnu_arm/10.3_2021.10/bin/../lib/gcc/arm-none-eabi/10.3.1/thumb/v8-m.main+fp/hard\libgcc.a(_aeabi_uldivmod.o) (__udivmoddi4)
c:/siliconlabs/simplicitystudio/v5/developer/toolchains/gnu_arm/10.3_2021.10/bin/../lib/gcc/arm-none-eabi/10.3.1/thumb/v8-m.main+fp/hard\libgcc.a(_dvmd_tls.o)
                              c:/siliconlabs/simplicitystudio/v5/developer/toolchains/gnu_arm/10.3_2021.10/bin/../lib/gcc/arm-none-eabi/10.3.1/thumb/v8-m.main+fp/hard\libgcc.a(_aeabi_uldivmod.o) (__aeabi_ldiv0)
c:/siliconlabs/simplicitystudio/v5/developer/toolchains/gnu_arm/10.3_2021.10/bin/../lib/gcc/arm-none-eabi/10.3.1/../../../../arm-none-eabi/lib/thumb/v8-m.main+fp/hard\libc_nano.a(lib_a-calloc.o)
                              ./gecko_sdk_4.3.1/util/silicon_labs/silabs_core/memory_manager/sl_malloc.o (calloc)
c:/siliconlabs/simplicitystudio/v5/developer/toolchains/gnu_arm/10.3_2021.10/bin/../lib/gcc/arm-none-eabi/10.3.1/../../../../arm-none-eabi/lib/thumb/v8-m.main+fp/hard\libc_nano.a(lib_a-exit.o)
                              c:/siliconlabs/simplicitystudio/v5/developer/toolchains/gnu_arm/10.3_2021.10/bin/../lib/gcc/arm-none-eabi/10.3.1/../../../../arm-none-eabi/lib/thumb/v8-m.main+fp/hard/crt0.o (exit)
c:/siliconlabs/simplicitystudio/v5/developer/toolchains/gnu_arm/10.3_2021.10/bin/../lib/gcc/arm-none-eabi/10.3.1/../../../../arm-none-eabi/lib/thumb/v8-m.main+fp/hard\libc_nano.a(lib_a-impure.o)
                              c:/siliconlabs/simplicitystudio/v5/developer/toolchains/gnu_arm/10.3_2021.10/bin/../lib/gcc/arm-none-eabi/10.3.1/../../../../arm-none-eabi/lib/thumb/v8-m.main+fp/hard\libc_nano.a(lib_a-exit.o) (_global_impure_ptr)
c:/siliconlabs/simplicitystudio/v5/developer/toolchains/gnu_arm/10.3_2021.10/bin/../lib/gcc/arm-none-eabi/10.3.1/../../../../arm-none-eabi/lib/thumb/v8-m.main+fp/hard\libc_nano.a(lib_a-init.o)
                              c:/siliconlabs/simplicitystudio/v5/developer/toolchains/gnu_arm/10.3_2021.10/bin/../lib/gcc/arm-none-eabi/10.3.1/../../../../arm-none-eabi/lib/thumb/v8-m.main+fp/hard/crt0.o (__libc_init_array)
c:/siliconlabs/simplicitystudio/v5/developer/toolchains/gnu_arm/10.3_2021.10/bin/../lib/gcc/arm-none-eabi/10.3.1/../../../../arm-none-eabi/lib/thumb/v8-m.main+fp/hard\libc_nano.a(lib_a-malloc.o)
                              ./gecko_sdk_4.3.1/util/silicon_labs/silabs_core/memory_manager/sl_malloc.o (malloc)
c:/siliconlabs/simplicitystudio/v5/developer/toolchains/gnu_arm/10.3_2021.10/bin/../lib/gcc/arm-none-eabi/10.3.1/../../../../arm-none-eabi/lib/thumb/v8-m.main+fp/hard\libc_nano.a(lib_a-memcpy-stub.o)
                              ./Letimer.o (memcpy)
c:/siliconlabs/simplicitystudio/v5/developer/toolchains/gnu_arm/10.3_2021.10/bin/../lib/gcc/arm-none-eabi/10.3.1/../../../../arm-none-eabi/lib/thumb/v8-m.main+fp/hard\libc_nano.a(lib_a-memmove.o)
                              ./gecko_sdk_4.3.1/platform/security/sl_component/sl_psa_driver/src/sli_se_driver_cipher.o (memmove)
c:/siliconlabs/simplicitystudio/v5/developer/toolchains/gnu_arm/10.3_2021.10/bin/../lib/gcc/arm-none-eabi/10.3.1/../../../../arm-none-eabi/lib/thumb/v8-m.main+fp/hard\libc_nano.a(lib_a-memset.o)
[...]
Memory Configuration

Name             Origin             Length             Attributes
FLASH            0x08000000         0x0017e000         xr
RAM              0x20000000         0x00040000         xrw
*default*        0x00000000         0xffffffff

Linker script and memory map

LOAD c:/siliconlabs/simplicitystudio/v5/developer/toolchains/gnu_arm/10.3_2021.10/bin/../lib/gcc/arm-none-eabi/10.3.1/thumb/v8-m.main+fp/hard/crti.o
LOAD c:/siliconlabs/simplicitystudio/v5/developer/toolchains/gnu_arm/10.3_2021.10/bin/../lib/gcc/arm-none-eabi/10.3.1/thumb/v8-m.main+fp/hard/crtbegin.o
LOAD c:/siliconlabs/simplicitystudio/v5/developer/toolchains/gnu_arm/10.3_2021.10/bin/../lib/gcc/arm-none-eabi/10.3.1/../../../../arm-none-eabi/lib/thumb/v8-m.main+fp/hard/crt0.o
START GROUP
LOAD ./DHT22.o
LOAD ./Letimer.o
LOAD ./app.o
LOAD ./connect.o
LOAD ./crypt.o
LOAD ./iadc.o
LOAD ./main.o
LOAD ./uart.o
LOAD ./autogen/sl_board_default_init.o
LOAD ./autogen/sl_device_init_clocks.o
LOAD ./autogen/sl_event_handler.o
LOAD ./gecko_sdk_4.3.1/hardware/board/src/sl_board_control_gpio.o
LOAD ./gecko_sdk_4.3.1/hardware/board/src/sl_board_init.o
LOAD ./gecko_sdk_4.3.1/hardware/driver/configuration_over_swo/src/sl_cos.o
LOAD ./gecko_sdk_4.3.1/hardware/driver/mx25_flash_shutdown/src/sl_mx25_flash_shutdown_usart/sl_mx25_flash_shutdown.o
LOAD ./gecko_sdk_4.3.1/platform/Device/SiliconLabs/EFR32MG24/Source/startup_efr32mg24.o
LOAD ./gecko_sdk_4.3.1/platform/Device/SiliconLabs/EFR32MG24/Source/system_efr32mg24.o
LOAD ./gecko_sdk_4.3.1/platform/common/src/sl_assert.o
LOAD ./gecko_sdk_4.3.1/platform/common/toolchain/src/sl_memory.o
LOAD ./gecko_sdk_4.3.1/platform/driver/debug/src/sl_debug_swo.o
LOAD ./gecko_sdk_4.3.1/platform/emdrv/ustimer/src/ustimer.o
LOAD ./gecko_sdk_4.3.1/platform/emlib/src/em_cmu.o
LOAD ./gecko_sdk_4.3.1/platform/emlib/src/em_core.o
LOAD ./gecko_sdk_4.3.1/platform/emlib/src/em_emu.o
LOAD ./gecko_sdk_4.3.1/platform/emlib/src/em_eusart.o
LOAD ./gecko_sdk_4.3.1/platform/emlib/src/em_gpio.o
LOAD ./gecko_sdk_4.3.1/platform/emlib/src/em_iadc.o
LOAD ./gecko_sdk_4.3.1/platform/emlib/src/em_letimer.o
LOAD ./gecko_sdk_4.3.1/platform/emlib/src/em_msc.o
LOAD ./gecko_sdk_4.3.1/platform/emlib/src/em_se.o
LOAD ./gecko_sdk_4.3.1/platform/emlib/src/em_system.o
LOAD ./gecko_sdk_4.3.1/platform/emlib/src/em_timer.o
LOAD ./gecko_sdk_4.3.1/platform/emlib/src/em_usart.o
LOAD ./gecko_sdk_4.3.1/platform/security/sl_component/se_manager/src/sl_se_manager.o
LOAD ./gecko_sdk_4.3.1/platform/security/sl_component/se_manager/src/sl_se_manager_attestation.o
LOAD ./gecko_sdk_4.3.1/platform/security/sl_component/se_manager/src/sl_se_manager_cipher.o
LOAD ./gecko_sdk_4.3.1/platform/security/sl_component/se_manager/src/sl_se_manager_entropy.o
LOAD ./gecko_sdk_4.3.1/platform/security/sl_component/se_manager/src/sl_se_manager_hash.o
LOAD ./gecko_sdk_4.3.1/platform/security/sl_component/se_manager/src/sl_se_manager_key_derivation.o
LOAD ./gecko_sdk_4.3.1/platform/security/sl_component/se_manager/src/sl_se_manager_key_handling.o
LOAD ./gecko_sdk_4.3.1/platform/security/sl_component/se_manager/src/sl_se_manager_signature.o
LOAD ./gecko_sdk_4.3.1/platform/security/sl_component/se_manager/src/sl_se_manager_util.o
LOAD ./gecko_sdk_4.3.1/platform/security/sl_component/sl_mbedtls_support/src/se_aes.o
LOAD ./gecko_sdk_4.3.1/platform/security/sl_component/sl_mbedtls_support/src/sl_mbedtls.o
LOAD ./gecko_sdk_4.3.1/platform/security/sl_component/sl_psa_driver/src/sli_psa_driver_common.o
LOAD ./gecko_sdk_4.3.1/platform/security/sl_component/sl_psa_driver/src/sli_psa_driver_init.o
LOAD ./gecko_sdk_4.3.1/platform/security/sl_component/sl_psa_driver/src/sli_se_driver_aead.o
LOAD ./gecko_sdk_4.3.1/platform/security/sl_component/sl_psa_driver/src/sli_se_driver_builtin_keys.o
LOAD ./gecko_sdk_4.3.1/platform/security/sl_component/sl_psa_driver/src/sli_se_driver_cipher.o
LOAD ./gecko_sdk_4.3.1/platform/security/sl_component/sl_psa_driver/src/sli_se_driver_key_derivation.o
LOAD ./gecko_sdk_4.3.1/platform/security/sl_component/sl_psa_driver/src/sli_se_driver_key_management.o
LOAD ./gecko_sdk_4.3.1/platform/security/sl_component/sl_psa_driver/src/sli_se_driver_mac.o
LOAD ./gecko_sdk_4.3.1/platform/security/sl_component/sl_psa_driver/src/sli_se_driver_signature.o
LOAD ./gecko_sdk_4.3.1/platform/security/sl_component/sl_psa_driver/src/sli_se_opaque_driver_aead.o
LOAD ./gecko_sdk_4.3.1/platform/security/sl_component/sl_psa_driver/src/sli_se_opaque_driver_cipher.o
LOAD ./gecko_sdk_4.3.1/platform/security/sl_component/sl_psa_driver/src/sli_se_opaque_driver_mac.o
LOAD ./gecko_sdk_4.3.1/platform/security/sl_component/sl_psa_driver/src/sli_se_opaque_key_derivation.o
LOAD ./gecko_sdk_4.3.1/platform/security/sl_component/sl_psa_driver/src/sli_se_transparent_driver_aead.o
LOAD ./gecko_sdk_4.3.1/platform/security/sl_component/sl_psa_driver/src/sli_se_transparent_driver_cipher.o
LOAD ./gecko_sdk_4.3.1/platform/security/sl_component/sl_psa_driver/src/sli_se_transparent_driver_hash.o
LOAD ./gecko_sdk_4.3.1/platform/security/sl_component/sl_psa_driver/src/sli_se_transparent_driver_mac.o
LOAD ./gecko_sdk_4.3.1/platform/security/sl_component/sl_psa_driver/src/sli_se_transparent_key_derivation.o
LOAD ./gecko_sdk_4.3.1/platform/security/sl_component/sl_psa_driver/src/sli_se_version_dependencies.o
LOAD ./gecko_sdk_4.3.1/platform/service/device_init/src/sl_device_init_dcdc_s2.o
LOAD ./gecko_sdk_4.3.1/platform/service/device_init/src/sl_device_init_emu_s2.o
LOAD ./gecko_sdk_4.3.1/platform/service/device_init/src/sl_device_init_hfrco.o
LOAD ./gecko_sdk_4.3.1/platform/service/device_init/src/sl_device_init_hfxo_s2.o
LOAD ./gecko_sdk_4.3.1/platform/service/device_init/src/sl_device_init_lfxo_s2.o
LOAD ./gecko_sdk_4.3.1/platform/service/device_init/src/sl_device_init_nvic.o
LOAD ./gecko_sdk_4.3.1/platform/service/system/src/sl_system_init.o
LOAD ./gecko_sdk_4.3.1/platform/service/system/src/sl_system_process_action.o
LOAD ./gecko_sdk_4.3.1/platform/service/udelay/src/sl_udelay.o
LOAD ./gecko_sdk_4.3.1/platform/service/udelay/src/sl_udelay_armv6m_gcc.o
LOAD ./gecko_sdk_4.3.1/util/silicon_labs/silabs_core/memory_manager/sl_malloc.o
LOAD ./gecko_sdk_4.3.1/util/third_party/mbedtls/library/aes.o
LOAD ./gecko_sdk_4.3.1/util/third_party/mbedtls/library/constant_time.o
LOAD ./gecko_sdk_4.3.1/util/third_party/mbedtls/library/platform.o
LOAD ./gecko_sdk_4.3.1/util/third_party/mbedtls/library/platform_util.o
LOAD ./gecko_sdk_4.3.1/util/third_party/mbedtls/library/psa_crypto_client.o
LOAD ./gecko_sdk_4.3.1/util/third_party/mbedtls/library/threading.o
LOAD c:/siliconlabs/simplicitystudio/v5/developer/toolchains/gnu_arm/10.3_2021.10/bin/../lib/gcc/arm-none-eabi/10.3.1/thumb/v8-m.main+fp/hard\libgcc.a
LOAD c:/siliconlabs/simplicitystudio/v5/developer/toolchains/gnu_arm/10.3_2021.10/bin/../lib/gcc/arm-none-eabi/10.3.1/../../../../arm-none-eabi/lib/thumb/v8-m.main+fp/hard\libc_nano.a
LOAD c:/siliconlabs/simplicitystudio/v5/developer/toolchains/gnu_arm/10.3_2021.10/bin/../lib/gcc/arm-none-eabi/10.3.1/../../../../arm-none-eabi/lib/thumb/v8-m.main+fp/hard\libm.a
LOAD c:/siliconlabs/simplicitystudio/v5/developer/toolchains/gnu_arm/10.3_2021.10/bin/../lib/gcc/arm-none-eabi/10.3.1/../../../../arm-none-eabi/lib/thumb/v8-m.main+fp/hard\libnosys.a
END GROUP
START GROUP
LOAD c:/siliconlabs/simplicitystudio/v5/developer/toolchains/gnu_arm/10.3_2021.10/bin/../lib/gcc/arm-none-eabi/10.3.1/thumb/v8-m.main+fp/hard\libgcc.a
LOAD c:/siliconlabs/simplicitystudio/v5/developer/toolchains/gnu_arm/10.3_2021.10/bin/../lib/gcc/arm-none-eabi/10.3.1/../../../../arm-none-eabi/lib/thumb/v8-m.main+fp/hard\libc_nano.a
LOAD c:/siliconlabs/simplicitystudio/v5/developer/toolchains/gnu_arm/10.3_2021.10/bin/../lib/gcc/arm-none-eabi/10.3.1/../../../../arm-none-eabi/lib/thumb/v8-m.main+fp/hard\libnosys.a
END GROUP
START GROUP
LOAD c:/siliconlabs/simplicitystudio/v5/developer/toolchains/gnu_arm/10.3_2021.10/bin/../lib/gcc/arm-none-eabi/10.3.1/thumb/v8-m.main+fp/hard\libgcc.a
LOAD c:/siliconlabs/simplicitystudio/v5/developer/toolchains/gnu_arm/10.3_2021.10/bin/../lib/gcc/arm-none-eabi/10.3.1/../../../../arm-none-eabi/lib/thumb/v8-m.main+fp/hard\libg_nano.a
LOAD c:/siliconlabs/simplicitystudio/v5/developer/toolchains/gnu_arm/10.3_2021.10/bin/../lib/gcc/arm-none-eabi/10.3.1/../../../../arm-none-eabi/lib/thumb/v8-m.main+fp/hard\libc_nano.a
END GROUP
START GROUP
LOAD c:/siliconlabs/simplicitystudio/v5/developer/toolchains/gnu_arm/10.3_2021.10/bin/../lib/gcc/arm-none-eabi/10.3.1/thumb/v8-m.main+fp/hard\libgcc.a
LOAD c:/siliconlabs/simplicitystudio/v5/developer/toolchains/gnu_arm/10.3_2021.10/bin/../lib/gcc/arm-none-eabi/10.3.1/../../../../arm-none-eabi/lib/thumb/v8-m.main+fp/hard\libc_nano.a
END GROUP
LOAD c:/siliconlabs/simplicitystudio/v5/developer/toolchains/gnu_arm/10.3_2021.10/bin/../lib/gcc/arm-none-eabi/10.3.1/thumb/v8-m.main+fp/hard/crtend.o
LOAD c:/siliconlabs/simplicitystudio/v5/developer/toolchains/gnu_arm/10.3_2021.10/bin/../lib/gcc/arm-none-eabi/10.3.1/thumb/v8-m.main+fp/hard/crtn.o

.text           0x08000000     0x9d18
                0x08000000                linker_vectors_begin = .
 *(.vectors)
 .vectors       0x08000000      0x170 ./gecko_sdk_4.3.1/platform/Device/SiliconLabs/EFR32MG24/Source/startup_efr32mg24.o
                0x08000000                __Vectors
                0x08000170                linker_vectors_end = .
                0x08000170                __Vectors_End = .
                0x08000170                __Vectors_Size = (__Vectors_End - __Vectors)
                0x08000170                linker_code_begin = .
 *(SORT_BY_ALIGNMENT(.text*))
 .text          0x08000170        0x8 ./gecko_sdk_4.3.1/platform/service/udelay/src/sl_udelay_armv6m_gcc.o
                0x08000170                sli_delay_loop
 .text.getMoisture
                0x08000178      0x114 ./iadc.o
                0x08000178                getMoisture
 .text          0x0800028c       0x40 c:/siliconlabs/simplicitystudio/v5/developer/toolchains/gnu_arm/10.3_2021.10/bin/../lib/gcc/arm-none-eabi/10.3.1/thumb/v8-m.main+fp/hard/crtbegin.o
 .text          0x080002cc       0x7c c:/siliconlabs/simplicitystudio/v5/developer/toolchains/gnu_arm/10.3_2021.10/bin/../lib/gcc/arm-none-eabi/10.3.1/../../../../arm-none-eabi/lib/thumb/v8-m.main+fp/hard/crt0.o
                0x080002cc                _stack_init
                0x080002d4                _start
                0x080002d4                _mainCRTStartup
 .text.GPIO_PinInGet
                0x08000348       0x88 ./DHT22.o
 .text.DHT_GetData
                0x080003d0       0xc8 ./DHT22.o
                0x080003d0                DHT_GetData
 .text.__NVIC_EnableIRQ
                0x08000498       0x34 ./Letimer.o
 .text.__NVIC_ClearPendingIRQ
                0x080004cc       0x38 ./Letimer.o
 .text.GPIO_PinOutToggle
                0x08000504       0x84 ./Letimer.o
 .text.LETIMER0_IRQHandler
                0x08000588      0x1ec ./Letimer.o
                0x08000588                LETIMER0_IRQHandler
 .text.__NVIC_EnableIRQ
                0x08000774       0x34 ./connect.o
 .text.__NVIC_ClearPendingIRQ
                0x080007a8       0x38 ./connect.o
 .text.GPIO_IntClear
                0x080007e0       0x1c ./connect.o
 .text.GPIO_IntGet
                0x080007fc       0x10 ./connect.o
 .text.GPIO_PinOutClear
                0x0800080c       0x84 ./connect.o
 .text.GPIO_PinOutSet
                0x08000890       0x84 ./connect.o
 .text.GPIO_ODD_IRQHandler
                0x08000914       0xb4 ./connect.o
                0x08000914                GPIO_ODD_IRQHandler
 .text.EncryptDataECB
                0x080009c8       0x3c ./crypt.o
                0x080009c8                EncryptDataECB
 .text.iadcInit
                0x08000a04       0xf4 ./iadc.o
                0x08000a04                iadcInit
 .text.__NVIC_EnableIRQ
                0x08000af8       0x34 ./uart.o
 .text.__NVIC_ClearPendingIRQ
                0x08000b2c       0x38 ./uart.o
 .text.GPIO_PinOutToggle
                0x08000b64       0x84 ./uart.o
 .text.uartInit
                0x08000be8       0xa8 ./uart.o
                0x08000be8                uartInit
 .text.EUSART0_RX_IRQHandler
                0x08000c90      0x12c ./uart.o
                0x08000c90                EUSART0_RX_IRQHandler
 .text.transmitData
                0x08000dbc       0x4c ./uart.o
                0x08000dbc                transmitData
 .text.uint16ToUnsignedCharArray
                0x08000e08       0x28 ./uart.o
                0x08000e08                uint16ToUnsignedCharArray
 .text.sl_device_init_clocks
                0x08000e30       0xb0 ./autogen/sl_device_init_clocks.o
                0x08000e30                sl_device_init_clocks
 .text.GPIO_PinOutClear
                0x08000ee0       0x84 ./gecko_sdk_4.3.1/hardware/driver/mx25_flash_shutdown/src/sl_mx25_flash_shutdown_usart/sl_mx25_flash_shutdown.o
 .text.GPIO_PinOutSet
                0x08000f64       0x84 ./gecko_sdk_4.3.1/hardware/driver/mx25_flash_shutdown/src/sl_mx25_flash_shutdown_usart/sl_mx25_flash_shutdown.o
 .text.sl_mx25_flash_shutdown
                0x08000fe8      0x134 ./gecko_sdk_4.3.1/hardware/driver/mx25_flash_shutdown/src/sl_mx25_flash_shutdown_usart/sl_mx25_flash_shutdown.o
                0x08000fe8                sl_mx25_flash_shutdown
 .text.Reset_Handler
                0x0800111c       0x98 ./gecko_sdk_4.3.1/platform/Device/SiliconLabs/EFR32MG24/Source/startup_efr32mg24.o
                0x0800111c                Reset_Handler
 .text.__NVIC_EnableIRQ
                0x080011b4       0x34 ./gecko_sdk_4.3.1/platform/Device/SiliconLabs/EFR32MG24/Source/system_efr32mg24.o
 .text.__NVIC_ClearPendingIRQ
                0x080011e8       0x38 ./gecko_sdk_4.3.1/platform/Device/SiliconLabs/EFR32MG24/Source/system_efr32mg24.o
 .text.SystemInit
                0x08001220       0x90 ./gecko_sdk_4.3.1/platform/Device/SiliconLabs/EFR32MG24/Source/system_efr32mg24.o
                0x08001220                SystemInit
 .text.SystemHFRCODPLLClockGet
                0x080012b0        0xc ./gecko_sdk_4.3.1/platform/Device/SiliconLabs/EFR32MG24/Source/system_efr32mg24.o
                0x080012b0                SystemHFRCODPLLClockGet
 .text.SystemHFRCODPLLClockSet
                0x080012bc       0x14 ./gecko_sdk_4.3.1/platform/Device/SiliconLabs/EFR32MG24/Source/system_efr32mg24.o
                0x080012bc                SystemHFRCODPLLClockSet
 .text.SystemSYSCLKGet
                0x080012d0       0x50 ./gecko_sdk_4.3.1/platform/Device/SiliconLabs/EFR32MG24/Source/system_efr32mg24.o
                0x080012d0                SystemSYSCLKGet
 .text.SystemHCLKGet
                0x08001320       0x3c ./gecko_sdk_4.3.1/platform/Device/SiliconLabs/EFR32MG24/Source/system_efr32mg24.o
                0x08001320                SystemHCLKGet
 .text.SystemMaxCoreClockGet
                0x0800135c        0xc ./gecko_sdk_4.3.1/platform/Device/SiliconLabs/EFR32MG24/Source/system_efr32mg24.o
                0x0800135c                SystemMaxCoreClockGet
 .text.SystemHFXOClockGet
                0x08001368        0xc ./gecko_sdk_4.3.1/platform/Device/SiliconLabs/EFR32MG24/Source/system_efr32mg24.o
                0x08001368                SystemHFXOClockGet
 .text.SystemHFXOClockSet
                0x08001374       0x2c ./gecko_sdk_4.3.1/platform/Device/SiliconLabs/EFR32MG24/Source/system_efr32mg24.o
                0x08001374                SystemHFXOClockSet
 .text.SystemFSRCOClockGet
                0x080013a0        0xc ./gecko_sdk_4.3.1/platform/Device/SiliconLabs/EFR32MG24/Source/system_efr32mg24.o
                0x080013a0                SystemFSRCOClockGet
 .text.SystemHFRCOEM23ClockGet
                0x080013ac       0xe0 ./gecko_sdk_4.3.1/platform/Device/SiliconLabs/EFR32MG24/Source/system_efr32mg24.o
                0x080013ac                SystemHFRCOEM23ClockGet
 .text.SystemLFXOClockGet
                0x0800148c        0xc ./gecko_sdk_4.3.1/platform/Device/SiliconLabs/EFR32MG24/Source/system_efr32mg24.o
                0x0800148c                SystemLFXOClockGet
 .text._sbrk    0x08001498       0x3c ./gecko_sdk_4.3.1/platform/common/toolchain/src/sl_memory.o
                0x08001498                _sbrk
 .text.BUS_RegBitWrite
                0x080014d4       0x48 ./gecko_sdk_4.3.1/platform/driver/debug/src/sl_debug_swo.o
 .text.GPIO_DbgSWOEnable
                0x0800151c       0x30 ./gecko_sdk_4.3.1/platform/driver/debug/src/sl_debug_swo.o
 .text.sl_debug_swo_init
                0x0800154c      0x178 ./gecko_sdk_4.3.1/platform/driver/debug/src/sl_debug_swo.o
                0x0800154c                sl_debug_swo_init
 .text.__NVIC_EnableIRQ
                0x080016c4       0x34 ./gecko_sdk_4.3.1/platform/emdrv/ustimer/src/ustimer.o
 .text.__NVIC_DisableIRQ
                0x080016f8       0x44 ./gecko_sdk_4.3.1/platform/emdrv/ustimer/src/ustimer.o
 .text.__NVIC_ClearPendingIRQ
                0x0800173c       0x38 ./gecko_sdk_4.3.1/platform/emdrv/ustimer/src/ustimer.o
 .text.TIMER_Valid
                0x08001774       0x54 ./gecko_sdk_4.3.1/platform/emdrv/ustimer/src/ustimer.o
 .text.TIMER_MaxCount
                0x080017c8       0xf0 ./gecko_sdk_4.3.1/platform/emdrv/ustimer/src/ustimer.o
 .text.TIMER_Enable
                0x080018b8       0x44 ./gecko_sdk_4.3.1/platform/emdrv/ustimer/src/ustimer.o
 .text.TIMER_TopSet
                0x080018fc       0x48 ./gecko_sdk_4.3.1/platform/emdrv/ustimer/src/ustimer.o
 .text.USTIMER_Init
                0x08001944      0x130 ./gecko_sdk_4.3.1/platform/emdrv/ustimer/src/ustimer.o
                0x08001944                USTIMER_Init
 .text.USTIMER_DeInit
                0x08001a74       0x38 ./gecko_sdk_4.3.1/platform/emdrv/ustimer/src/ustimer.o
                0x08001a74                USTIMER_DeInit
 .text.USTIMER_DelayIntSafe
                0x08001aac       0x9c ./gecko_sdk_4.3.1/platform/emdrv/ustimer/src/ustimer.o
                0x08001aac                USTIMER_DelayIntSafe
 .text.TIMER0_IRQHandler
                0x08001b48       0x34 ./gecko_sdk_4.3.1/platform/emdrv/ustimer/src/ustimer.o
                0x08001b48                TIMER0_IRQHandler
 .text.DelayTicksPolled
                0x08001b7c       0x50 ./gecko_sdk_4.3.1/platform/emdrv/ustimer/src/ustimer.o
 .text.BUS_RegBitWrite
                0x08001bcc       0x48 ./gecko_sdk_4.3.1/platform/emlib/src/em_cmu.o
 .text.EMU_VScaleWait
                0x08001c14       0x1c ./gecko_sdk_4.3.1/platform/emlib/src/em_cmu.o
 .text.EMU_VScaleGet
                0x08001c30       0x1c ./gecko_sdk_4.3.1/platform/emlib/src/em_cmu.o
 .text.SYSCFG_setSysTicExtClkEnCfgSysTic
                0x08001c4c       0x14 ./gecko_sdk_4.3.1/platform/emlib/src/em_cmu.o
 .text.SYSCFG_clearSysTicExtClkEnCfgSysTic
                0x08001c60       0x14 ./gecko_sdk_4.3.1/platform/emlib/src/em_cmu.o
 .text.MSC_LockGetLocked
                0x08001c74       0x1c ./gecko_sdk_4.3.1/platform/emlib/src/em_cmu.o
 .text.MSC_LockSetLocked
                0x08001c90       0x10 ./gecko_sdk_4.3.1/platform/emlib/src/em_cmu.o
 .text.MSC_LockSetUnlocked
                0x08001ca0       0x10 ./gecko_sdk_4.3.1/platform/emlib/src/em_cmu.o
 .text.MSC_ReadCTRLGet
                0x08001cb0        0xc ./gecko_sdk_4.3.1/platform/emlib/src/em_cmu.o
 .text.MSC_ReadCTRLSet
                0x08001cbc       0x14 ./gecko_sdk_4.3.1/platform/emlib/src/em_cmu.o
 .text.CMU_ClockDivGet
                0x08001cd0       0xec ./gecko_sdk_4.3.1/platform/emlib/src/em_cmu.o
                0x08001cd0                CMU_ClockDivGet
 .text.CMU_ClockDivSet
                0x08001dbc      0x1b0 ./gecko_sdk_4.3.1/platform/emlib/src/em_cmu.o
                0x08001dbc                CMU_ClockDivSet
 .text.CMU_ClockEnable
                0x08001f6c       0x74 ./gecko_sdk_4.3.1/platform/emlib/src/em_cmu.o
                0x08001f6c                CMU_ClockEnable
 .text.CMU_ClockFreqGet
                0x08001fe0      0x6a8 ./gecko_sdk_4.3.1/platform/emlib/src/em_cmu.o
                0x08001fe0                CMU_ClockFreqGet
 .text.CMU_ClockSelectGet
                0x08002688      0x3e4 ./gecko_sdk_4.3.1/platform/emlib/src/em_cmu.o
                0x08002688                CMU_ClockSelectGet
 .text.CMU_ClockSelectSet
                0x08002a6c      0xb7c ./gecko_sdk_4.3.1/platform/emlib/src/em_cmu.o
                0x08002a6c                CMU_ClockSelectSet
 .text.CMU_HFRCODPLLBandSet
                0x080035e8      0x178 ./gecko_sdk_4.3.1/platform/emlib/src/em_cmu.o
                0x080035e8                CMU_HFRCODPLLBandSet
 .text.CMU_HFXOInit
                0x08003760      0x310 ./gecko_sdk_4.3.1/platform/emlib/src/em_cmu.o
                0x08003760                CMU_HFXOInit
 .text.CMU_HFXOCTuneDeltaGet
                0x08003a70       0x10 ./gecko_sdk_4.3.1/platform/emlib/src/em_cmu.o
                0x08003a70                CMU_HFXOCTuneDeltaGet
 .text.CMU_LFXOInit
                0x08003a80      0x120 ./gecko_sdk_4.3.1/platform/emlib/src/em_cmu.o
                0x08003a80                CMU_LFXOInit
 .text.CMU_LFXOPrecisionSet
                0x08003ba0       0x1c ./gecko_sdk_4.3.1/platform/emlib/src/em_cmu.o
                0x08003ba0                CMU_LFXOPrecisionSet
 .text.CMU_HFXOPrecisionSet
                0x08003bbc       0x1c ./gecko_sdk_4.3.1/platform/emlib/src/em_cmu.o
                0x08003bbc                CMU_HFXOPrecisionSet
 .text.eusart0ClkGet
                0x08003bd8       0xac ./gecko_sdk_4.3.1/platform/emlib/src/em_cmu.o
 .text.em01GrpcClkGet
                0x08003c84       0xbc ./gecko_sdk_4.3.1/platform/emlib/src/em_cmu.o
 .text.vdac0ClkGet
                0x08003d40       0xa8 ./gecko_sdk_4.3.1/platform/emlib/src/em_cmu.o
 .text.vdac1ClkGet
                0x08003de8       0xa8 ./gecko_sdk_4.3.1/platform/emlib/src/em_cmu.o
 .text.pcnt0ClkGet
                0x08003e90       0x74 ./gecko_sdk_4.3.1/platform/emlib/src/em_cmu.o
 .text.rhclkPrescMax
                0x08003f04       0x18 ./gecko_sdk_4.3.1/platform/emlib/src/em_cmu.o
 .text.rhclkPrescOptimize
                0x08003f1c       0x2c ./gecko_sdk_4.3.1/platform/emlib/src/em_cmu.o
 .text.traceClkGet
                0x08003f48       0x84 ./gecko_sdk_4.3.1/platform/emlib/src/em_cmu.o
 .text.dpllRefClkGet
                0x08003fcc       0x94 ./gecko_sdk_4.3.1/platform/emlib/src/em_cmu.o
 .text.em01GrpaClkGet
                0x08004060       0xc4 ./gecko_sdk_4.3.1/platform/emlib/src/em_cmu.o
 .text.em23GrpaClkGet
                0x08004124       0x94 ./gecko_sdk_4.3.1/platform/emlib/src/em_cmu.o
 .text.em4GrpaClkGet
                0x080041b8       0x94 ./gecko_sdk_4.3.1/platform/emlib/src/em_cmu.o
 .text.getWaitStatesByFrequencyAndVScale
                0x0800424c       0x54 ./gecko_sdk_4.3.1/platform/emlib/src/em_cmu.o
 .text.flashWaitStateControl
                0x080042a0       0x70 ./gecko_sdk_4.3.1/platform/emlib/src/em_cmu.o
 .text.HFRCODPLLDevinfoGet
                0x08004310      0x1bc ./gecko_sdk_4.3.1/platform/emlib/src/em_cmu.o
 .text.iadcClkGet
                0x080044cc       0x8c ./gecko_sdk_4.3.1/platform/emlib/src/em_cmu.o
 .text.pclkDivOptimize
                0x08004558       0x34 ./gecko_sdk_4.3.1/platform/emlib/src/em_cmu.o
 .text.sysrtcClkGet
                0x0800458c       0x94 ./gecko_sdk_4.3.1/platform/emlib/src/em_cmu.o
 .text.wdog0ClkGet
                0x08004620       0xa8 ./gecko_sdk_4.3.1/platform/emlib/src/em_cmu.o
 .text.wdog1ClkGet
                0x080046c8       0xa8 ./gecko_sdk_4.3.1/platform/emlib/src/em_cmu.o
 .text.sysTickClkGet
                0x08004770       0x58 ./gecko_sdk_4.3.1/platform/emlib/src/em_cmu.o
 .text.EMU_DCDCLock
                0x080047c8       0x14 ./gecko_sdk_4.3.1/platform/emlib/src/em_emu.o
 .text.EMU_DCDCUnlock
                0x080047dc       0x10 ./gecko_sdk_4.3.1/platform/emlib/src/em_emu.o
 .text.EMU_DCDCSync
                0x080047ec       0x20 ./gecko_sdk_4.3.1/platform/emlib/src/em_emu.o
 .text.EMU_VScaleWait
                0x0800480c       0x1c ./gecko_sdk_4.3.1/platform/emlib/src/em_emu.o
 .text.EMU_VScaleGet
                0x08004828       0x1c ./gecko_sdk_4.3.1/platform/emlib/src/em_emu.o
 .text.EMU_EnterEM2
                0x08004844       0x48 ./gecko_sdk_4.3.1/platform/emlib/src/em_emu.o
                0x08004844                EMU_EnterEM2
 .text.EMU_EM4Init
                0x0800488c       0x24 ./gecko_sdk_4.3.1/platform/emlib/src/em_emu.o
                0x0800488c                EMU_EM4Init
 .text.EMU_VScaleEM01ByClock
                0x080048b0       0x5c ./gecko_sdk_4.3.1/platform/emlib/src/em_emu.o
                0x080048b0                EMU_VScaleEM01ByClock
 .text.EMU_VScaleEM01
                0x0800490c       0xdc ./gecko_sdk_4.3.1/platform/emlib/src/em_emu.o
                0x0800490c                EMU_VScaleEM01
 .text.EMU_DCDCModeSet
                0x080049e8      0x120 ./gecko_sdk_4.3.1/platform/emlib/src/em_emu.o
                0x080049e8                EMU_DCDCModeSet
 .text.EMU_DCDCInit
                0x08004b08       0xa8 ./gecko_sdk_4.3.1/platform/emlib/src/em_emu.o
                0x08004b08                EMU_DCDCInit
 .text.EMU_DCDCSetPFMXModePeakCurrent
                0x08004bb0       0xb4 ./gecko_sdk_4.3.1/platform/emlib/src/em_emu.o
                0x08004bb0                EMU_DCDCSetPFMXModePeakCurrent
 .text.EUSART_UartInitLf
                0x08004c64       0xf8 ./gecko_sdk_4.3.1/platform/emlib/src/em_eusart.o
                0x08004c64                EUSART_UartInitLf
 .text.EUSART_Reset
                0x08004d5c       0xa4 ./gecko_sdk_4.3.1/platform/emlib/src/em_eusart.o
                0x08004d5c                EUSART_Reset
 .text.EUSART_Enable
                0x08004e00       0xbc ./gecko_sdk_4.3.1/platform/emlib/src/em_eusart.o
                0x08004e00                EUSART_Enable
 .text.EUSART_BaudrateSet
                0x08004ebc      0x290 ./gecko_sdk_4.3.1/platform/emlib/src/em_eusart.o
                0x08004ebc                EUSART_BaudrateSet
 .text.EUSART_ClockGet
                0x0800514c       0x48 ./gecko_sdk_4.3.1/platform/emlib/src/em_eusart.o
 .text.EUSART_AsyncInitCommon
                0x08005194      0x3b8 ./gecko_sdk_4.3.1/platform/emlib/src/em_eusart.o
 .text.BUS_RegBitWrite
                0x0800554c       0x48 ./gecko_sdk_4.3.1/platform/emlib/src/em_gpio.o
 .text.GPIO_IntClear
                0x08005594       0x1c ./gecko_sdk_4.3.1/platform/emlib/src/em_gpio.o
 .text.GPIO_PinOutClear
                0x080055b0       0x84 ./gecko_sdk_4.3.1/platform/emlib/src/em_gpio.o
 .text.GPIO_PinOutSet
                0x08005634       0x84 ./gecko_sdk_4.3.1/platform/emlib/src/em_gpio.o
 .text.GPIO_ExtIntConfig
                0x080056b8      0x16c ./gecko_sdk_4.3.1/platform/emlib/src/em_gpio.o
                0x080056b8                GPIO_ExtIntConfig
 .text.GPIO_PinModeSet
                0x08005824      0x124 ./gecko_sdk_4.3.1/platform/emlib/src/em_gpio.o
                0x08005824                GPIO_PinModeSet
 .text.IADC_disable
                0x08005948       0x38 ./gecko_sdk_4.3.1/platform/emlib/src/em_iadc.o
 .text.IADC_init
                0x08005980      0x9bc ./gecko_sdk_4.3.1/platform/emlib/src/em_iadc.o
                0x08005980                IADC_init
 .text.IADC_initSingle
                0x0800633c       0xc4 ./gecko_sdk_4.3.1/platform/emlib/src/em_iadc.o
                0x0800633c                IADC_initSingle
 .text.IADC_updateSingleInput
                0x08006400       0x8c ./gecko_sdk_4.3.1/platform/emlib/src/em_iadc.o
                0x08006400                IADC_updateSingleInput
 .text.IADC_calcTimebase
                0x0800648c       0xa0 ./gecko_sdk_4.3.1/platform/emlib/src/em_iadc.o
                0x0800648c                IADC_calcTimebase
 .text.IADC_calcSrcClkPrescale
                0x0800652c       0x8c ./gecko_sdk_4.3.1/platform/emlib/src/em_iadc.o
                0x0800652c                IADC_calcSrcClkPrescale
 .text.IADC_calcAdcClkPrescale
                0x080065b8       0xc4 ./gecko_sdk_4.3.1/platform/emlib/src/em_iadc.o
                0x080065b8                IADC_calcAdcClkPrescale
 .text.IADC_getReferenceVoltage
                0x0800667c       0x7c ./gecko_sdk_4.3.1/platform/emlib/src/em_iadc.o
                0x0800667c                IADC_getReferenceVoltage
 .text.LETIMER_Enable
                0x080066f8       0x48 ./gecko_sdk_4.3.1/platform/emlib/src/em_letimer.o
                0x080066f8                LETIMER_Enable
 .text.LETIMER_Init
                0x08006740      0x118 ./gecko_sdk_4.3.1/platform/emlib/src/em_letimer.o
                0x08006740                LETIMER_Init
 .text.SE_addParameter
                0x08006858       0x4c ./gecko_sdk_4.3.1/platform/emlib/src/em_se.o
                0x08006858                SE_addParameter
 .text.SE_executeCommand
                0x080068a4       0x94 ./gecko_sdk_4.3.1/platform/emlib/src/em_se.o
                0x080068a4                SE_executeCommand
 .text.SYSCFG_readChipRev
                0x08006938        0xc ./gecko_sdk_4.3.1/platform/emlib/src/em_system.o
 .text.SYSTEM_ChipRevisionGet
                0x08006944       0x50 ./gecko_sdk_4.3.1/platform/emlib/src/em_system.o
                0x08006944                SYSTEM_ChipRevisionGet
 .text.TIMER_Valid
                0x08006994       0x54 ./gecko_sdk_4.3.1/platform/emlib/src/em_timer.o
 .text.timerPrsConfig
                0x080069e8       0xc0 ./gecko_sdk_4.3.1/platform/emlib/src/em_timer.o
 .text.TIMER_Init
                0x08006aa8      0x130 ./gecko_sdk_4.3.1/platform/emlib/src/em_timer.o
                0x08006aa8                TIMER_Init
 .text.TIMER_InitCC
                0x08006bd8      0x148 ./gecko_sdk_4.3.1/platform/emlib/src/em_timer.o
                0x08006bd8                TIMER_InitCC
 .text.prsRxInput
                0x08006d20       0x38 ./gecko_sdk_4.3.1/platform/emlib/src/em_usart.o
 .text.USART_BaudrateSyncSet
                0x08006d58       0x68 ./gecko_sdk_4.3.1/platform/emlib/src/em_usart.o
                0x08006d58                USART_BaudrateSyncSet
 .text.USART_InitSync
                0x08006dc0      0x108 ./gecko_sdk_4.3.1/platform/emlib/src/em_usart.o
                0x08006dc0                USART_InitSync
 .text.USART_Reset
                0x08006ec8       0xa0 ./gecko_sdk_4.3.1/platform/emlib/src/em_usart.o
                0x08006ec8                USART_Reset
 .text.BUS_RegBitWrite
                0x08006f68       0x48 ./gecko_sdk_4.3.1/platform/security/sl_component/se_manager/src/sl_se_manager.o
 .text.sli_se_lock_acquire
                0x08006fb0       0x28 ./gecko_sdk_4.3.1/platform/security/sl_component/se_manager/src/sl_se_manager.o
                0x08006fb0                sli_se_lock_acquire
 .text.sli_se_lock_release
                0x08006fd8       0x18 ./gecko_sdk_4.3.1/platform/security/sl_component/se_manager/src/sl_se_manager.o
                0x08006fd8                sli_se_lock_release
 .text.mbedtls_aes_crypt_ecb
                0x08006ff0       0xf4 ./gecko_sdk_4.3.1/platform/security/sl_component/sl_mbedtls_support/src/se_aes.o
                0x08006ff0                mbedtls_aes_crypt_ecb
 .text.sl_mbedtls_init
                0x080070e4       0x24 ./gecko_sdk_4.3.1/platform/security/sl_component/sl_mbedtls_support/src/sl_mbedtls.o
                0x080070e4                sl_mbedtls_init
 .text.sl_device_init_dcdc
                0x08007108       0x34 ./gecko_sdk_4.3.1/platform/service/device_init/src/sl_device_init_dcdc_s2.o
                0x08007108                sl_device_init_dcdc
 .text.sl_device_init_emu
                0x0800713c       0x34 ./gecko_sdk_4.3.1/platform/service/device_init/src/sl_device_init_emu_s2.o
                0x0800713c                sl_device_init_emu
 .text.sl_device_init_hfrco
                0x08007170       0x14 ./gecko_sdk_4.3.1/platform/service/device_init/src/sl_device_init_hfrco.o
                0x08007170                sl_device_init_hfrco
 .text.sl_device_init_hfxo
                0x08007184       0xcc ./gecko_sdk_4.3.1/platform/service/device_init/src/sl_device_init_hfxo_s2.o
                0x08007184                sl_device_init_hfxo
 .text.sl_device_init_lfxo
                0x08007250       0x3c ./gecko_sdk_4.3.1/platform/service/device_init/src/sl_device_init_lfxo_s2.o
                0x08007250                sl_device_init_lfxo
 .text.__NVIC_SetPriority
                0x0800728c       0x50 ./gecko_sdk_4.3.1/platform/service/device_init/src/sl_device_init_nvic.o
 .text.sl_udelay_wait
                0x080072dc       0x80 ./gecko_sdk_4.3.1/platform/service/udelay/src/sl_udelay.o
                0x080072dc                sl_udelay_wait
 .text          0x0800735c      0x378 c:/siliconlabs/simplicitystudio/v5/developer/toolchains/gnu_arm/10.3_2021.10/bin/../lib/gcc/arm-none-eabi/10.3.1/thumb/v8-m.main+fp/hard\libgcc.a(_arm_addsubdf3.o)
                0x0800735c                __aeabi_drsub
                0x08007364                __aeabi_dsub
                0x08007364                __subdf3
                0x08007368                __aeabi_dadd
                0x08007368                __adddf3
                0x080075e0                __floatunsidf
                0x080075e0                __aeabi_ui2d
                0x08007600                __floatsidf
                0x08007600                __aeabi_i2d
                0x08007624                __aeabi_f2d
                0x08007624                __extendsfdf2
                0x08007668                __floatundidf
                0x08007668                __aeabi_ul2d
                0x08007678                __floatdidf
                0x08007678                __aeabi_l2d
 .text          0x080076d4      0x424 c:/siliconlabs/simplicitystudio/v5/developer/toolchains/gnu_arm/10.3_2021.10/bin/../lib/gcc/arm-none-eabi/10.3.1/thumb/v8-m.main+fp/hard\libgcc.a(_arm_muldivdf3.o)
                0x080076d4                __aeabi_dmul
                0x080076d4                __muldf3
                0x08007928                __divdf3
                0x08007928                __aeabi_ddiv
 .text          0x08007af8       0x40 c:/siliconlabs/simplicitystudio/v5/developer/toolchains/gnu_arm/10.3_2021.10/bin/../lib/gcc/arm-none-eabi/10.3.1/thumb/v8-m.main+fp/hard\libgcc.a(_arm_fixunsdfsi.o)
                0x08007af8                __aeabi_d2uiz
                0x08007af8                __fixunsdfsi
 .text          0x08007b38       0xa0 c:/siliconlabs/simplicitystudio/v5/developer/toolchains/gnu_arm/10.3_2021.10/bin/../lib/gcc/arm-none-eabi/10.3.1/thumb/v8-m.main+fp/hard\libgcc.a(_arm_truncdfsf2.o)
                0x08007b38                __truncdfsf2
                0x08007b38                __aeabi_d2f
 .text          0x08007bd8       0x30 c:/siliconlabs/simplicitystudio/v5/developer/toolchains/gnu_arm/10.3_2021.10/bin/../lib/gcc/arm-none-eabi/10.3.1/thumb/v8-m.main+fp/hard\libgcc.a(_aeabi_uldivmod.o)
                0x08007bd8                __aeabi_uldivmod
 .text          0x08007c08      0x2ec c:/siliconlabs/simplicitystudio/v5/developer/toolchains/gnu_arm/10.3_2021.10/bin/../lib/gcc/arm-none-eabi/10.3.1/thumb/v8-m.main+fp/hard\libgcc.a(_udivmoddi4.o)
                0x08007c08                __udivmoddi4
 .text          0x08007ef4        0x4 c:/siliconlabs/simplicitystudio/v5/developer/toolchains/gnu_arm/10.3_2021.10/bin/../lib/gcc/arm-none-eabi/10.3.1/thumb/v8-m.main+fp/hard\libgcc.a(_dvmd_tls.o)
                0x08007ef4                __aeabi_idiv0
                0x08007ef4                __aeabi_ldiv0
 .text.exit     0x08007ef8       0x28 c:/siliconlabs/simplicitystudio/v5/developer/toolchains/gnu_arm/10.3_2021.10/bin/../lib/gcc/arm-none-eabi/10.3.1/../../../../arm-none-eabi/lib/thumb/v8-m.main+fp/hard\libc_nano.a(lib_a-exit.o)
                0x08007ef8                exit
 .text.__libc_init_array
                0x08007f20       0x48 c:/siliconlabs/simplicitystudio/v5/developer/toolchains/gnu_arm/10.3_2021.10/bin/../lib/gcc/arm-none-eabi/10.3.1/../../../../arm-none-eabi/lib/thumb/v8-m.main+fp/hard\libc_nano.a(lib_a-init.o)
                0x08007f20                __libc_init_array
 .text._free_r  0x08007f68       0x98 c:/siliconlabs/simplicitystudio/v5/developer/toolchains/gnu_arm/10.3_2021.10/bin/../lib/gcc/arm-none-eabi/10.3.1/../../../../arm-none-eabi/lib/thumb/v8-m.main+fp/hard\libc_nano.a(lib_a-nano-freer.o)
                0x08007f68                _free_r
 .text.sbrk_aligned
                0x08008000       0x40 c:/siliconlabs/simplicitystudio/v5/developer/toolchains/gnu_arm/10.3_2021.10/bin/../lib/gcc/arm-none-eabi/10.3.1/../../../../arm-none-eabi/lib/thumb/v8-m.main+fp/hard\libc_nano.a(lib_a-nano-mallocr.o)
 .text._malloc_r
                0x08008040       0xe8 c:/siliconlabs/simplicitystudio/v5/developer/toolchains/gnu_arm/10.3_2021.10/bin/../lib/gcc/arm-none-eabi/10.3.1/../../../../arm-none-eabi/lib/thumb/v8-m.main+fp/hard\libc_nano.a(lib_a-nano-mallocr.o)
                0x08008040                _malloc_r
 .text._sbrk_r  0x08008128       0x20 c:/siliconlabs/simplicitystudio/v5/developer/toolchains/gnu_arm/10.3_2021.10/bin/../lib/gcc/arm-none-eabi/10.3.1/../../../../arm-none-eabi/lib/thumb/v8-m.main+fp/hard\libc_nano.a(lib_a-sbrkr.o)
                0x08008128                _sbrk_r
 .text.snprintf
                0x08008148       0x68 c:/siliconlabs/simplicitystudio/v5/developer/toolchains/gnu_arm/10.3_2021.10/bin/../lib/gcc/arm-none-eabi/10.3.1/../../../../arm-none-eabi/lib/thumb/v8-m.main+fp/hard\libc_nano.a(lib_a-snprintf.o)
                0x08008148                sniprintf
                0x08008148                snprintf
 .text.__malloc_lock
                0x080081b0        0xc c:/siliconlabs/simplicitystudio/v5/developer/toolchains/gnu_arm/10.3_2021.10/bin/../lib/gcc/arm-none-eabi/10.3.1/../../../../arm-none-eabi/lib/thumb/v8-m.main+fp/hard\libc_nano.a(lib_a-mlock.o)
                0x080081b0                __malloc_lock
 .text.__malloc_unlock
                0x080081bc        0xc c:/siliconlabs/simplicitystudio/v5/developer/toolchains/gnu_arm/10.3_2021.10/bin/../lib/gcc/arm-none-eabi/10.3.1/../../../../arm-none-eabi/lib/thumb/v8-m.main+fp/hard\libc_nano.a(lib_a-mlock.o)
                0x080081bc                __malloc_unlock
 .text._svfprintf_r
                0x080081c8      0x200 c:/siliconlabs/simplicitystudio/v5/developer/toolchains/gnu_arm/10.3_2021.10/bin/../lib/gcc/arm-none-eabi/10.3.1/../../../../arm-none-eabi/lib/thumb/v8-m.main+fp/hard\libc_nano.a(lib_a-nano-svfprintf.o)
                0x080081c8                _svfiprintf_r
                0x080081c8                _svfprintf_r
 .text._printf_i
                0x080083c8      0x24c c:/siliconlabs/simplicitystudio/v5/developer/toolchains/gnu_arm/10.3_2021.10/bin/../lib/gcc/arm-none-eabi/10.3.1/../../../../arm-none-eabi/lib/thumb/v8-m.main+fp/hard\libc_nano.a(lib_a-nano-vfprintf_i.o)
                0x080083c8                _printf_i
 .text._exit    0x08008614        0x4 c:/siliconlabs/simplicitystudio/v5/developer/toolchains/gnu_arm/10.3_2021.10/bin/../lib/gcc/arm-none-eabi/10.3.1/../../../../arm-none-eabi/lib/thumb/v8-m.main+fp/hard\libnosys.a(_exit.o)
                0x08008614                _exit
 .text.BUS_RegBitRead
                0x08008618       0x1a ./DHT22.o
 .text.DHT_Start
                0x08008632       0x3c ./DHT22.o
                0x08008632                DHT_Start
 .text.DHT_Check_Response
                0x0800866e       0x5c ./DHT22.o
                0x0800866e                DHT_Check_Response
 .text.DHT_Read
                0x080086ca       0x9c ./DHT22.o
                0x080086ca                DHT_Read
 .text.LETIMER_IntClear
                0x08008766       0x18 ./Letimer.o
 .text.LETIMER_IntEnable
                0x0800877e       0x18 ./Letimer.o
 .text.LETIMER_IntGet
                0x08008796        0xe ./Letimer.o
 .text.EUSART_IntDisable
                0x080087a4       0x18 ./Letimer.o
 .text.EUSART_IntEnable
                0x080087bc       0x18 ./Letimer.o
 .text.letimer0Init
                0x080087d4       0x72 ./Letimer.o
                0x080087d4                letimer0Init
 .text.letimer0Enable
                0x08008846       0x2a ./Letimer.o
                0x08008846                letimer0Enable
 .text.letimer0Disable
                0x08008870       0x2a ./Letimer.o
                0x08008870                letimer0Disable
 .text.batteryLevel
                0x0800889a       0x32 ./Letimer.o
                0x0800889a                batteryLevel
 .text.app_init
                0x080088cc       0x16 ./app.o
                0x080088cc                app_init
 .text.app_process_action
                0x080088e2        0x4 ./app.o
                0x080088e2                app_process_action
 .text.EUSART_IntEnable
                0x080088e6       0x18 ./connect.o
 .text.gpioSetup
                0x080088fe       0x78 ./connect.o
                0x080088fe                gpioSetup
 .text.IADC_command
                0x08008976       0x12 ./iadc.o
 .text.main     0x08008988       0x16 ./main.o
                0x08008988                main
 .text.EUSART_IntClear
                0x0800899e       0x18 ./uart.o
 .text.EUSART_IntDisable
                0x080089b6       0x18 ./uart.o
 .text.calculateLrc
                0x080089ce       0x3c ./uart.o
                0x080089ce                calculateLrc
 .text.sl_board_default_init
                0x08008a0a        0xa ./autogen/sl_board_default_init.o
                0x08008a0a                sl_board_default_init
 .text.CHIP_Init
                0x08008a14        0x4 ./autogen/sl_event_handler.o
 .text.sl_platform_init
                0x08008a18       0x2e ./autogen/sl_event_handler.o
                0x08008a18                sl_platform_init
 .text.sl_driver_init
                0x08008a46        0xe ./autogen/sl_event_handler.o
                0x08008a46                sl_driver_init
 .text.sl_service_init
                0x08008a54        0xe ./autogen/sl_event_handler.o
                0x08008a54                sl_service_init
 .text.sl_stack_init
                0x08008a62        0x4 ./autogen/sl_event_handler.o
                0x08008a62                sl_stack_init
 .text.sl_internal_app_init
                0x08008a66        0x4 ./autogen/sl_event_handler.o
                0x08008a66                sl_internal_app_init
 .text.sl_board_configure_vcom
                0x08008a6a        0x6 ./gecko_sdk_4.3.1/hardware/board/src/sl_board_control_gpio.o
                0x08008a6a                sl_board_configure_vcom
 .text.sl_board_disable_vcom
                0x08008a70       0x14 ./gecko_sdk_4.3.1/hardware/board/src/sl_board_control_gpio.o
                0x08008a70                sl_board_disable_vcom
 .text.sl_board_init
                0x08008a84       0x16 ./gecko_sdk_4.3.1/hardware/board/src/sl_board_init.o
                0x08008a84                sl_board_init
 .text.sl_board_preinit
                0x08008a9a        0xe ./gecko_sdk_4.3.1/hardware/board/src/sl_board_init.o
                0x08008a9a                sl_board_preinit
 .text.sl_cos_send_config
                0x08008aa8       0x12 ./gecko_sdk_4.3.1/hardware/driver/configuration_over_swo/src/sl_cos.o
                0x08008aa8                sl_cos_send_config
 .text.cs_low   0x08008aba        0xe ./gecko_sdk_4.3.1/hardware/driver/mx25_flash_shutdown/src/sl_mx25_flash_shutdown_usart/sl_mx25_flash_shutdown.o
 .text.cs_high  0x08008ac8        0xe ./gecko_sdk_4.3.1/hardware/driver/mx25_flash_shutdown/src/sl_mx25_flash_shutdown_usart/sl_mx25_flash_shutdown.o
 .text.Default_Handler
                0x08008ad6        0x2 ./gecko_sdk_4.3.1/platform/Device/SiliconLabs/EFR32MG24/Source/startup_efr32mg24.o
                0x08008ad6                ULFRCO_IRQHandler
                0x08008ad6                AHB2AHB1_IRQHandler
                0x08008ad6                SW2_IRQHandler
                0x08008ad6                TIMER2_IRQHandler
                0x08008ad6                DebugMon_Handler
                0x08008ad6                USART0_TX_IRQHandler
                0x08008ad6                IADC_IRQHandler
                0x08008ad6                EUSART0_TX_IRQHandler
                0x08008ad6                I2C0_IRQHandler
                0x08008ad6                LFXO_IRQHandler
                0x08008ad6                HardFault_Handler
                0x08008ad6                SMU_SECURE_IRQHandler
                0x08008ad6                SysTick_Handler
                0x08008ad6                SYSRTC_SEQ_IRQHandler
                0x08008ad6                EMUEFP_IRQHandler
                0x08008ad6                PendSV_Handler
                0x08008ad6                NMI_Handler
                0x08008ad6                SYNTH_IRQHandler
                0x08008ad6                HOSTMAILBOX_IRQHandler
                0x08008ad6                HFXO0_IRQHandler
                0x08008ad6                I2C1_IRQHandler
                0x08008ad6                WDOG0_IRQHandler
                0x08008ad6                TIMER3_IRQHandler
                0x08008ad6                SYSCFG_IRQHandler
                0x08008ad6                RFECA1_IRQHandler
                0x08008ad6                EMUDG_IRQHandler
                0x08008ad6                MSC_IRQHandler
                0x08008ad6                DPLL0_IRQHandler
                0x08008ad6                UsageFault_Handler
                0x08008ad6                WDOG1_IRQHandler
                0x08008ad6                M33CTI1_IRQHandler
                0x08008ad6                TIMER4_IRQHandler
                0x08008ad6                GPIO_EVEN_IRQHandler
                0x08008ad6                VDAC0_IRQHandler
                0x08008ad6                LDMA_IRQHandler
                0x08008ad6                SEMBTX_IRQHandler
                0x08008ad6                SW0_IRQHandler
                0x08008ad6                MVP_IRQHandler
                0x08008ad6                EUSART1_RX_IRQHandler
                0x08008ad6                TIMER1_IRQHandler
                0x08008ad6                HFRCO0_IRQHandler
                0x08008ad6                SecureFault_Handler
                0x08008ad6                BUFC_IRQHandler
                0x08008ad6                DCDC_IRQHandler
                0x08008ad6                MODEM_IRQHandler
                0x08008ad6                Default_Handler
                0x08008ad6                RAC_SEQ_IRQHandler
                0x08008ad6                FRC_PRI_IRQHandler
                0x08008ad6                SW3_IRQHandler
                0x08008ad6                EMU_IRQHandler
                0x08008ad6                KERNEL0_IRQHandler
                0x08008ad6                FRC_IRQHandler
                0x08008ad6                PCNT0_IRQHandler
                0x08008ad6                KERNEL1_IRQHandler
                0x08008ad6                AGC_IRQHandler
                0x08008ad6                EUSART1_TX_IRQHandler
                0x08008ad6                KEYSCAN_IRQHandler
                0x08008ad6                HFRCOEM23_IRQHandler
                0x08008ad6                sl_app_properties
                0x08008ad6                BURTC_IRQHandler
                0x08008ad6                SEMBRX_IRQHandler
                0x08008ad6                RFECA0_IRQHandler
                0x08008ad6                LFRCO_IRQHandler
                0x08008ad6                VDAC1_IRQHandler
                0x08008ad6                ACMP0_IRQHandler
                0x08008ad6                USART0_RX_IRQHandler
                0x08008ad6                MemManage_Handler
                0x08008ad6                AHB2AHB0_IRQHandler
                0x08008ad6                SVC_Handler
                0x08008ad6                SMU_S_PRIVILEGED_IRQHandler
                0x08008ad6                SW1_IRQHandler
                0x08008ad6                CMU_IRQHandler
                0x08008ad6                RAC_RSM_IRQHandler
                0x08008ad6                SETAMPERHOST_IRQHandler
                0x08008ad6                AES_IRQHandler
                0x08008ad6                M33CTI0_IRQHandler
                0x08008ad6                ICACHE0_IRQHandler
                0x08008ad6                SMU_NS_PRIVILEGED_IRQHandler
                0x08008ad6                FPUEXH_IRQHandler
                0x08008ad6                PROTIMER_IRQHandler
                0x08008ad6                ACMP1_IRQHandler
                0x08008ad6                BusFault_Handler
                0x08008ad6                MPAHBRAM_IRQHandler
                0x08008ad6                SYSRTC_APP_IRQHandler
 .text.SystemCLKIN0Get
                0x08008ad8        0x6 ./gecko_sdk_4.3.1/platform/Device/SiliconLabs/EFR32MG24/Source/system_efr32mg24.o
                0x08008ad8                SystemCLKIN0Get
 .text.SystemLFRCOClockGet
                0x08008ade        0x8 ./gecko_sdk_4.3.1/platform/Device/SiliconLabs/EFR32MG24/Source/system_efr32mg24.o
                0x08008ade                SystemLFRCOClockGet
 .text.SystemULFRCOClockGet
                0x08008ae6        0x8 ./gecko_sdk_4.3.1/platform/Device/SiliconLabs/EFR32MG24/Source/system_efr32mg24.o
                0x08008ae6                SystemULFRCOClockGet
 .text.assertEFM
                0x08008aee        0x8 ./gecko_sdk_4.3.1/platform/common/src/sl_assert.o
                0x08008aee                assertEFM
 .text.sl_debug_swo_enable_itm
                0x08008af6       0x26 ./gecko_sdk_4.3.1/platform/driver/debug/src/sl_debug_swo.o
                0x08008af6                sl_debug_swo_enable_itm
 .text.sl_debug_swo_disable_itm
                0x08008b1c       0x28 ./gecko_sdk_4.3.1/platform/driver/debug/src/sl_debug_swo.o
                0x08008b1c                sl_debug_swo_disable_itm
 .text.TIMER_CounterGet
                0x08008b44        0xe ./gecko_sdk_4.3.1/platform/emdrv/ustimer/src/ustimer.o
 .text.TIMER_IntClear
                0x08008b52       0x18 ./gecko_sdk_4.3.1/platform/emdrv/ustimer/src/ustimer.o
 .text.TIMER_IntDisable
                0x08008b6a       0x1a ./gecko_sdk_4.3.1/platform/emdrv/ustimer/src/ustimer.o
 .text.TIMER_IntGet
                0x08008b84        0xe ./gecko_sdk_4.3.1/platform/emdrv/ustimer/src/ustimer.o
 .text.SystemCoreClockGet
                0x08008b92        0xc ./gecko_sdk_4.3.1/platform/emlib/src/em_cmu.o
 .text.BUS_RegBitRead
                0x08008b9e       0x1a ./gecko_sdk_4.3.1/platform/emlib/src/em_cmu.o
 .text.BUS_RegMaskedWrite
                0x08008bb8       0x34 ./gecko_sdk_4.3.1/platform/emlib/src/em_cmu.o
 .text.sli_em_cmu_SYSCLKInitPreClockSelect
                0x08008bec       0x1a ./gecko_sdk_4.3.1/platform/emlib/src/em_cmu.o
                0x08008bec                sli_em_cmu_SYSCLKInitPreClockSelect
 .text.sli_em_cmu_SYSCLKInitPostClockSelect
                0x08008c06       0x2e ./gecko_sdk_4.3.1/platform/emlib/src/em_cmu.o
                0x08008c06                sli_em_cmu_SYSCLKInitPostClockSelect
 .text.CMU_UpdateWaitStates
                0x08008c34       0x28 ./gecko_sdk_4.3.1/platform/emlib/src/em_cmu.o
                0x08008c34                CMU_UpdateWaitStates
 .text.pclkDivMax
                0x08008c5c       0x10 ./gecko_sdk_4.3.1/platform/emlib/src/em_cmu.o
 .text.waitStateMax
                0x08008c6c       0x14 ./gecko_sdk_4.3.1/platform/emlib/src/em_cmu.o
 .text.CORE_EnterCritical
                0x08008c80       0x18 ./gecko_sdk_4.3.1/platform/emlib/src/em_core.o
                0x08008c80                CORE_EnterCritical
 .text.CORE_ExitCritical
                0x08008c98       0x14 ./gecko_sdk_4.3.1/platform/emlib/src/em_core.o
                0x08008c98                CORE_ExitCritical
 .text.SystemCoreClockUpdate
                0x08008cac        0xa ./gecko_sdk_4.3.1/platform/emlib/src/em_emu.o
 .text.BUS_RegBitRead
                0x08008cb6       0x1a ./gecko_sdk_4.3.1/platform/emlib/src/em_emu.o
 .text.vScaleEM01Cmd
                0x08008cd0       0x1c ./gecko_sdk_4.3.1/platform/emlib/src/em_emu.o
 .text.EMU_EM23PresleepHook
                0x08008cec        0x4 ./gecko_sdk_4.3.1/platform/emlib/src/em_emu.o
                0x08008cec                EMU_EM23PresleepHook
 .text.EMU_EFPEM23PresleepHook
                0x08008cf0        0x4 ./gecko_sdk_4.3.1/platform/emlib/src/em_emu.o
                0x08008cf0                EMU_EFPEM23PresleepHook
 .text.EMU_EM23PostsleepHook
                0x08008cf4        0x4 ./gecko_sdk_4.3.1/platform/emlib/src/em_emu.o
                0x08008cf4                EMU_EM23PostsleepHook
 .text.EMU_EFPEM23PostsleepHook
                0x08008cf8        0x4 ./gecko_sdk_4.3.1/platform/emlib/src/em_emu.o
                0x08008cf8                EMU_EFPEM23PostsleepHook
 .text.EMU_EFPEM01VScale
                0x08008cfc        0xe ./gecko_sdk_4.3.1/platform/emlib/src/em_emu.o
                0x08008cfc                EMU_EFPEM01VScale
 .text.EMU_DCDCUpdatedHook
                0x08008d0a        0x4 ./gecko_sdk_4.3.1/platform/emlib/src/em_emu.o
                0x08008d0a                EMU_DCDCUpdatedHook
 .text.EUSART_StatusGet
                0x08008d0e        0xe ./gecko_sdk_4.3.1/platform/emlib/src/em_eusart.o
 .text.eusart_sync
                0x08008d1c       0x1c ./gecko_sdk_4.3.1/platform/emlib/src/em_eusart.o
 .text.EUSART_Tx
                0x08008d38       0x26 ./gecko_sdk_4.3.1/platform/emlib/src/em_eusart.o
                0x08008d38                EUSART_Tx
 .text.EUSART_Disable
                0x08008d5e       0x68 ./gecko_sdk_4.3.1/platform/emlib/src/em_eusart.o
 .text.BUS_RegMaskedWrite
                0x08008dc6       0x34 ./gecko_sdk_4.3.1/platform/emlib/src/em_gpio.o
 .text.GPIO_DbgLocationSet
                0x08008dfa        0xa ./gecko_sdk_4.3.1/platform/emlib/src/em_gpio.o
                0x08008dfa                GPIO_DbgLocationSet
 .text.IADC_command
                0x08008e04       0x12 ./gecko_sdk_4.3.1/platform/emlib/src/em_iadc.o
 .text.IADC_enable
                0x08008e16       0x16 ./gecko_sdk_4.3.1/platform/emlib/src/em_iadc.o
 .text.IADC_ConvertRawDataToResult
                0x08008e2c       0x72 ./gecko_sdk_4.3.1/platform/emlib/src/em_iadc.o
 .text.IADC_readSingleResult
                0x08008e9e       0x2a ./gecko_sdk_4.3.1/platform/emlib/src/em_iadc.o
                0x08008e9e                IADC_readSingleResult
 .text.regSync  0x08008ec8       0x1c ./gecko_sdk_4.3.1/platform/emlib/src/em_letimer.o
 .text.LETIMER_Reset
                0x08008ee4       0x3c ./gecko_sdk_4.3.1/platform/emlib/src/em_letimer.o
                0x08008ee4                LETIMER_Reset
 .text.LETIMER_SyncWait
                0x08008f20       0x1c ./gecko_sdk_4.3.1/platform/emlib/src/em_letimer.o
                0x08008f20                LETIMER_SyncWait
 .text.LETIMER_TopSet
                0x08008f3c       0x38 ./gecko_sdk_4.3.1/platform/emlib/src/em_letimer.o
                0x08008f3c                LETIMER_TopSet
 .text.writeToFifo
                0x08008f74       0x12 ./gecko_sdk_4.3.1/platform/emlib/src/em_se.o
 .text.SE_addDataInput
                0x08008f86       0x38 ./gecko_sdk_4.3.1/platform/emlib/src/em_se.o
                0x08008f86                SE_addDataInput
 .text.SE_addDataOutput
                0x08008fbe       0x38 ./gecko_sdk_4.3.1/platform/emlib/src/em_se.o
                0x08008fbe                SE_addDataOutput
 .text.TIMER_SyncWait
                0x08008ff6       0x24 ./gecko_sdk_4.3.1/platform/emlib/src/em_timer.o
                0x08008ff6                TIMER_SyncWait
 .text.USART_SpiTransfer
                0x0800901a       0x3a ./gecko_sdk_4.3.1/platform/emlib/src/em_usart.o
                0x0800901a                USART_SpiTransfer
 .text.sl_se_init
                0x08009054        0xe ./gecko_sdk_4.3.1/platform/security/sl_component/se_manager/src/sl_se_manager.o
                0x08009054                sl_se_init
 .text.SE_isCommandCompleted
                0x08009062       0x18 ./gecko_sdk_4.3.1/platform/security/sl_component/sl_mbedtls_support/src/se_aes.o
 .text.SE_readCommandResponse
                0x0800907a       0x14 ./gecko_sdk_4.3.1/platform/security/sl_component/sl_mbedtls_support/src/se_aes.o
 .text.SE_waitCommandCompletion
                0x0800908e       0x1a ./gecko_sdk_4.3.1/platform/security/sl_component/sl_mbedtls_support/src/se_aes.o
 .text.se_management_acquire
                0x080090a8       0x18 ./gecko_sdk_4.3.1/platform/security/sl_component/sl_mbedtls_support/src/se_aes.o
 .text.se_management_release
                0x080090c0       0x18 ./gecko_sdk_4.3.1/platform/security/sl_component/sl_mbedtls_support/src/se_aes.o
 .text.mbedtls_aes_init
                0x080090d8       0x18 ./gecko_sdk_4.3.1/platform/security/sl_component/sl_mbedtls_support/src/se_aes.o
                0x080090d8                mbedtls_aes_init
 .text.mbedtls_aes_free
                0x080090f0       0x20 ./gecko_sdk_4.3.1/platform/security/sl_component/sl_mbedtls_support/src/se_aes.o
                0x080090f0                mbedtls_aes_free
 .text.mbedtls_aes_setkey_enc
                0x08009110       0x4e ./gecko_sdk_4.3.1/platform/security/sl_component/sl_mbedtls_support/src/se_aes.o
                0x08009110                mbedtls_aes_setkey_enc
 .text.sl_device_init_nvic
                0x0800915e       0x38 ./gecko_sdk_4.3.1/platform/service/device_init/src/sl_device_init_nvic.o
                0x0800915e                sl_device_init_nvic
 .text.sl_system_init
                0x08009196       0x1a ./gecko_sdk_4.3.1/platform/service/system/src/sl_system_init.o
                0x08009196                sl_system_init
 .text.SystemCoreClockGet
                0x080091b0        0xc ./gecko_sdk_4.3.1/platform/service/udelay/src/sl_udelay.o
 .text.memcpy   0x080091bc       0x1a c:/siliconlabs/simplicitystudio/v5/developer/toolchains/gnu_arm/10.3_2021.10/bin/../lib/gcc/arm-none-eabi/10.3.1/../../../../arm-none-eabi/lib/thumb/v8-m.main+fp/hard\libc_nano.a(lib_a-memcpy-stub.o)
                0x080091bc                memcpy
 .text.memmove  0x080091d6       0x34 c:/siliconlabs/simplicitystudio/v5/developer/toolchains/gnu_arm/10.3_2021.10/bin/../lib/gcc/arm-none-eabi/10.3.1/../../../../arm-none-eabi/lib/thumb/v8-m.main+fp/hard\libc_nano.a(lib_a-memmove.o)
                0x080091d6                memmove
 .text.memset   0x0800920a       0x10 c:/siliconlabs/simplicitystudio/v5/developer/toolchains/gnu_arm/10.3_2021.10/bin/../lib/gcc/arm-none-eabi/10.3.1/../../../../arm-none-eabi/lib/thumb/v8-m.main+fp/hard\libc_nano.a(lib_a-memset.o)
                0x0800920a                memset
 .text._realloc_r
                0x0800921a       0x5e c:/siliconlabs/simplicitystudio/v5/developer/toolchains/gnu_arm/10.3_2021.10/bin/../lib/gcc/arm-none-eabi/10.3.1/../../../../arm-none-eabi/lib/thumb/v8-m.main+fp/hard\libc_nano.a(lib_a-nano-reallocr.o)
                0x0800921a                _realloc_r
 .text.__ssputs_r
                0x08009278       0xb6 c:/siliconlabs/simplicitystudio/v5/developer/toolchains/gnu_arm/10.3_2021.10/bin/../lib/gcc/arm-none-eabi/10.3.1/../../../../arm-none-eabi/lib/thumb/v8-m.main+fp/hard\libc_nano.a(lib_a-nano-svfprintf.o)
                0x08009278                __ssputs_r
 .text._printf_common
                0x0800932e       0xe0 c:/siliconlabs/simplicitystudio/v5/developer/toolchains/gnu_arm/10.3_2021.10/bin/../lib/gcc/arm-none-eabi/10.3.1/../../../../arm-none-eabi/lib/thumb/v8-m.main+fp/hard\libc_nano.a(lib_a-nano-vfprintf_i.o)
                0x0800932e                _printf_common
 .text.__retarget_lock_acquire_recursive
                0x0800940e        0x2 c:/siliconlabs/simplicitystudio/v5/developer/toolchains/gnu_arm/10.3_2021.10/bin/../lib/gcc/arm-none-eabi/10.3.1/../../../../arm-none-eabi/lib/thumb/v8-m.main+fp/hard\libc_nano.a(lib_a-lock.o)
                0x0800940e                __retarget_lock_acquire_recursive
 .text.__retarget_lock_release_recursive
                0x08009410        0x2 c:/siliconlabs/simplicitystudio/v5/developer/toolchains/gnu_arm/10.3_2021.10/bin/../lib/gcc/arm-none-eabi/10.3.1/../../../../arm-none-eabi/lib/thumb/v8-m.main+fp/hard\libc_nano.a(lib_a-lock.o)
                0x08009410                __retarget_lock_release_recursive
 .text.memchr   0x08009412       0x1c c:/siliconlabs/simplicitystudio/v5/developer/toolchains/gnu_arm/10.3_2021.10/bin/../lib/gcc/arm-none-eabi/10.3.1/../../../../arm-none-eabi/lib/thumb/v8-m.main+fp/hard\libc_nano.a(lib_a-memchr-stub.o)
                0x08009412                memchr
 .text._malloc_usable_size_r
                0x0800942e       0x10 c:/siliconlabs/simplicitystudio/v5/developer/toolchains/gnu_arm/10.3_2021.10/bin/../lib/gcc/arm-none-eabi/10.3.1/../../../../arm-none-eabi/lib/thumb/v8-m.main+fp/hard\libc_nano.a(lib_a-nano-msizer.o)
                0x0800942e                _malloc_usable_size_r
                0x0800943e                linker_code_end = .
 *(.init)
 *fill*         0x0800943e        0x2 
 .init          0x08009440        0x4 c:/siliconlabs/simplicitystudio/v5/developer/toolchains/gnu_arm/10.3_2021.10/bin/../lib/gcc/arm-none-eabi/10.3.1/thumb/v8-m.main+fp/hard/crti.o
                0x08009440                _init
 .init          0x08009444        0x8 c:/siliconlabs/simplicitystudio/v5/developer/toolchains/gnu_arm/10.3_2021.10/bin/../lib/gcc/arm-none-eabi/10.3.1/thumb/v8-m.main+fp/hard/crtn.o
 *(.fini)
 .fini          0x0800944c        0x4 c:/siliconlabs/simplicitystudio/v5/developer/toolchains/gnu_arm/10.3_2021.10/bin/../lib/gcc/arm-none-eabi/10.3.1/thumb/v8-m.main+fp/hard/crti.o
                0x0800944c                _fini
 .fini          0x08009450        0x8 c:/siliconlabs/simplicitystudio/v5/developer/toolchains/gnu_arm/10.3_2021.10/bin/../lib/gcc/arm-none-eabi/10.3.1/thumb/v8-m.main+fp/hard/crtn.o
 *crtbegin.o(.ctors)
 *crtbegin?.o(.ctors)
 *(EXCLUDE_FILE(*crtend.o *crtend?.o) .ctors)
 *(SORT_BY_NAME(.ctors.*))
 *(.ctors)
 *crtbegin.o(.dtors)
 *crtbegin?.o(.dtors)
 *(EXCLUDE_FILE(*crtend.o *crtend?.o) .dtors)
 *(SORT_BY_NAME(.dtors.*))
 *(.dtors)
 *(.rodata*)
 .rodata        0x08009458       0x4c ./DHT22.o
 .rodata        0x080094a4       0x53 ./Letimer.o
 *fill*         0x080094f7        0x1 
 .rodata        0x080094f8       0x53 ./connect.o
 *fill*         0x0800954b        0x1 
 .rodata        0x0800954c       0x28 ./iadc.o
 .rodata        0x08009574       0x85 ./uart.o
 *fill*         0x080095f9        0x3 
 .rodata        0x080095fc       0x68 ./gecko_sdk_4.3.1/hardware/driver/mx25_flash_shutdown/src/sl_mx25_flash_shutdown_usart/sl_mx25_flash_shutdown.o
 .rodata        0x08009664       0x4b ./gecko_sdk_4.3.1/platform/driver/debug/src/sl_debug_swo.o
 *fill*         0x080096af        0x1 
 .rodata        0x080096b0       0x4d ./gecko_sdk_4.3.1/platform/emdrv/ustimer/src/ustimer.o
 *fill*         0x080096fd        0x3 
 .rodata        0x08009700       0x97 ./gecko_sdk_4.3.1/platform/emlib/src/em_cmu.o
 *fill*         0x08009797        0x1 
 .rodata        0x08009798       0x4b ./gecko_sdk_4.3.1/platform/emlib/src/em_emu.o
 *fill*         0x080097e3        0x1 
 .rodata        0x080097e4       0x4e ./gecko_sdk_4.3.1/platform/emlib/src/em_eusart.o
 *fill*         0x08009832        0x2 
 .rodata        0x08009834       0xe4 ./gecko_sdk_4.3.1/platform/emlib/src/em_gpio.o
 .rodata        0x08009918       0x64 ./gecko_sdk_4.3.1/platform/emlib/src/em_iadc.o
 .rodata        0x0800997c       0x4f ./gecko_sdk_4.3.1/platform/emlib/src/em_letimer.o
 *fill*         0x080099cb        0x1 
 .rodata        0x080099cc       0x58 ./gecko_sdk_4.3.1/platform/emlib/src/em_se.o
 .rodata        0x08009a24       0x9d ./gecko_sdk_4.3.1/platform/emlib/src/em_timer.o
 *fill*         0x08009ac1        0x3 
 .rodata        0x08009ac4       0x4d ./gecko_sdk_4.3.1/platform/emlib/src/em_usart.o
 *fill*         0x08009b11        0x3 
 .rodata        0x08009b14       0xb9 ./gecko_sdk_4.3.1/platform/security/sl_component/se_manager/src/sl_se_manager.o
 *fill*         0x08009bcd        0x3 
 .rodata        0x08009bd0       0x72 ./gecko_sdk_4.3.1/platform/security/sl_component/sl_mbedtls_support/src/sl_mbedtls.o
 *fill*         0x08009c42        0x2 
 .rodata        0x08009c44        0x7 ./gecko_sdk_4.3.1/platform/service/device_init/src/sl_device_init_dcdc_s2.o
 *fill*         0x08009c4b        0x1 
 .rodata        0x08009c4c       0x28 ./gecko_sdk_4.3.1/platform/service/device_init/src/sl_device_init_hfxo_s2.o
 .rodata        0x08009c74       0x14 ./gecko_sdk_4.3.1/platform/service/device_init/src/sl_device_init_lfxo_s2.o
 .rodata        0x08009c88       0x57 ./gecko_sdk_4.3.1/platform/service/udelay/src/sl_udelay.o
 *fill*         0x08009cdf        0x1 
 .rodata._global_impure_ptr
                0x08009ce0        0x4 c:/siliconlabs/simplicitystudio/v5/developer/toolchains/gnu_arm/10.3_2021.10/bin/../lib/gcc/arm-none-eabi/10.3.1/../../../../arm-none-eabi/lib/thumb/v8-m.main+fp/hard\libc_nano.a(lib_a-impure.o)
                0x08009ce0                _global_impure_ptr
 .rodata._svfprintf_r.str1.1
                0x08009ce4       0x11 c:/siliconlabs/simplicitystudio/v5/developer/toolchains/gnu_arm/10.3_2021.10/bin/../lib/gcc/arm-none-eabi/10.3.1/../../../../arm-none-eabi/lib/thumb/v8-m.main+fp/hard\libc_nano.a(lib_a-nano-svfprintf.o)
 .rodata._printf_i.str1.1
                0x08009cf5       0x22 c:/siliconlabs/simplicitystudio/v5/developer/toolchains/gnu_arm/10.3_2021.10/bin/../lib/gcc/arm-none-eabi/10.3.1/../../../../arm-none-eabi/lib/thumb/v8-m.main+fp/hard\libc_nano.a(lib_a-nano-vfprintf_i.o)
 *(.eh_frame*)
 *fill*         0x08009d17        0x1 
 .eh_frame      0x08009d18        0x0 c:/siliconlabs/simplicitystudio/v5/developer/toolchains/gnu_arm/10.3_2021.10/bin/../lib/gcc/arm-none-eabi/10.3.1/thumb/v8-m.main+fp/hard/crtbegin.o

.glue_7         0x08009d18        0x0
 .glue_7        0x08009d18        0x0 linker stubs

.glue_7t        0x08009d18        0x0
 .glue_7t       0x08009d18        0x0 linker stubs

.vfp11_veneer   0x08009d18        0x0
 .vfp11_veneer  0x08009d18        0x0 linker stubs

.v4_bx          0x08009d18        0x0
 .v4_bx         0x08009d18        0x0 linker stubs

.iplt           0x08009d18        0x0
 .iplt          0x08009d18        0x0 c:/siliconlabs/simplicitystudio/v5/developer/toolchains/gnu_arm/10.3_2021.10/bin/../lib/gcc/arm-none-eabi/10.3.1/thumb/v8-m.main+fp/hard/crtbegin.o

.ARM.extab
 *(.ARM.extab* .gnu.linkonce.armextab.*)
                0x08009d18                __exidx_start = .

.ARM.exidx      0x08009d18        0x8
 *(.ARM.exidx* .gnu.linkonce.armexidx.*)
 .ARM.exidx     0x08009d18        0x8 c:/siliconlabs/simplicitystudio/v5/developer/toolchains/gnu_arm/10.3_2021.10/bin/../lib/gcc/arm-none-eabi/10.3.1/../../../../arm-none-eabi/lib/thumb/v8-m.main+fp/hard/crt0.o
                                 0x10 (size before relaxing)
 .ARM.exidx     0x08009d20        0x0 c:/siliconlabs/simplicitystudio/v5/developer/toolchains/gnu_arm/10.3_2021.10/bin/../lib/gcc/arm-none-eabi/10.3.1/thumb/v8-m.main+fp/hard\libgcc.a(_udivmoddi4.o)
                                  0x8 (size before relaxing)
                0x08009d20                __exidx_end = .

.rel.dyn        0x08009d20        0x0
 .rel.iplt      0x08009d20        0x0 c:/siliconlabs/simplicitystudio/v5/developer/toolchains/gnu_arm/10.3_2021.10/bin/../lib/gcc/arm-none-eabi/10.3.1/thumb/v8-m.main+fp/hard/crtbegin.o

.copy.table     0x08009d20        0xc
                0x08009d20                . = ALIGN (0x4)
                0x08009d20                __copy_table_start__ = .
                0x08009d20        0x4 LONG 0x8009d2c __etext
                0x08009d24        0x4 LONG 0x20001000 __data_start__
                0x08009d28        0x4 LONG 0x2b ((__data_end__ - __data_start__) / 0x4)
                0x08009d2c                __copy_table_end__ = .

.zero.table     0x08009d2c        0x0
                0x08009d2c                . = ALIGN (0x4)
                0x08009d2c                __zero_table_start__ = .
                0x08009d2c                __zero_table_end__ = .
                0x08009d2c                __etext = .
                0x20000000                . = ORIGIN (RAM)

.stack          0x20000000     0x1000
                0x20000000                __StackLimit = .
 *(.stack*)
 .stack         0x20000000     0x1000 ./gecko_sdk_4.3.1/platform/common/toolchain/src/sl_memory.o
                0x20001000                . = ALIGN (0x4)
                0x20001000                __StackTop = .
                0x20001000                PROVIDE (__stack = __StackTop)

.noinit
 *(.noinit*)

.data           0x20001000       0xac load address 0x08009d2c
                0x20001000                . = ALIGN (0x4)
                0x20001000                __data_start__ = .
 *(vtable)
 *(SORT_BY_ALIGNMENT(.data*))
 .data.AES_KEY  0x20001000       0x10 ./crypt.o
 .data.SystemHFXOClock
                0x20001010        0x4 ./gecko_sdk_4.3.1/platform/Device/SiliconLabs/EFR32MG24/Source/system_efr32mg24.o
 .data.SystemLFXOClock
                0x20001014        0x4 ./gecko_sdk_4.3.1/platform/Device/SiliconLabs/EFR32MG24/Source/system_efr32mg24.o
 .data.SystemHFRCODPLLClock
                0x20001018        0x4 ./gecko_sdk_4.3.1/platform/Device/SiliconLabs/EFR32MG24/Source/system_efr32mg24.o
 .data.SystemCoreClock
                0x2000101c        0x4 ./gecko_sdk_4.3.1/platform/Device/SiliconLabs/EFR32MG24/Source/system_efr32mg24.o
                0x2000101c                SystemCoreClock
 .data.heap_end.0
                0x20001020        0x4 ./gecko_sdk_4.3.1/platform/common/toolchain/src/sl_memory.o
 .data.reservedSettings.0
                0x20001024       0x14 ./gecko_sdk_4.3.1/platform/emlib/src/em_se.o
 .data._impure_ptr
                0x20001038        0x4 c:/siliconlabs/simplicitystudio/v5/developer/toolchains/gnu_arm/10.3_2021.10/bin/../lib/gcc/arm-none-eabi/10.3.1/../../../../arm-none-eabi/lib/thumb/v8-m.main+fp/hard\libc_nano.a(lib_a-impure.o)
                0x20001038                _impure_ptr
 .data.impure_data
                0x2000103c       0x60 c:/siliconlabs/simplicitystudio/v5/developer/toolchains/gnu_arm/10.3_2021.10/bin/../lib/gcc/arm-none-eabi/10.3.1/../../../../arm-none-eabi/lib/thumb/v8-m.main+fp/hard\libc_nano.a(lib_a-impure.o)
 .data.battery  0x2000109c        0x2 ./Letimer.o
                0x2000109c                battery
 .data.lfxo_precision
                0x2000109e        0x2 ./gecko_sdk_4.3.1/platform/emlib/src/em_cmu.o
 .data.hfxo_precision
                0x200010a0        0x2 ./gecko_sdk_4.3.1/platform/emlib/src/em_cmu.o
 .data.ctuneDelta
                0x200010a2        0x1 ./gecko_sdk_4.3.1/platform/emlib/src/em_cmu.o
                0x200010a4                . = ALIGN (0x4)
 *fill*         0x200010a3        0x1 
                [!provide]                PROVIDE (__ram_func_section_start = .)
 *(.ram)
                [!provide]                PROVIDE (__ram_func_section_end = .)
                0x200010a4                . = ALIGN (0x4)
                0x200010a4                PROVIDE (__preinit_array_start = .)
 *(.preinit_array)
                0x200010a4                PROVIDE (__preinit_array_end = .)
                0x200010a4                . = ALIGN (0x4)
                0x200010a4                PROVIDE (__init_array_start = .)
 *(SORT_BY_NAME(.init_array.*))
 *(.init_array)
 .init_array    0x200010a4        0x4 c:/siliconlabs/simplicitystudio/v5/developer/toolchains/gnu_arm/10.3_2021.10/bin/../lib/gcc/arm-none-eabi/10.3.1/thumb/v8-m.main+fp/hard/crtbegin.o
                0x200010a8                PROVIDE (__init_array_end = .)
                0x200010a8                . = ALIGN (0x4)
                [!provide]                PROVIDE (__fini_array_start = .)
 *(SORT_BY_NAME(.fini_array.*))
 *(.fini_array)
 .fini_array    0x200010a8        0x4 c:/siliconlabs/simplicitystudio/v5/developer/toolchains/gnu_arm/10.3_2021.10/bin/../lib/gcc/arm-none-eabi/10.3.1/thumb/v8-m.main+fp/hard/crtbegin.o
                [!provide]                PROVIDE (__fini_array_end = .)
                0x200010ac                . = ALIGN (0x4)
                0x200010ac                __data_end__ = .

.igot.plt       0x200010ac        0x0 load address 0x08009dd8
 .igot.plt      0x200010ac        0x0 c:/siliconlabs/simplicitystudio/v5/developer/toolchains/gnu_arm/10.3_2021.10/bin/../lib/gcc/arm-none-eabi/10.3.1/thumb/v8-m.main+fp/hard/crtbegin.o

.bss            0x200010ac       0x70 load address 0x08009dd8
                0x200010ac                . = ALIGN (0x4)
                0x200010ac                __bss_start__ = .
 *(SORT_BY_ALIGNMENT(.bss*))
 .bss           0x200010ac       0x1c c:/siliconlabs/simplicitystudio/v5/developer/toolchains/gnu_arm/10.3_2021.10/bin/../lib/gcc/arm-none-eabi/10.3.1/thumb/v8-m.main+fp/hard/crtbegin.o
 .bss.dataTransmit
                0x200010c8       0x17 ./Letimer.o
                0x200010c8                dataTransmit
 *fill*         0x200010df        0x1 
 .bss.response  0x200010e0        0xa ./uart.o
                0x200010e0                response
 *fill*         0x200010ea        0x2 
 .bss.freq      0x200010ec        0x4 ./gecko_sdk_4.3.1/platform/emdrv/ustimer/src/ustimer.o
 .bss.minTicks  0x200010f0        0x4 ./gecko_sdk_4.3.1/platform/emdrv/ustimer/src/ustimer.o
 .bss.vScaleEM01Config
                0x200010f4        0x1 ./gecko_sdk_4.3.1/platform/emlib/src/em_emu.o
 *fill*         0x200010f5        0x3 
 .bss.dali_tx_nb_packets
                0x200010f8        0x2 ./gecko_sdk_4.3.1/platform/emlib/src/em_eusart.o
 *fill*         0x200010fa        0x2 
 .bss.dali_rx_nb_packets
                0x200010fc        0x2 ./gecko_sdk_4.3.1/platform/emlib/src/em_eusart.o
 *fill*         0x200010fe        0x2 
 .bss.__malloc_free_list
                0x20001100        0x4 c:/siliconlabs/simplicitystudio/v5/developer/toolchains/gnu_arm/10.3_2021.10/bin/../lib/gcc/arm-none-eabi/10.3.1/../../../../arm-none-eabi/lib/thumb/v8-m.main+fp/hard\libc_nano.a(lib_a-nano-mallocr.o)
                0x20001100                __malloc_free_list
 .bss.__malloc_sbrk_start
                0x20001104        0x4 c:/siliconlabs/simplicitystudio/v5/developer/toolchains/gnu_arm/10.3_2021.10/bin/../lib/gcc/arm-none-eabi/10.3.1/../../../../arm-none-eabi/lib/thumb/v8-m.main+fp/hard\libc_nano.a(lib_a-nano-mallocr.o)
                0x20001104                __malloc_sbrk_start
 .bss.errno     0x20001108        0x4 c:/siliconlabs/simplicitystudio/v5/developer/toolchains/gnu_arm/10.3_2021.10/bin/../lib/gcc/arm-none-eabi/10.3.1/../../../../arm-none-eabi/lib/thumb/v8-m.main+fp/hard\libc_nano.a(lib_a-reent.o)
                0x20001108                errno
 .bss.SUM       0x2000110c        0x2 ./DHT22.o
                0x2000110c                SUM
 .bss.Rh_byte1  0x2000110e        0x1 ./DHT22.o
                0x2000110e                Rh_byte1
 .bss.Rh_byte2  0x2000110f        0x1 ./DHT22.o
                0x2000110f                Rh_byte2
 .bss.Temp_byte1
                0x20001110        0x1 ./DHT22.o
                0x20001110                Temp_byte1
 .bss.Temp_byte2
                0x20001111        0x1 ./DHT22.o
                0x20001111                Temp_byte2
 .bss.Presence  0x20001112        0x1 ./DHT22.o
                0x20001112                Presence
 .bss.interrupt
                0x20001113        0x1 ./Letimer.o
                0x20001113                interrupt
 .bss.count     0x20001114        0x1 ./Letimer.o
                0x20001114                count
 .bss.work      0x20001115        0x1 ./connect.o
                0x20001115                work
 .bss.j         0x20001116        0x1 ./uart.o
                0x20001116                j
 .bss.timeElapsed
                0x20001117        0x1 ./gecko_sdk_4.3.1/platform/emdrv/ustimer/src/ustimer.o
 .bss.__lock___malloc_recursive_mutex
                0x20001118        0x1 c:/siliconlabs/simplicitystudio/v5/developer/toolchains/gnu_arm/10.3_2021.10/bin/../lib/gcc/arm-none-eabi/10.3.1/../../../../arm-none-eabi/lib/thumb/v8-m.main+fp/hard\libc_nano.a(lib_a-lock.o)
                0x20001118                __lock___malloc_recursive_mutex
 *(COMMON)
                0x2000111c                . = ALIGN (0x4)
 *fill*         0x20001119        0x3 
                0x2000111c                __bss_end__ = .

.heap           0x20001120      0x800
                0x20001120                __HeapBase = .
                0x20001120                __end__ = .
                0x20001120                end = __end__
                0x20001120                _end = __end__
 *(.heap*)
 .heap          0x20001120      0x800 ./gecko_sdk_4.3.1/platform/common/toolchain/src/sl_memory.o
                0x20040000                __HeapLimit = (ORIGIN (RAM) + LENGTH (RAM))
                0x0003eee0                __heap_size = (__HeapLimit - __HeapBase)
                0x20040000                __ram_end__ = 0x20040000
                0x0817e000                __main_flash_end__ = 0x817e000

.internal_storage
                0x08009d2c        0x0
 *(.internal_storage*)

.nvm            0x08009d2c        0x0
 *(.simee*)
                0x0817e000                linker_nvm_end = __main_flash_end__
                0x0817e000                linker_nvm_begin = (linker_nvm_end - SIZEOF (.nvm))
                0x00000000                linker_nvm_size = SIZEOF (.nvm)
                0x0817e000                linker_storage_end = linker_nvm_begin
                0x0817e000                __nvm3Base = linker_nvm_begin
                0x0817e000                linker_storage_begin = (linker_storage_end - SIZEOF (.internal_storage))
                0x00000000                linker_storage_size = SIZEOF (.internal_storage)
                0x00000001                ASSERT ((linker_storage_begin >= (__etext + SIZEOF (.data))), FLASH memory overflowed !)
                0x0817e000                app_flash_end = 0x817e000
                0x00000001                ASSERT (((linker_nvm_begin + SIZEOF (.nvm)) <= app_flash_end), NVM3 is excessing the flash size !)
OUTPUT(Node-Sensor_Final.axf elf32-littlearm)
LOAD linker stubs

.ARM.attributes
                0x00000000       0x36
 .ARM.attributes
                0x00000000       0x22 c:/siliconlabs/simplicitystudio/v5/developer/toolchains/gnu_arm/10.3_2021.10/bin/../lib/gcc/arm-none-eabi/10.3.1/thumb/v8-m.main+fp/hard/crti.o
 .ARM.attributes
                0x00000022       0x38 c:/siliconlabs/simplicitystudio/v5/developer/toolchains/gnu_arm/10.3_2021.10/bin/../lib/gcc/arm-none-eabi/10.3.1/thumb/v8-m.main+fp/hard/crtbegin.o
 .ARM.attributes
                0x0000005a       0x20 c:/siliconlabs/simplicitystudio/v5/developer/toolchains/gnu_arm/10.3_2021.10/bin/../lib/gcc/arm-none-eabi/10.3.1/../../../../arm-none-eabi/lib/thumb/v8-m.main+fp/hard/crt0.o
 .ARM.attributes
                0x0000007a       0x3a ./DHT22.o
 .ARM.attributes
                0x000000b4       0x3a ./Letimer.o
 .ARM.attributes
                0x000000ee       0x3a ./app.o
 .ARM.attributes
                0x00000128       0x3a ./connect.o
 .ARM.attributes
                0x00000162       0x3a ./crypt.o
 .ARM.attributes
                0x0000019c       0x3a ./iadc.o
 .ARM.attributes
                0x000001d6       0x3a ./main.o
 .ARM.attributes
                0x00000210       0x3a ./uart.o
 .ARM.attributes
                0x0000024a       0x3a ./autogen/sl_board_default_init.o
 .ARM.attributes
                0x00000284       0x3a ./autogen/sl_device_init_clocks.o
 .ARM.attributes
                0x000002be       0x3a ./autogen/sl_event_handler.o
 .ARM.attributes
                0x000002f8       0x3a ./gecko_sdk_4.3.1/hardware/board/src/sl_board_control_gpio.o
 .ARM.attributes
                0x00000332       0x3a ./gecko_sdk_4.3.1/hardware/board/src/sl_board_init.o
 .ARM.attributes
                0x0000036c       0x3a ./gecko_sdk_4.3.1/hardware/driver/configuration_over_swo/src/sl_cos.o
 .ARM.attributes
                0x000003a6       0x3a ./gecko_sdk_4.3.1/hardware/driver/mx25_flash_shutdown/src/sl_mx25_flash_shutdown_usart/sl_mx25_flash_shutdown.o
 .ARM.attributes
                0x000003e0       0x3a ./gecko_sdk_4.3.1/platform/Device/SiliconLabs/EFR32MG24/Source/startup_efr32mg24.o
 .ARM.attributes
                0x0000041a       0x3a ./gecko_sdk_4.3.1/platform/Device/SiliconLabs/EFR32MG24/Source/system_efr32mg24.o
 .ARM.attributes
                0x00000454       0x3a ./gecko_sdk_4.3.1/platform/common/src/sl_assert.o
 .ARM.attributes
                0x0000048e       0x3a ./gecko_sdk_4.3.1/platform/common/toolchain/src/sl_memory.o
 .ARM.attributes
                0x000004c8       0x3a ./gecko_sdk_4.3.1/platform/driver/debug/src/sl_debug_swo.o
 .ARM.attributes
                0x00000502       0x3a ./gecko_sdk_4.3.1/platform/emdrv/ustimer/src/ustimer.o
 .ARM.attributes
                0x0000053c       0x3a ./gecko_sdk_4.3.1/platform/emlib/src/em_cmu.o
 .ARM.attributes
                0x00000576       0x3a ./gecko_sdk_4.3.1/platform/emlib/src/em_core.o
 .ARM.attributes
                0x000005b0       0x3a ./gecko_sdk_4.3.1/platform/emlib/src/em_emu.o
 .ARM.attributes
                0x000005ea       0x3a ./gecko_sdk_4.3.1/platform/emlib/src/em_eusart.o
 .ARM.attributes
                0x00000624       0x3a ./gecko_sdk_4.3.1/platform/emlib/src/em_gpio.o
 .ARM.attributes
                0x0000065e       0x3a ./gecko_sdk_4.3.1/platform/emlib/src/em_iadc.o
 .ARM.attributes
                0x00000698       0x3a ./gecko_sdk_4.3.1/platform/emlib/src/em_letimer.o
 .ARM.attributes
                0x000006d2       0x3a ./gecko_sdk_4.3.1/platform/emlib/src/em_se.o
 .ARM.attributes
                0x0000070c       0x3a ./gecko_sdk_4.3.1/platform/emlib/src/em_system.o
 .ARM.attributes
                0x00000746       0x3a ./gecko_sdk_4.3.1/platform/emlib/src/em_timer.o
 .ARM.attributes
                0x00000780       0x3a ./gecko_sdk_4.3.1/platform/emlib/src/em_usart.o
 .ARM.attributes
                0x000007ba       0x3a ./gecko_sdk_4.3.1/platform/security/sl_component/se_manager/src/sl_se_manager.o
 .ARM.attributes
                0x000007f4       0x3a ./gecko_sdk_4.3.1/platform/security/sl_component/sl_mbedtls_support/src/se_aes.o
 .ARM.attributes
                0x0000082e       0x3a ./gecko_sdk_4.3.1/platform/security/sl_component/sl_mbedtls_support/src/sl_mbedtls.o
 .ARM.attributes
                0x00000868       0x3a ./gecko_sdk_4.3.1/platform/service/device_init/src/sl_device_init_dcdc_s2.o
 .ARM.attributes
                0x000008a2       0x3a ./gecko_sdk_4.3.1/platform/service/device_init/src/sl_device_init_emu_s2.o
 .ARM.attributes
                0x000008dc       0x3a ./gecko_sdk_4.3.1/platform/service/device_init/src/sl_device_init_hfrco.o
 .ARM.attributes
                0x00000916       0x3a ./gecko_sdk_4.3.1/platform/service/device_init/src/sl_device_init_hfxo_s2.o
 .ARM.attributes
                0x00000950       0x3a ./gecko_sdk_4.3.1/platform/service/device_init/src/sl_device_init_lfxo_s2.o
 .ARM.attributes
                0x0000098a       0x3a ./gecko_sdk_4.3.1/platform/service/device_init/src/sl_device_init_nvic.o
 .ARM.attributes
                0x000009c4       0x3a ./gecko_sdk_4.3.1/platform/service/system/src/sl_system_init.o
 .ARM.attributes
                0x000009fe       0x3a ./gecko_sdk_4.3.1/platform/service/udelay/src/sl_udelay.o
 .ARM.attributes
                0x00000a38       0x26 ./gecko_sdk_4.3.1/platform/service/udelay/src/sl_udelay_armv6m_gcc.o
 .ARM.attributes
                0x00000a5e       0x22 c:/siliconlabs/simplicitystudio/v5/developer/toolchains/gnu_arm/10.3_2021.10/bin/../lib/gcc/arm-none-eabi/10.3.1/thumb/v8-m.main+fp/hard\libgcc.a(_arm_addsubdf3.o)
 .ARM.attributes
                0x00000a80       0x22 c:/siliconlabs/simplicitystudio/v5/developer/toolchains/gnu_arm/10.3_2021.10/bin/../lib/gcc/arm-none-eabi/10.3.1/thumb/v8-m.main+fp/hard\libgcc.a(_arm_muldivdf3.o)
 .ARM.attributes
                0x00000aa2       0x22 c:/siliconlabs/simplicitystudio/v5/developer/toolchains/gnu_arm/10.3_2021.10/bin/../lib/gcc/arm-none-eabi/10.3.1/thumb/v8-m.main+fp/hard\libgcc.a(_arm_fixunsdfsi.o)
 .ARM.attributes
                0x00000ac4       0x22 c:/siliconlabs/simplicitystudio/v5/developer/toolchains/gnu_arm/10.3_2021.10/bin/../lib/gcc/arm-none-eabi/10.3.1/thumb/v8-m.main+fp/hard\libgcc.a(_arm_truncdfsf2.o)
 .ARM.attributes
                0x00000ae6       0x22 c:/siliconlabs/simplicitystudio/v5/developer/toolchains/gnu_arm/10.3_2021.10/bin/../lib/gcc/arm-none-eabi/10.3.1/thumb/v8-m.main+fp/hard\libgcc.a(_aeabi_uldivmod.o)
 .ARM.attributes
                0x00000b08       0x38 c:/siliconlabs/simplicitystudio/v5/developer/toolchains/gnu_arm/10.3_2021.10/bin/../lib/gcc/arm-none-eabi/10.3.1/thumb/v8-m.main+fp/hard\libgcc.a(_udivmoddi4.o)
 .ARM.attributes
                0x00000b40       0x22 c:/siliconlabs/simplicitystudio/v5/developer/toolchains/gnu_arm/10.3_2021.10/bin/../lib/gcc/arm-none-eabi/10.3.1/thumb/v8-m.main+fp/hard\libgcc.a(_dvmd_tls.o)
 .ARM.attributes
                0x00000b62       0x38 c:/siliconlabs/simplicitystudio/v5/developer/toolchains/gnu_arm/10.3_2021.10/bin/../lib/gcc/arm-none-eabi/10.3.1/../../../../arm-none-eabi/lib/thumb/v8-m.main+fp/hard\libc_nano.a(lib_a-exit.o)
 .ARM.attributes
                0x00000b9a       0x38 c:/siliconlabs/simplicitystudio/v5/developer/toolchains/gnu_arm/10.3_2021.10/bin/../lib/gcc/arm-none-eabi/10.3.1/../../../../arm-none-eabi/lib/thumb/v8-m.main+fp/hard\libc_nano.a(lib_a-impure.o)
 .ARM.attributes
                0x00000bd2       0x38 c:/siliconlabs/simplicitystudio/v5/developer/toolchains/gnu_arm/10.3_2021.10/bin/../lib/gcc/arm-none-eabi/10.3.1/../../../../arm-none-eabi/lib/thumb/v8-m.main+fp/hard\libc_nano.a(lib_a-init.o)
 .ARM.attributes
                0x00000c0a       0x38 c:/siliconlabs/simplicitystudio/v5/developer/toolchains/gnu_arm/10.3_2021.10/bin/../lib/gcc/arm-none-eabi/10.3.1/../../../../arm-none-eabi/lib/thumb/v8-m.main+fp/hard\libc_nano.a(lib_a-memcpy-stub.o)
 .ARM.attributes
                0x00000c42       0x38 c:/siliconlabs/simplicitystudio/v5/developer/toolchains/gnu_arm/10.3_2021.10/bin/../lib/gcc/arm-none-eabi/10.3.1/../../../../arm-none-eabi/lib/thumb/v8-m.main+fp/hard\libc_nano.a(lib_a-memmove.o)
 .ARM.attributes
                0x00000c7a       0x38 c:/siliconlabs/simplicitystudio/v5/developer/toolchains/gnu_arm/10.3_2021.10/bin/../lib/gcc/arm-none-eabi/10.3.1/../../../../arm-none-eabi/lib/thumb/v8-m.main+fp/hard\libc_nano.a(lib_a-memset.o)
 .ARM.attributes
                0x00000cb2       0x38 c:/siliconlabs/simplicitystudio/v5/developer/toolchains/gnu_arm/10.3_2021.10/bin/../lib/gcc/arm-none-eabi/10.3.1/../../../../arm-none-eabi/lib/thumb/v8-m.main+fp/hard\libc_nano.a(lib_a-nano-freer.o)
 .ARM.attributes
                0x00000cea       0x38 c:/siliconlabs/simplicitystudio/v5/developer/toolchains/gnu_arm/10.3_2021.10/bin/../lib/gcc/arm-none-eabi/10.3.1/../../../../arm-none-eabi/lib/thumb/v8-m.main+fp/hard\libc_nano.a(lib_a-nano-mallocr.o)
 .ARM.attributes
                0x00000d22       0x38 c:/siliconlabs/simplicitystudio/v5/developer/toolchains/gnu_arm/10.3_2021.10/bin/../lib/gcc/arm-none-eabi/10.3.1/../../../../arm-none-eabi/lib/thumb/v8-m.main+fp/hard\libc_nano.a(lib_a-sbrkr.o)
 .ARM.attributes
                0x00000d5a       0x38 c:/siliconlabs/simplicitystudio/v5/developer/toolchains/gnu_arm/10.3_2021.10/bin/../lib/gcc/arm-none-eabi/10.3.1/../../../../arm-none-eabi/lib/thumb/v8-m.main+fp/hard\libc_nano.a(lib_a-snprintf.o)
 .ARM.attributes
                0x00000d92       0x38 c:/siliconlabs/simplicitystudio/v5/developer/toolchains/gnu_arm/10.3_2021.10/bin/../lib/gcc/arm-none-eabi/10.3.1/../../../../arm-none-eabi/lib/thumb/v8-m.main+fp/hard\libc_nano.a(lib_a-mlock.o)
 .ARM.attributes
                0x00000dca       0x38 c:/siliconlabs/simplicitystudio/v5/developer/toolchains/gnu_arm/10.3_2021.10/bin/../lib/gcc/arm-none-eabi/10.3.1/../../../../arm-none-eabi/lib/thumb/v8-m.main+fp/hard\libc_nano.a(lib_a-nano-reallocr.o)
 .ARM.attributes
                0x00000e02       0x38 c:/siliconlabs/simplicitystudio/v5/developer/toolchains/gnu_arm/10.3_2021.10/bin/../lib/gcc/arm-none-eabi/10.3.1/../../../../arm-none-eabi/lib/thumb/v8-m.main+fp/hard\libc_nano.a(lib_a-nano-svfprintf.o)
 .ARM.attributes
                0x00000e3a       0x38 c:/siliconlabs/simplicitystudio/v5/developer/toolchains/gnu_arm/10.3_2021.10/bin/../lib/gcc/arm-none-eabi/10.3.1/../../../../arm-none-eabi/lib/thumb/v8-m.main+fp/hard\libc_nano.a(lib_a-nano-vfprintf_i.o)
 .ARM.attributes
                0x00000e72       0x38 c:/siliconlabs/simplicitystudio/v5/developer/toolchains/gnu_arm/10.3_2021.10/bin/../lib/gcc/arm-none-eabi/10.3.1/../../../../arm-none-eabi/lib/thumb/v8-m.main+fp/hard\libc_nano.a(lib_a-reent.o)
 .ARM.attributes
                0x00000eaa       0x38 c:/siliconlabs/simplicitystudio/v5/developer/toolchains/gnu_arm/10.3_2021.10/bin/../lib/gcc/arm-none-eabi/10.3.1/../../../../arm-none-eabi/lib/thumb/v8-m.main+fp/hard\libc_nano.a(lib_a-lock.o)
 .ARM.attributes
                0x00000ee2       0x38 c:/siliconlabs/simplicitystudio/v5/developer/toolchains/gnu_arm/10.3_2021.10/bin/../lib/gcc/arm-none-eabi/10.3.1/../../../../arm-none-eabi/lib/thumb/v8-m.main+fp/hard\libc_nano.a(lib_a-memchr-stub.o)
 .ARM.attributes
                0x00000f1a       0x38 c:/siliconlabs/simplicitystudio/v5/developer/toolchains/gnu_arm/10.3_2021.10/bin/../lib/gcc/arm-none-eabi/10.3.1/../../../../arm-none-eabi/lib/thumb/v8-m.main+fp/hard\libc_nano.a(lib_a-nano-msizer.o)
 .ARM.attributes
                0x00000f52       0x38 c:/siliconlabs/simplicitystudio/v5/developer/toolchains/gnu_arm/10.3_2021.10/bin/../lib/gcc/arm-none-eabi/10.3.1/../../../../arm-none-eabi/lib/thumb/v8-m.main+fp/hard\libnosys.a(_exit.o)
 .ARM.attributes
                0x00000f8a       0x22 c:/siliconlabs/simplicitystudio/v5/developer/toolchains/gnu_arm/10.3_2021.10/bin/../lib/gcc/arm-none-eabi/10.3.1/thumb/v8-m.main+fp/hard/crtn.o

.comment        0x00000000       0x49
 .comment       0x00000000       0x49 ./DHT22.o
                                 0x4a (size before relaxing)
 .comment       0x00000049       0x4a ./Letimer.o
 .comment       0x00000049       0x4a ./app.o
 .comment       0x00000049       0x4a ./connect.o
 .comment       0x00000049       0x4a ./crypt.o
 .comment       0x00000049       0x4a ./iadc.o
 .comment       0x00000049       0x4a ./main.o
 .comment       0x00000049       0x4a ./uart.o
 .comment       0x00000049       0x4a ./autogen/sl_board_default_init.o
 .comment       0x00000049       0x4a ./autogen/sl_device_init_clocks.o
 .comment       0x00000049       0x4a ./autogen/sl_event_handler.o
 .comment       0x00000049       0x4a ./gecko_sdk_4.3.1/hardware/board/src/sl_board_control_gpio.o
 .comment       0x00000049       0x4a ./gecko_sdk_4.3.1/hardware/board/src/sl_board_init.o
 .comment       0x00000049       0x4a ./gecko_sdk_4.3.1/hardware/driver/configuration_over_swo/src/sl_cos.o
 .comment       0x00000049       0x4a ./gecko_sdk_4.3.1/hardware/driver/mx25_flash_shutdown/src/sl_mx25_flash_shutdown_usart/sl_mx25_flash_shutdown.o
 .comment       0x00000049       0x4a ./gecko_sdk_4.3.1/platform/Device/SiliconLabs/EFR32MG24/Source/startup_efr32mg24.o
 .comment       0x00000049       0x4a ./gecko_sdk_4.3.1/platform/Device/SiliconLabs/EFR32MG24/Source/system_efr32mg24.o
 .comment       0x00000049       0x4a ./gecko_sdk_4.3.1/platform/common/src/sl_assert.o
 .comment       0x00000049       0x4a ./gecko_sdk_4.3.1/platform/common/toolchain/src/sl_memory.o
 .comment       0x00000049       0x4a ./gecko_sdk_4.3.1/platform/driver/debug/src/sl_debug_swo.o
 .comment       0x00000049       0x4a ./gecko_sdk_4.3.1/platform/emdrv/ustimer/src/ustimer.o
 .comment       0x00000049       0x4a ./gecko_sdk_4.3.1/platform/emlib/src/em_cmu.o
 .comment       0x00000049       0x4a ./gecko_sdk_4.3.1/platform/emlib/src/em_core.o
 .comment       0x00000049       0x4a ./gecko_sdk_4.3.1/platform/emlib/src/em_emu.o
 .comment       0x00000049       0x4a ./gecko_sdk_4.3.1/platform/emlib/src/em_eusart.o
 .comment       0x00000049       0x4a ./gecko_sdk_4.3.1/platform/emlib/src/em_gpio.o
 .comment       0x00000049       0x4a ./gecko_sdk_4.3.1/platform/emlib/src/em_iadc.o
 .comment       0x00000049       0x4a ./gecko_sdk_4.3.1/platform/emlib/src/em_letimer.o
 .comment       0x00000049       0x4a ./gecko_sdk_4.3.1/platform/emlib/src/em_se.o
 .comment       0x00000049       0x4a ./gecko_sdk_4.3.1/platform/emlib/src/em_system.o
 .comment       0x00000049       0x4a ./gecko_sdk_4.3.1/platform/emlib/src/em_timer.o
 .comment       0x00000049       0x4a ./gecko_sdk_4.3.1/platform/emlib/src/em_usart.o
 .comment       0x00000049       0x4a ./gecko_sdk_4.3.1/platform/security/sl_component/se_manager/src/sl_se_manager.o
 .comment       0x00000049       0x4a ./gecko_sdk_4.3.1/platform/security/sl_component/sl_mbedtls_support/src/se_aes.o
 .comment       0x00000049       0x4a ./gecko_sdk_4.3.1/platform/security/sl_component/sl_mbedtls_support/src/sl_mbedtls.o
 .comment       0x00000049       0x4a ./gecko_sdk_4.3.1/platform/service/device_init/src/sl_device_init_dcdc_s2.o
 .comment       0x00000049       0x4a ./gecko_sdk_4.3.1/platform/service/device_init/src/sl_device_init_emu_s2.o
 .comment       0x00000049       0x4a ./gecko_sdk_4.3.1/platform/service/device_init/src/sl_device_init_hfrco.o
 .comment       0x00000049       0x4a ./gecko_sdk_4.3.1/platform/service/device_init/src/sl_device_init_hfxo_s2.o
 .comment       0x00000049       0x4a ./gecko_sdk_4.3.1/platform/service/device_init/src/sl_device_init_lfxo_s2.o
 .comment       0x00000049       0x4a ./gecko_sdk_4.3.1/platform/service/device_init/src/sl_device_init_nvic.o
 .comment       0x00000049       0x4a ./gecko_sdk_4.3.1/platform/service/system/src/sl_system_init.o
 .comment       0x00000049       0x4a ./gecko_sdk_4.3.1/platform/service/udelay/src/sl_udelay.o

.debug_info     0x00000000    0x3bd72
 .debug_info    0x00000000     0x188d ./DHT22.o
 .debug_info    0x0000188d     0x2c25 ./Letimer.o
 .debug_info    0x000044b2       0xab ./app.o
 .debug_info    0x0000455d     0x2959 ./connect.o
 .debug_info    0x00006eb6      0x178 ./crypt.o
 .debug_info    0x0000702e     0x2b71 ./iadc.o
 .debug_info    0x00009b9f       0x99 ./main.o
 .debug_info    0x00009c38     0x2af9 ./uart.o
 .debug_info    0x0000c731       0x87 ./autogen/sl_board_default_init.o
 .debug_info    0x0000c7b8      0xe55 ./autogen/sl_device_init_clocks.o
 .debug_info    0x0000d60d      0x14e ./autogen/sl_event_handler.o