Archive member included to satisfy reference by file (symbol)

c:/siliconlabs/simplicitystudio/v5/developer/toolchains/gnu_arm/10.3_2021.10/bin/../lib/gcc/arm-none-eabi/10.3.1/thumb/v8-m.main+fp/hard\libgcc.a(_arm_muldf3.o)
                              ./iadc.o (__aeabi_dmul)
c:/siliconlabs/simplicitystudio/v5/developer/toolchains/gnu_arm/10.3_2021.10/bin/../lib/gcc/arm-none-eabi/10.3.1/thumb/v8-m.main+fp/hard\libgcc.a(_arm_addsubdf3.o)
                              ./iadc.o (__aeabi_dsub)
c:/siliconlabs/simplicitystudio/v5/developer/toolchains/gnu_arm/10.3_2021.10/bin/../lib/gcc/arm-none-eabi/10.3.1/thumb/v8-m.main+fp/hard\libgcc.a(_arm_muldivdf3.o)
                              ./iadc.o (__aeabi_ddiv)
c:/siliconlabs/simplicitystudio/v5/developer/toolchains/gnu_arm/10.3_2021.10/bin/../lib/gcc/arm-none-eabi/10.3.1/thumb/v8-m.main+fp/hard\libgcc.a(_arm_fixunsdfsi.o)
                              ./iadc.o (__aeabi_d2uiz)
c:/siliconlabs/simplicitystudio/v5/developer/toolchains/gnu_arm/10.3_2021.10/bin/../lib/gcc/arm-none-eabi/10.3.1/thumb/v8-m.main+fp/hard\libgcc.a(_arm_truncdfsf2.o)
                              ./iadc.o (__aeabi_d2f)
c:/siliconlabs/simplicitystudio/v5/developer/toolchains/gnu_arm/10.3_2021.10/bin/../lib/gcc/arm-none-eabi/10.3.1/thumb/v8-m.main+fp/hard\libgcc.a(_aeabi_uldivmod.o)
                              ./gecko_sdk_4.3.1/platform/emdrv/ustimer/src/ustimer.o (__aeabi_uldivmod)
c:/siliconlabs/simplicitystudio/v5/developer/toolchains/gnu_arm/10.3_2021.10/bin/../lib/gcc/arm-none-eabi/10.3.1/thumb/v8-m.main+fp/hard\libgcc.a(_udivmoddi4.o)
                              c:/siliconlabs/simplicitystudio/v5/developer/toolchains/gnu_arm/10.3_2021.10/bin/../lib/gcc/arm-none-eabi/10.3.1/thumb/v8-m.main+fp/hard\libgcc.a(_aeabi_uldivmod.o) (__udivmoddi4)
c:/siliconlabs/simplicitystudio/v5/developer/toolchains/gnu_arm/10.3_2021.10/bin/../lib/gcc/arm-none-eabi/10.3.1/thumb/v8-m.main+fp/hard\libgcc.a(_dvmd_tls.o)
                              c:/siliconlabs/simplicitystudio/v5/developer/toolchains/gnu_arm/10.3_2021.10/bin/../lib/gcc/arm-none-eabi/10.3.1/thumb/v8-m.main+fp/hard\libgcc.a(_aeabi_uldivmod.o) (__aeabi_ldiv0)
c:/siliconlabs/simplicitystudio/v5/developer/toolchains/gnu_arm/10.3_2021.10/bin/../lib/gcc/arm-none-eabi/10.3.1/../../../../arm-none-eabi/lib/thumb/v8-m.main+fp/hard\libc_nano.a(lib_a-exit.o)
                              c:/siliconlabs/simplicitystudio/v5/developer/toolchains/gnu_arm/10.3_2021.10/bin/../lib/gcc/arm-none-eabi/10.3.1/../../../../arm-none-eabi/lib/thumb/v8-m.main+fp/hard/crt0.o (exit)
c:/siliconlabs/simplicitystudio/v5/developer/toolchains/gnu_arm/10.3_2021.10/bin/../lib/gcc/arm-none-eabi/10.3.1/../../../../arm-none-eabi/lib/thumb/v8-m.main+fp/hard\libc_nano.a(lib_a-impure.o)
                              c:/siliconlabs/simplicitystudio/v5/developer/toolchains/gnu_arm/10.3_2021.10/bin/../lib/gcc/arm-none-eabi/10.3.1/../../../../arm-none-eabi/lib/thumb/v8-m.main+fp/hard\libc_nano.a(lib_a-exit.o) (_global_impure_ptr)
c:/siliconlabs/simplicitystudio/v5/developer/toolchains/gnu_arm/10.3_2021.10/bin/../lib/gcc/arm-none-eabi/10.3.1/../../../../arm-none-eabi/lib/thumb/v8-m.main+fp/hard\libc_nano.a(lib_a-init.o)
                              c:/siliconlabs/simplicitystudio/v5/developer/toolchains/gnu_arm/10.3_2021.10/bin/../lib/gcc/arm-none-eabi/10.3.1/../../../../arm-none-eabi/lib/thumb/v8-m.main+fp/hard/crt0.o (__libc_init_array)
c:/siliconlabs/simplicitystudio/v5/developer/toolchains/gnu_arm/10.3_2021.10/bin/../lib/gcc/arm-none-eabi/10.3.1/../../../../arm-none-eabi/lib/thumb/v8-m.main+fp/hard\libc_nano.a(lib_a-memset.o)
                              c:/siliconlabs/simplicitystudio/v5/developer/toolchains/gnu_arm/10.3_2021.10/bin/../lib/gcc/arm-none-eabi/10.3.1/../../../../arm-none-eabi/lib/thumb/v8-m.main+fp/hard/crt0.o (memset)
c:/siliconlabs/simplicitystudio/v5/developer/toolchains/gnu_arm/10.3_2021.10/bin/../lib/gcc/arm-none-eabi/10.3.1/../../../../arm-none-eabi/lib/thumb/v8-m.main+fp/hard\libc_nano.a(lib_a-snprintf.o)
                              ./uart.o (snprintf)
c:/siliconlabs/simplicitystudio/v5/developer/toolchains/gnu_arm/10.3_2021.10/bin/../lib/gcc/arm-none-eabi/10.3.1/../../../../arm-none-eabi/lib/thumb/v8-m.main+fp/hard\libc_nano.a(lib_a-nano-svfprintf.o)
                              c:/siliconlabs/simplicitystudio/v5/developer/toolchains/gnu_arm/10.3_2021.10/bin/../lib/gcc/arm-none-eabi/10.3.1/../../../../arm-none-eabi/lib/thumb/v8-m.main+fp/hard\libc_nano.a(lib_a-snprintf.o) (_svfprintf_r)
c:/siliconlabs/simplicitystudio/v5/developer/toolchains/gnu_arm/10.3_2021.10/bin/../lib/gcc/arm-none-eabi/10.3.1/../../../../arm-none-eabi/lib/thumb/v8-m.main+fp/hard\libc_nano.a(lib_a-nano-vfprintf_i.o)
                              c:/siliconlabs/simplicitystudio/v5/developer/toolchains/gnu_arm/10.3_2021.10/bin/../lib/gcc/arm-none-eabi/10.3.1/../../../../arm-none-eabi/lib/thumb/v8-m.main+fp/hard\libc_nano.a(lib_a-nano-svfprintf.o) (_printf_i)
[...]
Memory Configuration

Name             Origin             Length             Attributes
FLASH            0x08000000         0x0017e000         xr
RAM              0x20000000         0x00040000         xrw
*default*        0x00000000         0xffffffff

Linker script and memory map

LOAD c:/siliconlabs/simplicitystudio/v5/developer/toolchains/gnu_arm/10.3_2021.10/bin/../lib/gcc/arm-none-eabi/10.3.1/thumb/v8-m.main+fp/hard/crti.o
LOAD c:/siliconlabs/simplicitystudio/v5/developer/toolchains/gnu_arm/10.3_2021.10/bin/../lib/gcc/arm-none-eabi/10.3.1/thumb/v8-m.main+fp/hard/crtbegin.o
LOAD c:/siliconlabs/simplicitystudio/v5/developer/toolchains/gnu_arm/10.3_2021.10/bin/../lib/gcc/arm-none-eabi/10.3.1/../../../../arm-none-eabi/lib/thumb/v8-m.main+fp/hard/crt0.o
START GROUP
LOAD ./DHT22.o
LOAD ./Letimer.o
LOAD ./app.o
LOAD ./connect.o
LOAD ./flash.o
LOAD ./iadc.o
LOAD ./main.o
LOAD ./uart.o
LOAD ./autogen/sl_board_default_init.o
LOAD ./autogen/sl_device_init_clocks.o
LOAD ./autogen/sl_event_handler.o
LOAD ./gecko_sdk_4.3.1/hardware/board/src/sl_board_control_gpio.o
LOAD ./gecko_sdk_4.3.1/hardware/board/src/sl_board_init.o
LOAD ./gecko_sdk_4.3.1/hardware/driver/configuration_over_swo/src/sl_cos.o
LOAD ./gecko_sdk_4.3.1/hardware/driver/mx25_flash_shutdown/src/sl_mx25_flash_shutdown_usart/sl_mx25_flash_shutdown.o
LOAD ./gecko_sdk_4.3.1/platform/Device/SiliconLabs/EFR32MG24/Source/startup_efr32mg24.o
LOAD ./gecko_sdk_4.3.1/platform/Device/SiliconLabs/EFR32MG24/Source/system_efr32mg24.o
LOAD ./gecko_sdk_4.3.1/platform/common/src/sl_assert.o
LOAD ./gecko_sdk_4.3.1/platform/common/toolchain/src/sl_memory.o
LOAD ./gecko_sdk_4.3.1/platform/driver/debug/src/sl_debug_swo.o
LOAD ./gecko_sdk_4.3.1/platform/emdrv/ustimer/src/ustimer.o
LOAD ./gecko_sdk_4.3.1/platform/emlib/src/em_cmu.o
LOAD ./gecko_sdk_4.3.1/platform/emlib/src/em_core.o
LOAD ./gecko_sdk_4.3.1/platform/emlib/src/em_emu.o
LOAD ./gecko_sdk_4.3.1/platform/emlib/src/em_eusart.o
LOAD ./gecko_sdk_4.3.1/platform/emlib/src/em_gpio.o
LOAD ./gecko_sdk_4.3.1/platform/emlib/src/em_iadc.o
LOAD ./gecko_sdk_4.3.1/platform/emlib/src/em_letimer.o
LOAD ./gecko_sdk_4.3.1/platform/emlib/src/em_msc.o
LOAD ./gecko_sdk_4.3.1/platform/emlib/src/em_system.o
LOAD ./gecko_sdk_4.3.1/platform/emlib/src/em_timer.o
LOAD ./gecko_sdk_4.3.1/platform/emlib/src/em_usart.o
LOAD ./gecko_sdk_4.3.1/platform/service/device_init/src/sl_device_init_dcdc_s2.o
LOAD ./gecko_sdk_4.3.1/platform/service/device_init/src/sl_device_init_emu_s2.o
LOAD ./gecko_sdk_4.3.1/platform/service/device_init/src/sl_device_init_hfrco.o
LOAD ./gecko_sdk_4.3.1/platform/service/device_init/src/sl_device_init_hfxo_s2.o
LOAD ./gecko_sdk_4.3.1/platform/service/device_init/src/sl_device_init_lfxo_s2.o
LOAD ./gecko_sdk_4.3.1/platform/service/device_init/src/sl_device_init_nvic.o
LOAD ./gecko_sdk_4.3.1/platform/service/system/src/sl_system_init.o
LOAD ./gecko_sdk_4.3.1/platform/service/system/src/sl_system_process_action.o
LOAD ./gecko_sdk_4.3.1/platform/service/udelay/src/sl_udelay.o
LOAD ./gecko_sdk_4.3.1/platform/service/udelay/src/sl_udelay_armv6m_gcc.o
LOAD c:/siliconlabs/simplicitystudio/v5/developer/toolchains/gnu_arm/10.3_2021.10/bin/../lib/gcc/arm-none-eabi/10.3.1/thumb/v8-m.main+fp/hard\libgcc.a
LOAD c:/siliconlabs/simplicitystudio/v5/developer/toolchains/gnu_arm/10.3_2021.10/bin/../lib/gcc/arm-none-eabi/10.3.1/../../../../arm-none-eabi/lib/thumb/v8-m.main+fp/hard\libc_nano.a
LOAD c:/siliconlabs/simplicitystudio/v5/developer/toolchains/gnu_arm/10.3_2021.10/bin/../lib/gcc/arm-none-eabi/10.3.1/../../../../arm-none-eabi/lib/thumb/v8-m.main+fp/hard\libm.a
LOAD c:/siliconlabs/simplicitystudio/v5/developer/toolchains/gnu_arm/10.3_2021.10/bin/../lib/gcc/arm-none-eabi/10.3.1/../../../../arm-none-eabi/lib/thumb/v8-m.main+fp/hard\libnosys.a
END GROUP
START GROUP
LOAD c:/siliconlabs/simplicitystudio/v5/developer/toolchains/gnu_arm/10.3_2021.10/bin/../lib/gcc/arm-none-eabi/10.3.1/thumb/v8-m.main+fp/hard\libgcc.a
LOAD c:/siliconlabs/simplicitystudio/v5/developer/toolchains/gnu_arm/10.3_2021.10/bin/../lib/gcc/arm-none-eabi/10.3.1/../../../../arm-none-eabi/lib/thumb/v8-m.main+fp/hard\libc_nano.a
LOAD c:/siliconlabs/simplicitystudio/v5/developer/toolchains/gnu_arm/10.3_2021.10/bin/../lib/gcc/arm-none-eabi/10.3.1/../../../../arm-none-eabi/lib/thumb/v8-m.main+fp/hard\libnosys.a
END GROUP
START GROUP
LOAD c:/siliconlabs/simplicitystudio/v5/developer/toolchains/gnu_arm/10.3_2021.10/bin/../lib/gcc/arm-none-eabi/10.3.1/thumb/v8-m.main+fp/hard\libgcc.a
LOAD c:/siliconlabs/simplicitystudio/v5/developer/toolchains/gnu_arm/10.3_2021.10/bin/../lib/gcc/arm-none-eabi/10.3.1/../../../../arm-none-eabi/lib/thumb/v8-m.main+fp/hard\libg_nano.a
LOAD c:/siliconlabs/simplicitystudio/v5/developer/toolchains/gnu_arm/10.3_2021.10/bin/../lib/gcc/arm-none-eabi/10.3.1/../../../../arm-none-eabi/lib/thumb/v8-m.main+fp/hard\libc_nano.a
END GROUP
START GROUP
LOAD c:/siliconlabs/simplicitystudio/v5/developer/toolchains/gnu_arm/10.3_2021.10/bin/../lib/gcc/arm-none-eabi/10.3.1/thumb/v8-m.main+fp/hard\libgcc.a
LOAD c:/siliconlabs/simplicitystudio/v5/developer/toolchains/gnu_arm/10.3_2021.10/bin/../lib/gcc/arm-none-eabi/10.3.1/../../../../arm-none-eabi/lib/thumb/v8-m.main+fp/hard\libc_nano.a
END GROUP
LOAD c:/siliconlabs/simplicitystudio/v5/developer/toolchains/gnu_arm/10.3_2021.10/bin/../lib/gcc/arm-none-eabi/10.3.1/thumb/v8-m.main+fp/hard/crtend.o
LOAD c:/siliconlabs/simplicitystudio/v5/developer/toolchains/gnu_arm/10.3_2021.10/bin/../lib/gcc/arm-none-eabi/10.3.1/thumb/v8-m.main+fp/hard/crtn.o

.text           0x08000000     0x94f4
                0x08000000                linker_vectors_begin = .
 *(.vectors)
 .vectors       0x08000000      0x170 ./gecko_sdk_4.3.1/platform/Device/SiliconLabs/EFR32MG24/Source/startup_efr32mg24.o
                0x08000000                __Vectors
                0x08000170                linker_vectors_end = .
                0x08000170                __Vectors_End = .
                0x08000170                __Vectors_Size = (__Vectors_End - __Vectors)
                0x08000170                linker_code_begin = .
 *(SORT_BY_ALIGNMENT(.text*))
 .text          0x08000170        0x8 ./gecko_sdk_4.3.1/platform/service/udelay/src/sl_udelay_armv6m_gcc.o
                0x08000170                sli_delay_loop
 .text.getMoisture
                0x08000178       0xd4 ./iadc.o
                0x08000178                getMoisture
 .text          0x0800024c       0x40 c:/siliconlabs/simplicitystudio/v5/developer/toolchains/gnu_arm/10.3_2021.10/bin/../lib/gcc/arm-none-eabi/10.3.1/thumb/v8-m.main+fp/hard/crtbegin.o
 .text          0x0800028c       0x7c c:/siliconlabs/simplicitystudio/v5/developer/toolchains/gnu_arm/10.3_2021.10/bin/../lib/gcc/arm-none-eabi/10.3.1/../../../../arm-none-eabi/lib/thumb/v8-m.main+fp/hard/crt0.o
                0x0800028c                _stack_init
                0x08000294                _start
                0x08000294                _mainCRTStartup
 .text.GPIO_PinInGet
                0x08000308       0x88 ./DHT22.o
 .text.DHT_GetData
                0x08000390       0xc8 ./DHT22.o
                0x08000390                DHT_GetData
 .text.__NVIC_EnableIRQ
                0x08000458       0x34 ./Letimer.o
 .text.__NVIC_ClearPendingIRQ
                0x0800048c       0x38 ./Letimer.o
 .text.LETIMER0_IRQHandler
                0x080004c4      0x12c ./Letimer.o
                0x080004c4                LETIMER0_IRQHandler
 .text.GPIO_PinInGet
                0x080005f0       0x88 ./app.o
 .text.GPIO_PinOutToggle
                0x08000678       0x84 ./connect.o
 .text.connectToStation
                0x080006fc       0xf4 ./connect.o
                0x080006fc                connectToStation
 .text.iadcInit
                0x080007f0       0xec ./iadc.o
                0x080007f0                iadcInit
 .text.iadcStartsingle
                0x080008dc       0x38 ./iadc.o
                0x080008dc                iadcStartsingle
 .text.__NVIC_EnableIRQ
                0x08000914       0x34 ./uart.o
 .text.__NVIC_ClearPendingIRQ
                0x08000948       0x38 ./uart.o
 .text.uartInit
                0x08000980       0xb0 ./uart.o
                0x08000980                uartInit
 .text.EUSART0_RX_IRQHandler
                0x08000a30       0x94 ./uart.o
                0x08000a30                EUSART0_RX_IRQHandler
 .text.transmitData
                0x08000ac4       0x4c ./uart.o
                0x08000ac4                transmitData
 .text.uint16ToCharArray
                0x08000b10       0x28 ./uart.o
                0x08000b10                uint16ToCharArray
 .text.sl_device_init_clocks
                0x08000b38       0xb0 ./autogen/sl_device_init_clocks.o
                0x08000b38                sl_device_init_clocks
 .text.GPIO_PinOutClear
                0x08000be8       0x84 ./gecko_sdk_4.3.1/hardware/driver/mx25_flash_shutdown/src/sl_mx25_flash_shutdown_usart/sl_mx25_flash_shutdown.o
 .text.GPIO_PinOutSet
                0x08000c6c       0x84 ./gecko_sdk_4.3.1/hardware/driver/mx25_flash_shutdown/src/sl_mx25_flash_shutdown_usart/sl_mx25_flash_shutdown.o
 .text.sl_mx25_flash_shutdown
                0x08000cf0      0x134 ./gecko_sdk_4.3.1/hardware/driver/mx25_flash_shutdown/src/sl_mx25_flash_shutdown_usart/sl_mx25_flash_shutdown.o
                0x08000cf0                sl_mx25_flash_shutdown
 .text.Reset_Handler
                0x08000e24       0x98 ./gecko_sdk_4.3.1/platform/Device/SiliconLabs/EFR32MG24/Source/startup_efr32mg24.o
                0x08000e24                Reset_Handler
 .text.__NVIC_EnableIRQ
                0x08000ebc       0x34 ./gecko_sdk_4.3.1/platform/Device/SiliconLabs/EFR32MG24/Source/system_efr32mg24.o
 .text.__NVIC_ClearPendingIRQ
                0x08000ef0       0x38 ./gecko_sdk_4.3.1/platform/Device/SiliconLabs/EFR32MG24/Source/system_efr32mg24.o
 .text.SystemInit
                0x08000f28       0x90 ./gecko_sdk_4.3.1/platform/Device/SiliconLabs/EFR32MG24/Source/system_efr32mg24.o
                0x08000f28                SystemInit
 .text.SystemHFRCODPLLClockGet
                0x08000fb8        0xc ./gecko_sdk_4.3.1/platform/Device/SiliconLabs/EFR32MG24/Source/system_efr32mg24.o
                0x08000fb8                SystemHFRCODPLLClockGet
 .text.SystemHFRCODPLLClockSet
                0x08000fc4       0x14 ./gecko_sdk_4.3.1/platform/Device/SiliconLabs/EFR32MG24/Source/system_efr32mg24.o
                0x08000fc4                SystemHFRCODPLLClockSet
 .text.SystemSYSCLKGet
                0x08000fd8       0x50 ./gecko_sdk_4.3.1/platform/Device/SiliconLabs/EFR32MG24/Source/system_efr32mg24.o
                0x08000fd8                SystemSYSCLKGet
 .text.SystemHCLKGet
                0x08001028       0x3c ./gecko_sdk_4.3.1/platform/Device/SiliconLabs/EFR32MG24/Source/system_efr32mg24.o
                0x08001028                SystemHCLKGet
 .text.SystemMaxCoreClockGet
                0x08001064        0xc ./gecko_sdk_4.3.1/platform/Device/SiliconLabs/EFR32MG24/Source/system_efr32mg24.o
                0x08001064                SystemMaxCoreClockGet
 .text.SystemHFXOClockGet
                0x08001070        0xc ./gecko_sdk_4.3.1/platform/Device/SiliconLabs/EFR32MG24/Source/system_efr32mg24.o
                0x08001070                SystemHFXOClockGet
 .text.SystemHFXOClockSet
                0x0800107c       0x2c ./gecko_sdk_4.3.1/platform/Device/SiliconLabs/EFR32MG24/Source/system_efr32mg24.o
                0x0800107c                SystemHFXOClockSet
 .text.SystemFSRCOClockGet
                0x080010a8        0xc ./gecko_sdk_4.3.1/platform/Device/SiliconLabs/EFR32MG24/Source/system_efr32mg24.o
                0x080010a8                SystemFSRCOClockGet
 .text.SystemHFRCOEM23ClockGet
                0x080010b4       0xe0 ./gecko_sdk_4.3.1/platform/Device/SiliconLabs/EFR32MG24/Source/system_efr32mg24.o
                0x080010b4                SystemHFRCOEM23ClockGet
 .text.SystemLFXOClockGet
                0x08001194        0xc ./gecko_sdk_4.3.1/platform/Device/SiliconLabs/EFR32MG24/Source/system_efr32mg24.o
                0x08001194                SystemLFXOClockGet
 .text._sbrk    0x080011a0       0x3c ./gecko_sdk_4.3.1/platform/common/toolchain/src/sl_memory.o
                0x080011a0                _sbrk
 .text.BUS_RegBitWrite
                0x080011dc       0x48 ./gecko_sdk_4.3.1/platform/driver/debug/src/sl_debug_swo.o
 .text.GPIO_DbgSWOEnable
                0x08001224       0x30 ./gecko_sdk_4.3.1/platform/driver/debug/src/sl_debug_swo.o
 .text.sl_debug_swo_init
                0x08001254      0x178 ./gecko_sdk_4.3.1/platform/driver/debug/src/sl_debug_swo.o
                0x08001254                sl_debug_swo_init
 .text.__NVIC_EnableIRQ
                0x080013cc       0x34 ./gecko_sdk_4.3.1/platform/emdrv/ustimer/src/ustimer.o
 .text.__NVIC_DisableIRQ
                0x08001400       0x44 ./gecko_sdk_4.3.1/platform/emdrv/ustimer/src/ustimer.o
 .text.__NVIC_ClearPendingIRQ
                0x08001444       0x38 ./gecko_sdk_4.3.1/platform/emdrv/ustimer/src/ustimer.o
 .text.TIMER_Valid
                0x0800147c       0x54 ./gecko_sdk_4.3.1/platform/emdrv/ustimer/src/ustimer.o
 .text.TIMER_MaxCount
                0x080014d0       0xf0 ./gecko_sdk_4.3.1/platform/emdrv/ustimer/src/ustimer.o
 .text.TIMER_Enable
                0x080015c0       0x44 ./gecko_sdk_4.3.1/platform/emdrv/ustimer/src/ustimer.o
 .text.TIMER_TopSet
                0x08001604       0x48 ./gecko_sdk_4.3.1/platform/emdrv/ustimer/src/ustimer.o
 .text.USTIMER_Init
                0x0800164c      0x130 ./gecko_sdk_4.3.1/platform/emdrv/ustimer/src/ustimer.o
                0x0800164c                USTIMER_Init
 .text.USTIMER_DeInit
                0x0800177c       0x38 ./gecko_sdk_4.3.1/platform/emdrv/ustimer/src/ustimer.o
                0x0800177c                USTIMER_DeInit
 .text.USTIMER_DelayIntSafe
                0x080017b4       0x9c ./gecko_sdk_4.3.1/platform/emdrv/ustimer/src/ustimer.o
                0x080017b4                USTIMER_DelayIntSafe
 .text.TIMER0_IRQHandler
                0x08001850       0x34 ./gecko_sdk_4.3.1/platform/emdrv/ustimer/src/ustimer.o
                0x08001850                TIMER0_IRQHandler
 .text.DelayTicksPolled
                0x08001884       0x50 ./gecko_sdk_4.3.1/platform/emdrv/ustimer/src/ustimer.o
 .text.BUS_RegBitWrite
                0x080018d4       0x48 ./gecko_sdk_4.3.1/platform/emlib/src/em_cmu.o
 .text.EMU_VScaleWait
                0x0800191c       0x1c ./gecko_sdk_4.3.1/platform/emlib/src/em_cmu.o
 .text.EMU_VScaleGet
                0x08001938       0x1c ./gecko_sdk_4.3.1/platform/emlib/src/em_cmu.o
 .text.SYSCFG_setSysTicExtClkEnCfgSysTic
                0x08001954       0x14 ./gecko_sdk_4.3.1/platform/emlib/src/em_cmu.o
 .text.SYSCFG_clearSysTicExtClkEnCfgSysTic
                0x08001968       0x14 ./gecko_sdk_4.3.1/platform/emlib/src/em_cmu.o
 .text.MSC_LockGetLocked
                0x0800197c       0x1c ./gecko_sdk_4.3.1/platform/emlib/src/em_cmu.o
 .text.MSC_LockSetLocked
                0x08001998       0x10 ./gecko_sdk_4.3.1/platform/emlib/src/em_cmu.o
 .text.MSC_LockSetUnlocked
                0x080019a8       0x10 ./gecko_sdk_4.3.1/platform/emlib/src/em_cmu.o
 .text.MSC_ReadCTRLGet
                0x080019b8        0xc ./gecko_sdk_4.3.1/platform/emlib/src/em_cmu.o
 .text.MSC_ReadCTRLSet
                0x080019c4       0x14 ./gecko_sdk_4.3.1/platform/emlib/src/em_cmu.o
 .text.CMU_ClockDivGet
                0x080019d8       0xec ./gecko_sdk_4.3.1/platform/emlib/src/em_cmu.o
                0x080019d8                CMU_ClockDivGet
 .text.CMU_ClockDivSet
                0x08001ac4      0x1b0 ./gecko_sdk_4.3.1/platform/emlib/src/em_cmu.o
                0x08001ac4                CMU_ClockDivSet
 .text.CMU_ClockEnable
                0x08001c74       0x74 ./gecko_sdk_4.3.1/platform/emlib/src/em_cmu.o
                0x08001c74                CMU_ClockEnable
 .text.CMU_ClockFreqGet
                0x08001ce8      0x6a8 ./gecko_sdk_4.3.1/platform/emlib/src/em_cmu.o
                0x08001ce8                CMU_ClockFreqGet
 .text.CMU_ClockSelectGet
                0x08002390      0x3e4 ./gecko_sdk_4.3.1/platform/emlib/src/em_cmu.o
                0x08002390                CMU_ClockSelectGet
 .text.CMU_ClockSelectSet
                0x08002774      0xb7c ./gecko_sdk_4.3.1/platform/emlib/src/em_cmu.o
                0x08002774                CMU_ClockSelectSet
 .text.CMU_HFRCODPLLBandSet
                0x080032f0      0x178 ./gecko_sdk_4.3.1/platform/emlib/src/em_cmu.o
                0x080032f0                CMU_HFRCODPLLBandSet
 .text.CMU_HFXOInit
                0x08003468      0x310 ./gecko_sdk_4.3.1/platform/emlib/src/em_cmu.o
                0x08003468                CMU_HFXOInit
 .text.CMU_HFXOCTuneDeltaGet
                0x08003778       0x10 ./gecko_sdk_4.3.1/platform/emlib/src/em_cmu.o
                0x08003778                CMU_HFXOCTuneDeltaGet
 .text.CMU_LFXOInit
                0x08003788      0x120 ./gecko_sdk_4.3.1/platform/emlib/src/em_cmu.o
                0x08003788                CMU_LFXOInit
 .text.CMU_LFXOPrecisionSet
                0x080038a8       0x1c ./gecko_sdk_4.3.1/platform/emlib/src/em_cmu.o
                0x080038a8                CMU_LFXOPrecisionSet
 .text.CMU_HFXOPrecisionSet
                0x080038c4       0x1c ./gecko_sdk_4.3.1/platform/emlib/src/em_cmu.o
                0x080038c4                CMU_HFXOPrecisionSet
 .text.eusart0ClkGet
                0x080038e0       0xac ./gecko_sdk_4.3.1/platform/emlib/src/em_cmu.o
 .text.em01GrpcClkGet
                0x0800398c       0xbc ./gecko_sdk_4.3.1/platform/emlib/src/em_cmu.o
 .text.vdac0ClkGet
                0x08003a48       0xa8 ./gecko_sdk_4.3.1/platform/emlib/src/em_cmu.o
 .text.vdac1ClkGet
                0x08003af0       0xa8 ./gecko_sdk_4.3.1/platform/emlib/src/em_cmu.o
 .text.pcnt0ClkGet
                0x08003b98       0x74 ./gecko_sdk_4.3.1/platform/emlib/src/em_cmu.o
 .text.rhclkPrescMax
                0x08003c0c       0x18 ./gecko_sdk_4.3.1/platform/emlib/src/em_cmu.o
 .text.rhclkPrescOptimize
                0x08003c24       0x2c ./gecko_sdk_4.3.1/platform/emlib/src/em_cmu.o
 .text.traceClkGet
                0x08003c50       0x84 ./gecko_sdk_4.3.1/platform/emlib/src/em_cmu.o
 .text.dpllRefClkGet
                0x08003cd4       0x94 ./gecko_sdk_4.3.1/platform/emlib/src/em_cmu.o
 .text.em01GrpaClkGet
                0x08003d68       0xc4 ./gecko_sdk_4.3.1/platform/emlib/src/em_cmu.o
 .text.em23GrpaClkGet
                0x08003e2c       0x94 ./gecko_sdk_4.3.1/platform/emlib/src/em_cmu.o
 .text.em4GrpaClkGet
                0x08003ec0       0x94 ./gecko_sdk_4.3.1/platform/emlib/src/em_cmu.o
 .text.getWaitStatesByFrequencyAndVScale
                0x08003f54       0x54 ./gecko_sdk_4.3.1/platform/emlib/src/em_cmu.o
 .text.flashWaitStateControl
                0x08003fa8       0x70 ./gecko_sdk_4.3.1/platform/emlib/src/em_cmu.o
 .text.HFRCODPLLDevinfoGet
                0x08004018      0x1bc ./gecko_sdk_4.3.1/platform/emlib/src/em_cmu.o
 .text.iadcClkGet
                0x080041d4       0x8c ./gecko_sdk_4.3.1/platform/emlib/src/em_cmu.o
 .text.pclkDivOptimize
                0x08004260       0x34 ./gecko_sdk_4.3.1/platform/emlib/src/em_cmu.o
 .text.sysrtcClkGet
                0x08004294       0x94 ./gecko_sdk_4.3.1/platform/emlib/src/em_cmu.o
 .text.wdog0ClkGet
                0x08004328       0xa8 ./gecko_sdk_4.3.1/platform/emlib/src/em_cmu.o
 .text.wdog1ClkGet
                0x080043d0       0xa8 ./gecko_sdk_4.3.1/platform/emlib/src/em_cmu.o
 .text.sysTickClkGet
                0x08004478       0x58 ./gecko_sdk_4.3.1/platform/emlib/src/em_cmu.o
 .text.EMU_DCDCLock
                0x080044d0       0x14 ./gecko_sdk_4.3.1/platform/emlib/src/em_emu.o
 .text.EMU_DCDCUnlock
                0x080044e4       0x10 ./gecko_sdk_4.3.1/platform/emlib/src/em_emu.o
 .text.EMU_DCDCSync
                0x080044f4       0x20 ./gecko_sdk_4.3.1/platform/emlib/src/em_emu.o
 .text.EMU_VScaleWait
                0x08004514       0x1c ./gecko_sdk_4.3.1/platform/emlib/src/em_emu.o
 .text.EMU_VScaleGet
                0x08004530       0x1c ./gecko_sdk_4.3.1/platform/emlib/src/em_emu.o
 .text.EMU_Unlock
                0x0800454c       0x10 ./gecko_sdk_4.3.1/platform/emlib/src/em_emu.o
 .text.EMU_EnterEM2
                0x0800455c       0x48 ./gecko_sdk_4.3.1/platform/emlib/src/em_emu.o
                0x0800455c                EMU_EnterEM2
 .text.EMU_EM4Init
                0x080045a4       0x24 ./gecko_sdk_4.3.1/platform/emlib/src/em_emu.o
                0x080045a4                EMU_EM4Init
 .text.EMU_EnterEM4
                0x080045c8       0xa4 ./gecko_sdk_4.3.1/platform/emlib/src/em_emu.o
                0x080045c8                EMU_EnterEM4
 .text.EMU_VScaleEM01ByClock
                0x0800466c       0x5c ./gecko_sdk_4.3.1/platform/emlib/src/em_emu.o
                0x0800466c                EMU_VScaleEM01ByClock
 .text.EMU_VScaleEM01
                0x080046c8       0xdc ./gecko_sdk_4.3.1/platform/emlib/src/em_emu.o
                0x080046c8                EMU_VScaleEM01
 .text.EMU_DCDCModeSet
                0x080047a4      0x120 ./gecko_sdk_4.3.1/platform/emlib/src/em_emu.o
                0x080047a4                EMU_DCDCModeSet
 .text.EMU_DCDCInit
                0x080048c4       0xa8 ./gecko_sdk_4.3.1/platform/emlib/src/em_emu.o
                0x080048c4                EMU_DCDCInit
 .text.EMU_DCDCSetPFMXModePeakCurrent
                0x0800496c       0xb4 ./gecko_sdk_4.3.1/platform/emlib/src/em_emu.o
                0x0800496c                EMU_DCDCSetPFMXModePeakCurrent
 .text.EUSART_UartInitLf
                0x08004a20       0xf8 ./gecko_sdk_4.3.1/platform/emlib/src/em_eusart.o
                0x08004a20                EUSART_UartInitLf
 .text.EUSART_Reset
                0x08004b18       0xa4 ./gecko_sdk_4.3.1/platform/emlib/src/em_eusart.o
                0x08004b18                EUSART_Reset
 .text.EUSART_Enable
                0x08004bbc       0xbc ./gecko_sdk_4.3.1/platform/emlib/src/em_eusart.o
                0x08004bbc                EUSART_Enable
 .text.EUSART_BaudrateSet
                0x08004c78      0x290 ./gecko_sdk_4.3.1/platform/emlib/src/em_eusart.o
                0x08004c78                EUSART_BaudrateSet
 .text.EUSART_ClockGet
                0x08004f08       0x48 ./gecko_sdk_4.3.1/platform/emlib/src/em_eusart.o
 .text.EUSART_AsyncInitCommon
                0x08004f50      0x3b8 ./gecko_sdk_4.3.1/platform/emlib/src/em_eusart.o
 .text.GPIO_PinOutClear
                0x08005308       0x84 ./gecko_sdk_4.3.1/platform/emlib/src/em_gpio.o
 .text.GPIO_PinOutSet
                0x0800538c       0x84 ./gecko_sdk_4.3.1/platform/emlib/src/em_gpio.o
 .text.GPIO_PinModeSet
                0x08005410      0x124 ./gecko_sdk_4.3.1/platform/emlib/src/em_gpio.o
                0x08005410                GPIO_PinModeSet
 .text.IADC_disable
                0x08005534       0x38 ./gecko_sdk_4.3.1/platform/emlib/src/em_iadc.o
 .text.IADC_init
                0x0800556c      0x9bc ./gecko_sdk_4.3.1/platform/emlib/src/em_iadc.o
                0x0800556c                IADC_init
 .text.IADC_initSingle
                0x08005f28       0xc4 ./gecko_sdk_4.3.1/platform/emlib/src/em_iadc.o
                0x08005f28                IADC_initSingle
 .text.IADC_updateSingleInput
                0x08005fec       0x8c ./gecko_sdk_4.3.1/platform/emlib/src/em_iadc.o
                0x08005fec                IADC_updateSingleInput
 .text.IADC_reset
                0x08006078      0x16c ./gecko_sdk_4.3.1/platform/emlib/src/em_iadc.o
                0x08006078                IADC_reset
 .text.IADC_calcTimebase
                0x080061e4       0xa0 ./gecko_sdk_4.3.1/platform/emlib/src/em_iadc.o
                0x080061e4                IADC_calcTimebase
 .text.IADC_calcSrcClkPrescale
                0x08006284       0x8c ./gecko_sdk_4.3.1/platform/emlib/src/em_iadc.o
                0x08006284                IADC_calcSrcClkPrescale
 .text.IADC_calcAdcClkPrescale
                0x08006310       0xc4 ./gecko_sdk_4.3.1/platform/emlib/src/em_iadc.o
                0x08006310                IADC_calcAdcClkPrescale
 .text.IADC_getReferenceVoltage
                0x080063d4       0x7c ./gecko_sdk_4.3.1/platform/emlib/src/em_iadc.o
                0x080063d4                IADC_getReferenceVoltage
 .text.LETIMER_Enable
                0x08006450       0x48 ./gecko_sdk_4.3.1/platform/emlib/src/em_letimer.o
                0x08006450                LETIMER_Enable
 .text.LETIMER_Init
                0x08006498      0x118 ./gecko_sdk_4.3.1/platform/emlib/src/em_letimer.o
                0x08006498                LETIMER_Init
 .text.SYSCFG_readChipRev
                0x080065b0        0xc ./gecko_sdk_4.3.1/platform/emlib/src/em_system.o
 .text.SYSTEM_ChipRevisionGet
                0x080065bc       0x50 ./gecko_sdk_4.3.1/platform/emlib/src/em_system.o
                0x080065bc                SYSTEM_ChipRevisionGet
 .text.TIMER_Valid
                0x0800660c       0x54 ./gecko_sdk_4.3.1/platform/emlib/src/em_timer.o
 .text.timerPrsConfig
                0x08006660       0xc0 ./gecko_sdk_4.3.1/platform/emlib/src/em_timer.o
 .text.TIMER_Init
                0x08006720      0x130 ./gecko_sdk_4.3.1/platform/emlib/src/em_timer.o
                0x08006720                TIMER_Init
 .text.TIMER_InitCC
                0x08006850      0x148 ./gecko_sdk_4.3.1/platform/emlib/src/em_timer.o
                0x08006850                TIMER_InitCC
 .text.prsRxInput
                0x08006998       0x38 ./gecko_sdk_4.3.1/platform/emlib/src/em_usart.o
 .text.USART_BaudrateSyncSet
                0x080069d0       0x68 ./gecko_sdk_4.3.1/platform/emlib/src/em_usart.o
                0x080069d0                USART_BaudrateSyncSet
 .text.USART_InitSync
                0x08006a38      0x108 ./gecko_sdk_4.3.1/platform/emlib/src/em_usart.o
                0x08006a38                USART_InitSync
 .text.USART_Reset
                0x08006b40       0xa0 ./gecko_sdk_4.3.1/platform/emlib/src/em_usart.o
                0x08006b40                USART_Reset
 .text.sl_device_init_dcdc
                0x08006be0       0x34 ./gecko_sdk_4.3.1/platform/service/device_init/src/sl_device_init_dcdc_s2.o
                0x08006be0                sl_device_init_dcdc
 .text.sl_device_init_emu
                0x08006c14       0x34 ./gecko_sdk_4.3.1/platform/service/device_init/src/sl_device_init_emu_s2.o
                0x08006c14                sl_device_init_emu
 .text.sl_device_init_hfrco
                0x08006c48       0x14 ./gecko_sdk_4.3.1/platform/service/device_init/src/sl_device_init_hfrco.o
                0x08006c48                sl_device_init_hfrco
 .text.sl_device_init_hfxo
                0x08006c5c       0xcc ./gecko_sdk_4.3.1/platform/service/device_init/src/sl_device_init_hfxo_s2.o
                0x08006c5c                sl_device_init_hfxo
 .text.sl_device_init_lfxo
                0x08006d28       0x3c ./gecko_sdk_4.3.1/platform/service/device_init/src/sl_device_init_lfxo_s2.o
                0x08006d28                sl_device_init_lfxo
 .text.__NVIC_SetPriority
                0x08006d64       0x50 ./gecko_sdk_4.3.1/platform/service/device_init/src/sl_device_init_nvic.o
 .text.sl_udelay_wait
                0x08006db4       0x80 ./gecko_sdk_4.3.1/platform/service/udelay/src/sl_udelay.o
                0x08006db4                sl_udelay_wait
 .text          0x08006e34      0x378 c:/siliconlabs/simplicitystudio/v5/developer/toolchains/gnu_arm/10.3_2021.10/bin/../lib/gcc/arm-none-eabi/10.3.1/thumb/v8-m.main+fp/hard\libgcc.a(_arm_addsubdf3.o)
                0x08006e34                __aeabi_drsub
                0x08006e3c                __aeabi_dsub
                0x08006e3c                __subdf3
                0x08006e40                __aeabi_dadd
                0x08006e40                __adddf3
                0x080070b8                __floatunsidf
                0x080070b8                __aeabi_ui2d
                0x080070d8                __floatsidf
                0x080070d8                __aeabi_i2d
                0x080070fc                __aeabi_f2d
                0x080070fc                __extendsfdf2
                0x08007140                __floatundidf
                0x08007140                __aeabi_ul2d
                0x08007150                __floatdidf
                0x08007150                __aeabi_l2d
 .text          0x080071ac      0x424 c:/siliconlabs/simplicitystudio/v5/developer/toolchains/gnu_arm/10.3_2021.10/bin/../lib/gcc/arm-none-eabi/10.3.1/thumb/v8-m.main+fp/hard\libgcc.a(_arm_muldivdf3.o)
                0x080071ac                __aeabi_dmul
                0x080071ac                __muldf3
                0x08007400                __divdf3
                0x08007400                __aeabi_ddiv
 .text          0x080075d0       0x40 c:/siliconlabs/simplicitystudio/v5/developer/toolchains/gnu_arm/10.3_2021.10/bin/../lib/gcc/arm-none-eabi/10.3.1/thumb/v8-m.main+fp/hard\libgcc.a(_arm_fixunsdfsi.o)
                0x080075d0                __aeabi_d2uiz
                0x080075d0                __fixunsdfsi
 .text          0x08007610       0xa0 c:/siliconlabs/simplicitystudio/v5/developer/toolchains/gnu_arm/10.3_2021.10/bin/../lib/gcc/arm-none-eabi/10.3.1/thumb/v8-m.main+fp/hard\libgcc.a(_arm_truncdfsf2.o)
                0x08007610                __truncdfsf2
                0x08007610                __aeabi_d2f
 .text          0x080076b0       0x30 c:/siliconlabs/simplicitystudio/v5/developer/toolchains/gnu_arm/10.3_2021.10/bin/../lib/gcc/arm-none-eabi/10.3.1/thumb/v8-m.main+fp/hard\libgcc.a(_aeabi_uldivmod.o)
                0x080076b0                __aeabi_uldivmod
 .text          0x080076e0      0x2ec c:/siliconlabs/simplicitystudio/v5/developer/toolchains/gnu_arm/10.3_2021.10/bin/../lib/gcc/arm-none-eabi/10.3.1/thumb/v8-m.main+fp/hard\libgcc.a(_udivmoddi4.o)
                0x080076e0                __udivmoddi4
 .text          0x080079cc        0x4 c:/siliconlabs/simplicitystudio/v5/developer/toolchains/gnu_arm/10.3_2021.10/bin/../lib/gcc/arm-none-eabi/10.3.1/thumb/v8-m.main+fp/hard\libgcc.a(_dvmd_tls.o)
                0x080079cc                __aeabi_idiv0
                0x080079cc                __aeabi_ldiv0
 .text.exit     0x080079d0       0x28 c:/siliconlabs/simplicitystudio/v5/developer/toolchains/gnu_arm/10.3_2021.10/bin/../lib/gcc/arm-none-eabi/10.3.1/../../../../arm-none-eabi/lib/thumb/v8-m.main+fp/hard\libc_nano.a(lib_a-exit.o)
                0x080079d0                exit
 .text.__libc_init_array
                0x080079f8       0x48 c:/siliconlabs/simplicitystudio/v5/developer/toolchains/gnu_arm/10.3_2021.10/bin/../lib/gcc/arm-none-eabi/10.3.1/../../../../arm-none-eabi/lib/thumb/v8-m.main+fp/hard\libc_nano.a(lib_a-init.o)
                0x080079f8                __libc_init_array
 .text.snprintf
                0x08007a40       0x68 c:/siliconlabs/simplicitystudio/v5/developer/toolchains/gnu_arm/10.3_2021.10/bin/../lib/gcc/arm-none-eabi/10.3.1/../../../../arm-none-eabi/lib/thumb/v8-m.main+fp/hard\libc_nano.a(lib_a-snprintf.o)
                0x08007a40                sniprintf
                0x08007a40                snprintf
 .text._svfprintf_r
                0x08007aa8      0x200 c:/siliconlabs/simplicitystudio/v5/developer/toolchains/gnu_arm/10.3_2021.10/bin/../lib/gcc/arm-none-eabi/10.3.1/../../../../arm-none-eabi/lib/thumb/v8-m.main+fp/hard\libc_nano.a(lib_a-nano-svfprintf.o)
                0x08007aa8                _svfiprintf_r
                0x08007aa8                _svfprintf_r
 .text._printf_i
                0x08007ca8      0x24c c:/siliconlabs/simplicitystudio/v5/developer/toolchains/gnu_arm/10.3_2021.10/bin/../lib/gcc/arm-none-eabi/10.3.1/../../../../arm-none-eabi/lib/thumb/v8-m.main+fp/hard\libc_nano.a(lib_a-nano-vfprintf_i.o)
                0x08007ca8                _printf_i
 .text._free_r  0x08007ef4       0x98 c:/siliconlabs/simplicitystudio/v5/developer/toolchains/gnu_arm/10.3_2021.10/bin/../lib/gcc/arm-none-eabi/10.3.1/../../../../arm-none-eabi/lib/thumb/v8-m.main+fp/hard\libc_nano.a(lib_a-nano-freer.o)
                0x08007ef4                _free_r
 .text.sbrk_aligned
                0x08007f8c       0x40 c:/siliconlabs/simplicitystudio/v5/developer/toolchains/gnu_arm/10.3_2021.10/bin/../lib/gcc/arm-none-eabi/10.3.1/../../../../arm-none-eabi/lib/thumb/v8-m.main+fp/hard\libc_nano.a(lib_a-nano-mallocr.o)
 .text._malloc_r
                0x08007fcc       0xe8 c:/siliconlabs/simplicitystudio/v5/developer/toolchains/gnu_arm/10.3_2021.10/bin/../lib/gcc/arm-none-eabi/10.3.1/../../../../arm-none-eabi/lib/thumb/v8-m.main+fp/hard\libc_nano.a(lib_a-nano-mallocr.o)
                0x08007fcc                _malloc_r
 .text._sbrk_r  0x080080b4       0x20 c:/siliconlabs/simplicitystudio/v5/developer/toolchains/gnu_arm/10.3_2021.10/bin/../lib/gcc/arm-none-eabi/10.3.1/../../../../arm-none-eabi/lib/thumb/v8-m.main+fp/hard\libc_nano.a(lib_a-sbrkr.o)
                0x080080b4                _sbrk_r
 .text.__malloc_lock
                0x080080d4        0xc c:/siliconlabs/simplicitystudio/v5/developer/toolchains/gnu_arm/10.3_2021.10/bin/../lib/gcc/arm-none-eabi/10.3.1/../../../../arm-none-eabi/lib/thumb/v8-m.main+fp/hard\libc_nano.a(lib_a-mlock.o)
                0x080080d4                __malloc_lock
 .text.__malloc_unlock
                0x080080e0        0xc c:/siliconlabs/simplicitystudio/v5/developer/toolchains/gnu_arm/10.3_2021.10/bin/../lib/gcc/arm-none-eabi/10.3.1/../../../../arm-none-eabi/lib/thumb/v8-m.main+fp/hard\libc_nano.a(lib_a-mlock.o)
                0x080080e0                __malloc_unlock
 .text._exit    0x080080ec        0x4 c:/siliconlabs/simplicitystudio/v5/developer/toolchains/gnu_arm/10.3_2021.10/bin/../lib/gcc/arm-none-eabi/10.3.1/../../../../arm-none-eabi/lib/thumb/v8-m.main+fp/hard\libnosys.a(_exit.o)
                0x080080ec                _exit
 .text.BUS_RegBitRead
                0x080080f0       0x1a ./DHT22.o
 .text.DHT_Start
                0x0800810a       0x3c ./DHT22.o
                0x0800810a                DHT_Start
 .text.DHT_Check_Response
                0x08008146       0x5c ./DHT22.o
                0x08008146                DHT_Check_Response
 .text.DHT_Read
                0x080081a2       0x9c ./DHT22.o
                0x080081a2                DHT_Read
 .text.LETIMER_IntClear
                0x0800823e       0x18 ./Letimer.o
 .text.LETIMER_IntEnable
                0x08008256       0x18 ./Letimer.o
 .text.LETIMER_IntGet
                0x0800826e        0xe ./Letimer.o
 .text.EUSART_IntClear
                0x0800827c       0x18 ./Letimer.o
 .text.EUSART_IntDisable
                0x08008294       0x18 ./Letimer.o
 .text.EUSART_IntEnable
                0x080082ac       0x18 ./Letimer.o
 .text.letimer0Init
                0x080082c4       0x72 ./Letimer.o
                0x080082c4                letimer0Init
 .text.letimer0Enable
                0x08008336       0x2a ./Letimer.o
                0x08008336                letimer0Enable
 .text.batteryLevel
                0x08008360       0x32 ./Letimer.o
                0x08008360                batteryLevel
 .text.BUS_RegBitRead
                0x08008392       0x1a ./app.o
 .text.app_init
                0x080083ac       0x2e ./app.o
                0x080083ac                app_init
 .text.app_process_action
                0x080083da        0x4 ./app.o
                0x080083da                app_process_action
 .text.IADC_command
                0x080083de       0x12 ./iadc.o
 .text.main     0x080083f0       0x16 ./main.o
                0x080083f0                main
 .text.EUSART_IntClear
                0x08008406       0x18 ./uart.o
 .text.EUSART_IntDisable
                0x0800841e       0x18 ./uart.o
 .text.gpioInit
                0x08008436       0x32 ./uart.o
                0x08008436                gpioInit
 .text.calculateLrc
                0x08008468       0x3c ./uart.o
                0x08008468                calculateLrc
 .text.sl_board_default_init
                0x080084a4        0xa ./autogen/sl_board_default_init.o
                0x080084a4                sl_board_default_init
 .text.CHIP_Init
                0x080084ae        0x4 ./autogen/sl_event_handler.o
 .text.sl_platform_init
                0x080084b2       0x2e ./autogen/sl_event_handler.o
                0x080084b2                sl_platform_init
 .text.sl_driver_init
                0x080084e0        0xe ./autogen/sl_event_handler.o
                0x080084e0                sl_driver_init
 .text.sl_service_init
                0x080084ee        0xa ./autogen/sl_event_handler.o
                0x080084ee                sl_service_init
 .text.sl_stack_init
                0x080084f8        0x4 ./autogen/sl_event_handler.o
                0x080084f8                sl_stack_init
 .text.sl_internal_app_init
                0x080084fc        0x4 ./autogen/sl_event_handler.o
                0x080084fc                sl_internal_app_init
 .text.sl_board_configure_vcom
                0x08008500        0x6 ./gecko_sdk_4.3.1/hardware/board/src/sl_board_control_gpio.o
                0x08008500                sl_board_configure_vcom
 .text.sl_board_disable_vcom
                0x08008506       0x14 ./gecko_sdk_4.3.1/hardware/board/src/sl_board_control_gpio.o
                0x08008506                sl_board_disable_vcom
 .text.sl_board_init
                0x0800851a       0x16 ./gecko_sdk_4.3.1/hardware/board/src/sl_board_init.o
                0x0800851a                sl_board_init
 .text.sl_board_preinit
                0x08008530        0xe ./gecko_sdk_4.3.1/hardware/board/src/sl_board_init.o
                0x08008530                sl_board_preinit
 .text.sl_cos_send_config
                0x0800853e       0x12 ./gecko_sdk_4.3.1/hardware/driver/configuration_over_swo/src/sl_cos.o
                0x0800853e                sl_cos_send_config
 .text.cs_low   0x08008550        0xe ./gecko_sdk_4.3.1/hardware/driver/mx25_flash_shutdown/src/sl_mx25_flash_shutdown_usart/sl_mx25_flash_shutdown.o
 .text.cs_high  0x0800855e        0xe ./gecko_sdk_4.3.1/hardware/driver/mx25_flash_shutdown/src/sl_mx25_flash_shutdown_usart/sl_mx25_flash_shutdown.o
 .text.Default_Handler
                0x0800856c        0x2 ./gecko_sdk_4.3.1/platform/Device/SiliconLabs/EFR32MG24/Source/startup_efr32mg24.o
                0x0800856c                ULFRCO_IRQHandler
                0x0800856c                AHB2AHB1_IRQHandler
                0x0800856c                SW2_IRQHandler
                0x0800856c                TIMER2_IRQHandler
                0x0800856c                DebugMon_Handler
                0x0800856c                USART0_TX_IRQHandler
                0x0800856c                IADC_IRQHandler
                0x0800856c                EUSART0_TX_IRQHandler
                0x0800856c                I2C0_IRQHandler
                0x0800856c                LFXO_IRQHandler
                0x0800856c                HardFault_Handler
                0x0800856c                SMU_SECURE_IRQHandler
                0x0800856c                SysTick_Handler
                0x0800856c                SYSRTC_SEQ_IRQHandler
                0x0800856c                EMUEFP_IRQHandler
                0x0800856c                PendSV_Handler
                0x0800856c                NMI_Handler
                0x0800856c                SYNTH_IRQHandler
                0x0800856c                HOSTMAILBOX_IRQHandler
                0x0800856c                HFXO0_IRQHandler
                0x0800856c                I2C1_IRQHandler
                0x0800856c                WDOG0_IRQHandler
                0x0800856c                TIMER3_IRQHandler
                0x0800856c                SYSCFG_IRQHandler
                0x0800856c                RFECA1_IRQHandler
                0x0800856c                EMUDG_IRQHandler
                0x0800856c                MSC_IRQHandler
                0x0800856c                DPLL0_IRQHandler
                0x0800856c                UsageFault_Handler
                0x0800856c                WDOG1_IRQHandler
                0x0800856c                M33CTI1_IRQHandler
                0x0800856c                TIMER4_IRQHandler
                0x0800856c                GPIO_EVEN_IRQHandler
                0x0800856c                VDAC0_IRQHandler
                0x0800856c                LDMA_IRQHandler
                0x0800856c                SEMBTX_IRQHandler
                0x0800856c                SW0_IRQHandler
                0x0800856c                MVP_IRQHandler
                0x0800856c                EUSART1_RX_IRQHandler
                0x0800856c                TIMER1_IRQHandler
                0x0800856c                HFRCO0_IRQHandler
                0x0800856c                SecureFault_Handler
                0x0800856c                BUFC_IRQHandler
                0x0800856c                DCDC_IRQHandler
                0x0800856c                MODEM_IRQHandler
                0x0800856c                Default_Handler
                0x0800856c                RAC_SEQ_IRQHandler
                0x0800856c                FRC_PRI_IRQHandler
                0x0800856c                SW3_IRQHandler
                0x0800856c                EMU_IRQHandler
                0x0800856c                KERNEL0_IRQHandler
                0x0800856c                FRC_IRQHandler
                0x0800856c                PCNT0_IRQHandler
                0x0800856c                KERNEL1_IRQHandler
                0x0800856c                AGC_IRQHandler
                0x0800856c                EUSART1_TX_IRQHandler
                0x0800856c                KEYSCAN_IRQHandler
                0x0800856c                HFRCOEM23_IRQHandler
                0x0800856c                sl_app_properties
                0x0800856c                BURTC_IRQHandler
                0x0800856c                SEMBRX_IRQHandler
                0x0800856c                RFECA0_IRQHandler
                0x0800856c                LFRCO_IRQHandler
                0x0800856c                VDAC1_IRQHandler
                0x0800856c                ACMP0_IRQHandler
                0x0800856c                USART0_RX_IRQHandler
                0x0800856c                MemManage_Handler
                0x0800856c                AHB2AHB0_IRQHandler
                0x0800856c                SVC_Handler
                0x0800856c                SMU_S_PRIVILEGED_IRQHandler
                0x0800856c                SW1_IRQHandler
                0x0800856c                CMU_IRQHandler
                0x0800856c                RAC_RSM_IRQHandler
                0x0800856c                SETAMPERHOST_IRQHandler
                0x0800856c                GPIO_ODD_IRQHandler
                0x0800856c                AES_IRQHandler
                0x0800856c                M33CTI0_IRQHandler
                0x0800856c                ICACHE0_IRQHandler
                0x0800856c                SMU_NS_PRIVILEGED_IRQHandler
                0x0800856c                FPUEXH_IRQHandler
                0x0800856c                PROTIMER_IRQHandler
                0x0800856c                ACMP1_IRQHandler
                0x0800856c                BusFault_Handler
                0x0800856c                MPAHBRAM_IRQHandler
                0x0800856c                SYSRTC_APP_IRQHandler
 .text.SystemCLKIN0Get
                0x0800856e        0x6 ./gecko_sdk_4.3.1/platform/Device/SiliconLabs/EFR32MG24/Source/system_efr32mg24.o
                0x0800856e                SystemCLKIN0Get
 .text.SystemLFRCOClockGet
                0x08008574        0x8 ./gecko_sdk_4.3.1/platform/Device/SiliconLabs/EFR32MG24/Source/system_efr32mg24.o
                0x08008574                SystemLFRCOClockGet
 .text.SystemULFRCOClockGet
                0x0800857c        0x8 ./gecko_sdk_4.3.1/platform/Device/SiliconLabs/EFR32MG24/Source/system_efr32mg24.o
                0x0800857c                SystemULFRCOClockGet
 .text.assertEFM
                0x08008584        0x8 ./gecko_sdk_4.3.1/platform/common/src/sl_assert.o
                0x08008584                assertEFM
 .text.sl_debug_swo_enable_itm
                0x0800858c       0x26 ./gecko_sdk_4.3.1/platform/driver/debug/src/sl_debug_swo.o
                0x0800858c                sl_debug_swo_enable_itm
 .text.sl_debug_swo_disable_itm
                0x080085b2       0x28 ./gecko_sdk_4.3.1/platform/driver/debug/src/sl_debug_swo.o
                0x080085b2                sl_debug_swo_disable_itm
 .text.TIMER_CounterGet
                0x080085da        0xe ./gecko_sdk_4.3.1/platform/emdrv/ustimer/src/ustimer.o
 .text.TIMER_IntClear
                0x080085e8       0x18 ./gecko_sdk_4.3.1/platform/emdrv/ustimer/src/ustimer.o
 .text.TIMER_IntDisable
                0x08008600       0x1a ./gecko_sdk_4.3.1/platform/emdrv/ustimer/src/ustimer.o
 .text.TIMER_IntGet
                0x0800861a        0xe ./gecko_sdk_4.3.1/platform/emdrv/ustimer/src/ustimer.o
 .text.SystemCoreClockGet
                0x08008628        0xc ./gecko_sdk_4.3.1/platform/emlib/src/em_cmu.o
 .text.BUS_RegBitRead
                0x08008634       0x1a ./gecko_sdk_4.3.1/platform/emlib/src/em_cmu.o
 .text.BUS_RegMaskedWrite
                0x0800864e       0x34 ./gecko_sdk_4.3.1/platform/emlib/src/em_cmu.o
 .text.sli_em_cmu_SYSCLKInitPreClockSelect
                0x08008682       0x1a ./gecko_sdk_4.3.1/platform/emlib/src/em_cmu.o
                0x08008682                sli_em_cmu_SYSCLKInitPreClockSelect
 .text.sli_em_cmu_SYSCLKInitPostClockSelect
                0x0800869c       0x2e ./gecko_sdk_4.3.1/platform/emlib/src/em_cmu.o
                0x0800869c                sli_em_cmu_SYSCLKInitPostClockSelect
 .text.CMU_UpdateWaitStates
                0x080086ca       0x28 ./gecko_sdk_4.3.1/platform/emlib/src/em_cmu.o
                0x080086ca                CMU_UpdateWaitStates
 .text.pclkDivMax
                0x080086f2       0x10 ./gecko_sdk_4.3.1/platform/emlib/src/em_cmu.o
 .text.waitStateMax
                0x08008702       0x14 ./gecko_sdk_4.3.1/platform/emlib/src/em_cmu.o
 .text.CORE_EnterCritical
                0x08008716       0x18 ./gecko_sdk_4.3.1/platform/emlib/src/em_core.o
                0x08008716                CORE_EnterCritical
 .text.CORE_ExitCritical
                0x0800872e       0x14 ./gecko_sdk_4.3.1/platform/emlib/src/em_core.o
                0x0800872e                CORE_ExitCritical
 .text.SystemCoreClockUpdate
                0x08008742        0xa ./gecko_sdk_4.3.1/platform/emlib/src/em_emu.o
 .text.BUS_RegBitRead
                0x0800874c       0x1a ./gecko_sdk_4.3.1/platform/emlib/src/em_emu.o
 .text.vScaleEM01Cmd
                0x08008766       0x1c ./gecko_sdk_4.3.1/platform/emlib/src/em_emu.o
 .text.EMU_EM23PresleepHook
                0x08008782        0x4 ./gecko_sdk_4.3.1/platform/emlib/src/em_emu.o
                0x08008782                EMU_EM23PresleepHook
 .text.EMU_EFPEM23PresleepHook
                0x08008786        0x4 ./gecko_sdk_4.3.1/platform/emlib/src/em_emu.o
                0x08008786                EMU_EFPEM23PresleepHook
 .text.EMU_EM23PostsleepHook
                0x0800878a        0x4 ./gecko_sdk_4.3.1/platform/emlib/src/em_emu.o
                0x0800878a                EMU_EM23PostsleepHook
 .text.EMU_EFPEM23PostsleepHook
                0x0800878e        0x4 ./gecko_sdk_4.3.1/platform/emlib/src/em_emu.o
                0x0800878e                EMU_EFPEM23PostsleepHook
 .text.EMU_EM4PresleepHook
                0x08008792        0x4 ./gecko_sdk_4.3.1/platform/emlib/src/em_emu.o
                0x08008792                EMU_EM4PresleepHook
 .text.EMU_EFPEM4PresleepHook
                0x08008796        0x4 ./gecko_sdk_4.3.1/platform/emlib/src/em_emu.o
                0x08008796                EMU_EFPEM4PresleepHook
 .text.EMU_EFPEM01VScale
                0x0800879a        0xe ./gecko_sdk_4.3.1/platform/emlib/src/em_emu.o
                0x0800879a                EMU_EFPEM01VScale
 .text.EMU_DCDCUpdatedHook
                0x080087a8        0x4 ./gecko_sdk_4.3.1/platform/emlib/src/em_emu.o
                0x080087a8                EMU_DCDCUpdatedHook
 .text.EUSART_StatusGet
                0x080087ac        0xe ./gecko_sdk_4.3.1/platform/emlib/src/em_eusart.o
 .text.eusart_sync
                0x080087ba       0x1c ./gecko_sdk_4.3.1/platform/emlib/src/em_eusart.o
 .text.EUSART_Rx
                0x080087d6       0x5a ./gecko_sdk_4.3.1/platform/emlib/src/em_eusart.o
                0x080087d6                EUSART_Rx
 .text.EUSART_Tx
                0x08008830       0x26 ./gecko_sdk_4.3.1/platform/emlib/src/em_eusart.o
                0x08008830                EUSART_Tx
 .text.EUSART_Disable
                0x08008856       0x68 ./gecko_sdk_4.3.1/platform/emlib/src/em_eusart.o
 .text.BUS_RegMaskedWrite
                0x080088be       0x34 ./gecko_sdk_4.3.1/platform/emlib/src/em_gpio.o
 .text.GPIO_DbgLocationSet
                0x080088f2        0xa ./gecko_sdk_4.3.1/platform/emlib/src/em_gpio.o
                0x080088f2                GPIO_DbgLocationSet
 .text.IADC_pullSingleFifoData
                0x080088fc        0xe ./gecko_sdk_4.3.1/platform/emlib/src/em_iadc.o
 .text.IADC_readSingleData
                0x0800890a        0xe ./gecko_sdk_4.3.1/platform/emlib/src/em_iadc.o
 .text.IADC_pullScanFifoData
                0x08008918       0x10 ./gecko_sdk_4.3.1/platform/emlib/src/em_iadc.o
 .text.IADC_readScanData
                0x08008928       0x10 ./gecko_sdk_4.3.1/platform/emlib/src/em_iadc.o
 .text.IADC_clearInt
                0x08008938       0x18 ./gecko_sdk_4.3.1/platform/emlib/src/em_iadc.o
 .text.IADC_disableInt
                0x08008950       0x18 ./gecko_sdk_4.3.1/platform/emlib/src/em_iadc.o
 .text.IADC_command
                0x08008968       0x12 ./gecko_sdk_4.3.1/platform/emlib/src/em_iadc.o
 .text.IADC_enable
                0x0800897a       0x16 ./gecko_sdk_4.3.1/platform/emlib/src/em_iadc.o
 .text.IADC_ConvertRawDataToResult
                0x08008990       0x72 ./gecko_sdk_4.3.1/platform/emlib/src/em_iadc.o
 .text.IADC_readSingleResult
                0x08008a02       0x2a ./gecko_sdk_4.3.1/platform/emlib/src/em_iadc.o
                0x08008a02                IADC_readSingleResult
 .text.regSync  0x08008a2c       0x1c ./gecko_sdk_4.3.1/platform/emlib/src/em_letimer.o
 .text.LETIMER_TopSet
                0x08008a48       0x38 ./gecko_sdk_4.3.1/platform/emlib/src/em_letimer.o
                0x08008a48                LETIMER_TopSet
 .text.TIMER_SyncWait
                0x08008a80       0x24 ./gecko_sdk_4.3.1/platform/emlib/src/em_timer.o
                0x08008a80                TIMER_SyncWait
 .text.USART_SpiTransfer
                0x08008aa4       0x3a ./gecko_sdk_4.3.1/platform/emlib/src/em_usart.o
                0x08008aa4                USART_SpiTransfer
 .text.sl_device_init_nvic
                0x08008ade       0x38 ./gecko_sdk_4.3.1/platform/service/device_init/src/sl_device_init_nvic.o
                0x08008ade                sl_device_init_nvic
 .text.sl_system_init
                0x08008b16       0x1a ./gecko_sdk_4.3.1/platform/service/system/src/sl_system_init.o
                0x08008b16                sl_system_init
 .text.SystemCoreClockGet
                0x08008b30        0xc ./gecko_sdk_4.3.1/platform/service/udelay/src/sl_udelay.o
 .text.memset   0x08008b3c       0x10 c:/siliconlabs/simplicitystudio/v5/developer/toolchains/gnu_arm/10.3_2021.10/bin/../lib/gcc/arm-none-eabi/10.3.1/../../../../arm-none-eabi/lib/thumb/v8-m.main+fp/hard\libc_nano.a(lib_a-memset.o)
                0x08008b3c                memset
 .text.__ssputs_r
                0x08008b4c       0xb6 c:/siliconlabs/simplicitystudio/v5/developer/toolchains/gnu_arm/10.3_2021.10/bin/../lib/gcc/arm-none-eabi/10.3.1/../../../../arm-none-eabi/lib/thumb/v8-m.main+fp/hard\libc_nano.a(lib_a-nano-svfprintf.o)
                0x08008b4c                __ssputs_r
 .text._printf_common
                0x08008c02       0xe0 c:/siliconlabs/simplicitystudio/v5/developer/toolchains/gnu_arm/10.3_2021.10/bin/../lib/gcc/arm-none-eabi/10.3.1/../../../../arm-none-eabi/lib/thumb/v8-m.main+fp/hard\libc_nano.a(lib_a-nano-vfprintf_i.o)
                0x08008c02                _printf_common
 .text.memchr   0x08008ce2       0x1c c:/siliconlabs/simplicitystudio/v5/developer/toolchains/gnu_arm/10.3_2021.10/bin/../lib/gcc/arm-none-eabi/10.3.1/../../../../arm-none-eabi/lib/thumb/v8-m.main+fp/hard\libc_nano.a(lib_a-memchr-stub.o)
                0x08008ce2                memchr
 .text.memcpy   0x08008cfe       0x1a c:/siliconlabs/simplicitystudio/v5/developer/toolchains/gnu_arm/10.3_2021.10/bin/../lib/gcc/arm-none-eabi/10.3.1/../../../../arm-none-eabi/lib/thumb/v8-m.main+fp/hard\libc_nano.a(lib_a-memcpy-stub.o)
                0x08008cfe                memcpy
 .text.memmove  0x08008d18       0x34 c:/siliconlabs/simplicitystudio/v5/developer/toolchains/gnu_arm/10.3_2021.10/bin/../lib/gcc/arm-none-eabi/10.3.1/../../../../arm-none-eabi/lib/thumb/v8-m.main+fp/hard\libc_nano.a(lib_a-memmove.o)
                0x08008d18                memmove
 .text._realloc_r
                0x08008d4c       0x5e c:/siliconlabs/simplicitystudio/v5/developer/toolchains/gnu_arm/10.3_2021.10/bin/../lib/gcc/arm-none-eabi/10.3.1/../../../../arm-none-eabi/lib/thumb/v8-m.main+fp/hard\libc_nano.a(lib_a-nano-reallocr.o)
                0x08008d4c                _realloc_r
 .text._malloc_usable_size_r
                0x08008daa       0x10 c:/siliconlabs/simplicitystudio/v5/developer/toolchains/gnu_arm/10.3_2021.10/bin/../lib/gcc/arm-none-eabi/10.3.1/../../../../arm-none-eabi/lib/thumb/v8-m.main+fp/hard\libc_nano.a(lib_a-nano-msizer.o)
                0x08008daa                _malloc_usable_size_r
 .text.__retarget_lock_acquire_recursive
                0x08008dba        0x2 c:/siliconlabs/simplicitystudio/v5/developer/toolchains/gnu_arm/10.3_2021.10/bin/../lib/gcc/arm-none-eabi/10.3.1/../../../../arm-none-eabi/lib/thumb/v8-m.main+fp/hard\libc_nano.a(lib_a-lock.o)
                0x08008dba                __retarget_lock_acquire_recursive
 .text.__retarget_lock_release_recursive
                0x08008dbc        0x2 c:/siliconlabs/simplicitystudio/v5/developer/toolchains/gnu_arm/10.3_2021.10/bin/../lib/gcc/arm-none-eabi/10.3.1/../../../../arm-none-eabi/lib/thumb/v8-m.main+fp/hard\libc_nano.a(lib_a-lock.o)
                0x08008dbc                __retarget_lock_release_recursive
                0x08008dbe                linker_code_end = .
 *(.init)
 *fill*         0x08008dbe        0x2 
 .init          0x08008dc0        0x4 c:/siliconlabs/simplicitystudio/v5/developer/toolchains/gnu_arm/10.3_2021.10/bin/../lib/gcc/arm-none-eabi/10.3.1/thumb/v8-m.main+fp/hard/crti.o
                0x08008dc0                _init
 .init          0x08008dc4        0x8 c:/siliconlabs/simplicitystudio/v5/developer/toolchains/gnu_arm/10.3_2021.10/bin/../lib/gcc/arm-none-eabi/10.3.1/thumb/v8-m.main+fp/hard/crtn.o
 *(.fini)
 .fini          0x08008dcc        0x4 c:/siliconlabs/simplicitystudio/v5/developer/toolchains/gnu_arm/10.3_2021.10/bin/../lib/gcc/arm-none-eabi/10.3.1/thumb/v8-m.main+fp/hard/crti.o
                0x08008dcc                _fini
 .fini          0x08008dd0        0x8 c:/siliconlabs/simplicitystudio/v5/developer/toolchains/gnu_arm/10.3_2021.10/bin/../lib/gcc/arm-none-eabi/10.3.1/thumb/v8-m.main+fp/hard/crtn.o
 *crtbegin.o(.ctors)
 *crtbegin?.o(.ctors)
 *(EXCLUDE_FILE(*crtend.o *crtend?.o) .ctors)
 *(SORT_BY_NAME(.ctors.*))
 *(.ctors)
 *crtbegin.o(.dtors)
 *crtbegin?.o(.dtors)
 *(EXCLUDE_FILE(*crtend.o *crtend?.o) .dtors)
 *(SORT_BY_NAME(.dtors.*))
 *(.dtors)
 *(.rodata*)
 .rodata        0x08008dd8       0x4e ./DHT22.o
 *fill*         0x08008e26        0x2 
 .rodata        0x08008e28       0x4e ./app.o
 *fill*         0x08008e76        0x2 
 .rodata        0x08008e78       0x57 ./connect.o
 *fill*         0x08008ecf        0x1 
 .rodata        0x08008ed0       0x28 ./iadc.o
 .rodata        0x08008ef8       0x39 ./uart.o
 *fill*         0x08008f31        0x3 
 .rodata        0x08008f34       0x6c ./gecko_sdk_4.3.1/hardware/driver/mx25_flash_shutdown/src/sl_mx25_flash_shutdown_usart/sl_mx25_flash_shutdown.o
 .rodata        0x08008fa0       0x4d ./gecko_sdk_4.3.1/platform/driver/debug/src/sl_debug_swo.o
 *fill*         0x08008fed        0x3 
 .rodata        0x08008ff0       0x4f ./gecko_sdk_4.3.1/platform/emdrv/ustimer/src/ustimer.o
 *fill*         0x0800903f        0x1 
 .rodata        0x08009040       0x9d ./gecko_sdk_4.3.1/platform/emlib/src/em_cmu.o
 *fill*         0x080090dd        0x3 
 .rodata        0x080090e0       0x4d ./gecko_sdk_4.3.1/platform/emlib/src/em_emu.o
 *fill*         0x0800912d        0x3 
 .rodata        0x08009130       0x50 ./gecko_sdk_4.3.1/platform/emlib/src/em_eusart.o
 .rodata        0x08009180       0xee ./gecko_sdk_4.3.1/platform/emlib/src/em_gpio.o
 *fill*         0x0800926e        0x2 
 .rodata        0x08009270       0x68 ./gecko_sdk_4.3.1/platform/emlib/src/em_iadc.o
 .rodata        0x080092d8       0x51 ./gecko_sdk_4.3.1/platform/emlib/src/em_letimer.o
 *fill*         0x08009329        0x3 
 .rodata        0x0800932c       0x9f ./gecko_sdk_4.3.1/platform/emlib/src/em_timer.o
 *fill*         0x080093cb        0x1 
 .rodata        0x080093cc       0x4f ./gecko_sdk_4.3.1/platform/emlib/src/em_usart.o
 *fill*         0x0800941b        0x1 
 .rodata        0x0800941c        0x7 ./gecko_sdk_4.3.1/platform/service/device_init/src/sl_device_init_dcdc_s2.o
 *fill*         0x08009423        0x1 
 .rodata        0x08009424       0x28 ./gecko_sdk_4.3.1/platform/service/device_init/src/sl_device_init_hfxo_s2.o
 .rodata        0x0800944c       0x14 ./gecko_sdk_4.3.1/platform/service/device_init/src/sl_device_init_lfxo_s2.o
 .rodata        0x08009460       0x59 ./gecko_sdk_4.3.1/platform/service/udelay/src/sl_udelay.o
 *fill*         0x080094b9        0x3 
 .rodata._global_impure_ptr
                0x080094bc        0x4 c:/siliconlabs/simplicitystudio/v5/developer/toolchains/gnu_arm/10.3_2021.10/bin/../lib/gcc/arm-none-eabi/10.3.1/../../../../arm-none-eabi/lib/thumb/v8-m.main+fp/hard\libc_nano.a(lib_a-impure.o)
                0x080094bc                _global_impure_ptr
 .rodata._svfprintf_r.str1.1
                0x080094c0       0x11 c:/siliconlabs/simplicitystudio/v5/developer/toolchains/gnu_arm/10.3_2021.10/bin/../lib/gcc/arm-none-eabi/10.3.1/../../../../arm-none-eabi/lib/thumb/v8-m.main+fp/hard\libc_nano.a(lib_a-nano-svfprintf.o)
 .rodata._printf_i.str1.1
                0x080094d1       0x22 c:/siliconlabs/simplicitystudio/v5/developer/toolchains/gnu_arm/10.3_2021.10/bin/../lib/gcc/arm-none-eabi/10.3.1/../../../../arm-none-eabi/lib/thumb/v8-m.main+fp/hard\libc_nano.a(lib_a-nano-vfprintf_i.o)
 *(.eh_frame*)
 *fill*         0x080094f3        0x1 
 .eh_frame      0x080094f4        0x0 c:/siliconlabs/simplicitystudio/v5/developer/toolchains/gnu_arm/10.3_2021.10/bin/../lib/gcc/arm-none-eabi/10.3.1/thumb/v8-m.main+fp/hard/crtbegin.o

.glue_7         0x080094f4        0x0
 .glue_7        0x080094f4        0x0 linker stubs

.glue_7t        0x080094f4        0x0
 .glue_7t       0x080094f4        0x0 linker stubs

.vfp11_veneer   0x080094f4        0x0
 .vfp11_veneer  0x080094f4        0x0 linker stubs

.v4_bx          0x080094f4        0x0
 .v4_bx         0x080094f4        0x0 linker stubs

.iplt           0x080094f4        0x0
 .iplt          0x080094f4        0x0 c:/siliconlabs/simplicitystudio/v5/developer/toolchains/gnu_arm/10.3_2021.10/bin/../lib/gcc/arm-none-eabi/10.3.1/thumb/v8-m.main+fp/hard/crtbegin.o

.ARM.extab
 *(.ARM.extab* .gnu.linkonce.armextab.*)
                0x080094f4                __exidx_start = .

.ARM.exidx      0x080094f4        0x8
 *(.ARM.exidx* .gnu.linkonce.armexidx.*)
 .ARM.exidx     0x080094f4        0x8 c:/siliconlabs/simplicitystudio/v5/developer/toolchains/gnu_arm/10.3_2021.10/bin/../lib/gcc/arm-none-eabi/10.3.1/../../../../arm-none-eabi/lib/thumb/v8-m.main+fp/hard/crt0.o
                                 0x10 (size before relaxing)
 .ARM.exidx     0x080094fc        0x0 c:/siliconlabs/simplicitystudio/v5/developer/toolchains/gnu_arm/10.3_2021.10/bin/../lib/gcc/arm-none-eabi/10.3.1/thumb/v8-m.main+fp/hard\libgcc.a(_udivmoddi4.o)
                                  0x8 (size before relaxing)
                0x080094fc                __exidx_end = .

.rel.dyn        0x080094fc        0x0
 .rel.iplt      0x080094fc        0x0 c:/siliconlabs/simplicitystudio/v5/developer/toolchains/gnu_arm/10.3_2021.10/bin/../lib/gcc/arm-none-eabi/10.3.1/thumb/v8-m.main+fp/hard/crtbegin.o

.copy.table     0x080094fc        0xc
                0x080094fc                . = ALIGN (0x4)
                0x080094fc                __copy_table_start__ = .
                0x080094fc        0x4 LONG 0x8009508 __etext
                0x08009500        0x4 LONG 0x20001000 __data_start__
                0x08009504        0x4 LONG 0x22 ((__data_end__ - __data_start__) / 0x4)
                0x08009508                __copy_table_end__ = .

.zero.table     0x08009508        0x0
                0x08009508                . = ALIGN (0x4)
                0x08009508                __zero_table_start__ = .
                0x08009508                __zero_table_end__ = .
                0x08009508                __etext = .
                0x20000000                . = ORIGIN (RAM)

.stack          0x20000000     0x1000
                0x20000000                __StackLimit = .
 *(.stack*)
 .stack         0x20000000     0x1000 ./gecko_sdk_4.3.1/platform/common/toolchain/src/sl_memory.o
                0x20001000                . = ALIGN (0x4)
                0x20001000                __StackTop = .
                0x20001000                PROVIDE (__stack = __StackTop)

.noinit
 *(.noinit*)

.data           0x20001000       0x88 load address 0x08009508
                0x20001000                . = ALIGN (0x4)
                0x20001000                __data_start__ = .
 *(vtable)
 *(SORT_BY_ALIGNMENT(.data*))
 .data.SystemHFXOClock
                0x20001000        0x4 ./gecko_sdk_4.3.1/platform/Device/SiliconLabs/EFR32MG24/Source/system_efr32mg24.o
 .data.SystemLFXOClock
                0x20001004        0x4 ./gecko_sdk_4.3.1/platform/Device/SiliconLabs/EFR32MG24/Source/system_efr32mg24.o
 .data.SystemHFRCODPLLClock
                0x20001008        0x4 ./gecko_sdk_4.3.1/platform/Device/SiliconLabs/EFR32MG24/Source/system_efr32mg24.o
 .data.SystemCoreClock
                0x2000100c        0x4 ./gecko_sdk_4.3.1/platform/Device/SiliconLabs/EFR32MG24/Source/system_efr32mg24.o
                0x2000100c                SystemCoreClock
 .data.heap_end.0
                0x20001010        0x4 ./gecko_sdk_4.3.1/platform/common/toolchain/src/sl_memory.o
 .data._impure_ptr
                0x20001014        0x4 c:/siliconlabs/simplicitystudio/v5/developer/toolchains/gnu_arm/10.3_2021.10/bin/../lib/gcc/arm-none-eabi/10.3.1/../../../../arm-none-eabi/lib/thumb/v8-m.main+fp/hard\libc_nano.a(lib_a-impure.o)
                0x20001014                _impure_ptr
 .data.impure_data
                0x20001018       0x60 c:/siliconlabs/simplicitystudio/v5/developer/toolchains/gnu_arm/10.3_2021.10/bin/../lib/gcc/arm-none-eabi/10.3.1/../../../../arm-none-eabi/lib/thumb/v8-m.main+fp/hard\libc_nano.a(lib_a-impure.o)
 .data.battery  0x20001078        0x2 ./Letimer.o
                0x20001078                battery
 .data.lfxo_precision
                0x2000107a        0x2 ./gecko_sdk_4.3.1/platform/emlib/src/em_cmu.o
 .data.hfxo_precision
                0x2000107c        0x2 ./gecko_sdk_4.3.1/platform/emlib/src/em_cmu.o
 .data.ctuneDelta
                0x2000107e        0x1 ./gecko_sdk_4.3.1/platform/emlib/src/em_cmu.o
                0x20001080                . = ALIGN (0x4)
 *fill*         0x2000107f        0x1 
                [!provide]                PROVIDE (__ram_func_section_start = .)
 *(.ram)
                [!provide]                PROVIDE (__ram_func_section_end = .)
                0x20001080                . = ALIGN (0x4)
                0x20001080                PROVIDE (__preinit_array_start = .)
 *(.preinit_array)
                0x20001080                PROVIDE (__preinit_array_end = .)
                0x20001080                . = ALIGN (0x4)
                0x20001080                PROVIDE (__init_array_start = .)
 *(SORT_BY_NAME(.init_array.*))
 *(.init_array)
 .init_array    0x20001080        0x4 c:/siliconlabs/simplicitystudio/v5/developer/toolchains/gnu_arm/10.3_2021.10/bin/../lib/gcc/arm-none-eabi/10.3.1/thumb/v8-m.main+fp/hard/crtbegin.o
                0x20001084                PROVIDE (__init_array_end = .)
                0x20001084                . = ALIGN (0x4)
                [!provide]                PROVIDE (__fini_array_start = .)
 *(SORT_BY_NAME(.fini_array.*))
 *(.fini_array)
 .fini_array    0x20001084        0x4 c:/siliconlabs/simplicitystudio/v5/developer/toolchains/gnu_arm/10.3_2021.10/bin/../lib/gcc/arm-none-eabi/10.3.1/thumb/v8-m.main+fp/hard/crtbegin.o
                [!provide]                PROVIDE (__fini_array_end = .)
                0x20001088                . = ALIGN (0x4)
                0x20001088                __data_end__ = .

.igot.plt       0x20001088        0x0 load address 0x08009590
 .igot.plt      0x20001088        0x0 c:/siliconlabs/simplicitystudio/v5/developer/toolchains/gnu_arm/10.3_2021.10/bin/../lib/gcc/arm-none-eabi/10.3.1/thumb/v8-m.main+fp/hard/crtbegin.o

.bss            0x20001088       0x70 load address 0x08009590
                0x20001088                . = ALIGN (0x4)
                0x20001088                __bss_start__ = .
 *(SORT_BY_ALIGNMENT(.bss*))
 .bss           0x20001088       0x1c c:/siliconlabs/simplicitystudio/v5/developer/toolchains/gnu_arm/10.3_2021.10/bin/../lib/gcc/arm-none-eabi/10.3.1/thumb/v8-m.main+fp/hard/crtbegin.o
 .bss.dataTransmit
                0x200010a4       0x15 ./Letimer.o
                0x200010a4                dataTransmit
 *fill*         0x200010b9        0x3 
 .bss.response  0x200010bc        0xa ./connect.o
                0x200010bc                response
 *fill*         0x200010c6        0x2 
 .bss.freq      0x200010c8        0x4 ./gecko_sdk_4.3.1/platform/emdrv/ustimer/src/ustimer.o
 .bss.minTicks  0x200010cc        0x4 ./gecko_sdk_4.3.1/platform/emdrv/ustimer/src/ustimer.o
 .bss.vScaleEM01Config
                0x200010d0        0x1 ./gecko_sdk_4.3.1/platform/emlib/src/em_emu.o
 *fill*         0x200010d1        0x3 
 .bss.dali_tx_nb_packets
                0x200010d4        0x2 ./gecko_sdk_4.3.1/platform/emlib/src/em_eusart.o
 *fill*         0x200010d6        0x2 
 .bss.dali_rx_nb_packets
                0x200010d8        0x2 ./gecko_sdk_4.3.1/platform/emlib/src/em_eusart.o
 *fill*         0x200010da        0x2 
 .bss.__malloc_free_list
                0x200010dc        0x4 c:/siliconlabs/simplicitystudio/v5/developer/toolchains/gnu_arm/10.3_2021.10/bin/../lib/gcc/arm-none-eabi/10.3.1/../../../../arm-none-eabi/lib/thumb/v8-m.main+fp/hard\libc_nano.a(lib_a-nano-mallocr.o)
                0x200010dc                __malloc_free_list
 .bss.__malloc_sbrk_start
                0x200010e0        0x4 c:/siliconlabs/simplicitystudio/v5/developer/toolchains/gnu_arm/10.3_2021.10/bin/../lib/gcc/arm-none-eabi/10.3.1/../../../../arm-none-eabi/lib/thumb/v8-m.main+fp/hard\libc_nano.a(lib_a-nano-mallocr.o)
                0x200010e0                __malloc_sbrk_start
 .bss.errno     0x200010e4        0x4 c:/siliconlabs/simplicitystudio/v5/developer/toolchains/gnu_arm/10.3_2021.10/bin/../lib/gcc/arm-none-eabi/10.3.1/../../../../arm-none-eabi/lib/thumb/v8-m.main+fp/hard\libc_nano.a(lib_a-reent.o)
                0x200010e4                errno
 .bss.SUM       0x200010e8        0x2 ./DHT22.o
                0x200010e8                SUM
 .bss.Moisture  0x200010ea        0x2 ./iadc.o
                0x200010ea                Moisture
 .bss.Rh_byte1  0x200010ec        0x1 ./DHT22.o
                0x200010ec                Rh_byte1
 .bss.Rh_byte2  0x200010ed        0x1 ./DHT22.o
                0x200010ed                Rh_byte2
 .bss.Temp_byte1
                0x200010ee        0x1 ./DHT22.o
                0x200010ee                Temp_byte1
 .bss.Temp_byte2
                0x200010ef        0x1 ./DHT22.o
                0x200010ef                Temp_byte2
 .bss.Presence  0x200010f0        0x1 ./DHT22.o
                0x200010f0                Presence
 .bss.interrupt
                0x200010f1        0x1 ./Letimer.o
                0x200010f1                interrupt
 .bss.count     0x200010f2        0x1 ./Letimer.o
                0x200010f2                count
 .bss.j         0x200010f3        0x1 ./uart.o
                0x200010f3                j
 .bss.timeElapsed
                0x200010f4        0x1 ./gecko_sdk_4.3.1/platform/emdrv/ustimer/src/ustimer.o
 .bss.__lock___malloc_recursive_mutex
                0x200010f5        0x1 c:/siliconlabs/simplicitystudio/v5/developer/toolchains/gnu_arm/10.3_2021.10/bin/../lib/gcc/arm-none-eabi/10.3.1/../../../../arm-none-eabi/lib/thumb/v8-m.main+fp/hard\libc_nano.a(lib_a-lock.o)
                0x200010f5                __lock___malloc_recursive_mutex
 *(COMMON)
                0x200010f8                . = ALIGN (0x4)
 *fill*         0x200010f6        0x2 
                0x200010f8                __bss_end__ = .

.heap           0x200010f8      0x800
                0x200010f8                __HeapBase = .
                0x200010f8                __end__ = .
                0x200010f8                end = __end__
                0x200010f8                _end = __end__
 *(.heap*)
 .heap          0x200010f8      0x800 ./gecko_sdk_4.3.1/platform/common/toolchain/src/sl_memory.o
                0x20040000                __HeapLimit = (ORIGIN (RAM) + LENGTH (RAM))
                0x0003ef08                __heap_size = (__HeapLimit - __HeapBase)
                0x20040000                __ram_end__ = 0x20040000
                0x0817e000                __main_flash_end__ = 0x817e000

.internal_storage
                0x08009508        0x0
 *(.internal_storage*)

.nvm            0x08009508        0x0
 *(.simee*)
                0x0817e000                linker_nvm_end = __main_flash_end__
                0x0817e000                linker_nvm_begin = (linker_nvm_end - SIZEOF (.nvm))
                0x00000000                linker_nvm_size = SIZEOF (.nvm)
                0x0817e000                linker_storage_end = linker_nvm_begin
                0x0817e000                __nvm3Base = linker_nvm_begin
                0x0817e000                linker_storage_begin = (linker_storage_end - SIZEOF (.internal_storage))
                0x00000000                linker_storage_size = SIZEOF (.internal_storage)
                0x00000001                ASSERT ((linker_storage_begin >= (__etext + SIZEOF (.data))), FLASH memory overflowed !)
                0x0817e000                app_flash_end = 0x817e000
                0x00000001                ASSERT (((linker_nvm_begin + SIZEOF (.nvm)) <= app_flash_end), NVM3 is excessing the flash size !)
OUTPUT(Node-Sensor_EM2.axf elf32-littlearm)
LOAD linker stubs

.ARM.attributes
                0x00000000       0x36
 .ARM.attributes
                0x00000000       0x22 c:/siliconlabs/simplicitystudio/v5/developer/toolchains/gnu_arm/10.3_2021.10/bin/../lib/gcc/arm-none-eabi/10.3.1/thumb/v8-m.main+fp/hard/crti.o
 .ARM.attributes
                0x00000022       0x38 c:/siliconlabs/simplicitystudio/v5/developer/toolchains/gnu_arm/10.3_2021.10/bin/../lib/gcc/arm-none-eabi/10.3.1/thumb/v8-m.main+fp/hard/crtbegin.o
 .ARM.attributes
                0x0000005a       0x20 c:/siliconlabs/simplicitystudio/v5/developer/toolchains/gnu_arm/10.3_2021.10/bin/../lib/gcc/arm-none-eabi/10.3.1/../../../../arm-none-eabi/lib/thumb/v8-m.main+fp/hard/crt0.o
 .ARM.attributes
                0x0000007a       0x3a ./DHT22.o
 .ARM.attributes
                0x000000b4       0x3a ./Letimer.o
 .ARM.attributes
                0x000000ee       0x3a ./app.o
 .ARM.attributes
                0x00000128       0x3a ./connect.o
 .ARM.attributes
                0x00000162       0x3a ./iadc.o
 .ARM.attributes
                0x0000019c       0x3a ./main.o
 .ARM.attributes
                0x000001d6       0x3a ./uart.o
 .ARM.attributes
                0x00000210       0x3a ./autogen/sl_board_default_init.o
 .ARM.attributes
                0x0000024a       0x3a ./autogen/sl_device_init_clocks.o
 .ARM.attributes
                0x00000284       0x3a ./autogen/sl_event_handler.o
 .ARM.attributes
                0x000002be       0x3a ./gecko_sdk_4.3.1/hardware/board/src/sl_board_control_gpio.o
 .ARM.attributes
                0x000002f8       0x3a ./gecko_sdk_4.3.1/hardware/board/src/sl_board_init.o
 .ARM.attributes
                0x00000332       0x3a ./gecko_sdk_4.3.1/hardware/driver/configuration_over_swo/src/sl_cos.o
 .ARM.attributes
                0x0000036c       0x3a ./gecko_sdk_4.3.1/hardware/driver/mx25_flash_shutdown/src/sl_mx25_flash_shutdown_usart/sl_mx25_flash_shutdown.o
 .ARM.attributes
                0x000003a6       0x3a ./gecko_sdk_4.3.1/platform/Device/SiliconLabs/EFR32MG24/Source/startup_efr32mg24.o
 .ARM.attributes
                0x000003e0       0x3a ./gecko_sdk_4.3.1/platform/Device/SiliconLabs/EFR32MG24/Source/system_efr32mg24.o
 .ARM.attributes
                0x0000041a       0x3a ./gecko_sdk_4.3.1/platform/common/src/sl_assert.o
 .ARM.attributes
                0x00000454       0x3a ./gecko_sdk_4.3.1/platform/common/toolchain/src/sl_memory.o
 .ARM.attributes
                0x0000048e       0x3a ./gecko_sdk_4.3.1/platform/driver/debug/src/sl_debug_swo.o
 .ARM.attributes
                0x000004c8       0x3a ./gecko_sdk_4.3.1/platform/emdrv/ustimer/src/ustimer.o
 .ARM.attributes
                0x00000502       0x3a ./gecko_sdk_4.3.1/platform/emlib/src/em_cmu.o
 .ARM.attributes
                0x0000053c       0x3a ./gecko_sdk_4.3.1/platform/emlib/src/em_core.o
 .ARM.attributes
                0x00000576       0x3a ./gecko_sdk_4.3.1/platform/emlib/src/em_emu.o
 .ARM.attributes
                0x000005b0       0x3a ./gecko_sdk_4.3.1/platform/emlib/src/em_eusart.o
 .ARM.attributes
                0x000005ea       0x3a ./gecko_sdk_4.3.1/platform/emlib/src/em_gpio.o
 .ARM.attributes
                0x00000624       0x3a ./gecko_sdk_4.3.1/platform/emlib/src/em_iadc.o
 .ARM.attributes
                0x0000065e       0x3a ./gecko_sdk_4.3.1/platform/emlib/src/em_letimer.o
 .ARM.attributes
                0x00000698       0x3a ./gecko_sdk_4.3.1/platform/emlib/src/em_system.o
 .ARM.attributes
                0x000006d2       0x3a ./gecko_sdk_4.3.1/platform/emlib/src/em_timer.o
 .ARM.attributes
                0x0000070c       0x3a ./gecko_sdk_4.3.1/platform/emlib/src/em_usart.o
 .ARM.attributes
                0x00000746       0x3a ./gecko_sdk_4.3.1/platform/service/device_init/src/sl_device_init_dcdc_s2.o
 .ARM.attributes
                0x00000780       0x3a ./gecko_sdk_4.3.1/platform/service/device_init/src/sl_device_init_emu_s2.o
 .ARM.attributes
                0x000007ba       0x3a ./gecko_sdk_4.3.1/platform/service/device_init/src/sl_device_init_hfrco.o
 .ARM.attributes
                0x000007f4       0x3a ./gecko_sdk_4.3.1/platform/service/device_init/src/sl_device_init_hfxo_s2.o
 .ARM.attributes
                0x0000082e       0x3a ./gecko_sdk_4.3.1/platform/service/device_init/src/sl_device_init_lfxo_s2.o
 .ARM.attributes
                0x00000868       0x3a ./gecko_sdk_4.3.1/platform/service/device_init/src/sl_device_init_nvic.o
 .ARM.attributes
                0x000008a2       0x3a ./gecko_sdk_4.3.1/platform/service/system/src/sl_system_init.o
 .ARM.attributes
                0x000008dc       0x3a ./gecko_sdk_4.3.1/platform/service/udelay/src/sl_udelay.o
 .ARM.attributes
                0x00000916       0x26 ./gecko_sdk_4.3.1/platform/service/udelay/src/sl_udelay_armv6m_gcc.o
 .ARM.attributes
                0x0000093c       0x22 c:/siliconlabs/simplicitystudio/v5/developer/toolchains/gnu_arm/10.3_2021.10/bin/../lib/gcc/arm-none-eabi/10.3.1/thumb/v8-m.main+fp/hard\libgcc.a(_arm_addsubdf3.o)
 .ARM.attributes
                0x0000095e       0x22 c:/siliconlabs/simplicitystudio/v5/developer/toolchains/gnu_arm/10.3_2021.10/bin/../lib/gcc/arm-none-eabi/10.3.1/thumb/v8-m.main+fp/hard\libgcc.a(_arm_muldivdf3.o)
 .ARM.attributes
                0x00000980       0x22 c:/siliconlabs/simplicitystudio/v5/developer/toolchains/gnu_arm/10.3_2021.10/bin/../lib/gcc/arm-none-eabi/10.3.1/thumb/v8-m.main+fp/hard\libgcc.a(_arm_fixunsdfsi.o)
 .ARM.attributes
                0x000009a2       0x22 c:/siliconlabs/simplicitystudio/v5/developer/toolchains/gnu_arm/10.3_2021.10/bin/../lib/gcc/arm-none-eabi/10.3.1/thumb/v8-m.main+fp/hard\libgcc.a(_arm_truncdfsf2.o)
 .ARM.attributes
                0x000009c4       0x22 c:/siliconlabs/simplicitystudio/v5/developer/toolchains/gnu_arm/10.3_2021.10/bin/../lib/gcc/arm-none-eabi/10.3.1/thumb/v8-m.main+fp/hard\libgcc.a(_aeabi_uldivmod.o)
 .ARM.attributes
                0x000009e6       0x38 c:/siliconlabs/simplicitystudio/v5/developer/toolchains/gnu_arm/10.3_2021.10/bin/../lib/gcc/arm-none-eabi/10.3.1/thumb/v8-m.main+fp/hard\libgcc.a(_udivmoddi4.o)
 .ARM.attributes
                0x00000a1e       0x22 c:/siliconlabs/simplicitystudio/v5/developer/toolchains/gnu_arm/10.3_2021.10/bin/../lib/gcc/arm-none-eabi/10.3.1/thumb/v8-m.main+fp/hard\libgcc.a(_dvmd_tls.o)
 .ARM.attributes
                0x00000a40       0x38 c:/siliconlabs/simplicitystudio/v5/developer/toolchains/gnu_arm/10.3_2021.10/bin/../lib/gcc/arm-none-eabi/10.3.1/../../../../arm-none-eabi/lib/thumb/v8-m.main+fp/hard\libc_nano.a(lib_a-exit.o)
 .ARM.attributes
                0x00000a78       0x38 c:/siliconlabs/simplicitystudio/v5/developer/toolchains/gnu_arm/10.3_2021.10/bin/../lib/gcc/arm-none-eabi/10.3.1/../../../../arm-none-eabi/lib/thumb/v8-m.main+fp/hard\libc_nano.a(lib_a-impure.o)
 .ARM.attributes
                0x00000ab0       0x38 c:/siliconlabs/simplicitystudio/v5/developer/toolchains/gnu_arm/10.3_2021.10/bin/../lib/gcc/arm-none-eabi/10.3.1/../../../../arm-none-eabi/lib/thumb/v8-m.main+fp/hard\libc_nano.a(lib_a-init.o)
 .ARM.attributes
                0x00000ae8       0x38 c:/siliconlabs/simplicitystudio/v5/developer/toolchains/gnu_arm/10.3_2021.10/bin/../lib/gcc/arm-none-eabi/10.3.1/../../../../arm-none-eabi/lib/thumb/v8-m.main+fp/hard\libc_nano.a(lib_a-memset.o)
 .ARM.attributes
                0x00000b20       0x38 c:/siliconlabs/simplicitystudio/v5/developer/toolchains/gnu_arm/10.3_2021.10/bin/../lib/gcc/arm-none-eabi/10.3.1/../../../../arm-none-eabi/lib/thumb/v8-m.main+fp/hard\libc_nano.a(lib_a-snprintf.o)
 .ARM.attributes
                0x00000b58       0x38 c:/siliconlabs/simplicitystudio/v5/developer/toolchains/gnu_arm/10.3_2021.10/bin/../lib/gcc/arm-none-eabi/10.3.1/../../../../arm-none-eabi/lib/thumb/v8-m.main+fp/hard\libc_nano.a(lib_a-nano-svfprintf.o)
 .ARM.attributes
                0x00000b90       0x38 c:/siliconlabs/simplicitystudio/v5/developer/toolchains/gnu_arm/10.3_2021.10/bin/../lib/gcc/arm-none-eabi/10.3.1/../../../../arm-none-eabi/lib/thumb/v8-m.main+fp/hard\libc_nano.a(lib_a-nano-vfprintf_i.o)
 .ARM.attributes
                0x00000bc8       0x38 c:/siliconlabs/simplicitystudio/v5/developer/toolchains/gnu_arm/10.3_2021.10/bin/../lib/gcc/arm-none-eabi/10.3.1/../../../../arm-none-eabi/lib/thumb/v8-m.main+fp/hard\libc_nano.a(lib_a-memchr-stub.o)
 .ARM.attributes
                0x00000c00       0x38 c:/siliconlabs/simplicitystudio/v5/developer/toolchains/gnu_arm/10.3_2021.10/bin/../lib/gcc/arm-none-eabi/10.3.1/../../../../arm-none-eabi/lib/thumb/v8-m.main+fp/hard\libc_nano.a(lib_a-memcpy-stub.o)
 .ARM.attributes
                0x00000c38       0x38 c:/siliconlabs/simplicitystudio/v5/developer/toolchains/gnu_arm/10.3_2021.10/bin/../lib/gcc/arm-none-eabi/10.3.1/../../../../arm-none-eabi/lib/thumb/v8-m.main+fp/hard\libc_nano.a(lib_a-memmove.o)
 .ARM.attributes
                0x00000c70       0x38 c:/siliconlabs/simplicitystudio/v5/developer/toolchains/gnu_arm/10.3_2021.10/bin/../lib/gcc/arm-none-eabi/10.3.1/../../../../arm-none-eabi/lib/thumb/v8-m.main+fp/hard\libc_nano.a(lib_a-nano-freer.o)
 .ARM.attributes
                0x00000ca8       0x38 c:/siliconlabs/simplicitystudio/v5/developer/toolchains/gnu_arm/10.3_2021.10/bin/../lib/gcc/arm-none-eabi/10.3.1/../../../../arm-none-eabi/lib/thumb/v8-m.main+fp/hard\libc_nano.a(lib_a-nano-mallocr.o)
 .ARM.attributes
                0x00000ce0       0x38 c:/siliconlabs/simplicitystudio/v5/developer/toolchains/gnu_arm/10.3_2021.10/bin/../lib/gcc/arm-none-eabi/10.3.1/../../../../arm-none-eabi/lib/thumb/v8-m.main+fp/hard\libc_nano.a(lib_a-nano-reallocr.o)
 .ARM.attributes
                0x00000d18       0x38 c:/siliconlabs/simplicitystudio/v5/developer/toolchains/gnu_arm/10.3_2021.10/bin/../lib/gcc/arm-none-eabi/10.3.1/../../../../arm-none-eabi/lib/thumb/v8-m.main+fp/hard\libc_nano.a(lib_a-sbrkr.o)
 .ARM.attributes
                0x00000d50       0x38 c:/siliconlabs/simplicitystudio/v5/developer/toolchains/gnu_arm/10.3_2021.10/bin/../lib/gcc/arm-none-eabi/10.3.1/../../../../arm-none-eabi/lib/thumb/v8-m.main+fp/hard\libc_nano.a(lib_a-mlock.o)
 .ARM.attributes
                0x00000d88       0x38 c:/siliconlabs/simplicitystudio/v5/developer/toolchains/gnu_arm/10.3_2021.10/bin/../lib/gcc/arm-none-eabi/10.3.1/../../../../arm-none-eabi/lib/thumb/v8-m.main+fp/hard\libc_nano.a(lib_a-nano-msizer.o)
 .ARM.attributes
                0x00000dc0       0x38 c:/siliconlabs/simplicitystudio/v5/developer/toolchains/gnu_arm/10.3_2021.10/bin/../lib/gcc/arm-none-eabi/10.3.1/../../../../arm-none-eabi/lib/thumb/v8-m.main+fp/hard\libc_nano.a(lib_a-reent.o)
 .ARM.attributes
                0x00000df8       0x38 c:/siliconlabs/simplicitystudio/v5/developer/toolchains/gnu_arm/10.3_2021.10/bin/../lib/gcc/arm-none-eabi/10.3.1/../../../../arm-none-eabi/lib/thumb/v8-m.main+fp/hard\libc_nano.a(lib_a-lock.o)
 .ARM.attributes
                0x00000e30       0x38 c:/siliconlabs/simplicitystudio/v5/developer/toolchains/gnu_arm/10.3_2021.10/bin/../lib/gcc/arm-none-eabi/10.3.1/../../../../arm-none-eabi/lib/thumb/v8-m.main+fp/hard\libnosys.a(_exit.o)
 .ARM.attributes
                0x00000e68       0x22 c:/siliconlabs/simplicitystudio/v5/developer/toolchains/gnu_arm/10.3_2021.10/bin/../lib/gcc/arm-none-eabi/10.3.1/thumb/v8-m.main+fp/hard/crtn.o

.comment        0x00000000       0x49
 .comment       0x00000000       0x49 ./DHT22.o
                                 0x4a (size before relaxing)
 .comment       0x00000049       0x4a ./Letimer.o
 .comment       0x00000049       0x4a ./app.o
 .comment       0x00000049       0x4a ./connect.o
 .comment       0x00000049       0x4a ./iadc.o
 .comment       0x00000049       0x4a ./main.o
 .comment       0x00000049       0x4a ./uart.o
 .comment       0x00000049       0x4a ./autogen/sl_board_default_init.o
 .comment       0x00000049       0x4a ./autogen/sl_device_init_clocks.o
 .comment       0x00000049       0x4a ./autogen/sl_event_handler.o
 .comment       0x00000049       0x4a ./gecko_sdk_4.3.1/hardware/board/src/sl_board_control_gpio.o
 .comment       0x00000049       0x4a ./gecko_sdk_4.3.1/hardware/board/src/sl_board_init.o
 .comment       0x00000049       0x4a ./gecko_sdk_4.3.1/hardware/driver/configuration_over_swo/src/sl_cos.o
 .comment       0x00000049       0x4a ./gecko_sdk_4.3.1/hardware/driver/mx25_flash_shutdown/src/sl_mx25_flash_shutdown_usart/sl_mx25_flash_shutdown.o
 .comment       0x00000049       0x4a ./gecko_sdk_4.3.1/platform/Device/SiliconLabs/EFR32MG24/Source/startup_efr32mg24.o
 .comment       0x00000049       0x4a ./gecko_sdk_4.3.1/platform/Device/SiliconLabs/EFR32MG24/Source/system_efr32mg24.o
 .comment       0x00000049       0x4a ./gecko_sdk_4.3.1/platform/common/src/sl_assert.o
 .comment       0x00000049       0x4a ./gecko_sdk_4.3.1/platform/common/toolchain/src/sl_memory.o
 .comment       0x00000049       0x4a ./gecko_sdk_4.3.1/platform/driver/debug/src/sl_debug_swo.o
 .comment       0x00000049       0x4a ./gecko_sdk_4.3.1/platform/emdrv/ustimer/src/ustimer.o
 .comment       0x00000049       0x4a ./gecko_sdk_4.3.1/platform/emlib/src/em_cmu.o
 .comment       0x00000049       0x4a ./gecko_sdk_4.3.1/platform/emlib/src/em_core.o
 .comment       0x00000049       0x4a ./gecko_sdk_4.3.1/platform/emlib/src/em_emu.o
 .comment       0x00000049       0x4a ./gecko_sdk_4.3.1/platform/emlib/src/em_eusart.o
 .comment       0x00000049       0x4a ./gecko_sdk_4.3.1/platform/emlib/src/em_gpio.o
 .comment       0x00000049       0x4a ./gecko_sdk_4.3.1/platform/emlib/src/em_iadc.o
 .comment       0x00000049       0x4a ./gecko_sdk_4.3.1/platform/emlib/src/em_letimer.o
 .comment       0x00000049       0x4a ./gecko_sdk_4.3.1/platform/emlib/src/em_system.o
 .comment       0x00000049       0x4a ./gecko_sdk_4.3.1/platform/emlib/src/em_timer.o
 .comment       0x00000049       0x4a ./gecko_sdk_4.3.1/platform/emlib/src/em_usart.o
 .comment       0x00000049       0x4a ./gecko_sdk_4.3.1/platform/service/device_init/src/sl_device_init_dcdc_s2.o
 .comment       0x00000049       0x4a ./gecko_sdk_4.3.1/platform/service/device_init/src/sl_device_init_emu_s2.o
 .comment       0x00000049       0x4a ./gecko_sdk_4.3.1/platform/service/device_init/src/sl_device_init_hfrco.o
 .comment       0x00000049       0x4a ./gecko_sdk_4.3.1/platform/service/device_init/src/sl_device_init_hfxo_s2.o
 .comment       0x00000049       0x4a ./gecko_sdk_4.3.1/platform/service/device_init/src/sl_device_init_lfxo_s2.o
 .comment       0x00000049       0x4a ./gecko_sdk_4.3.1/platform/service/device_init/src/sl_device_init_nvic.o
 .comment       0x00000049       0x4a ./gecko_sdk_4.3.1/platform/service/system/src/sl_system_init.o
 .comment       0x00000049       0x4a ./gecko_sdk_4.3.1/platform/service/udelay/src/sl_udelay.o

.debug_info     0x00000000    0x38c2f
 .debug_info    0x00000000     0x188d ./DHT22.o
 .debug_info    0x0000188d     0x1675 ./Letimer.o
 .debug_info    0x00002f02     0x16b2 ./app.o
 .debug_info    0x000045b4     0x1d5a ./connect.o
 .debug_info    0x0000630e     0x2ace ./iadc.o
 .debug_info    0x00008ddc       0x99 ./main.o
 .debug_info    0x00008e75     0x2ac2 ./uart.o
 .debug_info    0x0000b937       0x87 ./autogen/sl_board_default_init.o
 .debug_info    0x0000b9be      0xe55 ./autogen/sl_device_init_clocks.o
 .debug_info    0x0000c813      0x14e ./autogen/sl_event_handler.o
 .debug_info    0x0000c961      0x3d4 ./gecko_sdk_4.3.1/hardware/board/src/sl_board_control_gpio.o
 .debug_info    0x0000cd35      0x25e ./gecko_sdk_4.3.1/hardware/board/src/sl_board_init.o
 .debug_info    0x0000cf93      0x2f7 ./gecko_sdk_4.3.1/hardware/driver/configuration_over_swo/src/sl_cos.o
 .debug_info    0x0000d28a     0x21ef ./gecko_sdk_4.3.1/hardware/driver/mx25_flash_shutdown/src/sl_mx25_flash_shutdown_usart/sl_mx25_flash_shutdown.o
 .debug_info    0x0000f479      0x2e8 ./gecko_sdk_4.3.1/platform/Device/SiliconLabs/EFR32MG24/Source/startup_efr32mg24.o
 .debug_info    0x0000f761     0x23a8 ./gecko_sdk_4.3.1/platform/Device/SiliconLabs/EFR32MG24/Source/system_efr32mg24.o
 .debug_info    0x00011b09       0x7d ./gecko_sdk_4.3.1/platform/common/src/sl_assert.o
 .debug_info    0x00011b86      0x1f4 ./gecko_sdk_4.3.1/platform/common/toolchain/src/sl_memory.o
 .debug_info    0x00011d7a     0x31b9 ./gecko_sdk_4.3.1/platform/driver/debug/src/sl_debug_swo.o
 .debug_info    0x00014f33     0x1a0b ./gecko_sdk_4.3.1/platform/emdrv/ustimer/src/ustimer.o
 .debug_info    0x0001693e     0x8bef ./gecko_sdk_4.3.1/platform/emlib/src/em_cmu.o
 .debug_info    0x0001f52d     0x10b9 ./gecko_sdk_4.3.1/platform/emlib/src/em_core.o
 .debug_info    0x000205e6     0x3570 ./gecko_sdk_4.3.1/platform/emlib/src/em_emu.o
 .debug_info    0x00023b56     0x4cd8 ./gecko_sdk_4.3.1/platform/emlib/src/em_eusart.o
 .debug_info    0x0002882e     0x236b ./gecko_sdk_4.3.1/platform/emlib/src/em_gpio.o
 .debug_info    0x0002ab99     0x2399 ./gecko_sdk_4.3.1/platform/emlib/src/em_iadc.o
 .debug_info    0x0002cf32      0xa0a ./gecko_sdk_4.3.1/platform/emlib/src/em_letimer.o
 .debug_info    0x0002d93c     0x1e19 ./gecko_sdk_4.3.1/platform/emlib/src/em_system.o
 .debug_info    0x0002f755     0x2bc7 ./gecko_sdk_4.3.1/platform/emlib/src/em_timer.o
 .debug_info    0x0003231c     0x45c7 ./gecko_sdk_4.3.1/platform/emlib/src/em_usart.o
 .debug_info    0x000368e3      0x312 ./gecko_sdk_4.3.1/platform/service/device_init/src/sl_device_init_dcdc_s2.o
 .debug_info    0x00036bf5      0xb13 ./gecko_sdk_4.3.1/platform/service/device_init/src/sl_device_init_emu_s2.o
 .debug_info    0x00037708      0x14e ./gecko_sdk_4.3.1/platform/service/device_init/src/sl_device_init_hfrco.o
 .debug_info    0x00037856      0x80b ./gecko_sdk_4.3.1/platform/service/device_init/src/sl_device_init_hfxo_s2.o
 .debug_info    0x00038061      0x22b ./gecko_sdk_4.3.1/platform/service/device_init/src/sl_device_init_lfxo_s2.o
 .debug_info    0x0003828c      0x834 ./gecko_sdk_4.3.1/platform/service/device_init/src/sl_device_init_nvic.o
 .debug_info    0x00038ac0       0x41 ./gecko_sdk_4.3.1/platform/service/system/src/sl_system_init.o
 .debug_info    0x00038b01      0x108 ./gecko_sdk_4.3.1/platform/service/udelay/src/sl_udelay.o
 .debug_info    0x00038c09       0x26 ./gecko_sdk_4.3.1/platform/service/udelay/src/sl_udelay_armv6m_gcc.o

.debug_abbrev   0x00000000     0x3c85
 .debug_abbrev  0x00000000      0x203 ./DHT22.o
 .debug_abbrev  0x00000203      0x267 ./Letimer.o
 .debug_abbrev  0x0000046a      0x17d ./app.o
 .debug_abbrev  0x000005e7      0x15e ./connect.o
 .debug_abbrev  0x00000745      0x1f7 ./iadc.o
 .debug_abbrev  0x0000093c       0x48 ./main.o
 .debug_abbrev  0x00000984      0x269 ./uart.o
 .debug_abbrev  0x00000bed       0x46 ./autogen/sl_board_default_init.o
 .debug_abbrev  0x00000c33       0xc0 ./autogen/sl_device_init_clocks.o
 .debug_abbrev  0x00000cf3       0x78 ./autogen/sl_event_handler.o
 .debug_abbrev  0x00000d6b      0x135 ./gecko_sdk_4.3.1/hardware/board/src/sl_board_control_gpio.o
 .debug_abbrev  0x00000ea0       0x6d ./gecko_sdk_4.3.1/hardware/board/src/sl_board_init.o
 .debug_abbrev  0x00000f0d      0x13d ./gecko_sdk_4.3.1/hardware/driver/configuration_over_swo/src/sl_cos.o
 .debug_abbrev  0x0000104a      0x1a6 ./gecko_sdk_4.3.1/hardware/driver/mx25_flash_shutdown/src/sl_mx25_flash_shutdown_usart/sl_mx25_flash_shutdown.o
 .debug_abbrev  0x000011f0      0x1a4 ./gecko_sdk_4.3.1/platform/Device/SiliconLabs/EFR32MG24/Source/startup_efr32mg24.o
 .debug_abbrev  0x00001394      0x2aa ./gecko_sdk_4.3.1/platform/Device/SiliconLabs/EFR32MG24/Source/system_efr32mg24.o
 .debug_abbrev  0x0000163e       0x69 ./gecko_sdk_4.3.1/platform/common/src/sl_assert.o
 .debug_abbrev  0x000016a7      0x107 ./gecko_sdk_4.3.1/platform/common/toolchain/src/sl_memory.o
 .debug_abbrev  0x000017ae      0x20f ./gecko_sdk_4.3.1/platform/driver/debug/src/sl_debug_swo.o
 .debug_abbrev  0x000019bd      0x2df ./gecko_sdk_4.3.1/platform/emdrv/ustimer/src/ustimer.o
 .debug_abbrev  0x00001c9c      0x3d0 ./gecko_sdk_4.3.1/platform/emlib/src/em_cmu.o
 .debug_abbrev  0x0000206c      0x29d ./gecko_sdk_4.3.1/platform/emlib/src/em_core.o
 .debug_abbrev  0x00002309      0x34d ./gecko_sdk_4.3.1/platform/emlib/src/em_emu.o
 .debug_abbrev  0x00002656      0x2a2 ./gecko_sdk_4.3.1/platform/emlib/src/em_eusart.o
 .debug_abbrev  0x000028f8      0x220 ./gecko_sdk_4.3.1/platform/emlib/src/em_gpio.o
 .debug_abbrev  0x00002b18      0x2aa ./gecko_sdk_4.3.1/platform/emlib/src/em_iadc.o
 .debug_abbrev  0x00002dc2      0x1c6 ./gecko_sdk_4.3.1/platform/emlib/src/em_letimer.o
 .debug_abbrev  0x00002f88      0x22f ./gecko_sdk_4.3.1/platform/emlib/src/em_system.o
 .debug_abbrev  0x000031b7      0x290 ./gecko_sdk_4.3.1/platform/emlib/src/em_timer.o
 .debug_abbrev  0x00003447      0x235 ./gecko_sdk_4.3.1/platform/emlib/src/em_usart.o
 .debug_abbrev  0x0000367c       0xb3 ./gecko_sdk_4.3.1/platform/service/device_init/src/sl_device_init_dcdc_s2.o
 .debug_abbrev  0x0000372f      0x10d ./gecko_sdk_4.3.1/platform/service/device_init/src/sl_device_init_emu_s2.o
 .debug_abbrev  0x0000383c       0x8d ./gecko_sdk_4.3.1/platform/service/device_init/src/sl_device_init_hfrco.o
 .debug_abbrev  0x000038c9      0x104 ./gecko_sdk_4.3.1/platform/service/device_init/src/sl_device_init_hfxo_s2.o
 .debug_abbrev  0x000039cd       0xb5 ./gecko_sdk_4.3.1/platform/service/device_init/src/sl_device_init_lfxo_s2.o
 .debug_abbrev  0x00003a82      0x12c ./gecko_sdk_4.3.1/platform/service/device_init/src/sl_device_init_nvic.o
 .debug_abbrev  0x00003bae       0x30 ./gecko_sdk_4.3.1/platform/service/system/src/sl_system_init.o
 .debug_abbrev  0x00003bde       0x93 ./gecko_sdk_4.3.1/platform/service/udelay/src/sl_udelay.o
 .debug_abbrev  0x00003c71       0x14 ./gecko_sdk_4.3.1/platform/service/udelay/src/sl_udelay_armv6m_gcc.o

.debug_loc      0x00000000     0x4440
 .debug_loc     0x00000000      0x12c ./DHT22.o
 .debug_loc     0x0000012c      0x26c ./Letimer.o
 .debug_loc     0x00000398       0x84 ./app.o
 .debug_loc     0x0000041c       0x70 ./connect.o
 .debug_loc     0x0000048c       0xd5 ./iadc.o
 .debug_loc     0x00000561       0x20 ./main.o
 .debug_loc     0x00000581      0x1c5 ./uart.o
 .debug_loc     0x00000746       0x20 ./autogen/sl_board_default_init.o
 .debug_loc     0x00000766       0x20 ./autogen/sl_device_init_clocks.o
 .debug_loc     0x00000786       0x60 ./autogen/sl_event_handler.o
 .debug_loc     0x000007e6      0x1d0 ./gecko_sdk_4.3.1/hardware/board/src/sl_board_control_gpio.o
 .debug_loc     0x000009b6       0x40 ./gecko_sdk_4.3.1/hardware/board/src/sl_board_init.o
 .debug_loc     0x000009f6       0xf4 ./gecko_sdk_4.3.1/hardware/driver/configuration_over_swo/src/sl_cos.o
 .debug_loc     0x00000aea       0xe8 ./gecko_sdk_4.3.1/hardware/driver/mx25_flash_shutdown/src/sl_mx25_flash_shutdown_usart/sl_mx25_flash_shutdown.o
 .debug_loc     0x00000bd2       0x2c ./gecko_sdk_4.3.1/platform/Device/SiliconLabs/EFR32MG24/Source/startup_efr32mg24.o
 .debug_loc     0x00000bfe      0x1a4 ./gecko_sdk_4.3.1/platform/Device/SiliconLabs/EFR32MG24/Source/system_efr32mg24.o
 .debug_loc     0x00000da2       0x20 ./gecko_sdk_4.3.1/platform/common/src/sl_assert.o
 .debug_loc     0x00000dc2       0x84 ./gecko_sdk_4.3.1/platform/common/toolchain/src/sl_memory.o
 .debug_loc     0x00000e46      0x184 ./gecko_sdk_4.3.1/platform/driver/debug/src/sl_debug_swo.o
 .debug_loc     0x00000fca      0x3dd ./gecko_sdk_4.3.1/platform/emdrv/ustimer/src/ustimer.o